[2024-05-20 16:53:59,471] {taskinstance.py:1179} INFO - Dependencies all met for <TaskInstance: 6.1-monitoring.task4 scheduled__2024-05-16T00:00:00+00:00 [queued]>
[2024-05-20 16:53:59,501] {taskinstance.py:1179} INFO - Dependencies all met for <TaskInstance: 6.1-monitoring.task4 scheduled__2024-05-16T00:00:00+00:00 [queued]>
[2024-05-20 16:53:59,502] {taskinstance.py:1376} INFO - 
--------------------------------------------------------------------------------
[2024-05-20 16:53:59,502] {taskinstance.py:1377} INFO - Starting attempt 4 of 4
[2024-05-20 16:53:59,502] {taskinstance.py:1378} INFO - 
--------------------------------------------------------------------------------
[2024-05-20 16:53:59,543] {taskinstance.py:1397} INFO - Executing <Task(PythonOperator): task4> on 2024-05-16 00:00:00+00:00
[2024-05-20 16:53:59,557] {standard_task_runner.py:52} INFO - Started process 3333 to run task
[2024-05-20 16:53:59,563] {standard_task_runner.py:79} INFO - Running: ['***', 'tasks', 'run', '6.1-monitoring', 'task4', 'scheduled__2024-05-16T00:00:00+00:00', '--job-id', '235', '--raw', '--subdir', 'DAGS_FOLDER/6.1-monitoring.py', '--cfg-path', '/tmp/tmpe6p5ve59', '--error-file', '/tmp/tmptbt57z8u']
[2024-05-20 16:53:59,563] {standard_task_runner.py:80} INFO - Job 235: Subtask task4
[2024-05-20 16:53:59,674] {task_command.py:371} INFO - Running <TaskInstance: 6.1-monitoring.task4 scheduled__2024-05-16T00:00:00+00:00 [running]> on host c832426e9d7b
[2024-05-20 16:53:59,824] {taskinstance.py:1591} INFO - Exporting the following env vars:
AIRFLOW_CTX_DAG_OWNER=***
AIRFLOW_CTX_DAG_ID=6.1-monitoring
AIRFLOW_CTX_TASK_ID=task4
AIRFLOW_CTX_EXECUTION_DATE=2024-05-16T00:00:00+00:00
AIRFLOW_CTX_TRY_NUMBER=4
AIRFLOW_CTX_DAG_RUN_ID=scheduled__2024-05-16T00:00:00+00:00
[2024-05-20 16:53:59,825] {taskinstance.py:1909} ERROR - Task failed with exception
Traceback (most recent call last):
  File "/home/airflow/.local/lib/python3.7/site-packages/airflow/operators/python.py", line 171, in execute
    return_value = self.execute_callable()
  File "/home/airflow/.local/lib/python3.7/site-packages/airflow/operators/python.py", line 189, in execute_callable
    return self.python_callable(*self.op_args, **self.op_kwargs)
  File "/opt/airflow/dags/6.1-monitoring.py", line 7, in func_with_error
    raise ValueError("This is an error")
ValueError: This is an error
[2024-05-20 16:53:59,837] {taskinstance.py:1420} INFO - Marking task as FAILED. dag_id=6.1-monitoring, task_id=task4, execution_date=20240516T000000, start_date=20240520T165359, end_date=20240520T165359
[2024-05-20 16:53:59,858] {standard_task_runner.py:97} ERROR - Failed to execute job 235 for task task4 (This is an error; 3333)
[2024-05-20 16:53:59,872] {local_task_job.py:156} INFO - Task exited with return code 1
[2024-05-20 16:53:59,928] {local_task_job.py:273} INFO - 0 downstream tasks scheduled from follow-on schedule check
