[2024-06-05 17:01:32,994] {taskinstance.py:1179} INFO - Dependencies all met for <TaskInstance: 6.1-monitoring.task3 scheduled__2024-06-02T00:00:00+00:00 [queued]>
[2024-06-05 17:01:33,016] {taskinstance.py:1179} INFO - Dependencies all met for <TaskInstance: 6.1-monitoring.task3 scheduled__2024-06-02T00:00:00+00:00 [queued]>
[2024-06-05 17:01:33,018] {taskinstance.py:1376} INFO - 
--------------------------------------------------------------------------------
[2024-06-05 17:01:33,019] {taskinstance.py:1377} INFO - Starting attempt 1 of 1
[2024-06-05 17:01:33,019] {taskinstance.py:1378} INFO - 
--------------------------------------------------------------------------------
[2024-06-05 17:01:33,044] {taskinstance.py:1397} INFO - Executing <Task(BashOperator): task3> on 2024-06-02 00:00:00+00:00
[2024-06-05 17:01:33,055] {standard_task_runner.py:52} INFO - Started process 135 to run task
[2024-06-05 17:01:33,064] {standard_task_runner.py:79} INFO - Running: ['***', 'tasks', 'run', '6.1-monitoring', 'task3', 'scheduled__2024-06-02T00:00:00+00:00', '--job-id', '386', '--raw', '--subdir', 'DAGS_FOLDER/6.1-monitoring.py', '--cfg-path', '/tmp/tmpir71rkzi', '--error-file', '/tmp/tmp8d7mjj1d']
[2024-06-05 17:01:33,065] {standard_task_runner.py:80} INFO - Job 386: Subtask task3
[2024-06-05 17:01:33,205] {task_command.py:371} INFO - Running <TaskInstance: 6.1-monitoring.task3 scheduled__2024-06-02T00:00:00+00:00 [running]> on host c832426e9d7b
[2024-06-05 17:01:33,333] {taskinstance.py:1591} INFO - Exporting the following env vars:
AIRFLOW_CTX_DAG_OWNER=***
AIRFLOW_CTX_DAG_ID=6.1-monitoring
AIRFLOW_CTX_TASK_ID=task3
AIRFLOW_CTX_EXECUTION_DATE=2024-06-02T00:00:00+00:00
AIRFLOW_CTX_TRY_NUMBER=1
AIRFLOW_CTX_DAG_RUN_ID=scheduled__2024-06-02T00:00:00+00:00
[2024-06-05 17:01:33,335] {subprocess.py:62} INFO - Tmp dir root location: 
 /tmp
[2024-06-05 17:01:33,338] {subprocess.py:74} INFO - Running command: ['bash', '-c', "sleep 2 && echo 'Task 3'"]
[2024-06-05 17:01:33,363] {subprocess.py:85} INFO - Output:
[2024-06-05 17:01:35,367] {subprocess.py:92} INFO - Task 3
[2024-06-05 17:01:35,367] {subprocess.py:96} INFO - Command exited with return code 0
[2024-06-05 17:01:35,404] {taskinstance.py:1420} INFO - Marking task as SUCCESS. dag_id=6.1-monitoring, task_id=task3, execution_date=20240602T000000, start_date=20240605T170132, end_date=20240605T170135
[2024-06-05 17:01:35,460] {local_task_job.py:156} INFO - Task exited with return code 0
[2024-06-05 17:01:35,535] {local_task_job.py:273} INFO - 0 downstream tasks scheduled from follow-on schedule check
