[2024-05-20 16:54:23,872] {taskinstance.py:1179} INFO - Dependencies all met for <TaskInstance: 6.1-monitoring.task1 scheduled__2024-05-14T00:00:00+00:00 [queued]>
[2024-05-20 16:54:23,927] {taskinstance.py:1179} INFO - Dependencies all met for <TaskInstance: 6.1-monitoring.task1 scheduled__2024-05-14T00:00:00+00:00 [queued]>
[2024-05-20 16:54:23,936] {taskinstance.py:1376} INFO - 
--------------------------------------------------------------------------------
[2024-05-20 16:54:23,939] {taskinstance.py:1377} INFO - Starting attempt 3 of 3
[2024-05-20 16:54:23,940] {taskinstance.py:1378} INFO - 
--------------------------------------------------------------------------------
[2024-05-20 16:54:24,026] {taskinstance.py:1397} INFO - Executing <Task(BashOperator): task1> on 2024-05-14 00:00:00+00:00
[2024-05-20 16:54:24,033] {standard_task_runner.py:52} INFO - Started process 3520 to run task
[2024-05-20 16:54:24,041] {standard_task_runner.py:79} INFO - Running: ['***', 'tasks', 'run', '6.1-monitoring', 'task1', 'scheduled__2024-05-14T00:00:00+00:00', '--job-id', '286', '--raw', '--subdir', 'DAGS_FOLDER/6.1-monitoring.py', '--cfg-path', '/tmp/tmpns_fasa0', '--error-file', '/tmp/tmp4a1tm_ky']
[2024-05-20 16:54:24,046] {standard_task_runner.py:80} INFO - Job 286: Subtask task1
[2024-05-20 16:54:24,151] {task_command.py:371} INFO - Running <TaskInstance: 6.1-monitoring.task1 scheduled__2024-05-14T00:00:00+00:00 [running]> on host c832426e9d7b
[2024-05-20 16:54:24,262] {taskinstance.py:1591} INFO - Exporting the following env vars:
AIRFLOW_CTX_DAG_OWNER=***
AIRFLOW_CTX_DAG_ID=6.1-monitoring
AIRFLOW_CTX_TASK_ID=task1
AIRFLOW_CTX_EXECUTION_DATE=2024-05-14T00:00:00+00:00
AIRFLOW_CTX_TRY_NUMBER=3
AIRFLOW_CTX_DAG_RUN_ID=scheduled__2024-05-14T00:00:00+00:00
[2024-05-20 16:54:24,264] {subprocess.py:62} INFO - Tmp dir root location: 
 /tmp
[2024-05-20 16:54:24,266] {subprocess.py:74} INFO - Running command: ['bash', '-c', "sleep 2 && echo 'Task 1'"]
[2024-05-20 16:54:24,276] {subprocess.py:85} INFO - Output:
[2024-05-20 16:54:26,281] {subprocess.py:92} INFO - Task 1
[2024-05-20 16:54:26,282] {subprocess.py:96} INFO - Command exited with return code 0
[2024-05-20 16:54:26,340] {taskinstance.py:1420} INFO - Marking task as SUCCESS. dag_id=6.1-monitoring, task_id=task1, execution_date=20240514T000000, start_date=20240520T165423, end_date=20240520T165426
[2024-05-20 16:54:26,412] {local_task_job.py:156} INFO - Task exited with return code 0
[2024-05-20 16:54:26,486] {local_task_job.py:273} INFO - 0 downstream tasks scheduled from follow-on schedule check
