[2024-08-12 14:56:06,847] {taskinstance.py:1179} INFO - Dependencies all met for <TaskInstance: 7.3-Filesensor.waiting_for_file scheduled__2024-08-11T00:00:00+00:00 [queued]>
[2024-08-12 14:56:06,856] {taskinstance.py:1179} INFO - Dependencies all met for <TaskInstance: 7.3-Filesensor.waiting_for_file scheduled__2024-08-11T00:00:00+00:00 [queued]>
[2024-08-12 14:56:06,856] {taskinstance.py:1376} INFO - 
--------------------------------------------------------------------------------
[2024-08-12 14:56:06,856] {taskinstance.py:1377} INFO - Starting attempt 2 of 2
[2024-08-12 14:56:06,857] {taskinstance.py:1378} INFO - 
--------------------------------------------------------------------------------
[2024-08-12 14:56:06,868] {taskinstance.py:1397} INFO - Executing <Task(FileSensor): waiting_for_file> on 2024-08-11 00:00:00+00:00
[2024-08-12 14:56:06,871] {standard_task_runner.py:52} INFO - Started process 1945 to run task
[2024-08-12 14:56:06,873] {standard_task_runner.py:79} INFO - Running: ['***', 'tasks', 'run', '7.3-Filesensor', 'waiting_for_file', 'scheduled__2024-08-11T00:00:00+00:00', '--job-id', '440', '--raw', '--subdir', 'DAGS_FOLDER/7.3-Filesensor.py', '--cfg-path', '/tmp/tmp8h5rpb0x', '--error-file', '/tmp/tmpo19y09lc']
[2024-08-12 14:56:06,873] {standard_task_runner.py:80} INFO - Job 440: Subtask waiting_for_file
[2024-08-12 14:56:06,917] {task_command.py:371} INFO - Running <TaskInstance: 7.3-Filesensor.waiting_for_file scheduled__2024-08-11T00:00:00+00:00 [running]> on host edb2a5494af7
[2024-08-12 14:56:06,964] {taskinstance.py:1591} INFO - Exporting the following env vars:
AIRFLOW_CTX_DAG_OWNER=***
AIRFLOW_CTX_DAG_ID=7.3-Filesensor
AIRFLOW_CTX_TASK_ID=waiting_for_file
AIRFLOW_CTX_EXECUTION_DATE=2024-08-11T00:00:00+00:00
AIRFLOW_CTX_TRY_NUMBER=2
AIRFLOW_CTX_DAG_RUN_ID=scheduled__2024-08-11T00:00:00+00:00
[2024-08-12 14:56:06,970] {base.py:68} INFO - Using connection ID 'fs_default' for task execution.
[2024-08-12 14:56:06,971] {filesystem.py:58} INFO - Poking for file /tmp/file.txt
[2024-08-12 14:56:06,972] {filesystem.py:63} INFO - Found File /tmp/file.txt last modified: 20240812145416
[2024-08-12 14:56:06,972] {base.py:301} INFO - Success criteria met. Exiting.
[2024-08-12 14:56:06,982] {taskinstance.py:1420} INFO - Marking task as SUCCESS. dag_id=7.3-Filesensor, task_id=waiting_for_file, execution_date=20240811T000000, start_date=20240812T145606, end_date=20240812T145606
[2024-08-12 14:56:07,013] {local_task_job.py:156} INFO - Task exited with return code 0
[2024-08-12 14:56:07,041] {local_task_job.py:273} INFO - 1 downstream tasks scheduled from follow-on schedule check
