[2024-08-12 14:18:27,775] {processor.py:153} INFO - Started process (PID=45) to work on /opt/airflow/dags/0-firstdag.py
[2024-08-12 14:18:27,776] {processor.py:641} INFO - Processing file /opt/airflow/dags/0-firstdag.py for tasks to queue
[2024-08-12 14:18:27,776] {logging_mixin.py:115} INFO - [2024-08-12 14:18:27,776] {dagbag.py:508} INFO - Filling up the DagBag from /opt/airflow/dags/0-firstdag.py
[2024-08-12 14:18:27,779] {processor.py:651} INFO - DAG(s) dict_keys(['first_dag']) retrieved from /opt/airflow/dags/0-firstdag.py
[2024-08-12 14:18:27,798] {logging_mixin.py:115} INFO - [2024-08-12 14:18:27,798] {dag.py:2420} INFO - Sync 1 DAGs
[2024-08-12 14:18:27,817] {logging_mixin.py:115} INFO - [2024-08-12 14:18:27,816] {dag.py:2972} INFO - Setting next_dagrun for first_dag to None, run_after=None
[2024-08-12 14:18:27,827] {processor.py:161} INFO - Processing /opt/airflow/dags/0-firstdag.py took 0.054 seconds
[2024-08-12 14:18:58,136] {processor.py:153} INFO - Started process (PID=80) to work on /opt/airflow/dags/0-firstdag.py
[2024-08-12 14:18:58,136] {processor.py:641} INFO - Processing file /opt/airflow/dags/0-firstdag.py for tasks to queue
[2024-08-12 14:18:58,137] {logging_mixin.py:115} INFO - [2024-08-12 14:18:58,136] {dagbag.py:508} INFO - Filling up the DagBag from /opt/airflow/dags/0-firstdag.py
[2024-08-12 14:18:58,139] {processor.py:651} INFO - DAG(s) dict_keys(['first_dag']) retrieved from /opt/airflow/dags/0-firstdag.py
[2024-08-12 14:18:58,155] {logging_mixin.py:115} INFO - [2024-08-12 14:18:58,155] {dag.py:2420} INFO - Sync 1 DAGs
[2024-08-12 14:18:58,169] {logging_mixin.py:115} INFO - [2024-08-12 14:18:58,169] {dag.py:2972} INFO - Setting next_dagrun for first_dag to None, run_after=None
[2024-08-12 14:18:58,177] {processor.py:161} INFO - Processing /opt/airflow/dags/0-firstdag.py took 0.043 seconds
[2024-08-12 14:19:28,434] {processor.py:153} INFO - Started process (PID=115) to work on /opt/airflow/dags/0-firstdag.py
[2024-08-12 14:19:28,434] {processor.py:641} INFO - Processing file /opt/airflow/dags/0-firstdag.py for tasks to queue
[2024-08-12 14:19:28,435] {logging_mixin.py:115} INFO - [2024-08-12 14:19:28,435] {dagbag.py:508} INFO - Filling up the DagBag from /opt/airflow/dags/0-firstdag.py
[2024-08-12 14:19:28,438] {processor.py:651} INFO - DAG(s) dict_keys(['first_dag']) retrieved from /opt/airflow/dags/0-firstdag.py
[2024-08-12 14:19:28,455] {logging_mixin.py:115} INFO - [2024-08-12 14:19:28,455] {dag.py:2420} INFO - Sync 1 DAGs
[2024-08-12 14:19:28,469] {logging_mixin.py:115} INFO - [2024-08-12 14:19:28,469] {dag.py:2972} INFO - Setting next_dagrun for first_dag to None, run_after=None
[2024-08-12 14:19:28,476] {processor.py:161} INFO - Processing /opt/airflow/dags/0-firstdag.py took 0.045 seconds
[2024-08-12 14:19:58,890] {processor.py:153} INFO - Started process (PID=152) to work on /opt/airflow/dags/0-firstdag.py
[2024-08-12 14:19:58,891] {processor.py:641} INFO - Processing file /opt/airflow/dags/0-firstdag.py for tasks to queue
[2024-08-12 14:19:58,891] {logging_mixin.py:115} INFO - [2024-08-12 14:19:58,891] {dagbag.py:508} INFO - Filling up the DagBag from /opt/airflow/dags/0-firstdag.py
[2024-08-12 14:19:58,894] {processor.py:651} INFO - DAG(s) dict_keys(['first_dag']) retrieved from /opt/airflow/dags/0-firstdag.py
[2024-08-12 14:19:58,913] {logging_mixin.py:115} INFO - [2024-08-12 14:19:58,913] {dag.py:2420} INFO - Sync 1 DAGs
[2024-08-12 14:19:58,929] {logging_mixin.py:115} INFO - [2024-08-12 14:19:58,929] {dag.py:2972} INFO - Setting next_dagrun for first_dag to None, run_after=None
[2024-08-12 14:19:58,940] {processor.py:161} INFO - Processing /opt/airflow/dags/0-firstdag.py took 0.052 seconds
[2024-08-12 14:20:29,277] {processor.py:153} INFO - Started process (PID=177) to work on /opt/airflow/dags/0-firstdag.py
[2024-08-12 14:20:29,278] {processor.py:641} INFO - Processing file /opt/airflow/dags/0-firstdag.py for tasks to queue
[2024-08-12 14:20:29,279] {logging_mixin.py:115} INFO - [2024-08-12 14:20:29,278] {dagbag.py:508} INFO - Filling up the DagBag from /opt/airflow/dags/0-firstdag.py
[2024-08-12 14:20:29,286] {processor.py:651} INFO - DAG(s) dict_keys(['first_dag']) retrieved from /opt/airflow/dags/0-firstdag.py
[2024-08-12 14:20:29,306] {logging_mixin.py:115} INFO - [2024-08-12 14:20:29,306] {dag.py:2420} INFO - Sync 1 DAGs
[2024-08-12 14:20:29,320] {logging_mixin.py:115} INFO - [2024-08-12 14:20:29,319] {dag.py:2972} INFO - Setting next_dagrun for first_dag to None, run_after=None
[2024-08-12 14:20:29,328] {processor.py:161} INFO - Processing /opt/airflow/dags/0-firstdag.py took 0.053 seconds
[2024-08-12 14:20:59,719] {processor.py:153} INFO - Started process (PID=214) to work on /opt/airflow/dags/0-firstdag.py
[2024-08-12 14:20:59,719] {processor.py:641} INFO - Processing file /opt/airflow/dags/0-firstdag.py for tasks to queue
[2024-08-12 14:20:59,719] {logging_mixin.py:115} INFO - [2024-08-12 14:20:59,719] {dagbag.py:508} INFO - Filling up the DagBag from /opt/airflow/dags/0-firstdag.py
[2024-08-12 14:20:59,722] {processor.py:651} INFO - DAG(s) dict_keys(['first_dag']) retrieved from /opt/airflow/dags/0-firstdag.py
[2024-08-12 14:20:59,738] {logging_mixin.py:115} INFO - [2024-08-12 14:20:59,738] {dag.py:2420} INFO - Sync 1 DAGs
[2024-08-12 14:20:59,752] {logging_mixin.py:115} INFO - [2024-08-12 14:20:59,752] {dag.py:2972} INFO - Setting next_dagrun for first_dag to None, run_after=None
[2024-08-12 14:20:59,760] {processor.py:161} INFO - Processing /opt/airflow/dags/0-firstdag.py took 0.043 seconds
[2024-08-12 14:21:30,132] {processor.py:153} INFO - Started process (PID=250) to work on /opt/airflow/dags/0-firstdag.py
[2024-08-12 14:21:30,133] {processor.py:641} INFO - Processing file /opt/airflow/dags/0-firstdag.py for tasks to queue
[2024-08-12 14:21:30,133] {logging_mixin.py:115} INFO - [2024-08-12 14:21:30,133] {dagbag.py:508} INFO - Filling up the DagBag from /opt/airflow/dags/0-firstdag.py
[2024-08-12 14:21:30,135] {processor.py:651} INFO - DAG(s) dict_keys(['first_dag']) retrieved from /opt/airflow/dags/0-firstdag.py
[2024-08-12 14:21:30,151] {logging_mixin.py:115} INFO - [2024-08-12 14:21:30,151] {dag.py:2420} INFO - Sync 1 DAGs
[2024-08-12 14:21:30,165] {logging_mixin.py:115} INFO - [2024-08-12 14:21:30,165] {dag.py:2972} INFO - Setting next_dagrun for first_dag to None, run_after=None
[2024-08-12 14:21:30,172] {processor.py:161} INFO - Processing /opt/airflow/dags/0-firstdag.py took 0.042 seconds
[2024-08-12 14:22:00,490] {processor.py:153} INFO - Started process (PID=286) to work on /opt/airflow/dags/0-firstdag.py
[2024-08-12 14:22:00,490] {processor.py:641} INFO - Processing file /opt/airflow/dags/0-firstdag.py for tasks to queue
[2024-08-12 14:22:00,491] {logging_mixin.py:115} INFO - [2024-08-12 14:22:00,491] {dagbag.py:508} INFO - Filling up the DagBag from /opt/airflow/dags/0-firstdag.py
[2024-08-12 14:22:00,493] {processor.py:651} INFO - DAG(s) dict_keys(['first_dag']) retrieved from /opt/airflow/dags/0-firstdag.py
[2024-08-12 14:22:00,508] {logging_mixin.py:115} INFO - [2024-08-12 14:22:00,508] {dag.py:2420} INFO - Sync 1 DAGs
[2024-08-12 14:22:00,521] {logging_mixin.py:115} INFO - [2024-08-12 14:22:00,521] {dag.py:2972} INFO - Setting next_dagrun for first_dag to None, run_after=None
[2024-08-12 14:22:00,529] {processor.py:161} INFO - Processing /opt/airflow/dags/0-firstdag.py took 0.041 seconds
[2024-08-12 14:22:30,839] {processor.py:153} INFO - Started process (PID=323) to work on /opt/airflow/dags/0-firstdag.py
[2024-08-12 14:22:30,840] {processor.py:641} INFO - Processing file /opt/airflow/dags/0-firstdag.py for tasks to queue
[2024-08-12 14:22:30,840] {logging_mixin.py:115} INFO - [2024-08-12 14:22:30,840] {dagbag.py:508} INFO - Filling up the DagBag from /opt/airflow/dags/0-firstdag.py
[2024-08-12 14:22:30,844] {processor.py:651} INFO - DAG(s) dict_keys(['first_dag']) retrieved from /opt/airflow/dags/0-firstdag.py
[2024-08-12 14:22:30,863] {logging_mixin.py:115} INFO - [2024-08-12 14:22:30,863] {dag.py:2420} INFO - Sync 1 DAGs
[2024-08-12 14:22:30,877] {logging_mixin.py:115} INFO - [2024-08-12 14:22:30,877] {dag.py:2972} INFO - Setting next_dagrun for first_dag to None, run_after=None
[2024-08-12 14:22:30,885] {processor.py:161} INFO - Processing /opt/airflow/dags/0-firstdag.py took 0.048 seconds
[2024-08-12 14:23:01,249] {processor.py:153} INFO - Started process (PID=352) to work on /opt/airflow/dags/0-firstdag.py
[2024-08-12 14:23:01,251] {processor.py:641} INFO - Processing file /opt/airflow/dags/0-firstdag.py for tasks to queue
[2024-08-12 14:23:01,252] {logging_mixin.py:115} INFO - [2024-08-12 14:23:01,251] {dagbag.py:508} INFO - Filling up the DagBag from /opt/airflow/dags/0-firstdag.py
[2024-08-12 14:23:01,257] {processor.py:651} INFO - DAG(s) dict_keys(['first_dag']) retrieved from /opt/airflow/dags/0-firstdag.py
[2024-08-12 14:23:01,273] {logging_mixin.py:115} INFO - [2024-08-12 14:23:01,273] {dag.py:2420} INFO - Sync 1 DAGs
[2024-08-12 14:23:01,288] {logging_mixin.py:115} INFO - [2024-08-12 14:23:01,288] {dag.py:2972} INFO - Setting next_dagrun for first_dag to None, run_after=None
[2024-08-12 14:23:01,295] {processor.py:161} INFO - Processing /opt/airflow/dags/0-firstdag.py took 0.049 seconds
[2024-08-12 14:23:31,650] {processor.py:153} INFO - Started process (PID=388) to work on /opt/airflow/dags/0-firstdag.py
[2024-08-12 14:23:31,650] {processor.py:641} INFO - Processing file /opt/airflow/dags/0-firstdag.py for tasks to queue
[2024-08-12 14:23:31,650] {logging_mixin.py:115} INFO - [2024-08-12 14:23:31,650] {dagbag.py:508} INFO - Filling up the DagBag from /opt/airflow/dags/0-firstdag.py
[2024-08-12 14:23:31,653] {processor.py:651} INFO - DAG(s) dict_keys(['first_dag']) retrieved from /opt/airflow/dags/0-firstdag.py
[2024-08-12 14:23:31,669] {logging_mixin.py:115} INFO - [2024-08-12 14:23:31,669] {dag.py:2420} INFO - Sync 1 DAGs
[2024-08-12 14:23:31,682] {logging_mixin.py:115} INFO - [2024-08-12 14:23:31,682] {dag.py:2972} INFO - Setting next_dagrun for first_dag to None, run_after=None
[2024-08-12 14:23:31,689] {processor.py:161} INFO - Processing /opt/airflow/dags/0-firstdag.py took 0.042 seconds
[2024-08-12 14:24:01,974] {processor.py:153} INFO - Started process (PID=423) to work on /opt/airflow/dags/0-firstdag.py
[2024-08-12 14:24:01,975] {processor.py:641} INFO - Processing file /opt/airflow/dags/0-firstdag.py for tasks to queue
[2024-08-12 14:24:01,975] {logging_mixin.py:115} INFO - [2024-08-12 14:24:01,975] {dagbag.py:508} INFO - Filling up the DagBag from /opt/airflow/dags/0-firstdag.py
[2024-08-12 14:24:01,978] {processor.py:651} INFO - DAG(s) dict_keys(['first_dag']) retrieved from /opt/airflow/dags/0-firstdag.py
[2024-08-12 14:24:01,993] {logging_mixin.py:115} INFO - [2024-08-12 14:24:01,993] {dag.py:2420} INFO - Sync 1 DAGs
[2024-08-12 14:24:02,009] {logging_mixin.py:115} INFO - [2024-08-12 14:24:02,009] {dag.py:2972} INFO - Setting next_dagrun for first_dag to None, run_after=None
[2024-08-12 14:24:02,017] {processor.py:161} INFO - Processing /opt/airflow/dags/0-firstdag.py took 0.045 seconds
[2024-08-12 14:24:32,408] {processor.py:153} INFO - Started process (PID=459) to work on /opt/airflow/dags/0-firstdag.py
[2024-08-12 14:24:32,409] {processor.py:641} INFO - Processing file /opt/airflow/dags/0-firstdag.py for tasks to queue
[2024-08-12 14:24:32,409] {logging_mixin.py:115} INFO - [2024-08-12 14:24:32,409] {dagbag.py:508} INFO - Filling up the DagBag from /opt/airflow/dags/0-firstdag.py
[2024-08-12 14:24:32,412] {processor.py:651} INFO - DAG(s) dict_keys(['first_dag']) retrieved from /opt/airflow/dags/0-firstdag.py
[2024-08-12 14:24:32,428] {logging_mixin.py:115} INFO - [2024-08-12 14:24:32,428] {dag.py:2420} INFO - Sync 1 DAGs
[2024-08-12 14:24:32,442] {logging_mixin.py:115} INFO - [2024-08-12 14:24:32,442] {dag.py:2972} INFO - Setting next_dagrun for first_dag to None, run_after=None
[2024-08-12 14:24:32,450] {processor.py:161} INFO - Processing /opt/airflow/dags/0-firstdag.py took 0.046 seconds
[2024-08-12 14:25:02,722] {processor.py:153} INFO - Started process (PID=495) to work on /opt/airflow/dags/0-firstdag.py
[2024-08-12 14:25:02,722] {processor.py:641} INFO - Processing file /opt/airflow/dags/0-firstdag.py for tasks to queue
[2024-08-12 14:25:02,723] {logging_mixin.py:115} INFO - [2024-08-12 14:25:02,723] {dagbag.py:508} INFO - Filling up the DagBag from /opt/airflow/dags/0-firstdag.py
[2024-08-12 14:25:02,726] {processor.py:651} INFO - DAG(s) dict_keys(['first_dag']) retrieved from /opt/airflow/dags/0-firstdag.py
[2024-08-12 14:25:02,745] {logging_mixin.py:115} INFO - [2024-08-12 14:25:02,745] {dag.py:2420} INFO - Sync 1 DAGs
[2024-08-12 14:25:02,759] {logging_mixin.py:115} INFO - [2024-08-12 14:25:02,759] {dag.py:2972} INFO - Setting next_dagrun for first_dag to None, run_after=None
[2024-08-12 14:25:02,767] {processor.py:161} INFO - Processing /opt/airflow/dags/0-firstdag.py took 0.048 seconds
[2024-08-12 14:25:33,091] {processor.py:153} INFO - Started process (PID=522) to work on /opt/airflow/dags/0-firstdag.py
[2024-08-12 14:25:33,091] {processor.py:641} INFO - Processing file /opt/airflow/dags/0-firstdag.py for tasks to queue
[2024-08-12 14:25:33,092] {logging_mixin.py:115} INFO - [2024-08-12 14:25:33,092] {dagbag.py:508} INFO - Filling up the DagBag from /opt/airflow/dags/0-firstdag.py
[2024-08-12 14:25:33,094] {processor.py:651} INFO - DAG(s) dict_keys(['first_dag']) retrieved from /opt/airflow/dags/0-firstdag.py
[2024-08-12 14:25:33,119] {logging_mixin.py:115} INFO - [2024-08-12 14:25:33,119] {dag.py:2420} INFO - Sync 1 DAGs
[2024-08-12 14:25:33,133] {logging_mixin.py:115} INFO - [2024-08-12 14:25:33,133] {dag.py:2972} INFO - Setting next_dagrun for first_dag to None, run_after=None
[2024-08-12 14:25:33,145] {processor.py:161} INFO - Processing /opt/airflow/dags/0-firstdag.py took 0.056 seconds
[2024-08-12 14:26:03,492] {processor.py:153} INFO - Started process (PID=559) to work on /opt/airflow/dags/0-firstdag.py
[2024-08-12 14:26:03,492] {processor.py:641} INFO - Processing file /opt/airflow/dags/0-firstdag.py for tasks to queue
[2024-08-12 14:26:03,493] {logging_mixin.py:115} INFO - [2024-08-12 14:26:03,493] {dagbag.py:508} INFO - Filling up the DagBag from /opt/airflow/dags/0-firstdag.py
[2024-08-12 14:26:03,496] {processor.py:651} INFO - DAG(s) dict_keys(['first_dag']) retrieved from /opt/airflow/dags/0-firstdag.py
[2024-08-12 14:26:03,510] {logging_mixin.py:115} INFO - [2024-08-12 14:26:03,510] {dag.py:2420} INFO - Sync 1 DAGs
[2024-08-12 14:26:03,523] {logging_mixin.py:115} INFO - [2024-08-12 14:26:03,522] {dag.py:2972} INFO - Setting next_dagrun for first_dag to None, run_after=None
[2024-08-12 14:26:03,530] {processor.py:161} INFO - Processing /opt/airflow/dags/0-firstdag.py took 0.040 seconds
[2024-08-12 14:26:33,858] {processor.py:153} INFO - Started process (PID=596) to work on /opt/airflow/dags/0-firstdag.py
[2024-08-12 14:26:33,858] {processor.py:641} INFO - Processing file /opt/airflow/dags/0-firstdag.py for tasks to queue
[2024-08-12 14:26:33,859] {logging_mixin.py:115} INFO - [2024-08-12 14:26:33,859] {dagbag.py:508} INFO - Filling up the DagBag from /opt/airflow/dags/0-firstdag.py
[2024-08-12 14:26:33,861] {processor.py:651} INFO - DAG(s) dict_keys(['first_dag']) retrieved from /opt/airflow/dags/0-firstdag.py
[2024-08-12 14:26:33,877] {logging_mixin.py:115} INFO - [2024-08-12 14:26:33,877] {dag.py:2420} INFO - Sync 1 DAGs
[2024-08-12 14:26:33,891] {logging_mixin.py:115} INFO - [2024-08-12 14:26:33,891] {dag.py:2972} INFO - Setting next_dagrun for first_dag to None, run_after=None
[2024-08-12 14:26:33,899] {processor.py:161} INFO - Processing /opt/airflow/dags/0-firstdag.py took 0.043 seconds
[2024-08-12 14:27:04,290] {processor.py:153} INFO - Started process (PID=632) to work on /opt/airflow/dags/0-firstdag.py
[2024-08-12 14:27:04,291] {processor.py:641} INFO - Processing file /opt/airflow/dags/0-firstdag.py for tasks to queue
[2024-08-12 14:27:04,292] {logging_mixin.py:115} INFO - [2024-08-12 14:27:04,291] {dagbag.py:508} INFO - Filling up the DagBag from /opt/airflow/dags/0-firstdag.py
[2024-08-12 14:27:04,295] {processor.py:651} INFO - DAG(s) dict_keys(['first_dag']) retrieved from /opt/airflow/dags/0-firstdag.py
[2024-08-12 14:27:04,315] {logging_mixin.py:115} INFO - [2024-08-12 14:27:04,315] {dag.py:2420} INFO - Sync 1 DAGs
[2024-08-12 14:27:04,329] {logging_mixin.py:115} INFO - [2024-08-12 14:27:04,329] {dag.py:2972} INFO - Setting next_dagrun for first_dag to None, run_after=None
[2024-08-12 14:27:04,337] {processor.py:161} INFO - Processing /opt/airflow/dags/0-firstdag.py took 0.050 seconds
[2024-08-12 14:27:34,761] {processor.py:153} INFO - Started process (PID=668) to work on /opt/airflow/dags/0-firstdag.py
[2024-08-12 14:27:34,762] {processor.py:641} INFO - Processing file /opt/airflow/dags/0-firstdag.py for tasks to queue
[2024-08-12 14:27:34,762] {logging_mixin.py:115} INFO - [2024-08-12 14:27:34,762] {dagbag.py:508} INFO - Filling up the DagBag from /opt/airflow/dags/0-firstdag.py
[2024-08-12 14:27:34,764] {processor.py:651} INFO - DAG(s) dict_keys(['first_dag']) retrieved from /opt/airflow/dags/0-firstdag.py
[2024-08-12 14:27:34,784] {logging_mixin.py:115} INFO - [2024-08-12 14:27:34,784] {dag.py:2420} INFO - Sync 1 DAGs
[2024-08-12 14:27:34,797] {logging_mixin.py:115} INFO - [2024-08-12 14:27:34,797] {dag.py:2972} INFO - Setting next_dagrun for first_dag to None, run_after=None
[2024-08-12 14:27:34,805] {processor.py:161} INFO - Processing /opt/airflow/dags/0-firstdag.py took 0.046 seconds
[2024-08-12 14:28:05,142] {processor.py:153} INFO - Started process (PID=704) to work on /opt/airflow/dags/0-firstdag.py
[2024-08-12 14:28:05,142] {processor.py:641} INFO - Processing file /opt/airflow/dags/0-firstdag.py for tasks to queue
[2024-08-12 14:28:05,143] {logging_mixin.py:115} INFO - [2024-08-12 14:28:05,143] {dagbag.py:508} INFO - Filling up the DagBag from /opt/airflow/dags/0-firstdag.py
[2024-08-12 14:28:05,146] {processor.py:651} INFO - DAG(s) dict_keys(['first_dag']) retrieved from /opt/airflow/dags/0-firstdag.py
[2024-08-12 14:28:05,168] {logging_mixin.py:115} INFO - [2024-08-12 14:28:05,168] {dag.py:2420} INFO - Sync 1 DAGs
[2024-08-12 14:28:05,185] {logging_mixin.py:115} INFO - [2024-08-12 14:28:05,184] {dag.py:2972} INFO - Setting next_dagrun for first_dag to None, run_after=None
[2024-08-12 14:28:05,196] {processor.py:161} INFO - Processing /opt/airflow/dags/0-firstdag.py took 0.057 seconds
[2024-08-12 14:28:35,556] {processor.py:153} INFO - Started process (PID=731) to work on /opt/airflow/dags/0-firstdag.py
[2024-08-12 14:28:35,557] {processor.py:641} INFO - Processing file /opt/airflow/dags/0-firstdag.py for tasks to queue
[2024-08-12 14:28:35,557] {logging_mixin.py:115} INFO - [2024-08-12 14:28:35,557] {dagbag.py:508} INFO - Filling up the DagBag from /opt/airflow/dags/0-firstdag.py
[2024-08-12 14:28:35,560] {processor.py:651} INFO - DAG(s) dict_keys(['first_dag']) retrieved from /opt/airflow/dags/0-firstdag.py
[2024-08-12 14:28:35,577] {logging_mixin.py:115} INFO - [2024-08-12 14:28:35,577] {dag.py:2420} INFO - Sync 1 DAGs
[2024-08-12 14:28:35,592] {logging_mixin.py:115} INFO - [2024-08-12 14:28:35,592] {dag.py:2972} INFO - Setting next_dagrun for first_dag to None, run_after=None
[2024-08-12 14:28:35,602] {processor.py:161} INFO - Processing /opt/airflow/dags/0-firstdag.py took 0.048 seconds
[2024-08-12 14:29:05,953] {processor.py:153} INFO - Started process (PID=767) to work on /opt/airflow/dags/0-firstdag.py
[2024-08-12 14:29:05,954] {processor.py:641} INFO - Processing file /opt/airflow/dags/0-firstdag.py for tasks to queue
[2024-08-12 14:29:05,954] {logging_mixin.py:115} INFO - [2024-08-12 14:29:05,954] {dagbag.py:508} INFO - Filling up the DagBag from /opt/airflow/dags/0-firstdag.py
[2024-08-12 14:29:05,956] {processor.py:651} INFO - DAG(s) dict_keys(['first_dag']) retrieved from /opt/airflow/dags/0-firstdag.py
[2024-08-12 14:29:05,974] {logging_mixin.py:115} INFO - [2024-08-12 14:29:05,974] {dag.py:2420} INFO - Sync 1 DAGs
[2024-08-12 14:29:05,989] {logging_mixin.py:115} INFO - [2024-08-12 14:29:05,988] {dag.py:2972} INFO - Setting next_dagrun for first_dag to None, run_after=None
[2024-08-12 14:29:05,997] {processor.py:161} INFO - Processing /opt/airflow/dags/0-firstdag.py took 0.046 seconds
[2024-08-12 14:29:36,339] {processor.py:153} INFO - Started process (PID=803) to work on /opt/airflow/dags/0-firstdag.py
[2024-08-12 14:29:36,340] {processor.py:641} INFO - Processing file /opt/airflow/dags/0-firstdag.py for tasks to queue
[2024-08-12 14:29:36,341] {logging_mixin.py:115} INFO - [2024-08-12 14:29:36,341] {dagbag.py:508} INFO - Filling up the DagBag from /opt/airflow/dags/0-firstdag.py
[2024-08-12 14:29:36,344] {processor.py:651} INFO - DAG(s) dict_keys(['first_dag']) retrieved from /opt/airflow/dags/0-firstdag.py
[2024-08-12 14:29:36,360] {logging_mixin.py:115} INFO - [2024-08-12 14:29:36,360] {dag.py:2420} INFO - Sync 1 DAGs
[2024-08-12 14:29:36,374] {logging_mixin.py:115} INFO - [2024-08-12 14:29:36,374] {dag.py:2972} INFO - Setting next_dagrun for first_dag to None, run_after=None
[2024-08-12 14:29:36,382] {processor.py:161} INFO - Processing /opt/airflow/dags/0-firstdag.py took 0.046 seconds
[2024-08-12 14:30:06,710] {processor.py:153} INFO - Started process (PID=839) to work on /opt/airflow/dags/0-firstdag.py
[2024-08-12 14:30:06,711] {processor.py:641} INFO - Processing file /opt/airflow/dags/0-firstdag.py for tasks to queue
[2024-08-12 14:30:06,711] {logging_mixin.py:115} INFO - [2024-08-12 14:30:06,711] {dagbag.py:508} INFO - Filling up the DagBag from /opt/airflow/dags/0-firstdag.py
[2024-08-12 14:30:06,713] {processor.py:651} INFO - DAG(s) dict_keys(['first_dag']) retrieved from /opt/airflow/dags/0-firstdag.py
[2024-08-12 14:30:06,730] {logging_mixin.py:115} INFO - [2024-08-12 14:30:06,730] {dag.py:2420} INFO - Sync 1 DAGs
[2024-08-12 14:30:06,743] {logging_mixin.py:115} INFO - [2024-08-12 14:30:06,743] {dag.py:2972} INFO - Setting next_dagrun for first_dag to None, run_after=None
[2024-08-12 14:30:06,751] {processor.py:161} INFO - Processing /opt/airflow/dags/0-firstdag.py took 0.043 seconds
[2024-08-12 14:30:37,048] {processor.py:153} INFO - Started process (PID=875) to work on /opt/airflow/dags/0-firstdag.py
[2024-08-12 14:30:37,048] {processor.py:641} INFO - Processing file /opt/airflow/dags/0-firstdag.py for tasks to queue
[2024-08-12 14:30:37,049] {logging_mixin.py:115} INFO - [2024-08-12 14:30:37,049] {dagbag.py:508} INFO - Filling up the DagBag from /opt/airflow/dags/0-firstdag.py
[2024-08-12 14:30:37,051] {processor.py:651} INFO - DAG(s) dict_keys(['first_dag']) retrieved from /opt/airflow/dags/0-firstdag.py
[2024-08-12 14:30:37,069] {logging_mixin.py:115} INFO - [2024-08-12 14:30:37,069] {dag.py:2420} INFO - Sync 1 DAGs
[2024-08-12 14:30:37,082] {logging_mixin.py:115} INFO - [2024-08-12 14:30:37,082] {dag.py:2972} INFO - Setting next_dagrun for first_dag to None, run_after=None
[2024-08-12 14:30:37,091] {processor.py:161} INFO - Processing /opt/airflow/dags/0-firstdag.py took 0.046 seconds
[2024-08-12 14:31:07,473] {processor.py:153} INFO - Started process (PID=902) to work on /opt/airflow/dags/0-firstdag.py
[2024-08-12 14:31:07,473] {processor.py:641} INFO - Processing file /opt/airflow/dags/0-firstdag.py for tasks to queue
[2024-08-12 14:31:07,474] {logging_mixin.py:115} INFO - [2024-08-12 14:31:07,474] {dagbag.py:508} INFO - Filling up the DagBag from /opt/airflow/dags/0-firstdag.py
[2024-08-12 14:31:07,477] {processor.py:651} INFO - DAG(s) dict_keys(['first_dag']) retrieved from /opt/airflow/dags/0-firstdag.py
[2024-08-12 14:31:07,493] {logging_mixin.py:115} INFO - [2024-08-12 14:31:07,493] {dag.py:2420} INFO - Sync 1 DAGs
[2024-08-12 14:31:07,508] {logging_mixin.py:115} INFO - [2024-08-12 14:31:07,508] {dag.py:2972} INFO - Setting next_dagrun for first_dag to None, run_after=None
[2024-08-12 14:31:07,516] {processor.py:161} INFO - Processing /opt/airflow/dags/0-firstdag.py took 0.046 seconds
[2024-08-12 14:31:37,866] {processor.py:153} INFO - Started process (PID=938) to work on /opt/airflow/dags/0-firstdag.py
[2024-08-12 14:31:37,869] {processor.py:641} INFO - Processing file /opt/airflow/dags/0-firstdag.py for tasks to queue
[2024-08-12 14:31:37,869] {logging_mixin.py:115} INFO - [2024-08-12 14:31:37,869] {dagbag.py:508} INFO - Filling up the DagBag from /opt/airflow/dags/0-firstdag.py
[2024-08-12 14:31:37,871] {processor.py:651} INFO - DAG(s) dict_keys(['first_dag']) retrieved from /opt/airflow/dags/0-firstdag.py
[2024-08-12 14:31:37,888] {logging_mixin.py:115} INFO - [2024-08-12 14:31:37,888] {dag.py:2420} INFO - Sync 1 DAGs
[2024-08-12 14:31:37,903] {logging_mixin.py:115} INFO - [2024-08-12 14:31:37,902] {dag.py:2972} INFO - Setting next_dagrun for first_dag to None, run_after=None
[2024-08-12 14:31:37,912] {processor.py:161} INFO - Processing /opt/airflow/dags/0-firstdag.py took 0.048 seconds
[2024-08-12 14:32:08,282] {processor.py:153} INFO - Started process (PID=973) to work on /opt/airflow/dags/0-firstdag.py
[2024-08-12 14:32:08,282] {processor.py:641} INFO - Processing file /opt/airflow/dags/0-firstdag.py for tasks to queue
[2024-08-12 14:32:08,283] {logging_mixin.py:115} INFO - [2024-08-12 14:32:08,283] {dagbag.py:508} INFO - Filling up the DagBag from /opt/airflow/dags/0-firstdag.py
[2024-08-12 14:32:08,285] {processor.py:651} INFO - DAG(s) dict_keys(['first_dag']) retrieved from /opt/airflow/dags/0-firstdag.py
[2024-08-12 14:32:08,304] {logging_mixin.py:115} INFO - [2024-08-12 14:32:08,304] {dag.py:2420} INFO - Sync 1 DAGs
[2024-08-12 14:32:08,317] {logging_mixin.py:115} INFO - [2024-08-12 14:32:08,317] {dag.py:2972} INFO - Setting next_dagrun for first_dag to None, run_after=None
[2024-08-12 14:32:08,327] {processor.py:161} INFO - Processing /opt/airflow/dags/0-firstdag.py took 0.047 seconds
[2024-08-12 14:32:38,742] {processor.py:153} INFO - Started process (PID=1008) to work on /opt/airflow/dags/0-firstdag.py
[2024-08-12 14:32:38,742] {processor.py:641} INFO - Processing file /opt/airflow/dags/0-firstdag.py for tasks to queue
[2024-08-12 14:32:38,743] {logging_mixin.py:115} INFO - [2024-08-12 14:32:38,743] {dagbag.py:508} INFO - Filling up the DagBag from /opt/airflow/dags/0-firstdag.py
[2024-08-12 14:32:38,745] {processor.py:651} INFO - DAG(s) dict_keys(['first_dag']) retrieved from /opt/airflow/dags/0-firstdag.py
[2024-08-12 14:32:38,764] {logging_mixin.py:115} INFO - [2024-08-12 14:32:38,763] {dag.py:2420} INFO - Sync 1 DAGs
[2024-08-12 14:32:38,778] {logging_mixin.py:115} INFO - [2024-08-12 14:32:38,778] {dag.py:2972} INFO - Setting next_dagrun for first_dag to None, run_after=None
[2024-08-12 14:32:38,791] {processor.py:161} INFO - Processing /opt/airflow/dags/0-firstdag.py took 0.052 seconds
[2024-08-12 14:33:09,135] {processor.py:153} INFO - Started process (PID=1044) to work on /opt/airflow/dags/0-firstdag.py
[2024-08-12 14:33:09,136] {processor.py:641} INFO - Processing file /opt/airflow/dags/0-firstdag.py for tasks to queue
[2024-08-12 14:33:09,136] {logging_mixin.py:115} INFO - [2024-08-12 14:33:09,136] {dagbag.py:508} INFO - Filling up the DagBag from /opt/airflow/dags/0-firstdag.py
[2024-08-12 14:33:09,139] {processor.py:651} INFO - DAG(s) dict_keys(['first_dag']) retrieved from /opt/airflow/dags/0-firstdag.py
[2024-08-12 14:33:09,161] {logging_mixin.py:115} INFO - [2024-08-12 14:33:09,161] {dag.py:2420} INFO - Sync 1 DAGs
[2024-08-12 14:33:09,174] {logging_mixin.py:115} INFO - [2024-08-12 14:33:09,174] {dag.py:2972} INFO - Setting next_dagrun for first_dag to None, run_after=None
[2024-08-12 14:33:09,182] {processor.py:161} INFO - Processing /opt/airflow/dags/0-firstdag.py took 0.049 seconds
[2024-08-12 14:33:39,544] {processor.py:153} INFO - Started process (PID=1071) to work on /opt/airflow/dags/0-firstdag.py
[2024-08-12 14:33:39,545] {processor.py:641} INFO - Processing file /opt/airflow/dags/0-firstdag.py for tasks to queue
[2024-08-12 14:33:39,545] {logging_mixin.py:115} INFO - [2024-08-12 14:33:39,545] {dagbag.py:508} INFO - Filling up the DagBag from /opt/airflow/dags/0-firstdag.py
[2024-08-12 14:33:39,548] {processor.py:651} INFO - DAG(s) dict_keys(['first_dag']) retrieved from /opt/airflow/dags/0-firstdag.py
[2024-08-12 14:33:39,565] {logging_mixin.py:115} INFO - [2024-08-12 14:33:39,565] {dag.py:2420} INFO - Sync 1 DAGs
[2024-08-12 14:33:39,581] {logging_mixin.py:115} INFO - [2024-08-12 14:33:39,581] {dag.py:2972} INFO - Setting next_dagrun for first_dag to None, run_after=None
[2024-08-12 14:33:39,589] {processor.py:161} INFO - Processing /opt/airflow/dags/0-firstdag.py took 0.047 seconds
[2024-08-12 14:34:09,931] {processor.py:153} INFO - Started process (PID=1106) to work on /opt/airflow/dags/0-firstdag.py
[2024-08-12 14:34:09,932] {processor.py:641} INFO - Processing file /opt/airflow/dags/0-firstdag.py for tasks to queue
[2024-08-12 14:34:09,932] {logging_mixin.py:115} INFO - [2024-08-12 14:34:09,932] {dagbag.py:508} INFO - Filling up the DagBag from /opt/airflow/dags/0-firstdag.py
[2024-08-12 14:34:09,934] {processor.py:651} INFO - DAG(s) dict_keys(['first_dag']) retrieved from /opt/airflow/dags/0-firstdag.py
[2024-08-12 14:34:09,950] {logging_mixin.py:115} INFO - [2024-08-12 14:34:09,950] {dag.py:2420} INFO - Sync 1 DAGs
[2024-08-12 14:34:09,964] {logging_mixin.py:115} INFO - [2024-08-12 14:34:09,964] {dag.py:2972} INFO - Setting next_dagrun for first_dag to None, run_after=None
[2024-08-12 14:34:09,985] {processor.py:161} INFO - Processing /opt/airflow/dags/0-firstdag.py took 0.056 seconds
[2024-08-12 14:34:40,372] {processor.py:153} INFO - Started process (PID=1141) to work on /opt/airflow/dags/0-firstdag.py
[2024-08-12 14:34:40,372] {processor.py:641} INFO - Processing file /opt/airflow/dags/0-firstdag.py for tasks to queue
[2024-08-12 14:34:40,372] {logging_mixin.py:115} INFO - [2024-08-12 14:34:40,372] {dagbag.py:508} INFO - Filling up the DagBag from /opt/airflow/dags/0-firstdag.py
[2024-08-12 14:34:40,375] {processor.py:651} INFO - DAG(s) dict_keys(['first_dag']) retrieved from /opt/airflow/dags/0-firstdag.py
[2024-08-12 14:34:40,391] {logging_mixin.py:115} INFO - [2024-08-12 14:34:40,391] {dag.py:2420} INFO - Sync 1 DAGs
[2024-08-12 14:34:40,404] {logging_mixin.py:115} INFO - [2024-08-12 14:34:40,404] {dag.py:2972} INFO - Setting next_dagrun for first_dag to None, run_after=None
[2024-08-12 14:34:40,412] {processor.py:161} INFO - Processing /opt/airflow/dags/0-firstdag.py took 0.043 seconds
[2024-08-12 14:35:10,760] {processor.py:153} INFO - Started process (PID=1177) to work on /opt/airflow/dags/0-firstdag.py
[2024-08-12 14:35:10,761] {processor.py:641} INFO - Processing file /opt/airflow/dags/0-firstdag.py for tasks to queue
[2024-08-12 14:35:10,761] {logging_mixin.py:115} INFO - [2024-08-12 14:35:10,761] {dagbag.py:508} INFO - Filling up the DagBag from /opt/airflow/dags/0-firstdag.py
[2024-08-12 14:35:10,763] {processor.py:651} INFO - DAG(s) dict_keys(['first_dag']) retrieved from /opt/airflow/dags/0-firstdag.py
[2024-08-12 14:35:10,780] {logging_mixin.py:115} INFO - [2024-08-12 14:35:10,780] {dag.py:2420} INFO - Sync 1 DAGs
[2024-08-12 14:35:10,794] {logging_mixin.py:115} INFO - [2024-08-12 14:35:10,793] {dag.py:2972} INFO - Setting next_dagrun for first_dag to None, run_after=None
[2024-08-12 14:35:10,802] {processor.py:161} INFO - Processing /opt/airflow/dags/0-firstdag.py took 0.044 seconds
[2024-08-12 14:35:41,137] {processor.py:153} INFO - Started process (PID=1213) to work on /opt/airflow/dags/0-firstdag.py
[2024-08-12 14:35:41,138] {processor.py:641} INFO - Processing file /opt/airflow/dags/0-firstdag.py for tasks to queue
[2024-08-12 14:35:41,139] {logging_mixin.py:115} INFO - [2024-08-12 14:35:41,138] {dagbag.py:508} INFO - Filling up the DagBag from /opt/airflow/dags/0-firstdag.py
[2024-08-12 14:35:41,141] {processor.py:651} INFO - DAG(s) dict_keys(['first_dag']) retrieved from /opt/airflow/dags/0-firstdag.py
[2024-08-12 14:35:41,157] {logging_mixin.py:115} INFO - [2024-08-12 14:35:41,157] {dag.py:2420} INFO - Sync 1 DAGs
[2024-08-12 14:35:41,170] {logging_mixin.py:115} INFO - [2024-08-12 14:35:41,170] {dag.py:2972} INFO - Setting next_dagrun for first_dag to None, run_after=None
[2024-08-12 14:35:41,178] {processor.py:161} INFO - Processing /opt/airflow/dags/0-firstdag.py took 0.043 seconds
[2024-08-12 14:36:11,526] {processor.py:153} INFO - Started process (PID=1249) to work on /opt/airflow/dags/0-firstdag.py
[2024-08-12 14:36:11,526] {processor.py:641} INFO - Processing file /opt/airflow/dags/0-firstdag.py for tasks to queue
[2024-08-12 14:36:11,527] {logging_mixin.py:115} INFO - [2024-08-12 14:36:11,527] {dagbag.py:508} INFO - Filling up the DagBag from /opt/airflow/dags/0-firstdag.py
[2024-08-12 14:36:11,529] {processor.py:651} INFO - DAG(s) dict_keys(['first_dag']) retrieved from /opt/airflow/dags/0-firstdag.py
[2024-08-12 14:36:11,545] {logging_mixin.py:115} INFO - [2024-08-12 14:36:11,544] {dag.py:2420} INFO - Sync 1 DAGs
[2024-08-12 14:36:11,559] {logging_mixin.py:115} INFO - [2024-08-12 14:36:11,559] {dag.py:2972} INFO - Setting next_dagrun for first_dag to None, run_after=None
[2024-08-12 14:36:11,574] {processor.py:161} INFO - Processing /opt/airflow/dags/0-firstdag.py took 0.050 seconds
[2024-08-12 14:36:41,934] {processor.py:153} INFO - Started process (PID=1276) to work on /opt/airflow/dags/0-firstdag.py
[2024-08-12 14:36:41,935] {processor.py:641} INFO - Processing file /opt/airflow/dags/0-firstdag.py for tasks to queue
[2024-08-12 14:36:41,935] {logging_mixin.py:115} INFO - [2024-08-12 14:36:41,935] {dagbag.py:508} INFO - Filling up the DagBag from /opt/airflow/dags/0-firstdag.py
[2024-08-12 14:36:41,937] {processor.py:651} INFO - DAG(s) dict_keys(['first_dag']) retrieved from /opt/airflow/dags/0-firstdag.py
[2024-08-12 14:36:41,953] {logging_mixin.py:115} INFO - [2024-08-12 14:36:41,953] {dag.py:2420} INFO - Sync 1 DAGs
[2024-08-12 14:36:41,967] {logging_mixin.py:115} INFO - [2024-08-12 14:36:41,967] {dag.py:2972} INFO - Setting next_dagrun for first_dag to None, run_after=None
[2024-08-12 14:36:41,974] {processor.py:161} INFO - Processing /opt/airflow/dags/0-firstdag.py took 0.043 seconds
[2024-08-12 14:37:12,330] {processor.py:153} INFO - Started process (PID=1311) to work on /opt/airflow/dags/0-firstdag.py
[2024-08-12 14:37:12,331] {processor.py:641} INFO - Processing file /opt/airflow/dags/0-firstdag.py for tasks to queue
[2024-08-12 14:37:12,331] {logging_mixin.py:115} INFO - [2024-08-12 14:37:12,331] {dagbag.py:508} INFO - Filling up the DagBag from /opt/airflow/dags/0-firstdag.py
[2024-08-12 14:37:12,333] {processor.py:651} INFO - DAG(s) dict_keys(['first_dag']) retrieved from /opt/airflow/dags/0-firstdag.py
[2024-08-12 14:37:12,348] {logging_mixin.py:115} INFO - [2024-08-12 14:37:12,348] {dag.py:2420} INFO - Sync 1 DAGs
[2024-08-12 14:37:12,361] {logging_mixin.py:115} INFO - [2024-08-12 14:37:12,361] {dag.py:2972} INFO - Setting next_dagrun for first_dag to None, run_after=None
[2024-08-12 14:37:12,368] {processor.py:161} INFO - Processing /opt/airflow/dags/0-firstdag.py took 0.039 seconds
[2024-08-12 14:37:42,719] {processor.py:153} INFO - Started process (PID=1347) to work on /opt/airflow/dags/0-firstdag.py
[2024-08-12 14:37:42,719] {processor.py:641} INFO - Processing file /opt/airflow/dags/0-firstdag.py for tasks to queue
[2024-08-12 14:37:42,720] {logging_mixin.py:115} INFO - [2024-08-12 14:37:42,720] {dagbag.py:508} INFO - Filling up the DagBag from /opt/airflow/dags/0-firstdag.py
[2024-08-12 14:37:42,722] {processor.py:651} INFO - DAG(s) dict_keys(['first_dag']) retrieved from /opt/airflow/dags/0-firstdag.py
[2024-08-12 14:37:42,739] {logging_mixin.py:115} INFO - [2024-08-12 14:37:42,739] {dag.py:2420} INFO - Sync 1 DAGs
[2024-08-12 14:37:42,753] {logging_mixin.py:115} INFO - [2024-08-12 14:37:42,752] {dag.py:2972} INFO - Setting next_dagrun for first_dag to None, run_after=None
[2024-08-12 14:37:42,760] {processor.py:161} INFO - Processing /opt/airflow/dags/0-firstdag.py took 0.043 seconds
