[2024-08-12 14:18:27,624] {processor.py:153} INFO - Started process (PID=42) to work on /opt/airflow/dags/3-dependencies.py
[2024-08-12 14:18:27,625] {processor.py:641} INFO - Processing file /opt/airflow/dags/3-dependencies.py for tasks to queue
[2024-08-12 14:18:27,625] {logging_mixin.py:115} INFO - [2024-08-12 14:18:27,625] {dagbag.py:508} INFO - Filling up the DagBag from /opt/airflow/dags/3-dependencies.py
[2024-08-12 14:18:27,634] {processor.py:651} INFO - DAG(s) dict_keys(['dependencies']) retrieved from /opt/airflow/dags/3-dependencies.py
[2024-08-12 14:18:27,658] {logging_mixin.py:115} INFO - [2024-08-12 14:18:27,657] {dag.py:2420} INFO - Sync 1 DAGs
[2024-08-12 14:18:27,679] {logging_mixin.py:115} INFO - [2024-08-12 14:18:27,679] {dag.py:2972} INFO - Setting next_dagrun for dependencies to 2024-05-20T00:00:00+00:00, run_after=2024-05-20T00:00:00+00:00
[2024-08-12 14:18:27,694] {processor.py:161} INFO - Processing /opt/airflow/dags/3-dependencies.py took 0.073 seconds
[2024-08-12 14:18:58,022] {processor.py:153} INFO - Started process (PID=77) to work on /opt/airflow/dags/3-dependencies.py
[2024-08-12 14:18:58,022] {processor.py:641} INFO - Processing file /opt/airflow/dags/3-dependencies.py for tasks to queue
[2024-08-12 14:18:58,023] {logging_mixin.py:115} INFO - [2024-08-12 14:18:58,023] {dagbag.py:508} INFO - Filling up the DagBag from /opt/airflow/dags/3-dependencies.py
[2024-08-12 14:18:58,029] {processor.py:651} INFO - DAG(s) dict_keys(['dependencies']) retrieved from /opt/airflow/dags/3-dependencies.py
[2024-08-12 14:18:58,047] {logging_mixin.py:115} INFO - [2024-08-12 14:18:58,047] {dag.py:2420} INFO - Sync 1 DAGs
[2024-08-12 14:18:58,060] {logging_mixin.py:115} INFO - [2024-08-12 14:18:58,060] {dag.py:2972} INFO - Setting next_dagrun for dependencies to 2024-05-20T00:00:00+00:00, run_after=2024-05-20T00:00:00+00:00
[2024-08-12 14:18:58,069] {processor.py:161} INFO - Processing /opt/airflow/dags/3-dependencies.py took 0.050 seconds
[2024-08-12 14:19:28,375] {processor.py:153} INFO - Started process (PID=112) to work on /opt/airflow/dags/3-dependencies.py
[2024-08-12 14:19:28,375] {processor.py:641} INFO - Processing file /opt/airflow/dags/3-dependencies.py for tasks to queue
[2024-08-12 14:19:28,376] {logging_mixin.py:115} INFO - [2024-08-12 14:19:28,376] {dagbag.py:508} INFO - Filling up the DagBag from /opt/airflow/dags/3-dependencies.py
[2024-08-12 14:19:28,382] {processor.py:651} INFO - DAG(s) dict_keys(['dependencies']) retrieved from /opt/airflow/dags/3-dependencies.py
[2024-08-12 14:19:28,399] {logging_mixin.py:115} INFO - [2024-08-12 14:19:28,399] {dag.py:2420} INFO - Sync 1 DAGs
[2024-08-12 14:19:28,412] {logging_mixin.py:115} INFO - [2024-08-12 14:19:28,412] {dag.py:2972} INFO - Setting next_dagrun for dependencies to 2024-05-20T00:00:00+00:00, run_after=2024-05-20T00:00:00+00:00
[2024-08-12 14:19:28,420] {processor.py:161} INFO - Processing /opt/airflow/dags/3-dependencies.py took 0.047 seconds
[2024-08-12 14:19:58,756] {processor.py:153} INFO - Started process (PID=149) to work on /opt/airflow/dags/3-dependencies.py
[2024-08-12 14:19:58,759] {processor.py:641} INFO - Processing file /opt/airflow/dags/3-dependencies.py for tasks to queue
[2024-08-12 14:19:58,760] {logging_mixin.py:115} INFO - [2024-08-12 14:19:58,759] {dagbag.py:508} INFO - Filling up the DagBag from /opt/airflow/dags/3-dependencies.py
[2024-08-12 14:19:58,767] {processor.py:651} INFO - DAG(s) dict_keys(['dependencies']) retrieved from /opt/airflow/dags/3-dependencies.py
[2024-08-12 14:19:58,790] {logging_mixin.py:115} INFO - [2024-08-12 14:19:58,790] {dag.py:2420} INFO - Sync 1 DAGs
[2024-08-12 14:19:58,807] {logging_mixin.py:115} INFO - [2024-08-12 14:19:58,807] {dag.py:2972} INFO - Setting next_dagrun for dependencies to 2024-05-20T00:00:00+00:00, run_after=2024-05-20T00:00:00+00:00
[2024-08-12 14:19:58,819] {processor.py:161} INFO - Processing /opt/airflow/dags/3-dependencies.py took 0.067 seconds
[2024-08-12 14:20:29,193] {processor.py:153} INFO - Started process (PID=174) to work on /opt/airflow/dags/3-dependencies.py
[2024-08-12 14:20:29,193] {processor.py:641} INFO - Processing file /opt/airflow/dags/3-dependencies.py for tasks to queue
[2024-08-12 14:20:29,193] {logging_mixin.py:115} INFO - [2024-08-12 14:20:29,193] {dagbag.py:508} INFO - Filling up the DagBag from /opt/airflow/dags/3-dependencies.py
[2024-08-12 14:20:29,199] {processor.py:651} INFO - DAG(s) dict_keys(['dependencies']) retrieved from /opt/airflow/dags/3-dependencies.py
[2024-08-12 14:20:29,216] {logging_mixin.py:115} INFO - [2024-08-12 14:20:29,216] {dag.py:2420} INFO - Sync 1 DAGs
[2024-08-12 14:20:29,231] {logging_mixin.py:115} INFO - [2024-08-12 14:20:29,230] {dag.py:2972} INFO - Setting next_dagrun for dependencies to 2024-05-20T00:00:00+00:00, run_after=2024-05-20T00:00:00+00:00
[2024-08-12 14:20:29,239] {processor.py:161} INFO - Processing /opt/airflow/dags/3-dependencies.py took 0.049 seconds
[2024-08-12 14:20:59,610] {processor.py:153} INFO - Started process (PID=211) to work on /opt/airflow/dags/3-dependencies.py
[2024-08-12 14:20:59,611] {processor.py:641} INFO - Processing file /opt/airflow/dags/3-dependencies.py for tasks to queue
[2024-08-12 14:20:59,611] {logging_mixin.py:115} INFO - [2024-08-12 14:20:59,611] {dagbag.py:508} INFO - Filling up the DagBag from /opt/airflow/dags/3-dependencies.py
[2024-08-12 14:20:59,617] {processor.py:651} INFO - DAG(s) dict_keys(['dependencies']) retrieved from /opt/airflow/dags/3-dependencies.py
[2024-08-12 14:20:59,636] {logging_mixin.py:115} INFO - [2024-08-12 14:20:59,636] {dag.py:2420} INFO - Sync 1 DAGs
[2024-08-12 14:20:59,650] {logging_mixin.py:115} INFO - [2024-08-12 14:20:59,650] {dag.py:2972} INFO - Setting next_dagrun for dependencies to 2024-05-20T00:00:00+00:00, run_after=2024-05-20T00:00:00+00:00
[2024-08-12 14:20:59,657] {processor.py:161} INFO - Processing /opt/airflow/dags/3-dependencies.py took 0.049 seconds
[2024-08-12 14:21:30,011] {processor.py:153} INFO - Started process (PID=247) to work on /opt/airflow/dags/3-dependencies.py
[2024-08-12 14:21:30,011] {processor.py:641} INFO - Processing file /opt/airflow/dags/3-dependencies.py for tasks to queue
[2024-08-12 14:21:30,012] {logging_mixin.py:115} INFO - [2024-08-12 14:21:30,012] {dagbag.py:508} INFO - Filling up the DagBag from /opt/airflow/dags/3-dependencies.py
[2024-08-12 14:21:30,018] {processor.py:651} INFO - DAG(s) dict_keys(['dependencies']) retrieved from /opt/airflow/dags/3-dependencies.py
[2024-08-12 14:21:30,036] {logging_mixin.py:115} INFO - [2024-08-12 14:21:30,036] {dag.py:2420} INFO - Sync 1 DAGs
[2024-08-12 14:21:30,054] {logging_mixin.py:115} INFO - [2024-08-12 14:21:30,054] {dag.py:2972} INFO - Setting next_dagrun for dependencies to 2024-05-20T00:00:00+00:00, run_after=2024-05-20T00:00:00+00:00
[2024-08-12 14:21:30,064] {processor.py:161} INFO - Processing /opt/airflow/dags/3-dependencies.py took 0.056 seconds
[2024-08-12 14:22:00,384] {processor.py:153} INFO - Started process (PID=283) to work on /opt/airflow/dags/3-dependencies.py
[2024-08-12 14:22:00,384] {processor.py:641} INFO - Processing file /opt/airflow/dags/3-dependencies.py for tasks to queue
[2024-08-12 14:22:00,385] {logging_mixin.py:115} INFO - [2024-08-12 14:22:00,385] {dagbag.py:508} INFO - Filling up the DagBag from /opt/airflow/dags/3-dependencies.py
[2024-08-12 14:22:00,390] {processor.py:651} INFO - DAG(s) dict_keys(['dependencies']) retrieved from /opt/airflow/dags/3-dependencies.py
[2024-08-12 14:22:00,406] {logging_mixin.py:115} INFO - [2024-08-12 14:22:00,406] {dag.py:2420} INFO - Sync 1 DAGs
[2024-08-12 14:22:00,419] {logging_mixin.py:115} INFO - [2024-08-12 14:22:00,419] {dag.py:2972} INFO - Setting next_dagrun for dependencies to 2024-05-20T00:00:00+00:00, run_after=2024-05-20T00:00:00+00:00
[2024-08-12 14:22:00,426] {processor.py:161} INFO - Processing /opt/airflow/dags/3-dependencies.py took 0.044 seconds
[2024-08-12 14:22:30,781] {processor.py:153} INFO - Started process (PID=320) to work on /opt/airflow/dags/3-dependencies.py
[2024-08-12 14:22:30,782] {processor.py:641} INFO - Processing file /opt/airflow/dags/3-dependencies.py for tasks to queue
[2024-08-12 14:22:30,782] {logging_mixin.py:115} INFO - [2024-08-12 14:22:30,782] {dagbag.py:508} INFO - Filling up the DagBag from /opt/airflow/dags/3-dependencies.py
[2024-08-12 14:22:30,790] {processor.py:651} INFO - DAG(s) dict_keys(['dependencies']) retrieved from /opt/airflow/dags/3-dependencies.py
[2024-08-12 14:22:30,805] {logging_mixin.py:115} INFO - [2024-08-12 14:22:30,805] {dag.py:2420} INFO - Sync 1 DAGs
[2024-08-12 14:22:30,818] {logging_mixin.py:115} INFO - [2024-08-12 14:22:30,818] {dag.py:2972} INFO - Setting next_dagrun for dependencies to 2024-05-20T00:00:00+00:00, run_after=2024-05-20T00:00:00+00:00
[2024-08-12 14:22:30,826] {processor.py:161} INFO - Processing /opt/airflow/dags/3-dependencies.py took 0.047 seconds
[2024-08-12 14:23:01,181] {processor.py:153} INFO - Started process (PID=349) to work on /opt/airflow/dags/3-dependencies.py
[2024-08-12 14:23:01,182] {processor.py:641} INFO - Processing file /opt/airflow/dags/3-dependencies.py for tasks to queue
[2024-08-12 14:23:01,182] {logging_mixin.py:115} INFO - [2024-08-12 14:23:01,182] {dagbag.py:508} INFO - Filling up the DagBag from /opt/airflow/dags/3-dependencies.py
[2024-08-12 14:23:01,188] {processor.py:651} INFO - DAG(s) dict_keys(['dependencies']) retrieved from /opt/airflow/dags/3-dependencies.py
[2024-08-12 14:23:01,205] {logging_mixin.py:115} INFO - [2024-08-12 14:23:01,205] {dag.py:2420} INFO - Sync 1 DAGs
[2024-08-12 14:23:01,218] {logging_mixin.py:115} INFO - [2024-08-12 14:23:01,218] {dag.py:2972} INFO - Setting next_dagrun for dependencies to 2024-05-20T00:00:00+00:00, run_after=2024-05-20T00:00:00+00:00
[2024-08-12 14:23:01,227] {processor.py:161} INFO - Processing /opt/airflow/dags/3-dependencies.py took 0.049 seconds
[2024-08-12 14:23:31,539] {processor.py:153} INFO - Started process (PID=385) to work on /opt/airflow/dags/3-dependencies.py
[2024-08-12 14:23:31,539] {processor.py:641} INFO - Processing file /opt/airflow/dags/3-dependencies.py for tasks to queue
[2024-08-12 14:23:31,539] {logging_mixin.py:115} INFO - [2024-08-12 14:23:31,539] {dagbag.py:508} INFO - Filling up the DagBag from /opt/airflow/dags/3-dependencies.py
[2024-08-12 14:23:31,546] {processor.py:651} INFO - DAG(s) dict_keys(['dependencies']) retrieved from /opt/airflow/dags/3-dependencies.py
[2024-08-12 14:23:31,562] {logging_mixin.py:115} INFO - [2024-08-12 14:23:31,561] {dag.py:2420} INFO - Sync 1 DAGs
[2024-08-12 14:23:31,578] {logging_mixin.py:115} INFO - [2024-08-12 14:23:31,578] {dag.py:2972} INFO - Setting next_dagrun for dependencies to 2024-05-20T00:00:00+00:00, run_after=2024-05-20T00:00:00+00:00
[2024-08-12 14:23:31,586] {processor.py:161} INFO - Processing /opt/airflow/dags/3-dependencies.py took 0.050 seconds
[2024-08-12 14:24:01,912] {processor.py:153} INFO - Started process (PID=420) to work on /opt/airflow/dags/3-dependencies.py
[2024-08-12 14:24:01,914] {processor.py:641} INFO - Processing file /opt/airflow/dags/3-dependencies.py for tasks to queue
[2024-08-12 14:24:01,915] {logging_mixin.py:115} INFO - [2024-08-12 14:24:01,914] {dagbag.py:508} INFO - Filling up the DagBag from /opt/airflow/dags/3-dependencies.py
[2024-08-12 14:24:01,924] {processor.py:651} INFO - DAG(s) dict_keys(['dependencies']) retrieved from /opt/airflow/dags/3-dependencies.py
[2024-08-12 14:24:01,940] {logging_mixin.py:115} INFO - [2024-08-12 14:24:01,940] {dag.py:2420} INFO - Sync 1 DAGs
[2024-08-12 14:24:01,953] {logging_mixin.py:115} INFO - [2024-08-12 14:24:01,953] {dag.py:2972} INFO - Setting next_dagrun for dependencies to 2024-05-20T00:00:00+00:00, run_after=2024-05-20T00:00:00+00:00
[2024-08-12 14:24:01,961] {processor.py:161} INFO - Processing /opt/airflow/dags/3-dependencies.py took 0.052 seconds
[2024-08-12 14:24:32,297] {processor.py:153} INFO - Started process (PID=456) to work on /opt/airflow/dags/3-dependencies.py
[2024-08-12 14:24:32,298] {processor.py:641} INFO - Processing file /opt/airflow/dags/3-dependencies.py for tasks to queue
[2024-08-12 14:24:32,298] {logging_mixin.py:115} INFO - [2024-08-12 14:24:32,298] {dagbag.py:508} INFO - Filling up the DagBag from /opt/airflow/dags/3-dependencies.py
[2024-08-12 14:24:32,304] {processor.py:651} INFO - DAG(s) dict_keys(['dependencies']) retrieved from /opt/airflow/dags/3-dependencies.py
[2024-08-12 14:24:32,322] {logging_mixin.py:115} INFO - [2024-08-12 14:24:32,322] {dag.py:2420} INFO - Sync 1 DAGs
[2024-08-12 14:24:32,336] {logging_mixin.py:115} INFO - [2024-08-12 14:24:32,336] {dag.py:2972} INFO - Setting next_dagrun for dependencies to 2024-05-20T00:00:00+00:00, run_after=2024-05-20T00:00:00+00:00
[2024-08-12 14:24:32,345] {processor.py:161} INFO - Processing /opt/airflow/dags/3-dependencies.py took 0.050 seconds
[2024-08-12 14:25:02,664] {processor.py:153} INFO - Started process (PID=492) to work on /opt/airflow/dags/3-dependencies.py
[2024-08-12 14:25:02,665] {processor.py:641} INFO - Processing file /opt/airflow/dags/3-dependencies.py for tasks to queue
[2024-08-12 14:25:02,665] {logging_mixin.py:115} INFO - [2024-08-12 14:25:02,665] {dagbag.py:508} INFO - Filling up the DagBag from /opt/airflow/dags/3-dependencies.py
[2024-08-12 14:25:02,671] {processor.py:651} INFO - DAG(s) dict_keys(['dependencies']) retrieved from /opt/airflow/dags/3-dependencies.py
[2024-08-12 14:25:02,687] {logging_mixin.py:115} INFO - [2024-08-12 14:25:02,687] {dag.py:2420} INFO - Sync 1 DAGs
[2024-08-12 14:25:02,700] {logging_mixin.py:115} INFO - [2024-08-12 14:25:02,700] {dag.py:2972} INFO - Setting next_dagrun for dependencies to 2024-05-20T00:00:00+00:00, run_after=2024-05-20T00:00:00+00:00
[2024-08-12 14:25:02,708] {processor.py:161} INFO - Processing /opt/airflow/dags/3-dependencies.py took 0.046 seconds
[2024-08-12 14:25:33,030] {processor.py:153} INFO - Started process (PID=519) to work on /opt/airflow/dags/3-dependencies.py
[2024-08-12 14:25:33,031] {processor.py:641} INFO - Processing file /opt/airflow/dags/3-dependencies.py for tasks to queue
[2024-08-12 14:25:33,031] {logging_mixin.py:115} INFO - [2024-08-12 14:25:33,031] {dagbag.py:508} INFO - Filling up the DagBag from /opt/airflow/dags/3-dependencies.py
[2024-08-12 14:25:33,037] {processor.py:651} INFO - DAG(s) dict_keys(['dependencies']) retrieved from /opt/airflow/dags/3-dependencies.py
[2024-08-12 14:25:33,053] {logging_mixin.py:115} INFO - [2024-08-12 14:25:33,053] {dag.py:2420} INFO - Sync 1 DAGs
[2024-08-12 14:25:33,067] {logging_mixin.py:115} INFO - [2024-08-12 14:25:33,067] {dag.py:2972} INFO - Setting next_dagrun for dependencies to 2024-05-20T00:00:00+00:00, run_after=2024-05-20T00:00:00+00:00
[2024-08-12 14:25:33,074] {processor.py:161} INFO - Processing /opt/airflow/dags/3-dependencies.py took 0.046 seconds
[2024-08-12 14:26:03,392] {processor.py:153} INFO - Started process (PID=556) to work on /opt/airflow/dags/3-dependencies.py
[2024-08-12 14:26:03,392] {processor.py:641} INFO - Processing file /opt/airflow/dags/3-dependencies.py for tasks to queue
[2024-08-12 14:26:03,393] {logging_mixin.py:115} INFO - [2024-08-12 14:26:03,393] {dagbag.py:508} INFO - Filling up the DagBag from /opt/airflow/dags/3-dependencies.py
[2024-08-12 14:26:03,399] {processor.py:651} INFO - DAG(s) dict_keys(['dependencies']) retrieved from /opt/airflow/dags/3-dependencies.py
[2024-08-12 14:26:03,414] {logging_mixin.py:115} INFO - [2024-08-12 14:26:03,414] {dag.py:2420} INFO - Sync 1 DAGs
[2024-08-12 14:26:03,427] {logging_mixin.py:115} INFO - [2024-08-12 14:26:03,427] {dag.py:2972} INFO - Setting next_dagrun for dependencies to 2024-05-20T00:00:00+00:00, run_after=2024-05-20T00:00:00+00:00
[2024-08-12 14:26:03,436] {processor.py:161} INFO - Processing /opt/airflow/dags/3-dependencies.py took 0.047 seconds
[2024-08-12 14:26:33,793] {processor.py:153} INFO - Started process (PID=593) to work on /opt/airflow/dags/3-dependencies.py
[2024-08-12 14:26:33,793] {processor.py:641} INFO - Processing file /opt/airflow/dags/3-dependencies.py for tasks to queue
[2024-08-12 14:26:33,794] {logging_mixin.py:115} INFO - [2024-08-12 14:26:33,794] {dagbag.py:508} INFO - Filling up the DagBag from /opt/airflow/dags/3-dependencies.py
[2024-08-12 14:26:33,800] {processor.py:651} INFO - DAG(s) dict_keys(['dependencies']) retrieved from /opt/airflow/dags/3-dependencies.py
[2024-08-12 14:26:33,819] {logging_mixin.py:115} INFO - [2024-08-12 14:26:33,819] {dag.py:2420} INFO - Sync 1 DAGs
[2024-08-12 14:26:33,834] {logging_mixin.py:115} INFO - [2024-08-12 14:26:33,834] {dag.py:2972} INFO - Setting next_dagrun for dependencies to 2024-05-20T00:00:00+00:00, run_after=2024-05-20T00:00:00+00:00
[2024-08-12 14:26:33,841] {processor.py:161} INFO - Processing /opt/airflow/dags/3-dependencies.py took 0.051 seconds
[2024-08-12 14:27:04,150] {processor.py:153} INFO - Started process (PID=629) to work on /opt/airflow/dags/3-dependencies.py
[2024-08-12 14:27:04,150] {processor.py:641} INFO - Processing file /opt/airflow/dags/3-dependencies.py for tasks to queue
[2024-08-12 14:27:04,151] {logging_mixin.py:115} INFO - [2024-08-12 14:27:04,151] {dagbag.py:508} INFO - Filling up the DagBag from /opt/airflow/dags/3-dependencies.py
[2024-08-12 14:27:04,158] {processor.py:651} INFO - DAG(s) dict_keys(['dependencies']) retrieved from /opt/airflow/dags/3-dependencies.py
[2024-08-12 14:27:04,178] {logging_mixin.py:115} INFO - [2024-08-12 14:27:04,178] {dag.py:2420} INFO - Sync 1 DAGs
[2024-08-12 14:27:04,193] {logging_mixin.py:115} INFO - [2024-08-12 14:27:04,193] {dag.py:2972} INFO - Setting next_dagrun for dependencies to 2024-05-20T00:00:00+00:00, run_after=2024-05-20T00:00:00+00:00
[2024-08-12 14:27:04,202] {processor.py:161} INFO - Processing /opt/airflow/dags/3-dependencies.py took 0.054 seconds
[2024-08-12 14:27:34,611] {processor.py:153} INFO - Started process (PID=665) to work on /opt/airflow/dags/3-dependencies.py
[2024-08-12 14:27:34,612] {processor.py:641} INFO - Processing file /opt/airflow/dags/3-dependencies.py for tasks to queue
[2024-08-12 14:27:34,612] {logging_mixin.py:115} INFO - [2024-08-12 14:27:34,612] {dagbag.py:508} INFO - Filling up the DagBag from /opt/airflow/dags/3-dependencies.py
[2024-08-12 14:27:34,619] {processor.py:651} INFO - DAG(s) dict_keys(['dependencies']) retrieved from /opt/airflow/dags/3-dependencies.py
[2024-08-12 14:27:34,638] {logging_mixin.py:115} INFO - [2024-08-12 14:27:34,638] {dag.py:2420} INFO - Sync 1 DAGs
[2024-08-12 14:27:34,656] {logging_mixin.py:115} INFO - [2024-08-12 14:27:34,656] {dag.py:2972} INFO - Setting next_dagrun for dependencies to 2024-05-20T00:00:00+00:00, run_after=2024-05-20T00:00:00+00:00
[2024-08-12 14:27:34,669] {processor.py:161} INFO - Processing /opt/airflow/dags/3-dependencies.py took 0.060 seconds
[2024-08-12 14:28:05,048] {processor.py:153} INFO - Started process (PID=701) to work on /opt/airflow/dags/3-dependencies.py
[2024-08-12 14:28:05,048] {processor.py:641} INFO - Processing file /opt/airflow/dags/3-dependencies.py for tasks to queue
[2024-08-12 14:28:05,049] {logging_mixin.py:115} INFO - [2024-08-12 14:28:05,049] {dagbag.py:508} INFO - Filling up the DagBag from /opt/airflow/dags/3-dependencies.py
[2024-08-12 14:28:05,055] {processor.py:651} INFO - DAG(s) dict_keys(['dependencies']) retrieved from /opt/airflow/dags/3-dependencies.py
[2024-08-12 14:28:05,077] {logging_mixin.py:115} INFO - [2024-08-12 14:28:05,077] {dag.py:2420} INFO - Sync 1 DAGs
[2024-08-12 14:28:05,093] {logging_mixin.py:115} INFO - [2024-08-12 14:28:05,093] {dag.py:2972} INFO - Setting next_dagrun for dependencies to 2024-05-20T00:00:00+00:00, run_after=2024-05-20T00:00:00+00:00
[2024-08-12 14:28:05,104] {processor.py:161} INFO - Processing /opt/airflow/dags/3-dependencies.py took 0.059 seconds
[2024-08-12 14:28:35,439] {processor.py:153} INFO - Started process (PID=728) to work on /opt/airflow/dags/3-dependencies.py
[2024-08-12 14:28:35,440] {processor.py:641} INFO - Processing file /opt/airflow/dags/3-dependencies.py for tasks to queue
[2024-08-12 14:28:35,440] {logging_mixin.py:115} INFO - [2024-08-12 14:28:35,440] {dagbag.py:508} INFO - Filling up the DagBag from /opt/airflow/dags/3-dependencies.py
[2024-08-12 14:28:35,449] {processor.py:651} INFO - DAG(s) dict_keys(['dependencies']) retrieved from /opt/airflow/dags/3-dependencies.py
[2024-08-12 14:28:35,466] {logging_mixin.py:115} INFO - [2024-08-12 14:28:35,465] {dag.py:2420} INFO - Sync 1 DAGs
[2024-08-12 14:28:35,481] {logging_mixin.py:115} INFO - [2024-08-12 14:28:35,481] {dag.py:2972} INFO - Setting next_dagrun for dependencies to 2024-05-20T00:00:00+00:00, run_after=2024-05-20T00:00:00+00:00
[2024-08-12 14:28:35,489] {processor.py:161} INFO - Processing /opt/airflow/dags/3-dependencies.py took 0.052 seconds
[2024-08-12 14:29:05,848] {processor.py:153} INFO - Started process (PID=764) to work on /opt/airflow/dags/3-dependencies.py
[2024-08-12 14:29:05,850] {processor.py:641} INFO - Processing file /opt/airflow/dags/3-dependencies.py for tasks to queue
[2024-08-12 14:29:05,851] {logging_mixin.py:115} INFO - [2024-08-12 14:29:05,851] {dagbag.py:508} INFO - Filling up the DagBag from /opt/airflow/dags/3-dependencies.py
[2024-08-12 14:29:05,857] {processor.py:651} INFO - DAG(s) dict_keys(['dependencies']) retrieved from /opt/airflow/dags/3-dependencies.py
[2024-08-12 14:29:05,876] {logging_mixin.py:115} INFO - [2024-08-12 14:29:05,876] {dag.py:2420} INFO - Sync 1 DAGs
[2024-08-12 14:29:05,890] {logging_mixin.py:115} INFO - [2024-08-12 14:29:05,890] {dag.py:2972} INFO - Setting next_dagrun for dependencies to 2024-05-20T00:00:00+00:00, run_after=2024-05-20T00:00:00+00:00
[2024-08-12 14:29:05,900] {processor.py:161} INFO - Processing /opt/airflow/dags/3-dependencies.py took 0.055 seconds
[2024-08-12 14:29:36,229] {processor.py:153} INFO - Started process (PID=800) to work on /opt/airflow/dags/3-dependencies.py
[2024-08-12 14:29:36,229] {processor.py:641} INFO - Processing file /opt/airflow/dags/3-dependencies.py for tasks to queue
[2024-08-12 14:29:36,229] {logging_mixin.py:115} INFO - [2024-08-12 14:29:36,229] {dagbag.py:508} INFO - Filling up the DagBag from /opt/airflow/dags/3-dependencies.py
[2024-08-12 14:29:36,235] {processor.py:651} INFO - DAG(s) dict_keys(['dependencies']) retrieved from /opt/airflow/dags/3-dependencies.py
[2024-08-12 14:29:36,251] {logging_mixin.py:115} INFO - [2024-08-12 14:29:36,251] {dag.py:2420} INFO - Sync 1 DAGs
[2024-08-12 14:29:36,263] {logging_mixin.py:115} INFO - [2024-08-12 14:29:36,263] {dag.py:2972} INFO - Setting next_dagrun for dependencies to 2024-05-20T00:00:00+00:00, run_after=2024-05-20T00:00:00+00:00
[2024-08-12 14:29:36,271] {processor.py:161} INFO - Processing /opt/airflow/dags/3-dependencies.py took 0.045 seconds
[2024-08-12 14:30:06,604] {processor.py:153} INFO - Started process (PID=836) to work on /opt/airflow/dags/3-dependencies.py
[2024-08-12 14:30:06,604] {processor.py:641} INFO - Processing file /opt/airflow/dags/3-dependencies.py for tasks to queue
[2024-08-12 14:30:06,605] {logging_mixin.py:115} INFO - [2024-08-12 14:30:06,605] {dagbag.py:508} INFO - Filling up the DagBag from /opt/airflow/dags/3-dependencies.py
[2024-08-12 14:30:06,611] {processor.py:651} INFO - DAG(s) dict_keys(['dependencies']) retrieved from /opt/airflow/dags/3-dependencies.py
[2024-08-12 14:30:06,627] {logging_mixin.py:115} INFO - [2024-08-12 14:30:06,627] {dag.py:2420} INFO - Sync 1 DAGs
[2024-08-12 14:30:06,641] {logging_mixin.py:115} INFO - [2024-08-12 14:30:06,641] {dag.py:2972} INFO - Setting next_dagrun for dependencies to 2024-05-20T00:00:00+00:00, run_after=2024-05-20T00:00:00+00:00
[2024-08-12 14:30:06,649] {processor.py:161} INFO - Processing /opt/airflow/dags/3-dependencies.py took 0.048 seconds
[2024-08-12 14:30:36,985] {processor.py:153} INFO - Started process (PID=872) to work on /opt/airflow/dags/3-dependencies.py
[2024-08-12 14:30:36,986] {processor.py:641} INFO - Processing file /opt/airflow/dags/3-dependencies.py for tasks to queue
[2024-08-12 14:30:36,986] {logging_mixin.py:115} INFO - [2024-08-12 14:30:36,986] {dagbag.py:508} INFO - Filling up the DagBag from /opt/airflow/dags/3-dependencies.py
[2024-08-12 14:30:36,993] {processor.py:651} INFO - DAG(s) dict_keys(['dependencies']) retrieved from /opt/airflow/dags/3-dependencies.py
[2024-08-12 14:30:37,010] {logging_mixin.py:115} INFO - [2024-08-12 14:30:37,010] {dag.py:2420} INFO - Sync 1 DAGs
[2024-08-12 14:30:37,024] {logging_mixin.py:115} INFO - [2024-08-12 14:30:37,024] {dag.py:2972} INFO - Setting next_dagrun for dependencies to 2024-05-20T00:00:00+00:00, run_after=2024-05-20T00:00:00+00:00
[2024-08-12 14:30:37,034] {processor.py:161} INFO - Processing /opt/airflow/dags/3-dependencies.py took 0.051 seconds
[2024-08-12 14:31:07,364] {processor.py:153} INFO - Started process (PID=899) to work on /opt/airflow/dags/3-dependencies.py
[2024-08-12 14:31:07,364] {processor.py:641} INFO - Processing file /opt/airflow/dags/3-dependencies.py for tasks to queue
[2024-08-12 14:31:07,365] {logging_mixin.py:115} INFO - [2024-08-12 14:31:07,365] {dagbag.py:508} INFO - Filling up the DagBag from /opt/airflow/dags/3-dependencies.py
[2024-08-12 14:31:07,370] {processor.py:651} INFO - DAG(s) dict_keys(['dependencies']) retrieved from /opt/airflow/dags/3-dependencies.py
[2024-08-12 14:31:07,387] {logging_mixin.py:115} INFO - [2024-08-12 14:31:07,387] {dag.py:2420} INFO - Sync 1 DAGs
[2024-08-12 14:31:07,401] {logging_mixin.py:115} INFO - [2024-08-12 14:31:07,401] {dag.py:2972} INFO - Setting next_dagrun for dependencies to 2024-05-20T00:00:00+00:00, run_after=2024-05-20T00:00:00+00:00
[2024-08-12 14:31:07,408] {processor.py:161} INFO - Processing /opt/airflow/dags/3-dependencies.py took 0.046 seconds
[2024-08-12 14:31:37,754] {processor.py:153} INFO - Started process (PID=935) to work on /opt/airflow/dags/3-dependencies.py
[2024-08-12 14:31:37,755] {processor.py:641} INFO - Processing file /opt/airflow/dags/3-dependencies.py for tasks to queue
[2024-08-12 14:31:37,755] {logging_mixin.py:115} INFO - [2024-08-12 14:31:37,755] {dagbag.py:508} INFO - Filling up the DagBag from /opt/airflow/dags/3-dependencies.py
[2024-08-12 14:31:37,761] {processor.py:651} INFO - DAG(s) dict_keys(['dependencies']) retrieved from /opt/airflow/dags/3-dependencies.py
[2024-08-12 14:31:37,776] {logging_mixin.py:115} INFO - [2024-08-12 14:31:37,776] {dag.py:2420} INFO - Sync 1 DAGs
[2024-08-12 14:31:37,790] {logging_mixin.py:115} INFO - [2024-08-12 14:31:37,790] {dag.py:2972} INFO - Setting next_dagrun for dependencies to 2024-05-20T00:00:00+00:00, run_after=2024-05-20T00:00:00+00:00
[2024-08-12 14:31:37,798] {processor.py:161} INFO - Processing /opt/airflow/dags/3-dependencies.py took 0.046 seconds
[2024-08-12 14:32:08,168] {processor.py:153} INFO - Started process (PID=970) to work on /opt/airflow/dags/3-dependencies.py
[2024-08-12 14:32:08,168] {processor.py:641} INFO - Processing file /opt/airflow/dags/3-dependencies.py for tasks to queue
[2024-08-12 14:32:08,169] {logging_mixin.py:115} INFO - [2024-08-12 14:32:08,168] {dagbag.py:508} INFO - Filling up the DagBag from /opt/airflow/dags/3-dependencies.py
[2024-08-12 14:32:08,176] {processor.py:651} INFO - DAG(s) dict_keys(['dependencies']) retrieved from /opt/airflow/dags/3-dependencies.py
[2024-08-12 14:32:08,192] {logging_mixin.py:115} INFO - [2024-08-12 14:32:08,192] {dag.py:2420} INFO - Sync 1 DAGs
[2024-08-12 14:32:08,206] {logging_mixin.py:115} INFO - [2024-08-12 14:32:08,206] {dag.py:2972} INFO - Setting next_dagrun for dependencies to 2024-05-20T00:00:00+00:00, run_after=2024-05-20T00:00:00+00:00
[2024-08-12 14:32:08,213] {processor.py:161} INFO - Processing /opt/airflow/dags/3-dependencies.py took 0.048 seconds
[2024-08-12 14:32:38,603] {processor.py:153} INFO - Started process (PID=1005) to work on /opt/airflow/dags/3-dependencies.py
[2024-08-12 14:32:38,604] {processor.py:641} INFO - Processing file /opt/airflow/dags/3-dependencies.py for tasks to queue
[2024-08-12 14:32:38,604] {logging_mixin.py:115} INFO - [2024-08-12 14:32:38,604] {dagbag.py:508} INFO - Filling up the DagBag from /opt/airflow/dags/3-dependencies.py
[2024-08-12 14:32:38,610] {processor.py:651} INFO - DAG(s) dict_keys(['dependencies']) retrieved from /opt/airflow/dags/3-dependencies.py
[2024-08-12 14:32:38,628] {logging_mixin.py:115} INFO - [2024-08-12 14:32:38,628] {dag.py:2420} INFO - Sync 1 DAGs
[2024-08-12 14:32:38,643] {logging_mixin.py:115} INFO - [2024-08-12 14:32:38,643] {dag.py:2972} INFO - Setting next_dagrun for dependencies to 2024-05-20T00:00:00+00:00, run_after=2024-05-20T00:00:00+00:00
[2024-08-12 14:32:38,669] {processor.py:161} INFO - Processing /opt/airflow/dags/3-dependencies.py took 0.068 seconds
[2024-08-12 14:33:09,024] {processor.py:153} INFO - Started process (PID=1041) to work on /opt/airflow/dags/3-dependencies.py
[2024-08-12 14:33:09,024] {processor.py:641} INFO - Processing file /opt/airflow/dags/3-dependencies.py for tasks to queue
[2024-08-12 14:33:09,024] {logging_mixin.py:115} INFO - [2024-08-12 14:33:09,024] {dagbag.py:508} INFO - Filling up the DagBag from /opt/airflow/dags/3-dependencies.py
[2024-08-12 14:33:09,030] {processor.py:651} INFO - DAG(s) dict_keys(['dependencies']) retrieved from /opt/airflow/dags/3-dependencies.py
[2024-08-12 14:33:09,047] {logging_mixin.py:115} INFO - [2024-08-12 14:33:09,046] {dag.py:2420} INFO - Sync 1 DAGs
[2024-08-12 14:33:09,061] {logging_mixin.py:115} INFO - [2024-08-12 14:33:09,061] {dag.py:2972} INFO - Setting next_dagrun for dependencies to 2024-05-20T00:00:00+00:00, run_after=2024-05-20T00:00:00+00:00
[2024-08-12 14:33:09,070] {processor.py:161} INFO - Processing /opt/airflow/dags/3-dependencies.py took 0.048 seconds
[2024-08-12 14:33:39,426] {processor.py:153} INFO - Started process (PID=1068) to work on /opt/airflow/dags/3-dependencies.py
[2024-08-12 14:33:39,426] {processor.py:641} INFO - Processing file /opt/airflow/dags/3-dependencies.py for tasks to queue
[2024-08-12 14:33:39,427] {logging_mixin.py:115} INFO - [2024-08-12 14:33:39,427] {dagbag.py:508} INFO - Filling up the DagBag from /opt/airflow/dags/3-dependencies.py
[2024-08-12 14:33:39,436] {processor.py:651} INFO - DAG(s) dict_keys(['dependencies']) retrieved from /opt/airflow/dags/3-dependencies.py
[2024-08-12 14:33:39,456] {logging_mixin.py:115} INFO - [2024-08-12 14:33:39,456] {dag.py:2420} INFO - Sync 1 DAGs
[2024-08-12 14:33:39,473] {logging_mixin.py:115} INFO - [2024-08-12 14:33:39,473] {dag.py:2972} INFO - Setting next_dagrun for dependencies to 2024-05-20T00:00:00+00:00, run_after=2024-05-20T00:00:00+00:00
[2024-08-12 14:33:39,482] {processor.py:161} INFO - Processing /opt/airflow/dags/3-dependencies.py took 0.058 seconds
[2024-08-12 14:34:09,857] {processor.py:153} INFO - Started process (PID=1103) to work on /opt/airflow/dags/3-dependencies.py
[2024-08-12 14:34:09,857] {processor.py:641} INFO - Processing file /opt/airflow/dags/3-dependencies.py for tasks to queue
[2024-08-12 14:34:09,858] {logging_mixin.py:115} INFO - [2024-08-12 14:34:09,858] {dagbag.py:508} INFO - Filling up the DagBag from /opt/airflow/dags/3-dependencies.py
[2024-08-12 14:34:09,864] {processor.py:651} INFO - DAG(s) dict_keys(['dependencies']) retrieved from /opt/airflow/dags/3-dependencies.py
[2024-08-12 14:34:09,880] {logging_mixin.py:115} INFO - [2024-08-12 14:34:09,880] {dag.py:2420} INFO - Sync 1 DAGs
[2024-08-12 14:34:09,894] {logging_mixin.py:115} INFO - [2024-08-12 14:34:09,894] {dag.py:2972} INFO - Setting next_dagrun for dependencies to 2024-05-20T00:00:00+00:00, run_after=2024-05-20T00:00:00+00:00
[2024-08-12 14:34:09,916] {processor.py:161} INFO - Processing /opt/airflow/dags/3-dependencies.py took 0.061 seconds
[2024-08-12 14:34:40,258] {processor.py:153} INFO - Started process (PID=1138) to work on /opt/airflow/dags/3-dependencies.py
[2024-08-12 14:34:40,259] {processor.py:641} INFO - Processing file /opt/airflow/dags/3-dependencies.py for tasks to queue
[2024-08-12 14:34:40,259] {logging_mixin.py:115} INFO - [2024-08-12 14:34:40,259] {dagbag.py:508} INFO - Filling up the DagBag from /opt/airflow/dags/3-dependencies.py
[2024-08-12 14:34:40,266] {processor.py:651} INFO - DAG(s) dict_keys(['dependencies']) retrieved from /opt/airflow/dags/3-dependencies.py
[2024-08-12 14:34:40,284] {logging_mixin.py:115} INFO - [2024-08-12 14:34:40,283] {dag.py:2420} INFO - Sync 1 DAGs
[2024-08-12 14:34:40,297] {logging_mixin.py:115} INFO - [2024-08-12 14:34:40,297] {dag.py:2972} INFO - Setting next_dagrun for dependencies to 2024-05-20T00:00:00+00:00, run_after=2024-05-20T00:00:00+00:00
[2024-08-12 14:34:40,306] {processor.py:161} INFO - Processing /opt/airflow/dags/3-dependencies.py took 0.050 seconds
[2024-08-12 14:35:10,648] {processor.py:153} INFO - Started process (PID=1174) to work on /opt/airflow/dags/3-dependencies.py
[2024-08-12 14:35:10,649] {processor.py:641} INFO - Processing file /opt/airflow/dags/3-dependencies.py for tasks to queue
[2024-08-12 14:35:10,650] {logging_mixin.py:115} INFO - [2024-08-12 14:35:10,650] {dagbag.py:508} INFO - Filling up the DagBag from /opt/airflow/dags/3-dependencies.py
[2024-08-12 14:35:10,656] {processor.py:651} INFO - DAG(s) dict_keys(['dependencies']) retrieved from /opt/airflow/dags/3-dependencies.py
[2024-08-12 14:35:10,673] {logging_mixin.py:115} INFO - [2024-08-12 14:35:10,673] {dag.py:2420} INFO - Sync 1 DAGs
[2024-08-12 14:35:10,686] {logging_mixin.py:115} INFO - [2024-08-12 14:35:10,686] {dag.py:2972} INFO - Setting next_dagrun for dependencies to 2024-05-20T00:00:00+00:00, run_after=2024-05-20T00:00:00+00:00
[2024-08-12 14:35:10,694] {processor.py:161} INFO - Processing /opt/airflow/dags/3-dependencies.py took 0.047 seconds
[2024-08-12 14:35:41,029] {processor.py:153} INFO - Started process (PID=1210) to work on /opt/airflow/dags/3-dependencies.py
[2024-08-12 14:35:41,029] {processor.py:641} INFO - Processing file /opt/airflow/dags/3-dependencies.py for tasks to queue
[2024-08-12 14:35:41,030] {logging_mixin.py:115} INFO - [2024-08-12 14:35:41,030] {dagbag.py:508} INFO - Filling up the DagBag from /opt/airflow/dags/3-dependencies.py
[2024-08-12 14:35:41,035] {processor.py:651} INFO - DAG(s) dict_keys(['dependencies']) retrieved from /opt/airflow/dags/3-dependencies.py
[2024-08-12 14:35:41,052] {logging_mixin.py:115} INFO - [2024-08-12 14:35:41,051] {dag.py:2420} INFO - Sync 1 DAGs
[2024-08-12 14:35:41,066] {logging_mixin.py:115} INFO - [2024-08-12 14:35:41,066] {dag.py:2972} INFO - Setting next_dagrun for dependencies to 2024-05-20T00:00:00+00:00, run_after=2024-05-20T00:00:00+00:00
[2024-08-12 14:35:41,073] {processor.py:161} INFO - Processing /opt/airflow/dags/3-dependencies.py took 0.047 seconds
[2024-08-12 14:36:11,410] {processor.py:153} INFO - Started process (PID=1246) to work on /opt/airflow/dags/3-dependencies.py
[2024-08-12 14:36:11,411] {processor.py:641} INFO - Processing file /opt/airflow/dags/3-dependencies.py for tasks to queue
[2024-08-12 14:36:11,411] {logging_mixin.py:115} INFO - [2024-08-12 14:36:11,411] {dagbag.py:508} INFO - Filling up the DagBag from /opt/airflow/dags/3-dependencies.py
[2024-08-12 14:36:11,418] {processor.py:651} INFO - DAG(s) dict_keys(['dependencies']) retrieved from /opt/airflow/dags/3-dependencies.py
[2024-08-12 14:36:11,435] {logging_mixin.py:115} INFO - [2024-08-12 14:36:11,435] {dag.py:2420} INFO - Sync 1 DAGs
[2024-08-12 14:36:11,451] {logging_mixin.py:115} INFO - [2024-08-12 14:36:11,451] {dag.py:2972} INFO - Setting next_dagrun for dependencies to 2024-05-20T00:00:00+00:00, run_after=2024-05-20T00:00:00+00:00
[2024-08-12 14:36:11,459] {processor.py:161} INFO - Processing /opt/airflow/dags/3-dependencies.py took 0.051 seconds
[2024-08-12 14:36:41,806] {processor.py:153} INFO - Started process (PID=1273) to work on /opt/airflow/dags/3-dependencies.py
[2024-08-12 14:36:41,807] {processor.py:641} INFO - Processing file /opt/airflow/dags/3-dependencies.py for tasks to queue
[2024-08-12 14:36:41,807] {logging_mixin.py:115} INFO - [2024-08-12 14:36:41,807] {dagbag.py:508} INFO - Filling up the DagBag from /opt/airflow/dags/3-dependencies.py
[2024-08-12 14:36:41,813] {processor.py:651} INFO - DAG(s) dict_keys(['dependencies']) retrieved from /opt/airflow/dags/3-dependencies.py
[2024-08-12 14:36:41,830] {logging_mixin.py:115} INFO - [2024-08-12 14:36:41,830] {dag.py:2420} INFO - Sync 1 DAGs
[2024-08-12 14:36:41,848] {logging_mixin.py:115} INFO - [2024-08-12 14:36:41,848] {dag.py:2972} INFO - Setting next_dagrun for dependencies to 2024-05-20T00:00:00+00:00, run_after=2024-05-20T00:00:00+00:00
[2024-08-12 14:36:41,857] {processor.py:161} INFO - Processing /opt/airflow/dags/3-dependencies.py took 0.053 seconds
[2024-08-12 14:37:12,226] {processor.py:153} INFO - Started process (PID=1308) to work on /opt/airflow/dags/3-dependencies.py
[2024-08-12 14:37:12,226] {processor.py:641} INFO - Processing file /opt/airflow/dags/3-dependencies.py for tasks to queue
[2024-08-12 14:37:12,226] {logging_mixin.py:115} INFO - [2024-08-12 14:37:12,226] {dagbag.py:508} INFO - Filling up the DagBag from /opt/airflow/dags/3-dependencies.py
[2024-08-12 14:37:12,235] {processor.py:651} INFO - DAG(s) dict_keys(['dependencies']) retrieved from /opt/airflow/dags/3-dependencies.py
[2024-08-12 14:37:12,251] {logging_mixin.py:115} INFO - [2024-08-12 14:37:12,251] {dag.py:2420} INFO - Sync 1 DAGs
[2024-08-12 14:37:12,264] {logging_mixin.py:115} INFO - [2024-08-12 14:37:12,264] {dag.py:2972} INFO - Setting next_dagrun for dependencies to 2024-05-20T00:00:00+00:00, run_after=2024-05-20T00:00:00+00:00
[2024-08-12 14:37:12,273] {processor.py:161} INFO - Processing /opt/airflow/dags/3-dependencies.py took 0.049 seconds
[2024-08-12 14:37:42,606] {processor.py:153} INFO - Started process (PID=1344) to work on /opt/airflow/dags/3-dependencies.py
[2024-08-12 14:37:42,607] {processor.py:641} INFO - Processing file /opt/airflow/dags/3-dependencies.py for tasks to queue
[2024-08-12 14:37:42,607] {logging_mixin.py:115} INFO - [2024-08-12 14:37:42,607] {dagbag.py:508} INFO - Filling up the DagBag from /opt/airflow/dags/3-dependencies.py
[2024-08-12 14:37:42,614] {processor.py:651} INFO - DAG(s) dict_keys(['dependencies']) retrieved from /opt/airflow/dags/3-dependencies.py
[2024-08-12 14:37:42,630] {logging_mixin.py:115} INFO - [2024-08-12 14:37:42,630] {dag.py:2420} INFO - Sync 1 DAGs
[2024-08-12 14:37:42,643] {logging_mixin.py:115} INFO - [2024-08-12 14:37:42,643] {dag.py:2972} INFO - Setting next_dagrun for dependencies to 2024-05-20T00:00:00+00:00, run_after=2024-05-20T00:00:00+00:00
[2024-08-12 14:37:42,650] {processor.py:161} INFO - Processing /opt/airflow/dags/3-dependencies.py took 0.046 seconds
