[2024-08-12 14:18:27,531] {processor.py:153} INFO - Started process (PID=40) to work on /opt/airflow/dags/5.1-orchestration.py
[2024-08-12 14:18:27,531] {processor.py:641} INFO - Processing file /opt/airflow/dags/5.1-orchestration.py for tasks to queue
[2024-08-12 14:18:27,532] {logging_mixin.py:115} INFO - [2024-08-12 14:18:27,532] {dagbag.py:508} INFO - Filling up the DagBag from /opt/airflow/dags/5.1-orchestration.py
[2024-08-12 14:18:27,540] {processor.py:651} INFO - DAG(s) dict_keys(['5.1-orchestration']) retrieved from /opt/airflow/dags/5.1-orchestration.py
[2024-08-12 14:18:27,564] {logging_mixin.py:115} INFO - [2024-08-12 14:18:27,564] {dag.py:2420} INFO - Sync 1 DAGs
[2024-08-12 14:18:27,593] {logging_mixin.py:115} INFO - [2024-08-12 14:18:27,593] {dag.py:2972} INFO - Setting next_dagrun for 5.1-orchestration to 2024-05-20T00:00:00+00:00, run_after=2024-05-21T00:00:00+00:00
[2024-08-12 14:18:27,607] {processor.py:161} INFO - Processing /opt/airflow/dags/5.1-orchestration.py took 0.079 seconds
[2024-08-12 14:18:57,965] {processor.py:153} INFO - Started process (PID=75) to work on /opt/airflow/dags/5.1-orchestration.py
[2024-08-12 14:18:57,965] {processor.py:641} INFO - Processing file /opt/airflow/dags/5.1-orchestration.py for tasks to queue
[2024-08-12 14:18:57,966] {logging_mixin.py:115} INFO - [2024-08-12 14:18:57,966] {dagbag.py:508} INFO - Filling up the DagBag from /opt/airflow/dags/5.1-orchestration.py
[2024-08-12 14:18:57,971] {processor.py:651} INFO - DAG(s) dict_keys(['5.1-orchestration']) retrieved from /opt/airflow/dags/5.1-orchestration.py
[2024-08-12 14:18:57,988] {logging_mixin.py:115} INFO - [2024-08-12 14:18:57,988] {dag.py:2420} INFO - Sync 1 DAGs
[2024-08-12 14:18:58,002] {logging_mixin.py:115} INFO - [2024-08-12 14:18:58,002] {dag.py:2972} INFO - Setting next_dagrun for 5.1-orchestration to 2024-05-20T00:00:00+00:00, run_after=2024-05-21T00:00:00+00:00
[2024-08-12 14:18:58,011] {processor.py:161} INFO - Processing /opt/airflow/dags/5.1-orchestration.py took 0.048 seconds
[2024-08-12 14:19:28,321] {processor.py:153} INFO - Started process (PID=110) to work on /opt/airflow/dags/5.1-orchestration.py
[2024-08-12 14:19:28,322] {processor.py:641} INFO - Processing file /opt/airflow/dags/5.1-orchestration.py for tasks to queue
[2024-08-12 14:19:28,322] {logging_mixin.py:115} INFO - [2024-08-12 14:19:28,322] {dagbag.py:508} INFO - Filling up the DagBag from /opt/airflow/dags/5.1-orchestration.py
[2024-08-12 14:19:28,332] {processor.py:651} INFO - DAG(s) dict_keys(['5.1-orchestration']) retrieved from /opt/airflow/dags/5.1-orchestration.py
[2024-08-12 14:19:28,348] {logging_mixin.py:115} INFO - [2024-08-12 14:19:28,348] {dag.py:2420} INFO - Sync 1 DAGs
[2024-08-12 14:19:28,361] {logging_mixin.py:115} INFO - [2024-08-12 14:19:28,361] {dag.py:2972} INFO - Setting next_dagrun for 5.1-orchestration to 2024-05-20T00:00:00+00:00, run_after=2024-05-21T00:00:00+00:00
[2024-08-12 14:19:28,370] {processor.py:161} INFO - Processing /opt/airflow/dags/5.1-orchestration.py took 0.050 seconds
[2024-08-12 14:19:58,691] {processor.py:153} INFO - Started process (PID=147) to work on /opt/airflow/dags/5.1-orchestration.py
[2024-08-12 14:19:58,691] {processor.py:641} INFO - Processing file /opt/airflow/dags/5.1-orchestration.py for tasks to queue
[2024-08-12 14:19:58,692] {logging_mixin.py:115} INFO - [2024-08-12 14:19:58,692] {dagbag.py:508} INFO - Filling up the DagBag from /opt/airflow/dags/5.1-orchestration.py
[2024-08-12 14:19:58,698] {processor.py:651} INFO - DAG(s) dict_keys(['5.1-orchestration']) retrieved from /opt/airflow/dags/5.1-orchestration.py
[2024-08-12 14:19:58,714] {logging_mixin.py:115} INFO - [2024-08-12 14:19:58,714] {dag.py:2420} INFO - Sync 1 DAGs
[2024-08-12 14:19:58,730] {logging_mixin.py:115} INFO - [2024-08-12 14:19:58,730] {dag.py:2972} INFO - Setting next_dagrun for 5.1-orchestration to 2024-05-20T00:00:00+00:00, run_after=2024-05-21T00:00:00+00:00
[2024-08-12 14:19:58,739] {processor.py:161} INFO - Processing /opt/airflow/dags/5.1-orchestration.py took 0.051 seconds
[2024-08-12 14:20:29,131] {processor.py:153} INFO - Started process (PID=172) to work on /opt/airflow/dags/5.1-orchestration.py
[2024-08-12 14:20:29,132] {processor.py:641} INFO - Processing file /opt/airflow/dags/5.1-orchestration.py for tasks to queue
[2024-08-12 14:20:29,133] {logging_mixin.py:115} INFO - [2024-08-12 14:20:29,133] {dagbag.py:508} INFO - Filling up the DagBag from /opt/airflow/dags/5.1-orchestration.py
[2024-08-12 14:20:29,139] {processor.py:651} INFO - DAG(s) dict_keys(['5.1-orchestration']) retrieved from /opt/airflow/dags/5.1-orchestration.py
[2024-08-12 14:20:29,156] {logging_mixin.py:115} INFO - [2024-08-12 14:20:29,156] {dag.py:2420} INFO - Sync 1 DAGs
[2024-08-12 14:20:29,172] {logging_mixin.py:115} INFO - [2024-08-12 14:20:29,172] {dag.py:2972} INFO - Setting next_dagrun for 5.1-orchestration to 2024-05-20T00:00:00+00:00, run_after=2024-05-21T00:00:00+00:00
[2024-08-12 14:20:29,182] {processor.py:161} INFO - Processing /opt/airflow/dags/5.1-orchestration.py took 0.053 seconds
[2024-08-12 14:20:59,553] {processor.py:153} INFO - Started process (PID=209) to work on /opt/airflow/dags/5.1-orchestration.py
[2024-08-12 14:20:59,553] {processor.py:641} INFO - Processing file /opt/airflow/dags/5.1-orchestration.py for tasks to queue
[2024-08-12 14:20:59,554] {logging_mixin.py:115} INFO - [2024-08-12 14:20:59,553] {dagbag.py:508} INFO - Filling up the DagBag from /opt/airflow/dags/5.1-orchestration.py
[2024-08-12 14:20:59,560] {processor.py:651} INFO - DAG(s) dict_keys(['5.1-orchestration']) retrieved from /opt/airflow/dags/5.1-orchestration.py
[2024-08-12 14:20:59,577] {logging_mixin.py:115} INFO - [2024-08-12 14:20:59,577] {dag.py:2420} INFO - Sync 1 DAGs
[2024-08-12 14:20:59,591] {logging_mixin.py:115} INFO - [2024-08-12 14:20:59,591] {dag.py:2972} INFO - Setting next_dagrun for 5.1-orchestration to 2024-05-20T00:00:00+00:00, run_after=2024-05-21T00:00:00+00:00
[2024-08-12 14:20:59,599] {processor.py:161} INFO - Processing /opt/airflow/dags/5.1-orchestration.py took 0.048 seconds
[2024-08-12 14:21:29,944] {processor.py:153} INFO - Started process (PID=245) to work on /opt/airflow/dags/5.1-orchestration.py
[2024-08-12 14:21:29,944] {processor.py:641} INFO - Processing file /opt/airflow/dags/5.1-orchestration.py for tasks to queue
[2024-08-12 14:21:29,945] {logging_mixin.py:115} INFO - [2024-08-12 14:21:29,945] {dagbag.py:508} INFO - Filling up the DagBag from /opt/airflow/dags/5.1-orchestration.py
[2024-08-12 14:21:29,951] {processor.py:651} INFO - DAG(s) dict_keys(['5.1-orchestration']) retrieved from /opt/airflow/dags/5.1-orchestration.py
[2024-08-12 14:21:29,971] {logging_mixin.py:115} INFO - [2024-08-12 14:21:29,971] {dag.py:2420} INFO - Sync 1 DAGs
[2024-08-12 14:21:29,988] {logging_mixin.py:115} INFO - [2024-08-12 14:21:29,988] {dag.py:2972} INFO - Setting next_dagrun for 5.1-orchestration to 2024-05-20T00:00:00+00:00, run_after=2024-05-21T00:00:00+00:00
[2024-08-12 14:21:29,999] {processor.py:161} INFO - Processing /opt/airflow/dags/5.1-orchestration.py took 0.057 seconds
[2024-08-12 14:22:00,331] {processor.py:153} INFO - Started process (PID=281) to work on /opt/airflow/dags/5.1-orchestration.py
[2024-08-12 14:22:00,331] {processor.py:641} INFO - Processing file /opt/airflow/dags/5.1-orchestration.py for tasks to queue
[2024-08-12 14:22:00,332] {logging_mixin.py:115} INFO - [2024-08-12 14:22:00,331] {dagbag.py:508} INFO - Filling up the DagBag from /opt/airflow/dags/5.1-orchestration.py
[2024-08-12 14:22:00,338] {processor.py:651} INFO - DAG(s) dict_keys(['5.1-orchestration']) retrieved from /opt/airflow/dags/5.1-orchestration.py
[2024-08-12 14:22:00,353] {logging_mixin.py:115} INFO - [2024-08-12 14:22:00,353] {dag.py:2420} INFO - Sync 1 DAGs
[2024-08-12 14:22:00,368] {logging_mixin.py:115} INFO - [2024-08-12 14:22:00,368] {dag.py:2972} INFO - Setting next_dagrun for 5.1-orchestration to 2024-05-20T00:00:00+00:00, run_after=2024-05-21T00:00:00+00:00
[2024-08-12 14:22:00,375] {processor.py:161} INFO - Processing /opt/airflow/dags/5.1-orchestration.py took 0.047 seconds
[2024-08-12 14:22:30,721] {processor.py:153} INFO - Started process (PID=318) to work on /opt/airflow/dags/5.1-orchestration.py
[2024-08-12 14:22:30,722] {processor.py:641} INFO - Processing file /opt/airflow/dags/5.1-orchestration.py for tasks to queue
[2024-08-12 14:22:30,722] {logging_mixin.py:115} INFO - [2024-08-12 14:22:30,722] {dagbag.py:508} INFO - Filling up the DagBag from /opt/airflow/dags/5.1-orchestration.py
[2024-08-12 14:22:30,731] {processor.py:651} INFO - DAG(s) dict_keys(['5.1-orchestration']) retrieved from /opt/airflow/dags/5.1-orchestration.py
[2024-08-12 14:22:30,752] {logging_mixin.py:115} INFO - [2024-08-12 14:22:30,752] {dag.py:2420} INFO - Sync 1 DAGs
[2024-08-12 14:22:30,767] {logging_mixin.py:115} INFO - [2024-08-12 14:22:30,767] {dag.py:2972} INFO - Setting next_dagrun for 5.1-orchestration to 2024-05-20T00:00:00+00:00, run_after=2024-05-21T00:00:00+00:00
[2024-08-12 14:22:30,776] {processor.py:161} INFO - Processing /opt/airflow/dags/5.1-orchestration.py took 0.057 seconds
[2024-08-12 14:23:01,121] {processor.py:153} INFO - Started process (PID=347) to work on /opt/airflow/dags/5.1-orchestration.py
[2024-08-12 14:23:01,121] {processor.py:641} INFO - Processing file /opt/airflow/dags/5.1-orchestration.py for tasks to queue
[2024-08-12 14:23:01,122] {logging_mixin.py:115} INFO - [2024-08-12 14:23:01,121] {dagbag.py:508} INFO - Filling up the DagBag from /opt/airflow/dags/5.1-orchestration.py
[2024-08-12 14:23:01,128] {processor.py:651} INFO - DAG(s) dict_keys(['5.1-orchestration']) retrieved from /opt/airflow/dags/5.1-orchestration.py
[2024-08-12 14:23:01,145] {logging_mixin.py:115} INFO - [2024-08-12 14:23:01,144] {dag.py:2420} INFO - Sync 1 DAGs
[2024-08-12 14:23:01,159] {logging_mixin.py:115} INFO - [2024-08-12 14:23:01,159] {dag.py:2972} INFO - Setting next_dagrun for 5.1-orchestration to 2024-05-20T00:00:00+00:00, run_after=2024-05-21T00:00:00+00:00
[2024-08-12 14:23:01,168] {processor.py:161} INFO - Processing /opt/airflow/dags/5.1-orchestration.py took 0.050 seconds
[2024-08-12 14:23:31,480] {processor.py:153} INFO - Started process (PID=383) to work on /opt/airflow/dags/5.1-orchestration.py
[2024-08-12 14:23:31,480] {processor.py:641} INFO - Processing file /opt/airflow/dags/5.1-orchestration.py for tasks to queue
[2024-08-12 14:23:31,481] {logging_mixin.py:115} INFO - [2024-08-12 14:23:31,481] {dagbag.py:508} INFO - Filling up the DagBag from /opt/airflow/dags/5.1-orchestration.py
[2024-08-12 14:23:31,487] {processor.py:651} INFO - DAG(s) dict_keys(['5.1-orchestration']) retrieved from /opt/airflow/dags/5.1-orchestration.py
[2024-08-12 14:23:31,502] {logging_mixin.py:115} INFO - [2024-08-12 14:23:31,502] {dag.py:2420} INFO - Sync 1 DAGs
[2024-08-12 14:23:31,517] {logging_mixin.py:115} INFO - [2024-08-12 14:23:31,517] {dag.py:2972} INFO - Setting next_dagrun for 5.1-orchestration to 2024-05-20T00:00:00+00:00, run_after=2024-05-21T00:00:00+00:00
[2024-08-12 14:23:31,525] {processor.py:161} INFO - Processing /opt/airflow/dags/5.1-orchestration.py took 0.047 seconds
[2024-08-12 14:24:01,854] {processor.py:153} INFO - Started process (PID=418) to work on /opt/airflow/dags/5.1-orchestration.py
[2024-08-12 14:24:01,854] {processor.py:641} INFO - Processing file /opt/airflow/dags/5.1-orchestration.py for tasks to queue
[2024-08-12 14:24:01,855] {logging_mixin.py:115} INFO - [2024-08-12 14:24:01,855] {dagbag.py:508} INFO - Filling up the DagBag from /opt/airflow/dags/5.1-orchestration.py
[2024-08-12 14:24:01,862] {processor.py:651} INFO - DAG(s) dict_keys(['5.1-orchestration']) retrieved from /opt/airflow/dags/5.1-orchestration.py
[2024-08-12 14:24:01,880] {logging_mixin.py:115} INFO - [2024-08-12 14:24:01,880] {dag.py:2420} INFO - Sync 1 DAGs
[2024-08-12 14:24:01,899] {logging_mixin.py:115} INFO - [2024-08-12 14:24:01,898] {dag.py:2972} INFO - Setting next_dagrun for 5.1-orchestration to 2024-05-20T00:00:00+00:00, run_after=2024-05-21T00:00:00+00:00
[2024-08-12 14:24:01,907] {processor.py:161} INFO - Processing /opt/airflow/dags/5.1-orchestration.py took 0.055 seconds
[2024-08-12 14:24:32,234] {processor.py:153} INFO - Started process (PID=454) to work on /opt/airflow/dags/5.1-orchestration.py
[2024-08-12 14:24:32,234] {processor.py:641} INFO - Processing file /opt/airflow/dags/5.1-orchestration.py for tasks to queue
[2024-08-12 14:24:32,235] {logging_mixin.py:115} INFO - [2024-08-12 14:24:32,235] {dagbag.py:508} INFO - Filling up the DagBag from /opt/airflow/dags/5.1-orchestration.py
[2024-08-12 14:24:32,241] {processor.py:651} INFO - DAG(s) dict_keys(['5.1-orchestration']) retrieved from /opt/airflow/dags/5.1-orchestration.py
[2024-08-12 14:24:32,259] {logging_mixin.py:115} INFO - [2024-08-12 14:24:32,259] {dag.py:2420} INFO - Sync 1 DAGs
[2024-08-12 14:24:32,276] {logging_mixin.py:115} INFO - [2024-08-12 14:24:32,275] {dag.py:2972} INFO - Setting next_dagrun for 5.1-orchestration to 2024-05-20T00:00:00+00:00, run_after=2024-05-21T00:00:00+00:00
[2024-08-12 14:24:32,284] {processor.py:161} INFO - Processing /opt/airflow/dags/5.1-orchestration.py took 0.054 seconds
[2024-08-12 14:25:02,609] {processor.py:153} INFO - Started process (PID=490) to work on /opt/airflow/dags/5.1-orchestration.py
[2024-08-12 14:25:02,610] {processor.py:641} INFO - Processing file /opt/airflow/dags/5.1-orchestration.py for tasks to queue
[2024-08-12 14:25:02,610] {logging_mixin.py:115} INFO - [2024-08-12 14:25:02,610] {dagbag.py:508} INFO - Filling up the DagBag from /opt/airflow/dags/5.1-orchestration.py
[2024-08-12 14:25:02,619] {processor.py:651} INFO - DAG(s) dict_keys(['5.1-orchestration']) retrieved from /opt/airflow/dags/5.1-orchestration.py
[2024-08-12 14:25:02,635] {logging_mixin.py:115} INFO - [2024-08-12 14:25:02,635] {dag.py:2420} INFO - Sync 1 DAGs
[2024-08-12 14:25:02,650] {logging_mixin.py:115} INFO - [2024-08-12 14:25:02,650] {dag.py:2972} INFO - Setting next_dagrun for 5.1-orchestration to 2024-05-20T00:00:00+00:00, run_after=2024-05-21T00:00:00+00:00
[2024-08-12 14:25:02,658] {processor.py:161} INFO - Processing /opt/airflow/dags/5.1-orchestration.py took 0.051 seconds
[2024-08-12 14:25:32,967] {processor.py:153} INFO - Started process (PID=517) to work on /opt/airflow/dags/5.1-orchestration.py
[2024-08-12 14:25:32,968] {processor.py:641} INFO - Processing file /opt/airflow/dags/5.1-orchestration.py for tasks to queue
[2024-08-12 14:25:32,968] {logging_mixin.py:115} INFO - [2024-08-12 14:25:32,968] {dagbag.py:508} INFO - Filling up the DagBag from /opt/airflow/dags/5.1-orchestration.py
[2024-08-12 14:25:32,978] {processor.py:651} INFO - DAG(s) dict_keys(['5.1-orchestration']) retrieved from /opt/airflow/dags/5.1-orchestration.py
[2024-08-12 14:25:32,997] {logging_mixin.py:115} INFO - [2024-08-12 14:25:32,997] {dag.py:2420} INFO - Sync 1 DAGs
[2024-08-12 14:25:33,013] {logging_mixin.py:115} INFO - [2024-08-12 14:25:33,013] {dag.py:2972} INFO - Setting next_dagrun for 5.1-orchestration to 2024-05-20T00:00:00+00:00, run_after=2024-05-21T00:00:00+00:00
[2024-08-12 14:25:33,020] {processor.py:161} INFO - Processing /opt/airflow/dags/5.1-orchestration.py took 0.058 seconds
[2024-08-12 14:26:03,334] {processor.py:153} INFO - Started process (PID=554) to work on /opt/airflow/dags/5.1-orchestration.py
[2024-08-12 14:26:03,335] {processor.py:641} INFO - Processing file /opt/airflow/dags/5.1-orchestration.py for tasks to queue
[2024-08-12 14:26:03,335] {logging_mixin.py:115} INFO - [2024-08-12 14:26:03,335] {dagbag.py:508} INFO - Filling up the DagBag from /opt/airflow/dags/5.1-orchestration.py
[2024-08-12 14:26:03,341] {processor.py:651} INFO - DAG(s) dict_keys(['5.1-orchestration']) retrieved from /opt/airflow/dags/5.1-orchestration.py
[2024-08-12 14:26:03,358] {logging_mixin.py:115} INFO - [2024-08-12 14:26:03,358] {dag.py:2420} INFO - Sync 1 DAGs
[2024-08-12 14:26:03,373] {logging_mixin.py:115} INFO - [2024-08-12 14:26:03,373] {dag.py:2972} INFO - Setting next_dagrun for 5.1-orchestration to 2024-05-20T00:00:00+00:00, run_after=2024-05-21T00:00:00+00:00
[2024-08-12 14:26:03,381] {processor.py:161} INFO - Processing /opt/airflow/dags/5.1-orchestration.py took 0.050 seconds
[2024-08-12 14:26:33,731] {processor.py:153} INFO - Started process (PID=591) to work on /opt/airflow/dags/5.1-orchestration.py
[2024-08-12 14:26:33,732] {processor.py:641} INFO - Processing file /opt/airflow/dags/5.1-orchestration.py for tasks to queue
[2024-08-12 14:26:33,732] {logging_mixin.py:115} INFO - [2024-08-12 14:26:33,732] {dagbag.py:508} INFO - Filling up the DagBag from /opt/airflow/dags/5.1-orchestration.py
[2024-08-12 14:26:33,740] {processor.py:651} INFO - DAG(s) dict_keys(['5.1-orchestration']) retrieved from /opt/airflow/dags/5.1-orchestration.py
[2024-08-12 14:26:33,758] {logging_mixin.py:115} INFO - [2024-08-12 14:26:33,758] {dag.py:2420} INFO - Sync 1 DAGs
[2024-08-12 14:26:33,773] {logging_mixin.py:115} INFO - [2024-08-12 14:26:33,773] {dag.py:2972} INFO - Setting next_dagrun for 5.1-orchestration to 2024-05-20T00:00:00+00:00, run_after=2024-05-21T00:00:00+00:00
[2024-08-12 14:26:33,781] {processor.py:161} INFO - Processing /opt/airflow/dags/5.1-orchestration.py took 0.052 seconds
[2024-08-12 14:27:04,085] {processor.py:153} INFO - Started process (PID=627) to work on /opt/airflow/dags/5.1-orchestration.py
[2024-08-12 14:27:04,085] {processor.py:641} INFO - Processing file /opt/airflow/dags/5.1-orchestration.py for tasks to queue
[2024-08-12 14:27:04,086] {logging_mixin.py:115} INFO - [2024-08-12 14:27:04,086] {dagbag.py:508} INFO - Filling up the DagBag from /opt/airflow/dags/5.1-orchestration.py
[2024-08-12 14:27:04,092] {processor.py:651} INFO - DAG(s) dict_keys(['5.1-orchestration']) retrieved from /opt/airflow/dags/5.1-orchestration.py
[2024-08-12 14:27:04,111] {logging_mixin.py:115} INFO - [2024-08-12 14:27:04,111] {dag.py:2420} INFO - Sync 1 DAGs
[2024-08-12 14:27:04,129] {logging_mixin.py:115} INFO - [2024-08-12 14:27:04,129] {dag.py:2972} INFO - Setting next_dagrun for 5.1-orchestration to 2024-05-20T00:00:00+00:00, run_after=2024-05-21T00:00:00+00:00
[2024-08-12 14:27:04,140] {processor.py:161} INFO - Processing /opt/airflow/dags/5.1-orchestration.py took 0.058 seconds
[2024-08-12 14:27:34,534] {processor.py:153} INFO - Started process (PID=663) to work on /opt/airflow/dags/5.1-orchestration.py
[2024-08-12 14:27:34,534] {processor.py:641} INFO - Processing file /opt/airflow/dags/5.1-orchestration.py for tasks to queue
[2024-08-12 14:27:34,535] {logging_mixin.py:115} INFO - [2024-08-12 14:27:34,535] {dagbag.py:508} INFO - Filling up the DagBag from /opt/airflow/dags/5.1-orchestration.py
[2024-08-12 14:27:34,546] {processor.py:651} INFO - DAG(s) dict_keys(['5.1-orchestration']) retrieved from /opt/airflow/dags/5.1-orchestration.py
[2024-08-12 14:27:34,568] {logging_mixin.py:115} INFO - [2024-08-12 14:27:34,567] {dag.py:2420} INFO - Sync 1 DAGs
[2024-08-12 14:27:34,585] {logging_mixin.py:115} INFO - [2024-08-12 14:27:34,585] {dag.py:2972} INFO - Setting next_dagrun for 5.1-orchestration to 2024-05-20T00:00:00+00:00, run_after=2024-05-21T00:00:00+00:00
[2024-08-12 14:27:34,595] {processor.py:161} INFO - Processing /opt/airflow/dags/5.1-orchestration.py took 0.065 seconds
[2024-08-12 14:28:04,984] {processor.py:153} INFO - Started process (PID=699) to work on /opt/airflow/dags/5.1-orchestration.py
[2024-08-12 14:28:04,984] {processor.py:641} INFO - Processing file /opt/airflow/dags/5.1-orchestration.py for tasks to queue
[2024-08-12 14:28:04,985] {logging_mixin.py:115} INFO - [2024-08-12 14:28:04,985] {dagbag.py:508} INFO - Filling up the DagBag from /opt/airflow/dags/5.1-orchestration.py
[2024-08-12 14:28:04,991] {processor.py:651} INFO - DAG(s) dict_keys(['5.1-orchestration']) retrieved from /opt/airflow/dags/5.1-orchestration.py
[2024-08-12 14:28:05,010] {logging_mixin.py:115} INFO - [2024-08-12 14:28:05,009] {dag.py:2420} INFO - Sync 1 DAGs
[2024-08-12 14:28:05,027] {logging_mixin.py:115} INFO - [2024-08-12 14:28:05,027] {dag.py:2972} INFO - Setting next_dagrun for 5.1-orchestration to 2024-05-20T00:00:00+00:00, run_after=2024-05-21T00:00:00+00:00
[2024-08-12 14:28:05,036] {processor.py:161} INFO - Processing /opt/airflow/dags/5.1-orchestration.py took 0.055 seconds
[2024-08-12 14:28:35,381] {processor.py:153} INFO - Started process (PID=726) to work on /opt/airflow/dags/5.1-orchestration.py
[2024-08-12 14:28:35,381] {processor.py:641} INFO - Processing file /opt/airflow/dags/5.1-orchestration.py for tasks to queue
[2024-08-12 14:28:35,382] {logging_mixin.py:115} INFO - [2024-08-12 14:28:35,382] {dagbag.py:508} INFO - Filling up the DagBag from /opt/airflow/dags/5.1-orchestration.py
[2024-08-12 14:28:35,389] {processor.py:651} INFO - DAG(s) dict_keys(['5.1-orchestration']) retrieved from /opt/airflow/dags/5.1-orchestration.py
[2024-08-12 14:28:35,406] {logging_mixin.py:115} INFO - [2024-08-12 14:28:35,406] {dag.py:2420} INFO - Sync 1 DAGs
[2024-08-12 14:28:35,420] {logging_mixin.py:115} INFO - [2024-08-12 14:28:35,420] {dag.py:2972} INFO - Setting next_dagrun for 5.1-orchestration to 2024-05-20T00:00:00+00:00, run_after=2024-05-21T00:00:00+00:00
[2024-08-12 14:28:35,428] {processor.py:161} INFO - Processing /opt/airflow/dags/5.1-orchestration.py took 0.049 seconds
[2024-08-12 14:29:05,782] {processor.py:153} INFO - Started process (PID=762) to work on /opt/airflow/dags/5.1-orchestration.py
[2024-08-12 14:29:05,783] {processor.py:641} INFO - Processing file /opt/airflow/dags/5.1-orchestration.py for tasks to queue
[2024-08-12 14:29:05,783] {logging_mixin.py:115} INFO - [2024-08-12 14:29:05,783] {dagbag.py:508} INFO - Filling up the DagBag from /opt/airflow/dags/5.1-orchestration.py
[2024-08-12 14:29:05,791] {processor.py:651} INFO - DAG(s) dict_keys(['5.1-orchestration']) retrieved from /opt/airflow/dags/5.1-orchestration.py
[2024-08-12 14:29:05,808] {logging_mixin.py:115} INFO - [2024-08-12 14:29:05,808] {dag.py:2420} INFO - Sync 1 DAGs
[2024-08-12 14:29:05,823] {logging_mixin.py:115} INFO - [2024-08-12 14:29:05,823] {dag.py:2972} INFO - Setting next_dagrun for 5.1-orchestration to 2024-05-20T00:00:00+00:00, run_after=2024-05-21T00:00:00+00:00
[2024-08-12 14:29:05,832] {processor.py:161} INFO - Processing /opt/airflow/dags/5.1-orchestration.py took 0.053 seconds
[2024-08-12 14:29:36,172] {processor.py:153} INFO - Started process (PID=798) to work on /opt/airflow/dags/5.1-orchestration.py
[2024-08-12 14:29:36,172] {processor.py:641} INFO - Processing file /opt/airflow/dags/5.1-orchestration.py for tasks to queue
[2024-08-12 14:29:36,173] {logging_mixin.py:115} INFO - [2024-08-12 14:29:36,173] {dagbag.py:508} INFO - Filling up the DagBag from /opt/airflow/dags/5.1-orchestration.py
[2024-08-12 14:29:36,178] {processor.py:651} INFO - DAG(s) dict_keys(['5.1-orchestration']) retrieved from /opt/airflow/dags/5.1-orchestration.py
[2024-08-12 14:29:36,194] {logging_mixin.py:115} INFO - [2024-08-12 14:29:36,194] {dag.py:2420} INFO - Sync 1 DAGs
[2024-08-12 14:29:36,208] {logging_mixin.py:115} INFO - [2024-08-12 14:29:36,208] {dag.py:2972} INFO - Setting next_dagrun for 5.1-orchestration to 2024-05-20T00:00:00+00:00, run_after=2024-05-21T00:00:00+00:00
[2024-08-12 14:29:36,217] {processor.py:161} INFO - Processing /opt/airflow/dags/5.1-orchestration.py took 0.047 seconds
[2024-08-12 14:30:06,546] {processor.py:153} INFO - Started process (PID=834) to work on /opt/airflow/dags/5.1-orchestration.py
[2024-08-12 14:30:06,547] {processor.py:641} INFO - Processing file /opt/airflow/dags/5.1-orchestration.py for tasks to queue
[2024-08-12 14:30:06,547] {logging_mixin.py:115} INFO - [2024-08-12 14:30:06,547] {dagbag.py:508} INFO - Filling up the DagBag from /opt/airflow/dags/5.1-orchestration.py
[2024-08-12 14:30:06,553] {processor.py:651} INFO - DAG(s) dict_keys(['5.1-orchestration']) retrieved from /opt/airflow/dags/5.1-orchestration.py
[2024-08-12 14:30:06,569] {logging_mixin.py:115} INFO - [2024-08-12 14:30:06,569] {dag.py:2420} INFO - Sync 1 DAGs
[2024-08-12 14:30:06,583] {logging_mixin.py:115} INFO - [2024-08-12 14:30:06,583] {dag.py:2972} INFO - Setting next_dagrun for 5.1-orchestration to 2024-05-20T00:00:00+00:00, run_after=2024-05-21T00:00:00+00:00
[2024-08-12 14:30:06,591] {processor.py:161} INFO - Processing /opt/airflow/dags/5.1-orchestration.py took 0.047 seconds
[2024-08-12 14:30:36,918] {processor.py:153} INFO - Started process (PID=870) to work on /opt/airflow/dags/5.1-orchestration.py
[2024-08-12 14:30:36,918] {processor.py:641} INFO - Processing file /opt/airflow/dags/5.1-orchestration.py for tasks to queue
[2024-08-12 14:30:36,919] {logging_mixin.py:115} INFO - [2024-08-12 14:30:36,919] {dagbag.py:508} INFO - Filling up the DagBag from /opt/airflow/dags/5.1-orchestration.py
[2024-08-12 14:30:36,926] {processor.py:651} INFO - DAG(s) dict_keys(['5.1-orchestration']) retrieved from /opt/airflow/dags/5.1-orchestration.py
[2024-08-12 14:30:36,945] {logging_mixin.py:115} INFO - [2024-08-12 14:30:36,944] {dag.py:2420} INFO - Sync 1 DAGs
[2024-08-12 14:30:36,964] {logging_mixin.py:115} INFO - [2024-08-12 14:30:36,964] {dag.py:2972} INFO - Setting next_dagrun for 5.1-orchestration to 2024-05-20T00:00:00+00:00, run_after=2024-05-21T00:00:00+00:00
[2024-08-12 14:30:36,973] {processor.py:161} INFO - Processing /opt/airflow/dags/5.1-orchestration.py took 0.058 seconds
[2024-08-12 14:31:07,301] {processor.py:153} INFO - Started process (PID=897) to work on /opt/airflow/dags/5.1-orchestration.py
[2024-08-12 14:31:07,301] {processor.py:641} INFO - Processing file /opt/airflow/dags/5.1-orchestration.py for tasks to queue
[2024-08-12 14:31:07,302] {logging_mixin.py:115} INFO - [2024-08-12 14:31:07,302] {dagbag.py:508} INFO - Filling up the DagBag from /opt/airflow/dags/5.1-orchestration.py
[2024-08-12 14:31:07,309] {processor.py:651} INFO - DAG(s) dict_keys(['5.1-orchestration']) retrieved from /opt/airflow/dags/5.1-orchestration.py
[2024-08-12 14:31:07,326] {logging_mixin.py:115} INFO - [2024-08-12 14:31:07,326] {dag.py:2420} INFO - Sync 1 DAGs
[2024-08-12 14:31:07,344] {logging_mixin.py:115} INFO - [2024-08-12 14:31:07,344] {dag.py:2972} INFO - Setting next_dagrun for 5.1-orchestration to 2024-05-20T00:00:00+00:00, run_after=2024-05-21T00:00:00+00:00
[2024-08-12 14:31:07,354] {processor.py:161} INFO - Processing /opt/airflow/dags/5.1-orchestration.py took 0.055 seconds
[2024-08-12 14:31:37,696] {processor.py:153} INFO - Started process (PID=933) to work on /opt/airflow/dags/5.1-orchestration.py
[2024-08-12 14:31:37,696] {processor.py:641} INFO - Processing file /opt/airflow/dags/5.1-orchestration.py for tasks to queue
[2024-08-12 14:31:37,697] {logging_mixin.py:115} INFO - [2024-08-12 14:31:37,697] {dagbag.py:508} INFO - Filling up the DagBag from /opt/airflow/dags/5.1-orchestration.py
[2024-08-12 14:31:37,702] {processor.py:651} INFO - DAG(s) dict_keys(['5.1-orchestration']) retrieved from /opt/airflow/dags/5.1-orchestration.py
[2024-08-12 14:31:37,720] {logging_mixin.py:115} INFO - [2024-08-12 14:31:37,720] {dag.py:2420} INFO - Sync 1 DAGs
[2024-08-12 14:31:37,734] {logging_mixin.py:115} INFO - [2024-08-12 14:31:37,734] {dag.py:2972} INFO - Setting next_dagrun for 5.1-orchestration to 2024-05-20T00:00:00+00:00, run_after=2024-05-21T00:00:00+00:00
[2024-08-12 14:31:37,743] {processor.py:161} INFO - Processing /opt/airflow/dags/5.1-orchestration.py took 0.049 seconds
[2024-08-12 14:32:08,110] {processor.py:153} INFO - Started process (PID=968) to work on /opt/airflow/dags/5.1-orchestration.py
[2024-08-12 14:32:08,111] {processor.py:641} INFO - Processing file /opt/airflow/dags/5.1-orchestration.py for tasks to queue
[2024-08-12 14:32:08,111] {logging_mixin.py:115} INFO - [2024-08-12 14:32:08,111] {dagbag.py:508} INFO - Filling up the DagBag from /opt/airflow/dags/5.1-orchestration.py
[2024-08-12 14:32:08,117] {processor.py:651} INFO - DAG(s) dict_keys(['5.1-orchestration']) retrieved from /opt/airflow/dags/5.1-orchestration.py
[2024-08-12 14:32:08,133] {logging_mixin.py:115} INFO - [2024-08-12 14:32:08,133] {dag.py:2420} INFO - Sync 1 DAGs
[2024-08-12 14:32:08,148] {logging_mixin.py:115} INFO - [2024-08-12 14:32:08,148] {dag.py:2972} INFO - Setting next_dagrun for 5.1-orchestration to 2024-05-20T00:00:00+00:00, run_after=2024-05-21T00:00:00+00:00
[2024-08-12 14:32:08,155] {processor.py:161} INFO - Processing /opt/airflow/dags/5.1-orchestration.py took 0.047 seconds
[2024-08-12 14:32:38,525] {processor.py:153} INFO - Started process (PID=1003) to work on /opt/airflow/dags/5.1-orchestration.py
[2024-08-12 14:32:38,525] {processor.py:641} INFO - Processing file /opt/airflow/dags/5.1-orchestration.py for tasks to queue
[2024-08-12 14:32:38,526] {logging_mixin.py:115} INFO - [2024-08-12 14:32:38,526] {dagbag.py:508} INFO - Filling up the DagBag from /opt/airflow/dags/5.1-orchestration.py
[2024-08-12 14:32:38,533] {processor.py:651} INFO - DAG(s) dict_keys(['5.1-orchestration']) retrieved from /opt/airflow/dags/5.1-orchestration.py
[2024-08-12 14:32:38,551] {logging_mixin.py:115} INFO - [2024-08-12 14:32:38,551] {dag.py:2420} INFO - Sync 1 DAGs
[2024-08-12 14:32:38,566] {logging_mixin.py:115} INFO - [2024-08-12 14:32:38,566] {dag.py:2972} INFO - Setting next_dagrun for 5.1-orchestration to 2024-05-20T00:00:00+00:00, run_after=2024-05-21T00:00:00+00:00
[2024-08-12 14:32:38,590] {processor.py:161} INFO - Processing /opt/airflow/dags/5.1-orchestration.py took 0.067 seconds
[2024-08-12 14:33:08,961] {processor.py:153} INFO - Started process (PID=1039) to work on /opt/airflow/dags/5.1-orchestration.py
[2024-08-12 14:33:08,962] {processor.py:641} INFO - Processing file /opt/airflow/dags/5.1-orchestration.py for tasks to queue
[2024-08-12 14:33:08,962] {logging_mixin.py:115} INFO - [2024-08-12 14:33:08,962] {dagbag.py:508} INFO - Filling up the DagBag from /opt/airflow/dags/5.1-orchestration.py
[2024-08-12 14:33:08,970] {processor.py:651} INFO - DAG(s) dict_keys(['5.1-orchestration']) retrieved from /opt/airflow/dags/5.1-orchestration.py
[2024-08-12 14:33:08,986] {logging_mixin.py:115} INFO - [2024-08-12 14:33:08,986] {dag.py:2420} INFO - Sync 1 DAGs
[2024-08-12 14:33:09,003] {logging_mixin.py:115} INFO - [2024-08-12 14:33:09,002] {dag.py:2972} INFO - Setting next_dagrun for 5.1-orchestration to 2024-05-20T00:00:00+00:00, run_after=2024-05-21T00:00:00+00:00
[2024-08-12 14:33:09,011] {processor.py:161} INFO - Processing /opt/airflow/dags/5.1-orchestration.py took 0.052 seconds
[2024-08-12 14:33:39,365] {processor.py:153} INFO - Started process (PID=1066) to work on /opt/airflow/dags/5.1-orchestration.py
[2024-08-12 14:33:39,365] {processor.py:641} INFO - Processing file /opt/airflow/dags/5.1-orchestration.py for tasks to queue
[2024-08-12 14:33:39,366] {logging_mixin.py:115} INFO - [2024-08-12 14:33:39,366] {dagbag.py:508} INFO - Filling up the DagBag from /opt/airflow/dags/5.1-orchestration.py
[2024-08-12 14:33:39,372] {processor.py:651} INFO - DAG(s) dict_keys(['5.1-orchestration']) retrieved from /opt/airflow/dags/5.1-orchestration.py
[2024-08-12 14:33:39,389] {logging_mixin.py:115} INFO - [2024-08-12 14:33:39,389] {dag.py:2420} INFO - Sync 1 DAGs
[2024-08-12 14:33:39,404] {logging_mixin.py:115} INFO - [2024-08-12 14:33:39,404] {dag.py:2972} INFO - Setting next_dagrun for 5.1-orchestration to 2024-05-20T00:00:00+00:00, run_after=2024-05-21T00:00:00+00:00
[2024-08-12 14:33:39,412] {processor.py:161} INFO - Processing /opt/airflow/dags/5.1-orchestration.py took 0.050 seconds
[2024-08-12 14:34:09,783] {processor.py:153} INFO - Started process (PID=1101) to work on /opt/airflow/dags/5.1-orchestration.py
[2024-08-12 14:34:09,784] {processor.py:641} INFO - Processing file /opt/airflow/dags/5.1-orchestration.py for tasks to queue
[2024-08-12 14:34:09,784] {logging_mixin.py:115} INFO - [2024-08-12 14:34:09,784] {dagbag.py:508} INFO - Filling up the DagBag from /opt/airflow/dags/5.1-orchestration.py
[2024-08-12 14:34:09,790] {processor.py:651} INFO - DAG(s) dict_keys(['5.1-orchestration']) retrieved from /opt/airflow/dags/5.1-orchestration.py
[2024-08-12 14:34:09,807] {logging_mixin.py:115} INFO - [2024-08-12 14:34:09,807] {dag.py:2420} INFO - Sync 1 DAGs
[2024-08-12 14:34:09,821] {logging_mixin.py:115} INFO - [2024-08-12 14:34:09,821] {dag.py:2972} INFO - Setting next_dagrun for 5.1-orchestration to 2024-05-20T00:00:00+00:00, run_after=2024-05-21T00:00:00+00:00
[2024-08-12 14:34:09,846] {processor.py:161} INFO - Processing /opt/airflow/dags/5.1-orchestration.py took 0.066 seconds
[2024-08-12 14:34:40,198] {processor.py:153} INFO - Started process (PID=1136) to work on /opt/airflow/dags/5.1-orchestration.py
[2024-08-12 14:34:40,199] {processor.py:641} INFO - Processing file /opt/airflow/dags/5.1-orchestration.py for tasks to queue
[2024-08-12 14:34:40,199] {logging_mixin.py:115} INFO - [2024-08-12 14:34:40,199] {dagbag.py:508} INFO - Filling up the DagBag from /opt/airflow/dags/5.1-orchestration.py
[2024-08-12 14:34:40,206] {processor.py:651} INFO - DAG(s) dict_keys(['5.1-orchestration']) retrieved from /opt/airflow/dags/5.1-orchestration.py
[2024-08-12 14:34:40,222] {logging_mixin.py:115} INFO - [2024-08-12 14:34:40,222] {dag.py:2420} INFO - Sync 1 DAGs
[2024-08-12 14:34:40,238] {logging_mixin.py:115} INFO - [2024-08-12 14:34:40,238] {dag.py:2972} INFO - Setting next_dagrun for 5.1-orchestration to 2024-05-20T00:00:00+00:00, run_after=2024-05-21T00:00:00+00:00
[2024-08-12 14:34:40,246] {processor.py:161} INFO - Processing /opt/airflow/dags/5.1-orchestration.py took 0.051 seconds
[2024-08-12 14:35:10,590] {processor.py:153} INFO - Started process (PID=1172) to work on /opt/airflow/dags/5.1-orchestration.py
[2024-08-12 14:35:10,590] {processor.py:641} INFO - Processing file /opt/airflow/dags/5.1-orchestration.py for tasks to queue
[2024-08-12 14:35:10,591] {logging_mixin.py:115} INFO - [2024-08-12 14:35:10,591] {dagbag.py:508} INFO - Filling up the DagBag from /opt/airflow/dags/5.1-orchestration.py
[2024-08-12 14:35:10,599] {processor.py:651} INFO - DAG(s) dict_keys(['5.1-orchestration']) retrieved from /opt/airflow/dags/5.1-orchestration.py
[2024-08-12 14:35:10,616] {logging_mixin.py:115} INFO - [2024-08-12 14:35:10,616] {dag.py:2420} INFO - Sync 1 DAGs
[2024-08-12 14:35:10,630] {logging_mixin.py:115} INFO - [2024-08-12 14:35:10,629] {dag.py:2972} INFO - Setting next_dagrun for 5.1-orchestration to 2024-05-20T00:00:00+00:00, run_after=2024-05-21T00:00:00+00:00
[2024-08-12 14:35:10,639] {processor.py:161} INFO - Processing /opt/airflow/dags/5.1-orchestration.py took 0.051 seconds
[2024-08-12 14:35:40,974] {processor.py:153} INFO - Started process (PID=1208) to work on /opt/airflow/dags/5.1-orchestration.py
[2024-08-12 14:35:40,975] {processor.py:641} INFO - Processing file /opt/airflow/dags/5.1-orchestration.py for tasks to queue
[2024-08-12 14:35:40,975] {logging_mixin.py:115} INFO - [2024-08-12 14:35:40,975] {dagbag.py:508} INFO - Filling up the DagBag from /opt/airflow/dags/5.1-orchestration.py
[2024-08-12 14:35:40,982] {processor.py:651} INFO - DAG(s) dict_keys(['5.1-orchestration']) retrieved from /opt/airflow/dags/5.1-orchestration.py
[2024-08-12 14:35:40,997] {logging_mixin.py:115} INFO - [2024-08-12 14:35:40,997] {dag.py:2420} INFO - Sync 1 DAGs
[2024-08-12 14:35:41,011] {logging_mixin.py:115} INFO - [2024-08-12 14:35:41,011] {dag.py:2972} INFO - Setting next_dagrun for 5.1-orchestration to 2024-05-20T00:00:00+00:00, run_after=2024-05-21T00:00:00+00:00
[2024-08-12 14:35:41,018] {processor.py:161} INFO - Processing /opt/airflow/dags/5.1-orchestration.py took 0.046 seconds
[2024-08-12 14:36:11,353] {processor.py:153} INFO - Started process (PID=1244) to work on /opt/airflow/dags/5.1-orchestration.py
[2024-08-12 14:36:11,353] {processor.py:641} INFO - Processing file /opt/airflow/dags/5.1-orchestration.py for tasks to queue
[2024-08-12 14:36:11,354] {logging_mixin.py:115} INFO - [2024-08-12 14:36:11,354] {dagbag.py:508} INFO - Filling up the DagBag from /opt/airflow/dags/5.1-orchestration.py
[2024-08-12 14:36:11,359] {processor.py:651} INFO - DAG(s) dict_keys(['5.1-orchestration']) retrieved from /opt/airflow/dags/5.1-orchestration.py
[2024-08-12 14:36:11,375] {logging_mixin.py:115} INFO - [2024-08-12 14:36:11,375] {dag.py:2420} INFO - Sync 1 DAGs
[2024-08-12 14:36:11,389] {logging_mixin.py:115} INFO - [2024-08-12 14:36:11,389] {dag.py:2972} INFO - Setting next_dagrun for 5.1-orchestration to 2024-05-20T00:00:00+00:00, run_after=2024-05-21T00:00:00+00:00
[2024-08-12 14:36:11,397] {processor.py:161} INFO - Processing /opt/airflow/dags/5.1-orchestration.py took 0.047 seconds
[2024-08-12 14:36:41,749] {processor.py:153} INFO - Started process (PID=1271) to work on /opt/airflow/dags/5.1-orchestration.py
[2024-08-12 14:36:41,750] {processor.py:641} INFO - Processing file /opt/airflow/dags/5.1-orchestration.py for tasks to queue
[2024-08-12 14:36:41,750] {logging_mixin.py:115} INFO - [2024-08-12 14:36:41,750] {dagbag.py:508} INFO - Filling up the DagBag from /opt/airflow/dags/5.1-orchestration.py
[2024-08-12 14:36:41,757] {processor.py:651} INFO - DAG(s) dict_keys(['5.1-orchestration']) retrieved from /opt/airflow/dags/5.1-orchestration.py
[2024-08-12 14:36:41,773] {logging_mixin.py:115} INFO - [2024-08-12 14:36:41,773] {dag.py:2420} INFO - Sync 1 DAGs
[2024-08-12 14:36:41,788] {logging_mixin.py:115} INFO - [2024-08-12 14:36:41,788] {dag.py:2972} INFO - Setting next_dagrun for 5.1-orchestration to 2024-05-20T00:00:00+00:00, run_after=2024-05-21T00:00:00+00:00
[2024-08-12 14:36:41,797] {processor.py:161} INFO - Processing /opt/airflow/dags/5.1-orchestration.py took 0.050 seconds
[2024-08-12 14:37:12,164] {processor.py:153} INFO - Started process (PID=1306) to work on /opt/airflow/dags/5.1-orchestration.py
[2024-08-12 14:37:12,165] {processor.py:641} INFO - Processing file /opt/airflow/dags/5.1-orchestration.py for tasks to queue
[2024-08-12 14:37:12,166] {logging_mixin.py:115} INFO - [2024-08-12 14:37:12,165] {dagbag.py:508} INFO - Filling up the DagBag from /opt/airflow/dags/5.1-orchestration.py
[2024-08-12 14:37:12,174] {processor.py:651} INFO - DAG(s) dict_keys(['5.1-orchestration']) retrieved from /opt/airflow/dags/5.1-orchestration.py
[2024-08-12 14:37:12,194] {logging_mixin.py:115} INFO - [2024-08-12 14:37:12,194] {dag.py:2420} INFO - Sync 1 DAGs
[2024-08-12 14:37:12,208] {logging_mixin.py:115} INFO - [2024-08-12 14:37:12,208] {dag.py:2972} INFO - Setting next_dagrun for 5.1-orchestration to 2024-05-20T00:00:00+00:00, run_after=2024-05-21T00:00:00+00:00
[2024-08-12 14:37:12,215] {processor.py:161} INFO - Processing /opt/airflow/dags/5.1-orchestration.py took 0.055 seconds
[2024-08-12 14:37:42,544] {processor.py:153} INFO - Started process (PID=1342) to work on /opt/airflow/dags/5.1-orchestration.py
[2024-08-12 14:37:42,545] {processor.py:641} INFO - Processing file /opt/airflow/dags/5.1-orchestration.py for tasks to queue
[2024-08-12 14:37:42,545] {logging_mixin.py:115} INFO - [2024-08-12 14:37:42,545] {dagbag.py:508} INFO - Filling up the DagBag from /opt/airflow/dags/5.1-orchestration.py
[2024-08-12 14:37:42,552] {processor.py:651} INFO - DAG(s) dict_keys(['5.1-orchestration']) retrieved from /opt/airflow/dags/5.1-orchestration.py
[2024-08-12 14:37:42,570] {logging_mixin.py:115} INFO - [2024-08-12 14:37:42,569] {dag.py:2420} INFO - Sync 1 DAGs
[2024-08-12 14:37:42,586] {logging_mixin.py:115} INFO - [2024-08-12 14:37:42,586] {dag.py:2972} INFO - Setting next_dagrun for 5.1-orchestration to 2024-05-20T00:00:00+00:00, run_after=2024-05-21T00:00:00+00:00
[2024-08-12 14:37:42,595] {processor.py:161} INFO - Processing /opt/airflow/dags/5.1-orchestration.py took 0.053 seconds
