[2024-08-12 14:18:27,391] {processor.py:153} INFO - Started process (PID=39) to work on /opt/airflow/dags/5.2.orchestration.py
[2024-08-12 14:18:27,392] {processor.py:641} INFO - Processing file /opt/airflow/dags/5.2.orchestration.py for tasks to queue
[2024-08-12 14:18:27,393] {logging_mixin.py:115} INFO - [2024-08-12 14:18:27,392] {dagbag.py:508} INFO - Filling up the DagBag from /opt/airflow/dags/5.2.orchestration.py
[2024-08-12 14:18:27,411] {processor.py:651} INFO - DAG(s) dict_keys(['5.2-orchestration']) retrieved from /opt/airflow/dags/5.2.orchestration.py
[2024-08-12 14:18:27,471] {logging_mixin.py:115} INFO - [2024-08-12 14:18:27,471] {dag.py:2420} INFO - Sync 1 DAGs
[2024-08-12 14:18:27,498] {logging_mixin.py:115} INFO - [2024-08-12 14:18:27,498] {dag.py:2972} INFO - Setting next_dagrun for 5.2-orchestration to None, run_after=None
[2024-08-12 14:18:27,513] {processor.py:161} INFO - Processing /opt/airflow/dags/5.2.orchestration.py took 0.129 seconds
[2024-08-12 14:18:57,907] {processor.py:153} INFO - Started process (PID=74) to work on /opt/airflow/dags/5.2.orchestration.py
[2024-08-12 14:18:57,908] {processor.py:641} INFO - Processing file /opt/airflow/dags/5.2.orchestration.py for tasks to queue
[2024-08-12 14:18:57,908] {logging_mixin.py:115} INFO - [2024-08-12 14:18:57,908] {dagbag.py:508} INFO - Filling up the DagBag from /opt/airflow/dags/5.2.orchestration.py
[2024-08-12 14:18:57,912] {processor.py:651} INFO - DAG(s) dict_keys(['5.2-orchestration']) retrieved from /opt/airflow/dags/5.2.orchestration.py
[2024-08-12 14:18:57,929] {logging_mixin.py:115} INFO - [2024-08-12 14:18:57,929] {dag.py:2420} INFO - Sync 1 DAGs
[2024-08-12 14:18:57,945] {logging_mixin.py:115} INFO - [2024-08-12 14:18:57,945] {dag.py:2972} INFO - Setting next_dagrun for 5.2-orchestration to None, run_after=None
[2024-08-12 14:18:57,954] {processor.py:161} INFO - Processing /opt/airflow/dags/5.2.orchestration.py took 0.048 seconds
[2024-08-12 14:19:28,265] {processor.py:153} INFO - Started process (PID=109) to work on /opt/airflow/dags/5.2.orchestration.py
[2024-08-12 14:19:28,266] {processor.py:641} INFO - Processing file /opt/airflow/dags/5.2.orchestration.py for tasks to queue
[2024-08-12 14:19:28,266] {logging_mixin.py:115} INFO - [2024-08-12 14:19:28,266] {dagbag.py:508} INFO - Filling up the DagBag from /opt/airflow/dags/5.2.orchestration.py
[2024-08-12 14:19:28,270] {processor.py:651} INFO - DAG(s) dict_keys(['5.2-orchestration']) retrieved from /opt/airflow/dags/5.2.orchestration.py
[2024-08-12 14:19:28,288] {logging_mixin.py:115} INFO - [2024-08-12 14:19:28,288] {dag.py:2420} INFO - Sync 1 DAGs
[2024-08-12 14:19:28,303] {logging_mixin.py:115} INFO - [2024-08-12 14:19:28,303] {dag.py:2972} INFO - Setting next_dagrun for 5.2-orchestration to None, run_after=None
[2024-08-12 14:19:28,311] {processor.py:161} INFO - Processing /opt/airflow/dags/5.2.orchestration.py took 0.048 seconds
[2024-08-12 14:19:58,629] {processor.py:153} INFO - Started process (PID=146) to work on /opt/airflow/dags/5.2.orchestration.py
[2024-08-12 14:19:58,629] {processor.py:641} INFO - Processing file /opt/airflow/dags/5.2.orchestration.py for tasks to queue
[2024-08-12 14:19:58,629] {logging_mixin.py:115} INFO - [2024-08-12 14:19:58,629] {dagbag.py:508} INFO - Filling up the DagBag from /opt/airflow/dags/5.2.orchestration.py
[2024-08-12 14:19:58,633] {processor.py:651} INFO - DAG(s) dict_keys(['5.2-orchestration']) retrieved from /opt/airflow/dags/5.2.orchestration.py
[2024-08-12 14:19:58,654] {logging_mixin.py:115} INFO - [2024-08-12 14:19:58,654] {dag.py:2420} INFO - Sync 1 DAGs
[2024-08-12 14:19:58,671] {logging_mixin.py:115} INFO - [2024-08-12 14:19:58,671] {dag.py:2972} INFO - Setting next_dagrun for 5.2-orchestration to None, run_after=None
[2024-08-12 14:19:58,680] {processor.py:161} INFO - Processing /opt/airflow/dags/5.2.orchestration.py took 0.054 seconds
[2024-08-12 14:20:29,077] {processor.py:153} INFO - Started process (PID=171) to work on /opt/airflow/dags/5.2.orchestration.py
[2024-08-12 14:20:29,077] {processor.py:641} INFO - Processing file /opt/airflow/dags/5.2.orchestration.py for tasks to queue
[2024-08-12 14:20:29,078] {logging_mixin.py:115} INFO - [2024-08-12 14:20:29,078] {dagbag.py:508} INFO - Filling up the DagBag from /opt/airflow/dags/5.2.orchestration.py
[2024-08-12 14:20:29,082] {processor.py:651} INFO - DAG(s) dict_keys(['5.2-orchestration']) retrieved from /opt/airflow/dags/5.2.orchestration.py
[2024-08-12 14:20:29,099] {logging_mixin.py:115} INFO - [2024-08-12 14:20:29,099] {dag.py:2420} INFO - Sync 1 DAGs
[2024-08-12 14:20:29,113] {logging_mixin.py:115} INFO - [2024-08-12 14:20:29,113] {dag.py:2972} INFO - Setting next_dagrun for 5.2-orchestration to None, run_after=None
[2024-08-12 14:20:29,122] {processor.py:161} INFO - Processing /opt/airflow/dags/5.2.orchestration.py took 0.047 seconds
[2024-08-12 14:20:59,498] {processor.py:153} INFO - Started process (PID=208) to work on /opt/airflow/dags/5.2.orchestration.py
[2024-08-12 14:20:59,499] {processor.py:641} INFO - Processing file /opt/airflow/dags/5.2.orchestration.py for tasks to queue
[2024-08-12 14:20:59,499] {logging_mixin.py:115} INFO - [2024-08-12 14:20:59,499] {dagbag.py:508} INFO - Filling up the DagBag from /opt/airflow/dags/5.2.orchestration.py
[2024-08-12 14:20:59,506] {processor.py:651} INFO - DAG(s) dict_keys(['5.2-orchestration']) retrieved from /opt/airflow/dags/5.2.orchestration.py
[2024-08-12 14:20:59,521] {logging_mixin.py:115} INFO - [2024-08-12 14:20:59,521] {dag.py:2420} INFO - Sync 1 DAGs
[2024-08-12 14:20:59,535] {logging_mixin.py:115} INFO - [2024-08-12 14:20:59,535] {dag.py:2972} INFO - Setting next_dagrun for 5.2-orchestration to None, run_after=None
[2024-08-12 14:20:59,543] {processor.py:161} INFO - Processing /opt/airflow/dags/5.2.orchestration.py took 0.047 seconds
[2024-08-12 14:21:29,872] {processor.py:153} INFO - Started process (PID=244) to work on /opt/airflow/dags/5.2.orchestration.py
[2024-08-12 14:21:29,873] {processor.py:641} INFO - Processing file /opt/airflow/dags/5.2.orchestration.py for tasks to queue
[2024-08-12 14:21:29,873] {logging_mixin.py:115} INFO - [2024-08-12 14:21:29,873] {dagbag.py:508} INFO - Filling up the DagBag from /opt/airflow/dags/5.2.orchestration.py
[2024-08-12 14:21:29,880] {processor.py:651} INFO - DAG(s) dict_keys(['5.2-orchestration']) retrieved from /opt/airflow/dags/5.2.orchestration.py
[2024-08-12 14:21:29,900] {logging_mixin.py:115} INFO - [2024-08-12 14:21:29,900] {dag.py:2420} INFO - Sync 1 DAGs
[2024-08-12 14:21:29,918] {logging_mixin.py:115} INFO - [2024-08-12 14:21:29,918] {dag.py:2972} INFO - Setting next_dagrun for 5.2-orchestration to None, run_after=None
[2024-08-12 14:21:29,931] {processor.py:161} INFO - Processing /opt/airflow/dags/5.2.orchestration.py took 0.061 seconds
[2024-08-12 14:22:00,277] {processor.py:153} INFO - Started process (PID=280) to work on /opt/airflow/dags/5.2.orchestration.py
[2024-08-12 14:22:00,277] {processor.py:641} INFO - Processing file /opt/airflow/dags/5.2.orchestration.py for tasks to queue
[2024-08-12 14:22:00,278] {logging_mixin.py:115} INFO - [2024-08-12 14:22:00,278] {dagbag.py:508} INFO - Filling up the DagBag from /opt/airflow/dags/5.2.orchestration.py
[2024-08-12 14:22:00,282] {processor.py:651} INFO - DAG(s) dict_keys(['5.2-orchestration']) retrieved from /opt/airflow/dags/5.2.orchestration.py
[2024-08-12 14:22:00,299] {logging_mixin.py:115} INFO - [2024-08-12 14:22:00,299] {dag.py:2420} INFO - Sync 1 DAGs
[2024-08-12 14:22:00,314] {logging_mixin.py:115} INFO - [2024-08-12 14:22:00,314] {dag.py:2972} INFO - Setting next_dagrun for 5.2-orchestration to None, run_after=None
[2024-08-12 14:22:00,322] {processor.py:161} INFO - Processing /opt/airflow/dags/5.2.orchestration.py took 0.047 seconds
[2024-08-12 14:22:30,661] {processor.py:153} INFO - Started process (PID=317) to work on /opt/airflow/dags/5.2.orchestration.py
[2024-08-12 14:22:30,661] {processor.py:641} INFO - Processing file /opt/airflow/dags/5.2.orchestration.py for tasks to queue
[2024-08-12 14:22:30,662] {logging_mixin.py:115} INFO - [2024-08-12 14:22:30,662] {dagbag.py:508} INFO - Filling up the DagBag from /opt/airflow/dags/5.2.orchestration.py
[2024-08-12 14:22:30,667] {processor.py:651} INFO - DAG(s) dict_keys(['5.2-orchestration']) retrieved from /opt/airflow/dags/5.2.orchestration.py
[2024-08-12 14:22:30,684] {logging_mixin.py:115} INFO - [2024-08-12 14:22:30,684] {dag.py:2420} INFO - Sync 1 DAGs
[2024-08-12 14:22:30,700] {logging_mixin.py:115} INFO - [2024-08-12 14:22:30,700] {dag.py:2972} INFO - Setting next_dagrun for 5.2-orchestration to None, run_after=None
[2024-08-12 14:22:30,710] {processor.py:161} INFO - Processing /opt/airflow/dags/5.2.orchestration.py took 0.052 seconds
[2024-08-12 14:23:01,065] {processor.py:153} INFO - Started process (PID=346) to work on /opt/airflow/dags/5.2.orchestration.py
[2024-08-12 14:23:01,065] {processor.py:641} INFO - Processing file /opt/airflow/dags/5.2.orchestration.py for tasks to queue
[2024-08-12 14:23:01,066] {logging_mixin.py:115} INFO - [2024-08-12 14:23:01,066] {dagbag.py:508} INFO - Filling up the DagBag from /opt/airflow/dags/5.2.orchestration.py
[2024-08-12 14:23:01,070] {processor.py:651} INFO - DAG(s) dict_keys(['5.2-orchestration']) retrieved from /opt/airflow/dags/5.2.orchestration.py
[2024-08-12 14:23:01,086] {logging_mixin.py:115} INFO - [2024-08-12 14:23:01,086] {dag.py:2420} INFO - Sync 1 DAGs
[2024-08-12 14:23:01,101] {logging_mixin.py:115} INFO - [2024-08-12 14:23:01,100] {dag.py:2972} INFO - Setting next_dagrun for 5.2-orchestration to None, run_after=None
[2024-08-12 14:23:01,110] {processor.py:161} INFO - Processing /opt/airflow/dags/5.2.orchestration.py took 0.047 seconds
[2024-08-12 14:23:31,426] {processor.py:153} INFO - Started process (PID=382) to work on /opt/airflow/dags/5.2.orchestration.py
[2024-08-12 14:23:31,426] {processor.py:641} INFO - Processing file /opt/airflow/dags/5.2.orchestration.py for tasks to queue
[2024-08-12 14:23:31,427] {logging_mixin.py:115} INFO - [2024-08-12 14:23:31,427] {dagbag.py:508} INFO - Filling up the DagBag from /opt/airflow/dags/5.2.orchestration.py
[2024-08-12 14:23:31,431] {processor.py:651} INFO - DAG(s) dict_keys(['5.2-orchestration']) retrieved from /opt/airflow/dags/5.2.orchestration.py
[2024-08-12 14:23:31,447] {logging_mixin.py:115} INFO - [2024-08-12 14:23:31,447] {dag.py:2420} INFO - Sync 1 DAGs
[2024-08-12 14:23:31,462] {logging_mixin.py:115} INFO - [2024-08-12 14:23:31,462] {dag.py:2972} INFO - Setting next_dagrun for 5.2-orchestration to None, run_after=None
[2024-08-12 14:23:31,470] {processor.py:161} INFO - Processing /opt/airflow/dags/5.2.orchestration.py took 0.046 seconds
[2024-08-12 14:24:01,795] {processor.py:153} INFO - Started process (PID=417) to work on /opt/airflow/dags/5.2.orchestration.py
[2024-08-12 14:24:01,795] {processor.py:641} INFO - Processing file /opt/airflow/dags/5.2.orchestration.py for tasks to queue
[2024-08-12 14:24:01,796] {logging_mixin.py:115} INFO - [2024-08-12 14:24:01,796] {dagbag.py:508} INFO - Filling up the DagBag from /opt/airflow/dags/5.2.orchestration.py
[2024-08-12 14:24:01,802] {processor.py:651} INFO - DAG(s) dict_keys(['5.2-orchestration']) retrieved from /opt/airflow/dags/5.2.orchestration.py
[2024-08-12 14:24:01,819] {logging_mixin.py:115} INFO - [2024-08-12 14:24:01,819] {dag.py:2420} INFO - Sync 1 DAGs
[2024-08-12 14:24:01,834] {logging_mixin.py:115} INFO - [2024-08-12 14:24:01,834] {dag.py:2972} INFO - Setting next_dagrun for 5.2-orchestration to None, run_after=None
[2024-08-12 14:24:01,843] {processor.py:161} INFO - Processing /opt/airflow/dags/5.2.orchestration.py took 0.051 seconds
[2024-08-12 14:24:32,170] {processor.py:153} INFO - Started process (PID=453) to work on /opt/airflow/dags/5.2.orchestration.py
[2024-08-12 14:24:32,170] {processor.py:641} INFO - Processing file /opt/airflow/dags/5.2.orchestration.py for tasks to queue
[2024-08-12 14:24:32,171] {logging_mixin.py:115} INFO - [2024-08-12 14:24:32,171] {dagbag.py:508} INFO - Filling up the DagBag from /opt/airflow/dags/5.2.orchestration.py
[2024-08-12 14:24:32,176] {processor.py:651} INFO - DAG(s) dict_keys(['5.2-orchestration']) retrieved from /opt/airflow/dags/5.2.orchestration.py
[2024-08-12 14:24:32,196] {logging_mixin.py:115} INFO - [2024-08-12 14:24:32,196] {dag.py:2420} INFO - Sync 1 DAGs
[2024-08-12 14:24:32,211] {logging_mixin.py:115} INFO - [2024-08-12 14:24:32,211] {dag.py:2972} INFO - Setting next_dagrun for 5.2-orchestration to None, run_after=None
[2024-08-12 14:24:32,220] {processor.py:161} INFO - Processing /opt/airflow/dags/5.2.orchestration.py took 0.054 seconds
[2024-08-12 14:25:02,553] {processor.py:153} INFO - Started process (PID=489) to work on /opt/airflow/dags/5.2.orchestration.py
[2024-08-12 14:25:02,553] {processor.py:641} INFO - Processing file /opt/airflow/dags/5.2.orchestration.py for tasks to queue
[2024-08-12 14:25:02,554] {logging_mixin.py:115} INFO - [2024-08-12 14:25:02,554] {dagbag.py:508} INFO - Filling up the DagBag from /opt/airflow/dags/5.2.orchestration.py
[2024-08-12 14:25:02,557] {processor.py:651} INFO - DAG(s) dict_keys(['5.2-orchestration']) retrieved from /opt/airflow/dags/5.2.orchestration.py
[2024-08-12 14:25:02,575] {logging_mixin.py:115} INFO - [2024-08-12 14:25:02,575] {dag.py:2420} INFO - Sync 1 DAGs
[2024-08-12 14:25:02,589] {logging_mixin.py:115} INFO - [2024-08-12 14:25:02,589] {dag.py:2972} INFO - Setting next_dagrun for 5.2-orchestration to None, run_after=None
[2024-08-12 14:25:02,597] {processor.py:161} INFO - Processing /opt/airflow/dags/5.2.orchestration.py took 0.047 seconds
[2024-08-12 14:25:32,901] {processor.py:153} INFO - Started process (PID=516) to work on /opt/airflow/dags/5.2.orchestration.py
[2024-08-12 14:25:32,901] {processor.py:641} INFO - Processing file /opt/airflow/dags/5.2.orchestration.py for tasks to queue
[2024-08-12 14:25:32,902] {logging_mixin.py:115} INFO - [2024-08-12 14:25:32,902] {dagbag.py:508} INFO - Filling up the DagBag from /opt/airflow/dags/5.2.orchestration.py
[2024-08-12 14:25:32,906] {processor.py:651} INFO - DAG(s) dict_keys(['5.2-orchestration']) retrieved from /opt/airflow/dags/5.2.orchestration.py
[2024-08-12 14:25:32,921] {logging_mixin.py:115} INFO - [2024-08-12 14:25:32,921] {dag.py:2420} INFO - Sync 1 DAGs
[2024-08-12 14:25:32,935] {logging_mixin.py:115} INFO - [2024-08-12 14:25:32,935] {dag.py:2972} INFO - Setting next_dagrun for 5.2-orchestration to None, run_after=None
[2024-08-12 14:25:32,944] {processor.py:161} INFO - Processing /opt/airflow/dags/5.2.orchestration.py took 0.045 seconds
[2024-08-12 14:26:03,331] {processor.py:153} INFO - Started process (PID=553) to work on /opt/airflow/dags/5.2.orchestration.py
[2024-08-12 14:26:03,331] {processor.py:641} INFO - Processing file /opt/airflow/dags/5.2.orchestration.py for tasks to queue
[2024-08-12 14:26:03,331] {logging_mixin.py:115} INFO - [2024-08-12 14:26:03,331] {dagbag.py:508} INFO - Filling up the DagBag from /opt/airflow/dags/5.2.orchestration.py
[2024-08-12 14:26:03,336] {processor.py:651} INFO - DAG(s) dict_keys(['5.2-orchestration']) retrieved from /opt/airflow/dags/5.2.orchestration.py
[2024-08-12 14:26:03,354] {logging_mixin.py:115} INFO - [2024-08-12 14:26:03,354] {dag.py:2420} INFO - Sync 1 DAGs
[2024-08-12 14:26:03,368] {logging_mixin.py:115} INFO - [2024-08-12 14:26:03,368] {dag.py:2972} INFO - Setting next_dagrun for 5.2-orchestration to None, run_after=None
[2024-08-12 14:26:03,376] {processor.py:161} INFO - Processing /opt/airflow/dags/5.2.orchestration.py took 0.047 seconds
[2024-08-12 14:26:33,675] {processor.py:153} INFO - Started process (PID=590) to work on /opt/airflow/dags/5.2.orchestration.py
[2024-08-12 14:26:33,676] {processor.py:641} INFO - Processing file /opt/airflow/dags/5.2.orchestration.py for tasks to queue
[2024-08-12 14:26:33,676] {logging_mixin.py:115} INFO - [2024-08-12 14:26:33,676] {dagbag.py:508} INFO - Filling up the DagBag from /opt/airflow/dags/5.2.orchestration.py
[2024-08-12 14:26:33,680] {processor.py:651} INFO - DAG(s) dict_keys(['5.2-orchestration']) retrieved from /opt/airflow/dags/5.2.orchestration.py
[2024-08-12 14:26:33,696] {logging_mixin.py:115} INFO - [2024-08-12 14:26:33,696] {dag.py:2420} INFO - Sync 1 DAGs
[2024-08-12 14:26:33,712] {logging_mixin.py:115} INFO - [2024-08-12 14:26:33,712] {dag.py:2972} INFO - Setting next_dagrun for 5.2-orchestration to None, run_after=None
[2024-08-12 14:26:33,720] {processor.py:161} INFO - Processing /opt/airflow/dags/5.2.orchestration.py took 0.047 seconds
[2024-08-12 14:27:04,025] {processor.py:153} INFO - Started process (PID=626) to work on /opt/airflow/dags/5.2.orchestration.py
[2024-08-12 14:27:04,025] {processor.py:641} INFO - Processing file /opt/airflow/dags/5.2.orchestration.py for tasks to queue
[2024-08-12 14:27:04,026] {logging_mixin.py:115} INFO - [2024-08-12 14:27:04,026] {dagbag.py:508} INFO - Filling up the DagBag from /opt/airflow/dags/5.2.orchestration.py
[2024-08-12 14:27:04,031] {processor.py:651} INFO - DAG(s) dict_keys(['5.2-orchestration']) retrieved from /opt/airflow/dags/5.2.orchestration.py
[2024-08-12 14:27:04,051] {logging_mixin.py:115} INFO - [2024-08-12 14:27:04,051] {dag.py:2420} INFO - Sync 1 DAGs
[2024-08-12 14:27:04,071] {logging_mixin.py:115} INFO - [2024-08-12 14:27:04,071] {dag.py:2972} INFO - Setting next_dagrun for 5.2-orchestration to None, run_after=None
[2024-08-12 14:27:04,079] {processor.py:161} INFO - Processing /opt/airflow/dags/5.2.orchestration.py took 0.057 seconds
[2024-08-12 14:27:34,461] {processor.py:153} INFO - Started process (PID=662) to work on /opt/airflow/dags/5.2.orchestration.py
[2024-08-12 14:27:34,461] {processor.py:641} INFO - Processing file /opt/airflow/dags/5.2.orchestration.py for tasks to queue
[2024-08-12 14:27:34,462] {logging_mixin.py:115} INFO - [2024-08-12 14:27:34,462] {dagbag.py:508} INFO - Filling up the DagBag from /opt/airflow/dags/5.2.orchestration.py
[2024-08-12 14:27:34,467] {processor.py:651} INFO - DAG(s) dict_keys(['5.2-orchestration']) retrieved from /opt/airflow/dags/5.2.orchestration.py
[2024-08-12 14:27:34,489] {logging_mixin.py:115} INFO - [2024-08-12 14:27:34,489] {dag.py:2420} INFO - Sync 1 DAGs
[2024-08-12 14:27:34,507] {logging_mixin.py:115} INFO - [2024-08-12 14:27:34,507] {dag.py:2972} INFO - Setting next_dagrun for 5.2-orchestration to None, run_after=None
[2024-08-12 14:27:34,520] {processor.py:161} INFO - Processing /opt/airflow/dags/5.2.orchestration.py took 0.063 seconds
[2024-08-12 14:28:04,922] {processor.py:153} INFO - Started process (PID=698) to work on /opt/airflow/dags/5.2.orchestration.py
[2024-08-12 14:28:04,923] {processor.py:641} INFO - Processing file /opt/airflow/dags/5.2.orchestration.py for tasks to queue
[2024-08-12 14:28:04,923] {logging_mixin.py:115} INFO - [2024-08-12 14:28:04,923] {dagbag.py:508} INFO - Filling up the DagBag from /opt/airflow/dags/5.2.orchestration.py
[2024-08-12 14:28:04,929] {processor.py:651} INFO - DAG(s) dict_keys(['5.2-orchestration']) retrieved from /opt/airflow/dags/5.2.orchestration.py
[2024-08-12 14:28:04,948] {logging_mixin.py:115} INFO - [2024-08-12 14:28:04,948] {dag.py:2420} INFO - Sync 1 DAGs
[2024-08-12 14:28:04,966] {logging_mixin.py:115} INFO - [2024-08-12 14:28:04,966] {dag.py:2972} INFO - Setting next_dagrun for 5.2-orchestration to None, run_after=None
[2024-08-12 14:28:04,977] {processor.py:161} INFO - Processing /opt/airflow/dags/5.2.orchestration.py took 0.057 seconds
[2024-08-12 14:28:35,325] {processor.py:153} INFO - Started process (PID=725) to work on /opt/airflow/dags/5.2.orchestration.py
[2024-08-12 14:28:35,325] {processor.py:641} INFO - Processing file /opt/airflow/dags/5.2.orchestration.py for tasks to queue
[2024-08-12 14:28:35,325] {logging_mixin.py:115} INFO - [2024-08-12 14:28:35,325] {dagbag.py:508} INFO - Filling up the DagBag from /opt/airflow/dags/5.2.orchestration.py
[2024-08-12 14:28:35,330] {processor.py:651} INFO - DAG(s) dict_keys(['5.2-orchestration']) retrieved from /opt/airflow/dags/5.2.orchestration.py
[2024-08-12 14:28:35,347] {logging_mixin.py:115} INFO - [2024-08-12 14:28:35,347] {dag.py:2420} INFO - Sync 1 DAGs
[2024-08-12 14:28:35,361] {logging_mixin.py:115} INFO - [2024-08-12 14:28:35,361] {dag.py:2972} INFO - Setting next_dagrun for 5.2-orchestration to None, run_after=None
[2024-08-12 14:28:35,370] {processor.py:161} INFO - Processing /opt/airflow/dags/5.2.orchestration.py took 0.047 seconds
[2024-08-12 14:29:05,723] {processor.py:153} INFO - Started process (PID=761) to work on /opt/airflow/dags/5.2.orchestration.py
[2024-08-12 14:29:05,723] {processor.py:641} INFO - Processing file /opt/airflow/dags/5.2.orchestration.py for tasks to queue
[2024-08-12 14:29:05,724] {logging_mixin.py:115} INFO - [2024-08-12 14:29:05,724] {dagbag.py:508} INFO - Filling up the DagBag from /opt/airflow/dags/5.2.orchestration.py
[2024-08-12 14:29:05,728] {processor.py:651} INFO - DAG(s) dict_keys(['5.2-orchestration']) retrieved from /opt/airflow/dags/5.2.orchestration.py
[2024-08-12 14:29:05,745] {logging_mixin.py:115} INFO - [2024-08-12 14:29:05,745] {dag.py:2420} INFO - Sync 1 DAGs
[2024-08-12 14:29:05,760] {logging_mixin.py:115} INFO - [2024-08-12 14:29:05,760] {dag.py:2972} INFO - Setting next_dagrun for 5.2-orchestration to None, run_after=None
[2024-08-12 14:29:05,769] {processor.py:161} INFO - Processing /opt/airflow/dags/5.2.orchestration.py took 0.049 seconds
[2024-08-12 14:29:36,115] {processor.py:153} INFO - Started process (PID=797) to work on /opt/airflow/dags/5.2.orchestration.py
[2024-08-12 14:29:36,116] {processor.py:641} INFO - Processing file /opt/airflow/dags/5.2.orchestration.py for tasks to queue
[2024-08-12 14:29:36,116] {logging_mixin.py:115} INFO - [2024-08-12 14:29:36,116] {dagbag.py:508} INFO - Filling up the DagBag from /opt/airflow/dags/5.2.orchestration.py
[2024-08-12 14:29:36,123] {processor.py:651} INFO - DAG(s) dict_keys(['5.2-orchestration']) retrieved from /opt/airflow/dags/5.2.orchestration.py
[2024-08-12 14:29:36,139] {logging_mixin.py:115} INFO - [2024-08-12 14:29:36,139] {dag.py:2420} INFO - Sync 1 DAGs
[2024-08-12 14:29:36,153] {logging_mixin.py:115} INFO - [2024-08-12 14:29:36,153] {dag.py:2972} INFO - Setting next_dagrun for 5.2-orchestration to None, run_after=None
[2024-08-12 14:29:36,163] {processor.py:161} INFO - Processing /opt/airflow/dags/5.2.orchestration.py took 0.050 seconds
[2024-08-12 14:30:06,491] {processor.py:153} INFO - Started process (PID=833) to work on /opt/airflow/dags/5.2.orchestration.py
[2024-08-12 14:30:06,492] {processor.py:641} INFO - Processing file /opt/airflow/dags/5.2.orchestration.py for tasks to queue
[2024-08-12 14:30:06,492] {logging_mixin.py:115} INFO - [2024-08-12 14:30:06,492] {dagbag.py:508} INFO - Filling up the DagBag from /opt/airflow/dags/5.2.orchestration.py
[2024-08-12 14:30:06,496] {processor.py:651} INFO - DAG(s) dict_keys(['5.2-orchestration']) retrieved from /opt/airflow/dags/5.2.orchestration.py
[2024-08-12 14:30:06,514] {logging_mixin.py:115} INFO - [2024-08-12 14:30:06,514] {dag.py:2420} INFO - Sync 1 DAGs
[2024-08-12 14:30:06,527] {logging_mixin.py:115} INFO - [2024-08-12 14:30:06,527] {dag.py:2972} INFO - Setting next_dagrun for 5.2-orchestration to None, run_after=None
[2024-08-12 14:30:06,537] {processor.py:161} INFO - Processing /opt/airflow/dags/5.2.orchestration.py took 0.047 seconds
[2024-08-12 14:30:36,860] {processor.py:153} INFO - Started process (PID=869) to work on /opt/airflow/dags/5.2.orchestration.py
[2024-08-12 14:30:36,860] {processor.py:641} INFO - Processing file /opt/airflow/dags/5.2.orchestration.py for tasks to queue
[2024-08-12 14:30:36,861] {logging_mixin.py:115} INFO - [2024-08-12 14:30:36,860] {dagbag.py:508} INFO - Filling up the DagBag from /opt/airflow/dags/5.2.orchestration.py
[2024-08-12 14:30:36,866] {processor.py:651} INFO - DAG(s) dict_keys(['5.2-orchestration']) retrieved from /opt/airflow/dags/5.2.orchestration.py
[2024-08-12 14:30:36,882] {logging_mixin.py:115} INFO - [2024-08-12 14:30:36,882] {dag.py:2420} INFO - Sync 1 DAGs
[2024-08-12 14:30:36,897] {logging_mixin.py:115} INFO - [2024-08-12 14:30:36,897] {dag.py:2972} INFO - Setting next_dagrun for 5.2-orchestration to None, run_after=None
[2024-08-12 14:30:36,907] {processor.py:161} INFO - Processing /opt/airflow/dags/5.2.orchestration.py took 0.049 seconds
[2024-08-12 14:31:07,239] {processor.py:153} INFO - Started process (PID=896) to work on /opt/airflow/dags/5.2.orchestration.py
[2024-08-12 14:31:07,239] {processor.py:641} INFO - Processing file /opt/airflow/dags/5.2.orchestration.py for tasks to queue
[2024-08-12 14:31:07,240] {logging_mixin.py:115} INFO - [2024-08-12 14:31:07,240] {dagbag.py:508} INFO - Filling up the DagBag from /opt/airflow/dags/5.2.orchestration.py
[2024-08-12 14:31:07,244] {processor.py:651} INFO - DAG(s) dict_keys(['5.2-orchestration']) retrieved from /opt/airflow/dags/5.2.orchestration.py
[2024-08-12 14:31:07,264] {logging_mixin.py:115} INFO - [2024-08-12 14:31:07,264] {dag.py:2420} INFO - Sync 1 DAGs
[2024-08-12 14:31:07,280] {logging_mixin.py:115} INFO - [2024-08-12 14:31:07,280] {dag.py:2972} INFO - Setting next_dagrun for 5.2-orchestration to None, run_after=None
[2024-08-12 14:31:07,290] {processor.py:161} INFO - Processing /opt/airflow/dags/5.2.orchestration.py took 0.053 seconds
[2024-08-12 14:31:37,637] {processor.py:153} INFO - Started process (PID=932) to work on /opt/airflow/dags/5.2.orchestration.py
[2024-08-12 14:31:37,637] {processor.py:641} INFO - Processing file /opt/airflow/dags/5.2.orchestration.py for tasks to queue
[2024-08-12 14:31:37,638] {logging_mixin.py:115} INFO - [2024-08-12 14:31:37,638] {dagbag.py:508} INFO - Filling up the DagBag from /opt/airflow/dags/5.2.orchestration.py
[2024-08-12 14:31:37,641] {processor.py:651} INFO - DAG(s) dict_keys(['5.2-orchestration']) retrieved from /opt/airflow/dags/5.2.orchestration.py
[2024-08-12 14:31:37,659] {logging_mixin.py:115} INFO - [2024-08-12 14:31:37,659] {dag.py:2420} INFO - Sync 1 DAGs
[2024-08-12 14:31:37,675] {logging_mixin.py:115} INFO - [2024-08-12 14:31:37,674] {dag.py:2972} INFO - Setting next_dagrun for 5.2-orchestration to None, run_after=None
[2024-08-12 14:31:37,683] {processor.py:161} INFO - Processing /opt/airflow/dags/5.2.orchestration.py took 0.048 seconds
[2024-08-12 14:32:08,054] {processor.py:153} INFO - Started process (PID=967) to work on /opt/airflow/dags/5.2.orchestration.py
[2024-08-12 14:32:08,054] {processor.py:641} INFO - Processing file /opt/airflow/dags/5.2.orchestration.py for tasks to queue
[2024-08-12 14:32:08,054] {logging_mixin.py:115} INFO - [2024-08-12 14:32:08,054] {dagbag.py:508} INFO - Filling up the DagBag from /opt/airflow/dags/5.2.orchestration.py
[2024-08-12 14:32:08,059] {processor.py:651} INFO - DAG(s) dict_keys(['5.2-orchestration']) retrieved from /opt/airflow/dags/5.2.orchestration.py
[2024-08-12 14:32:08,076] {logging_mixin.py:115} INFO - [2024-08-12 14:32:08,076] {dag.py:2420} INFO - Sync 1 DAGs
[2024-08-12 14:32:08,091] {logging_mixin.py:115} INFO - [2024-08-12 14:32:08,091] {dag.py:2972} INFO - Setting next_dagrun for 5.2-orchestration to None, run_after=None
[2024-08-12 14:32:08,102] {processor.py:161} INFO - Processing /opt/airflow/dags/5.2.orchestration.py took 0.051 seconds
[2024-08-12 14:32:38,444] {processor.py:153} INFO - Started process (PID=1002) to work on /opt/airflow/dags/5.2.orchestration.py
[2024-08-12 14:32:38,445] {processor.py:641} INFO - Processing file /opt/airflow/dags/5.2.orchestration.py for tasks to queue
[2024-08-12 14:32:38,445] {logging_mixin.py:115} INFO - [2024-08-12 14:32:38,445] {dagbag.py:508} INFO - Filling up the DagBag from /opt/airflow/dags/5.2.orchestration.py
[2024-08-12 14:32:38,450] {processor.py:651} INFO - DAG(s) dict_keys(['5.2-orchestration']) retrieved from /opt/airflow/dags/5.2.orchestration.py
[2024-08-12 14:32:38,468] {logging_mixin.py:115} INFO - [2024-08-12 14:32:38,468] {dag.py:2420} INFO - Sync 1 DAGs
[2024-08-12 14:32:38,484] {logging_mixin.py:115} INFO - [2024-08-12 14:32:38,484] {dag.py:2972} INFO - Setting next_dagrun for 5.2-orchestration to None, run_after=None
[2024-08-12 14:32:38,513] {processor.py:161} INFO - Processing /opt/airflow/dags/5.2.orchestration.py took 0.070 seconds
[2024-08-12 14:33:08,903] {processor.py:153} INFO - Started process (PID=1038) to work on /opt/airflow/dags/5.2.orchestration.py
[2024-08-12 14:33:08,904] {processor.py:641} INFO - Processing file /opt/airflow/dags/5.2.orchestration.py for tasks to queue
[2024-08-12 14:33:08,904] {logging_mixin.py:115} INFO - [2024-08-12 14:33:08,904] {dagbag.py:508} INFO - Filling up the DagBag from /opt/airflow/dags/5.2.orchestration.py
[2024-08-12 14:33:08,909] {processor.py:651} INFO - DAG(s) dict_keys(['5.2-orchestration']) retrieved from /opt/airflow/dags/5.2.orchestration.py
[2024-08-12 14:33:08,926] {logging_mixin.py:115} INFO - [2024-08-12 14:33:08,926] {dag.py:2420} INFO - Sync 1 DAGs
[2024-08-12 14:33:08,942] {logging_mixin.py:115} INFO - [2024-08-12 14:33:08,942] {dag.py:2972} INFO - Setting next_dagrun for 5.2-orchestration to None, run_after=None
[2024-08-12 14:33:08,951] {processor.py:161} INFO - Processing /opt/airflow/dags/5.2.orchestration.py took 0.050 seconds
[2024-08-12 14:33:39,303] {processor.py:153} INFO - Started process (PID=1065) to work on /opt/airflow/dags/5.2.orchestration.py
[2024-08-12 14:33:39,304] {processor.py:641} INFO - Processing file /opt/airflow/dags/5.2.orchestration.py for tasks to queue
[2024-08-12 14:33:39,304] {logging_mixin.py:115} INFO - [2024-08-12 14:33:39,304] {dagbag.py:508} INFO - Filling up the DagBag from /opt/airflow/dags/5.2.orchestration.py
[2024-08-12 14:33:39,309] {processor.py:651} INFO - DAG(s) dict_keys(['5.2-orchestration']) retrieved from /opt/airflow/dags/5.2.orchestration.py
[2024-08-12 14:33:39,327] {logging_mixin.py:115} INFO - [2024-08-12 14:33:39,327] {dag.py:2420} INFO - Sync 1 DAGs
[2024-08-12 14:33:39,342] {logging_mixin.py:115} INFO - [2024-08-12 14:33:39,342] {dag.py:2972} INFO - Setting next_dagrun for 5.2-orchestration to None, run_after=None
[2024-08-12 14:33:39,354] {processor.py:161} INFO - Processing /opt/airflow/dags/5.2.orchestration.py took 0.053 seconds
[2024-08-12 14:34:09,706] {processor.py:153} INFO - Started process (PID=1100) to work on /opt/airflow/dags/5.2.orchestration.py
[2024-08-12 14:34:09,707] {processor.py:641} INFO - Processing file /opt/airflow/dags/5.2.orchestration.py for tasks to queue
[2024-08-12 14:34:09,707] {logging_mixin.py:115} INFO - [2024-08-12 14:34:09,707] {dagbag.py:508} INFO - Filling up the DagBag from /opt/airflow/dags/5.2.orchestration.py
[2024-08-12 14:34:09,712] {processor.py:651} INFO - DAG(s) dict_keys(['5.2-orchestration']) retrieved from /opt/airflow/dags/5.2.orchestration.py
[2024-08-12 14:34:09,729] {logging_mixin.py:115} INFO - [2024-08-12 14:34:09,729] {dag.py:2420} INFO - Sync 1 DAGs
[2024-08-12 14:34:09,743] {logging_mixin.py:115} INFO - [2024-08-12 14:34:09,743] {dag.py:2972} INFO - Setting next_dagrun for 5.2-orchestration to None, run_after=None
[2024-08-12 14:34:09,772] {processor.py:161} INFO - Processing /opt/airflow/dags/5.2.orchestration.py took 0.069 seconds
[2024-08-12 14:34:40,136] {processor.py:153} INFO - Started process (PID=1135) to work on /opt/airflow/dags/5.2.orchestration.py
[2024-08-12 14:34:40,136] {processor.py:641} INFO - Processing file /opt/airflow/dags/5.2.orchestration.py for tasks to queue
[2024-08-12 14:34:40,137] {logging_mixin.py:115} INFO - [2024-08-12 14:34:40,137] {dagbag.py:508} INFO - Filling up the DagBag from /opt/airflow/dags/5.2.orchestration.py
[2024-08-12 14:34:40,143] {processor.py:651} INFO - DAG(s) dict_keys(['5.2-orchestration']) retrieved from /opt/airflow/dags/5.2.orchestration.py
[2024-08-12 14:34:40,162] {logging_mixin.py:115} INFO - [2024-08-12 14:34:40,162] {dag.py:2420} INFO - Sync 1 DAGs
[2024-08-12 14:34:40,179] {logging_mixin.py:115} INFO - [2024-08-12 14:34:40,179] {dag.py:2972} INFO - Setting next_dagrun for 5.2-orchestration to None, run_after=None
[2024-08-12 14:34:40,188] {processor.py:161} INFO - Processing /opt/airflow/dags/5.2.orchestration.py took 0.055 seconds
[2024-08-12 14:35:10,533] {processor.py:153} INFO - Started process (PID=1171) to work on /opt/airflow/dags/5.2.orchestration.py
[2024-08-12 14:35:10,533] {processor.py:641} INFO - Processing file /opt/airflow/dags/5.2.orchestration.py for tasks to queue
[2024-08-12 14:35:10,534] {logging_mixin.py:115} INFO - [2024-08-12 14:35:10,534] {dagbag.py:508} INFO - Filling up the DagBag from /opt/airflow/dags/5.2.orchestration.py
[2024-08-12 14:35:10,539] {processor.py:651} INFO - DAG(s) dict_keys(['5.2-orchestration']) retrieved from /opt/airflow/dags/5.2.orchestration.py
[2024-08-12 14:35:10,555] {logging_mixin.py:115} INFO - [2024-08-12 14:35:10,555] {dag.py:2420} INFO - Sync 1 DAGs
[2024-08-12 14:35:10,570] {logging_mixin.py:115} INFO - [2024-08-12 14:35:10,570] {dag.py:2972} INFO - Setting next_dagrun for 5.2-orchestration to None, run_after=None
[2024-08-12 14:35:10,578] {processor.py:161} INFO - Processing /opt/airflow/dags/5.2.orchestration.py took 0.048 seconds
[2024-08-12 14:35:40,917] {processor.py:153} INFO - Started process (PID=1207) to work on /opt/airflow/dags/5.2.orchestration.py
[2024-08-12 14:35:40,918] {processor.py:641} INFO - Processing file /opt/airflow/dags/5.2.orchestration.py for tasks to queue
[2024-08-12 14:35:40,918] {logging_mixin.py:115} INFO - [2024-08-12 14:35:40,918] {dagbag.py:508} INFO - Filling up the DagBag from /opt/airflow/dags/5.2.orchestration.py
[2024-08-12 14:35:40,926] {processor.py:651} INFO - DAG(s) dict_keys(['5.2-orchestration']) retrieved from /opt/airflow/dags/5.2.orchestration.py
[2024-08-12 14:35:40,943] {logging_mixin.py:115} INFO - [2024-08-12 14:35:40,942] {dag.py:2420} INFO - Sync 1 DAGs
[2024-08-12 14:35:40,956] {logging_mixin.py:115} INFO - [2024-08-12 14:35:40,956] {dag.py:2972} INFO - Setting next_dagrun for 5.2-orchestration to None, run_after=None
[2024-08-12 14:35:40,964] {processor.py:161} INFO - Processing /opt/airflow/dags/5.2.orchestration.py took 0.049 seconds
[2024-08-12 14:36:11,296] {processor.py:153} INFO - Started process (PID=1243) to work on /opt/airflow/dags/5.2.orchestration.py
[2024-08-12 14:36:11,297] {processor.py:641} INFO - Processing file /opt/airflow/dags/5.2.orchestration.py for tasks to queue
[2024-08-12 14:36:11,297] {logging_mixin.py:115} INFO - [2024-08-12 14:36:11,297] {dagbag.py:508} INFO - Filling up the DagBag from /opt/airflow/dags/5.2.orchestration.py
[2024-08-12 14:36:11,302] {processor.py:651} INFO - DAG(s) dict_keys(['5.2-orchestration']) retrieved from /opt/airflow/dags/5.2.orchestration.py
[2024-08-12 14:36:11,319] {logging_mixin.py:115} INFO - [2024-08-12 14:36:11,319] {dag.py:2420} INFO - Sync 1 DAGs
[2024-08-12 14:36:11,335] {logging_mixin.py:115} INFO - [2024-08-12 14:36:11,335] {dag.py:2972} INFO - Setting next_dagrun for 5.2-orchestration to None, run_after=None
[2024-08-12 14:36:11,343] {processor.py:161} INFO - Processing /opt/airflow/dags/5.2.orchestration.py took 0.049 seconds
[2024-08-12 14:36:41,689] {processor.py:153} INFO - Started process (PID=1270) to work on /opt/airflow/dags/5.2.orchestration.py
[2024-08-12 14:36:41,690] {processor.py:641} INFO - Processing file /opt/airflow/dags/5.2.orchestration.py for tasks to queue
[2024-08-12 14:36:41,690] {logging_mixin.py:115} INFO - [2024-08-12 14:36:41,690] {dagbag.py:508} INFO - Filling up the DagBag from /opt/airflow/dags/5.2.orchestration.py
[2024-08-12 14:36:41,694] {processor.py:651} INFO - DAG(s) dict_keys(['5.2-orchestration']) retrieved from /opt/airflow/dags/5.2.orchestration.py
[2024-08-12 14:36:41,713] {logging_mixin.py:115} INFO - [2024-08-12 14:36:41,713] {dag.py:2420} INFO - Sync 1 DAGs
[2024-08-12 14:36:41,729] {logging_mixin.py:115} INFO - [2024-08-12 14:36:41,729] {dag.py:2972} INFO - Setting next_dagrun for 5.2-orchestration to None, run_after=None
[2024-08-12 14:36:41,738] {processor.py:161} INFO - Processing /opt/airflow/dags/5.2.orchestration.py took 0.051 seconds
[2024-08-12 14:37:12,094] {processor.py:153} INFO - Started process (PID=1305) to work on /opt/airflow/dags/5.2.orchestration.py
[2024-08-12 14:37:12,094] {processor.py:641} INFO - Processing file /opt/airflow/dags/5.2.orchestration.py for tasks to queue
[2024-08-12 14:37:12,095] {logging_mixin.py:115} INFO - [2024-08-12 14:37:12,095] {dagbag.py:508} INFO - Filling up the DagBag from /opt/airflow/dags/5.2.orchestration.py
[2024-08-12 14:37:12,099] {processor.py:651} INFO - DAG(s) dict_keys(['5.2-orchestration']) retrieved from /opt/airflow/dags/5.2.orchestration.py
[2024-08-12 14:37:12,116] {logging_mixin.py:115} INFO - [2024-08-12 14:37:12,116] {dag.py:2420} INFO - Sync 1 DAGs
[2024-08-12 14:37:12,134] {logging_mixin.py:115} INFO - [2024-08-12 14:37:12,133] {dag.py:2972} INFO - Setting next_dagrun for 5.2-orchestration to None, run_after=None
[2024-08-12 14:37:12,149] {processor.py:161} INFO - Processing /opt/airflow/dags/5.2.orchestration.py took 0.057 seconds
[2024-08-12 14:37:42,485] {processor.py:153} INFO - Started process (PID=1341) to work on /opt/airflow/dags/5.2.orchestration.py
[2024-08-12 14:37:42,485] {processor.py:641} INFO - Processing file /opt/airflow/dags/5.2.orchestration.py for tasks to queue
[2024-08-12 14:37:42,486] {logging_mixin.py:115} INFO - [2024-08-12 14:37:42,486] {dagbag.py:508} INFO - Filling up the DagBag from /opt/airflow/dags/5.2.orchestration.py
[2024-08-12 14:37:42,491] {processor.py:651} INFO - DAG(s) dict_keys(['5.2-orchestration']) retrieved from /opt/airflow/dags/5.2.orchestration.py
[2024-08-12 14:37:42,509] {logging_mixin.py:115} INFO - [2024-08-12 14:37:42,508] {dag.py:2420} INFO - Sync 1 DAGs
[2024-08-12 14:37:42,524] {logging_mixin.py:115} INFO - [2024-08-12 14:37:42,524] {dag.py:2972} INFO - Setting next_dagrun for 5.2-orchestration to None, run_after=None
[2024-08-12 14:37:42,544] {processor.py:161} INFO - Processing /opt/airflow/dags/5.2.orchestration.py took 0.061 seconds
