[2024-08-12 14:18:27,390] {processor.py:153} INFO - Started process (PID=38) to work on /opt/airflow/dags/6.1-monitoring.py
[2024-08-12 14:18:27,394] {processor.py:641} INFO - Processing file /opt/airflow/dags/6.1-monitoring.py for tasks to queue
[2024-08-12 14:18:27,395] {logging_mixin.py:115} INFO - [2024-08-12 14:18:27,395] {dagbag.py:508} INFO - Filling up the DagBag from /opt/airflow/dags/6.1-monitoring.py
[2024-08-12 14:18:27,429] {processor.py:651} INFO - DAG(s) dict_keys(['6.1-monitoring']) retrieved from /opt/airflow/dags/6.1-monitoring.py
[2024-08-12 14:18:27,471] {logging_mixin.py:115} INFO - [2024-08-12 14:18:27,470] {dag.py:2420} INFO - Sync 1 DAGs
[2024-08-12 14:18:27,498] {logging_mixin.py:115} INFO - [2024-08-12 14:18:27,498] {dag.py:2972} INFO - Setting next_dagrun for 6.1-monitoring to 2024-06-05T00:00:00+00:00, run_after=2024-06-06T00:00:00+00:00
[2024-08-12 14:18:27,513] {processor.py:161} INFO - Processing /opt/airflow/dags/6.1-monitoring.py took 0.135 seconds
[2024-08-12 14:18:57,904] {processor.py:153} INFO - Started process (PID=73) to work on /opt/airflow/dags/6.1-monitoring.py
[2024-08-12 14:18:57,905] {processor.py:641} INFO - Processing file /opt/airflow/dags/6.1-monitoring.py for tasks to queue
[2024-08-12 14:18:57,905] {logging_mixin.py:115} INFO - [2024-08-12 14:18:57,905] {dagbag.py:508} INFO - Filling up the DagBag from /opt/airflow/dags/6.1-monitoring.py
[2024-08-12 14:18:57,913] {processor.py:651} INFO - DAG(s) dict_keys(['6.1-monitoring']) retrieved from /opt/airflow/dags/6.1-monitoring.py
[2024-08-12 14:18:57,929] {logging_mixin.py:115} INFO - [2024-08-12 14:18:57,929] {dag.py:2420} INFO - Sync 1 DAGs
[2024-08-12 14:18:57,944] {logging_mixin.py:115} INFO - [2024-08-12 14:18:57,944] {dag.py:2972} INFO - Setting next_dagrun for 6.1-monitoring to 2024-06-05T00:00:00+00:00, run_after=2024-06-06T00:00:00+00:00
[2024-08-12 14:18:57,953] {processor.py:161} INFO - Processing /opt/airflow/dags/6.1-monitoring.py took 0.051 seconds
[2024-08-12 14:19:28,265] {processor.py:153} INFO - Started process (PID=108) to work on /opt/airflow/dags/6.1-monitoring.py
[2024-08-12 14:19:28,266] {processor.py:641} INFO - Processing file /opt/airflow/dags/6.1-monitoring.py for tasks to queue
[2024-08-12 14:19:28,266] {logging_mixin.py:115} INFO - [2024-08-12 14:19:28,266] {dagbag.py:508} INFO - Filling up the DagBag from /opt/airflow/dags/6.1-monitoring.py
[2024-08-12 14:19:28,274] {processor.py:651} INFO - DAG(s) dict_keys(['6.1-monitoring']) retrieved from /opt/airflow/dags/6.1-monitoring.py
[2024-08-12 14:19:28,293] {logging_mixin.py:115} INFO - [2024-08-12 14:19:28,293] {dag.py:2420} INFO - Sync 1 DAGs
[2024-08-12 14:19:28,306] {logging_mixin.py:115} INFO - [2024-08-12 14:19:28,306] {dag.py:2972} INFO - Setting next_dagrun for 6.1-monitoring to 2024-06-05T00:00:00+00:00, run_after=2024-06-06T00:00:00+00:00
[2024-08-12 14:19:28,315] {processor.py:161} INFO - Processing /opt/airflow/dags/6.1-monitoring.py took 0.052 seconds
[2024-08-12 14:19:58,628] {processor.py:153} INFO - Started process (PID=145) to work on /opt/airflow/dags/6.1-monitoring.py
[2024-08-12 14:19:58,629] {processor.py:641} INFO - Processing file /opt/airflow/dags/6.1-monitoring.py for tasks to queue
[2024-08-12 14:19:58,630] {logging_mixin.py:115} INFO - [2024-08-12 14:19:58,629] {dagbag.py:508} INFO - Filling up the DagBag from /opt/airflow/dags/6.1-monitoring.py
[2024-08-12 14:19:58,642] {processor.py:651} INFO - DAG(s) dict_keys(['6.1-monitoring']) retrieved from /opt/airflow/dags/6.1-monitoring.py
[2024-08-12 14:19:58,652] {logging_mixin.py:115} INFO - [2024-08-12 14:19:58,651] {dag.py:2420} INFO - Sync 1 DAGs
[2024-08-12 14:19:58,669] {logging_mixin.py:115} INFO - [2024-08-12 14:19:58,669] {dag.py:2972} INFO - Setting next_dagrun for 6.1-monitoring to 2024-06-05T00:00:00+00:00, run_after=2024-06-06T00:00:00+00:00
[2024-08-12 14:19:58,678] {processor.py:161} INFO - Processing /opt/airflow/dags/6.1-monitoring.py took 0.053 seconds
[2024-08-12 14:20:29,077] {processor.py:153} INFO - Started process (PID=170) to work on /opt/airflow/dags/6.1-monitoring.py
[2024-08-12 14:20:29,077] {processor.py:641} INFO - Processing file /opt/airflow/dags/6.1-monitoring.py for tasks to queue
[2024-08-12 14:20:29,078] {logging_mixin.py:115} INFO - [2024-08-12 14:20:29,078] {dagbag.py:508} INFO - Filling up the DagBag from /opt/airflow/dags/6.1-monitoring.py
[2024-08-12 14:20:29,085] {processor.py:651} INFO - DAG(s) dict_keys(['6.1-monitoring']) retrieved from /opt/airflow/dags/6.1-monitoring.py
[2024-08-12 14:20:29,125] {logging_mixin.py:115} INFO - [2024-08-12 14:20:29,125] {dag.py:2420} INFO - Sync 1 DAGs
[2024-08-12 14:20:29,138] {logging_mixin.py:115} INFO - [2024-08-12 14:20:29,138] {dag.py:2972} INFO - Setting next_dagrun for 6.1-monitoring to 2024-06-05T00:00:00+00:00, run_after=2024-06-06T00:00:00+00:00
[2024-08-12 14:20:29,148] {processor.py:161} INFO - Processing /opt/airflow/dags/6.1-monitoring.py took 0.074 seconds
[2024-08-12 14:20:59,496] {processor.py:153} INFO - Started process (PID=207) to work on /opt/airflow/dags/6.1-monitoring.py
[2024-08-12 14:20:59,497] {processor.py:641} INFO - Processing file /opt/airflow/dags/6.1-monitoring.py for tasks to queue
[2024-08-12 14:20:59,497] {logging_mixin.py:115} INFO - [2024-08-12 14:20:59,497] {dagbag.py:508} INFO - Filling up the DagBag from /opt/airflow/dags/6.1-monitoring.py
[2024-08-12 14:20:59,504] {processor.py:651} INFO - DAG(s) dict_keys(['6.1-monitoring']) retrieved from /opt/airflow/dags/6.1-monitoring.py
[2024-08-12 14:20:59,521] {logging_mixin.py:115} INFO - [2024-08-12 14:20:59,521] {dag.py:2420} INFO - Sync 1 DAGs
[2024-08-12 14:20:59,535] {logging_mixin.py:115} INFO - [2024-08-12 14:20:59,535] {dag.py:2972} INFO - Setting next_dagrun for 6.1-monitoring to 2024-06-05T00:00:00+00:00, run_after=2024-06-06T00:00:00+00:00
[2024-08-12 14:20:59,544] {processor.py:161} INFO - Processing /opt/airflow/dags/6.1-monitoring.py took 0.050 seconds
[2024-08-12 14:21:29,872] {processor.py:153} INFO - Started process (PID=243) to work on /opt/airflow/dags/6.1-monitoring.py
[2024-08-12 14:21:29,873] {processor.py:641} INFO - Processing file /opt/airflow/dags/6.1-monitoring.py for tasks to queue
[2024-08-12 14:21:29,873] {logging_mixin.py:115} INFO - [2024-08-12 14:21:29,873] {dagbag.py:508} INFO - Filling up the DagBag from /opt/airflow/dags/6.1-monitoring.py
[2024-08-12 14:21:29,881] {processor.py:651} INFO - DAG(s) dict_keys(['6.1-monitoring']) retrieved from /opt/airflow/dags/6.1-monitoring.py
[2024-08-12 14:21:29,900] {logging_mixin.py:115} INFO - [2024-08-12 14:21:29,900] {dag.py:2420} INFO - Sync 1 DAGs
[2024-08-12 14:21:29,919] {logging_mixin.py:115} INFO - [2024-08-12 14:21:29,919] {dag.py:2972} INFO - Setting next_dagrun for 6.1-monitoring to 2024-06-05T00:00:00+00:00, run_after=2024-06-06T00:00:00+00:00
[2024-08-12 14:21:29,932] {processor.py:161} INFO - Processing /opt/airflow/dags/6.1-monitoring.py took 0.062 seconds
[2024-08-12 14:22:00,275] {processor.py:153} INFO - Started process (PID=279) to work on /opt/airflow/dags/6.1-monitoring.py
[2024-08-12 14:22:00,275] {processor.py:641} INFO - Processing file /opt/airflow/dags/6.1-monitoring.py for tasks to queue
[2024-08-12 14:22:00,275] {logging_mixin.py:115} INFO - [2024-08-12 14:22:00,275] {dagbag.py:508} INFO - Filling up the DagBag from /opt/airflow/dags/6.1-monitoring.py
[2024-08-12 14:22:00,283] {processor.py:651} INFO - DAG(s) dict_keys(['6.1-monitoring']) retrieved from /opt/airflow/dags/6.1-monitoring.py
[2024-08-12 14:22:00,299] {logging_mixin.py:115} INFO - [2024-08-12 14:22:00,299] {dag.py:2420} INFO - Sync 1 DAGs
[2024-08-12 14:22:00,312] {logging_mixin.py:115} INFO - [2024-08-12 14:22:00,312] {dag.py:2972} INFO - Setting next_dagrun for 6.1-monitoring to 2024-06-05T00:00:00+00:00, run_after=2024-06-06T00:00:00+00:00
[2024-08-12 14:22:00,321] {processor.py:161} INFO - Processing /opt/airflow/dags/6.1-monitoring.py took 0.048 seconds
[2024-08-12 14:22:30,660] {processor.py:153} INFO - Started process (PID=316) to work on /opt/airflow/dags/6.1-monitoring.py
[2024-08-12 14:22:30,660] {processor.py:641} INFO - Processing file /opt/airflow/dags/6.1-monitoring.py for tasks to queue
[2024-08-12 14:22:30,661] {logging_mixin.py:115} INFO - [2024-08-12 14:22:30,661] {dagbag.py:508} INFO - Filling up the DagBag from /opt/airflow/dags/6.1-monitoring.py
[2024-08-12 14:22:30,669] {processor.py:651} INFO - DAG(s) dict_keys(['6.1-monitoring']) retrieved from /opt/airflow/dags/6.1-monitoring.py
[2024-08-12 14:22:30,686] {logging_mixin.py:115} INFO - [2024-08-12 14:22:30,686] {dag.py:2420} INFO - Sync 1 DAGs
[2024-08-12 14:22:30,701] {logging_mixin.py:115} INFO - [2024-08-12 14:22:30,700] {dag.py:2972} INFO - Setting next_dagrun for 6.1-monitoring to 2024-06-05T00:00:00+00:00, run_after=2024-06-06T00:00:00+00:00
[2024-08-12 14:22:30,710] {processor.py:161} INFO - Processing /opt/airflow/dags/6.1-monitoring.py took 0.053 seconds
[2024-08-12 14:23:01,063] {processor.py:153} INFO - Started process (PID=345) to work on /opt/airflow/dags/6.1-monitoring.py
[2024-08-12 14:23:01,063] {processor.py:641} INFO - Processing file /opt/airflow/dags/6.1-monitoring.py for tasks to queue
[2024-08-12 14:23:01,064] {logging_mixin.py:115} INFO - [2024-08-12 14:23:01,064] {dagbag.py:508} INFO - Filling up the DagBag from /opt/airflow/dags/6.1-monitoring.py
[2024-08-12 14:23:01,071] {processor.py:651} INFO - DAG(s) dict_keys(['6.1-monitoring']) retrieved from /opt/airflow/dags/6.1-monitoring.py
[2024-08-12 14:23:01,088] {logging_mixin.py:115} INFO - [2024-08-12 14:23:01,088] {dag.py:2420} INFO - Sync 1 DAGs
[2024-08-12 14:23:01,103] {logging_mixin.py:115} INFO - [2024-08-12 14:23:01,103] {dag.py:2972} INFO - Setting next_dagrun for 6.1-monitoring to 2024-06-05T00:00:00+00:00, run_after=2024-06-06T00:00:00+00:00
[2024-08-12 14:23:01,113] {processor.py:161} INFO - Processing /opt/airflow/dags/6.1-monitoring.py took 0.052 seconds
[2024-08-12 14:23:31,424] {processor.py:153} INFO - Started process (PID=381) to work on /opt/airflow/dags/6.1-monitoring.py
[2024-08-12 14:23:31,425] {processor.py:641} INFO - Processing file /opt/airflow/dags/6.1-monitoring.py for tasks to queue
[2024-08-12 14:23:31,425] {logging_mixin.py:115} INFO - [2024-08-12 14:23:31,425] {dagbag.py:508} INFO - Filling up the DagBag from /opt/airflow/dags/6.1-monitoring.py
[2024-08-12 14:23:31,434] {processor.py:651} INFO - DAG(s) dict_keys(['6.1-monitoring']) retrieved from /opt/airflow/dags/6.1-monitoring.py
[2024-08-12 14:23:31,450] {logging_mixin.py:115} INFO - [2024-08-12 14:23:31,450] {dag.py:2420} INFO - Sync 1 DAGs
[2024-08-12 14:23:31,464] {logging_mixin.py:115} INFO - [2024-08-12 14:23:31,464] {dag.py:2972} INFO - Setting next_dagrun for 6.1-monitoring to 2024-06-05T00:00:00+00:00, run_after=2024-06-06T00:00:00+00:00
[2024-08-12 14:23:31,472] {processor.py:161} INFO - Processing /opt/airflow/dags/6.1-monitoring.py took 0.050 seconds
[2024-08-12 14:24:01,792] {processor.py:153} INFO - Started process (PID=416) to work on /opt/airflow/dags/6.1-monitoring.py
[2024-08-12 14:24:01,793] {processor.py:641} INFO - Processing file /opt/airflow/dags/6.1-monitoring.py for tasks to queue
[2024-08-12 14:24:01,793] {logging_mixin.py:115} INFO - [2024-08-12 14:24:01,793] {dagbag.py:508} INFO - Filling up the DagBag from /opt/airflow/dags/6.1-monitoring.py
[2024-08-12 14:24:01,803] {processor.py:651} INFO - DAG(s) dict_keys(['6.1-monitoring']) retrieved from /opt/airflow/dags/6.1-monitoring.py
[2024-08-12 14:24:01,818] {logging_mixin.py:115} INFO - [2024-08-12 14:24:01,818] {dag.py:2420} INFO - Sync 1 DAGs
[2024-08-12 14:24:01,834] {logging_mixin.py:115} INFO - [2024-08-12 14:24:01,834] {dag.py:2972} INFO - Setting next_dagrun for 6.1-monitoring to 2024-06-05T00:00:00+00:00, run_after=2024-06-06T00:00:00+00:00
[2024-08-12 14:24:01,841] {processor.py:161} INFO - Processing /opt/airflow/dags/6.1-monitoring.py took 0.051 seconds
[2024-08-12 14:24:32,165] {processor.py:153} INFO - Started process (PID=452) to work on /opt/airflow/dags/6.1-monitoring.py
[2024-08-12 14:24:32,165] {processor.py:641} INFO - Processing file /opt/airflow/dags/6.1-monitoring.py for tasks to queue
[2024-08-12 14:24:32,166] {logging_mixin.py:115} INFO - [2024-08-12 14:24:32,166] {dagbag.py:508} INFO - Filling up the DagBag from /opt/airflow/dags/6.1-monitoring.py
[2024-08-12 14:24:32,176] {processor.py:651} INFO - DAG(s) dict_keys(['6.1-monitoring']) retrieved from /opt/airflow/dags/6.1-monitoring.py
[2024-08-12 14:24:32,196] {logging_mixin.py:115} INFO - [2024-08-12 14:24:32,196] {dag.py:2420} INFO - Sync 1 DAGs
[2024-08-12 14:24:32,212] {logging_mixin.py:115} INFO - [2024-08-12 14:24:32,212] {dag.py:2972} INFO - Setting next_dagrun for 6.1-monitoring to 2024-06-05T00:00:00+00:00, run_after=2024-06-06T00:00:00+00:00
[2024-08-12 14:24:32,221] {processor.py:161} INFO - Processing /opt/airflow/dags/6.1-monitoring.py took 0.059 seconds
[2024-08-12 14:25:02,550] {processor.py:153} INFO - Started process (PID=488) to work on /opt/airflow/dags/6.1-monitoring.py
[2024-08-12 14:25:02,551] {processor.py:641} INFO - Processing file /opt/airflow/dags/6.1-monitoring.py for tasks to queue
[2024-08-12 14:25:02,551] {logging_mixin.py:115} INFO - [2024-08-12 14:25:02,551] {dagbag.py:508} INFO - Filling up the DagBag from /opt/airflow/dags/6.1-monitoring.py
[2024-08-12 14:25:02,559] {processor.py:651} INFO - DAG(s) dict_keys(['6.1-monitoring']) retrieved from /opt/airflow/dags/6.1-monitoring.py
[2024-08-12 14:25:02,575] {logging_mixin.py:115} INFO - [2024-08-12 14:25:02,575] {dag.py:2420} INFO - Sync 1 DAGs
[2024-08-12 14:25:02,589] {logging_mixin.py:115} INFO - [2024-08-12 14:25:02,589] {dag.py:2972} INFO - Setting next_dagrun for 6.1-monitoring to 2024-06-05T00:00:00+00:00, run_after=2024-06-06T00:00:00+00:00
[2024-08-12 14:25:02,598] {processor.py:161} INFO - Processing /opt/airflow/dags/6.1-monitoring.py took 0.050 seconds
[2024-08-12 14:25:32,898] {processor.py:153} INFO - Started process (PID=515) to work on /opt/airflow/dags/6.1-monitoring.py
[2024-08-12 14:25:32,898] {processor.py:641} INFO - Processing file /opt/airflow/dags/6.1-monitoring.py for tasks to queue
[2024-08-12 14:25:32,898] {logging_mixin.py:115} INFO - [2024-08-12 14:25:32,898] {dagbag.py:508} INFO - Filling up the DagBag from /opt/airflow/dags/6.1-monitoring.py
[2024-08-12 14:25:32,906] {processor.py:651} INFO - DAG(s) dict_keys(['6.1-monitoring']) retrieved from /opt/airflow/dags/6.1-monitoring.py
[2024-08-12 14:25:32,928] {logging_mixin.py:115} INFO - [2024-08-12 14:25:32,928] {dag.py:2420} INFO - Sync 1 DAGs
[2024-08-12 14:25:32,944] {logging_mixin.py:115} INFO - [2024-08-12 14:25:32,944] {dag.py:2972} INFO - Setting next_dagrun for 6.1-monitoring to 2024-06-05T00:00:00+00:00, run_after=2024-06-06T00:00:00+00:00
[2024-08-12 14:25:32,967] {processor.py:161} INFO - Processing /opt/airflow/dags/6.1-monitoring.py took 0.072 seconds
[2024-08-12 14:26:03,279] {processor.py:153} INFO - Started process (PID=552) to work on /opt/airflow/dags/6.1-monitoring.py
[2024-08-12 14:26:03,279] {processor.py:641} INFO - Processing file /opt/airflow/dags/6.1-monitoring.py for tasks to queue
[2024-08-12 14:26:03,280] {logging_mixin.py:115} INFO - [2024-08-12 14:26:03,280] {dagbag.py:508} INFO - Filling up the DagBag from /opt/airflow/dags/6.1-monitoring.py
[2024-08-12 14:26:03,288] {processor.py:651} INFO - DAG(s) dict_keys(['6.1-monitoring']) retrieved from /opt/airflow/dags/6.1-monitoring.py
[2024-08-12 14:26:03,303] {logging_mixin.py:115} INFO - [2024-08-12 14:26:03,303] {dag.py:2420} INFO - Sync 1 DAGs
[2024-08-12 14:26:03,317] {logging_mixin.py:115} INFO - [2024-08-12 14:26:03,317] {dag.py:2972} INFO - Setting next_dagrun for 6.1-monitoring to 2024-06-05T00:00:00+00:00, run_after=2024-06-06T00:00:00+00:00
[2024-08-12 14:26:03,325] {processor.py:161} INFO - Processing /opt/airflow/dags/6.1-monitoring.py took 0.048 seconds
[2024-08-12 14:26:33,674] {processor.py:153} INFO - Started process (PID=589) to work on /opt/airflow/dags/6.1-monitoring.py
[2024-08-12 14:26:33,674] {processor.py:641} INFO - Processing file /opt/airflow/dags/6.1-monitoring.py for tasks to queue
[2024-08-12 14:26:33,675] {logging_mixin.py:115} INFO - [2024-08-12 14:26:33,675] {dagbag.py:508} INFO - Filling up the DagBag from /opt/airflow/dags/6.1-monitoring.py
[2024-08-12 14:26:33,686] {processor.py:651} INFO - DAG(s) dict_keys(['6.1-monitoring']) retrieved from /opt/airflow/dags/6.1-monitoring.py
[2024-08-12 14:26:33,703] {logging_mixin.py:115} INFO - [2024-08-12 14:26:33,703] {dag.py:2420} INFO - Sync 1 DAGs
[2024-08-12 14:26:33,717] {logging_mixin.py:115} INFO - [2024-08-12 14:26:33,717] {dag.py:2972} INFO - Setting next_dagrun for 6.1-monitoring to 2024-06-05T00:00:00+00:00, run_after=2024-06-06T00:00:00+00:00
[2024-08-12 14:26:33,726] {processor.py:161} INFO - Processing /opt/airflow/dags/6.1-monitoring.py took 0.054 seconds
[2024-08-12 14:27:04,020] {processor.py:153} INFO - Started process (PID=625) to work on /opt/airflow/dags/6.1-monitoring.py
[2024-08-12 14:27:04,021] {processor.py:641} INFO - Processing file /opt/airflow/dags/6.1-monitoring.py for tasks to queue
[2024-08-12 14:27:04,022] {logging_mixin.py:115} INFO - [2024-08-12 14:27:04,021] {dagbag.py:508} INFO - Filling up the DagBag from /opt/airflow/dags/6.1-monitoring.py
[2024-08-12 14:27:04,032] {processor.py:651} INFO - DAG(s) dict_keys(['6.1-monitoring']) retrieved from /opt/airflow/dags/6.1-monitoring.py
[2024-08-12 14:27:04,051] {logging_mixin.py:115} INFO - [2024-08-12 14:27:04,051] {dag.py:2420} INFO - Sync 1 DAGs
[2024-08-12 14:27:04,066] {logging_mixin.py:115} INFO - [2024-08-12 14:27:04,066] {dag.py:2972} INFO - Setting next_dagrun for 6.1-monitoring to 2024-06-05T00:00:00+00:00, run_after=2024-06-06T00:00:00+00:00
[2024-08-12 14:27:04,074] {processor.py:161} INFO - Processing /opt/airflow/dags/6.1-monitoring.py took 0.058 seconds
[2024-08-12 14:27:34,458] {processor.py:153} INFO - Started process (PID=661) to work on /opt/airflow/dags/6.1-monitoring.py
[2024-08-12 14:27:34,458] {processor.py:641} INFO - Processing file /opt/airflow/dags/6.1-monitoring.py for tasks to queue
[2024-08-12 14:27:34,459] {logging_mixin.py:115} INFO - [2024-08-12 14:27:34,459] {dagbag.py:508} INFO - Filling up the DagBag from /opt/airflow/dags/6.1-monitoring.py
[2024-08-12 14:27:34,469] {processor.py:651} INFO - DAG(s) dict_keys(['6.1-monitoring']) retrieved from /opt/airflow/dags/6.1-monitoring.py
[2024-08-12 14:27:34,489] {logging_mixin.py:115} INFO - [2024-08-12 14:27:34,489] {dag.py:2420} INFO - Sync 1 DAGs
[2024-08-12 14:27:34,509] {logging_mixin.py:115} INFO - [2024-08-12 14:27:34,509] {dag.py:2972} INFO - Setting next_dagrun for 6.1-monitoring to 2024-06-05T00:00:00+00:00, run_after=2024-06-06T00:00:00+00:00
[2024-08-12 14:27:34,520] {processor.py:161} INFO - Processing /opt/airflow/dags/6.1-monitoring.py took 0.065 seconds
[2024-08-12 14:28:04,920] {processor.py:153} INFO - Started process (PID=697) to work on /opt/airflow/dags/6.1-monitoring.py
[2024-08-12 14:28:04,920] {processor.py:641} INFO - Processing file /opt/airflow/dags/6.1-monitoring.py for tasks to queue
[2024-08-12 14:28:04,921] {logging_mixin.py:115} INFO - [2024-08-12 14:28:04,921] {dagbag.py:508} INFO - Filling up the DagBag from /opt/airflow/dags/6.1-monitoring.py
[2024-08-12 14:28:04,929] {processor.py:651} INFO - DAG(s) dict_keys(['6.1-monitoring']) retrieved from /opt/airflow/dags/6.1-monitoring.py
[2024-08-12 14:28:04,947] {logging_mixin.py:115} INFO - [2024-08-12 14:28:04,947] {dag.py:2420} INFO - Sync 1 DAGs
[2024-08-12 14:28:04,962] {logging_mixin.py:115} INFO - [2024-08-12 14:28:04,962] {dag.py:2972} INFO - Setting next_dagrun for 6.1-monitoring to 2024-06-05T00:00:00+00:00, run_after=2024-06-06T00:00:00+00:00
[2024-08-12 14:28:04,972] {processor.py:161} INFO - Processing /opt/airflow/dags/6.1-monitoring.py took 0.055 seconds
[2024-08-12 14:28:35,322] {processor.py:153} INFO - Started process (PID=724) to work on /opt/airflow/dags/6.1-monitoring.py
[2024-08-12 14:28:35,322] {processor.py:641} INFO - Processing file /opt/airflow/dags/6.1-monitoring.py for tasks to queue
[2024-08-12 14:28:35,323] {logging_mixin.py:115} INFO - [2024-08-12 14:28:35,322] {dagbag.py:508} INFO - Filling up the DagBag from /opt/airflow/dags/6.1-monitoring.py
[2024-08-12 14:28:35,330] {processor.py:651} INFO - DAG(s) dict_keys(['6.1-monitoring']) retrieved from /opt/airflow/dags/6.1-monitoring.py
[2024-08-12 14:28:35,349] {logging_mixin.py:115} INFO - [2024-08-12 14:28:35,349] {dag.py:2420} INFO - Sync 1 DAGs
[2024-08-12 14:28:35,365] {logging_mixin.py:115} INFO - [2024-08-12 14:28:35,365] {dag.py:2972} INFO - Setting next_dagrun for 6.1-monitoring to 2024-06-05T00:00:00+00:00, run_after=2024-06-06T00:00:00+00:00
[2024-08-12 14:28:35,374] {processor.py:161} INFO - Processing /opt/airflow/dags/6.1-monitoring.py took 0.054 seconds
[2024-08-12 14:29:05,722] {processor.py:153} INFO - Started process (PID=760) to work on /opt/airflow/dags/6.1-monitoring.py
[2024-08-12 14:29:05,723] {processor.py:641} INFO - Processing file /opt/airflow/dags/6.1-monitoring.py for tasks to queue
[2024-08-12 14:29:05,723] {logging_mixin.py:115} INFO - [2024-08-12 14:29:05,723] {dagbag.py:508} INFO - Filling up the DagBag from /opt/airflow/dags/6.1-monitoring.py
[2024-08-12 14:29:05,731] {processor.py:651} INFO - DAG(s) dict_keys(['6.1-monitoring']) retrieved from /opt/airflow/dags/6.1-monitoring.py
[2024-08-12 14:29:05,747] {logging_mixin.py:115} INFO - [2024-08-12 14:29:05,747] {dag.py:2420} INFO - Sync 1 DAGs
[2024-08-12 14:29:05,763] {logging_mixin.py:115} INFO - [2024-08-12 14:29:05,763] {dag.py:2972} INFO - Setting next_dagrun for 6.1-monitoring to 2024-06-05T00:00:00+00:00, run_after=2024-06-06T00:00:00+00:00
[2024-08-12 14:29:05,772] {processor.py:161} INFO - Processing /opt/airflow/dags/6.1-monitoring.py took 0.052 seconds
[2024-08-12 14:29:36,113] {processor.py:153} INFO - Started process (PID=796) to work on /opt/airflow/dags/6.1-monitoring.py
[2024-08-12 14:29:36,114] {processor.py:641} INFO - Processing file /opt/airflow/dags/6.1-monitoring.py for tasks to queue
[2024-08-12 14:29:36,115] {logging_mixin.py:115} INFO - [2024-08-12 14:29:36,114] {dagbag.py:508} INFO - Filling up the DagBag from /opt/airflow/dags/6.1-monitoring.py
[2024-08-12 14:29:36,123] {processor.py:651} INFO - DAG(s) dict_keys(['6.1-monitoring']) retrieved from /opt/airflow/dags/6.1-monitoring.py
[2024-08-12 14:29:36,139] {logging_mixin.py:115} INFO - [2024-08-12 14:29:36,139] {dag.py:2420} INFO - Sync 1 DAGs
[2024-08-12 14:29:36,153] {logging_mixin.py:115} INFO - [2024-08-12 14:29:36,153] {dag.py:2972} INFO - Setting next_dagrun for 6.1-monitoring to 2024-06-05T00:00:00+00:00, run_after=2024-06-06T00:00:00+00:00
[2024-08-12 14:29:36,162] {processor.py:161} INFO - Processing /opt/airflow/dags/6.1-monitoring.py took 0.051 seconds
[2024-08-12 14:30:06,488] {processor.py:153} INFO - Started process (PID=832) to work on /opt/airflow/dags/6.1-monitoring.py
[2024-08-12 14:30:06,489] {processor.py:641} INFO - Processing file /opt/airflow/dags/6.1-monitoring.py for tasks to queue
[2024-08-12 14:30:06,490] {logging_mixin.py:115} INFO - [2024-08-12 14:30:06,489] {dagbag.py:508} INFO - Filling up the DagBag from /opt/airflow/dags/6.1-monitoring.py
[2024-08-12 14:30:06,498] {processor.py:651} INFO - DAG(s) dict_keys(['6.1-monitoring']) retrieved from /opt/airflow/dags/6.1-monitoring.py
[2024-08-12 14:30:06,514] {logging_mixin.py:115} INFO - [2024-08-12 14:30:06,514] {dag.py:2420} INFO - Sync 1 DAGs
[2024-08-12 14:30:06,529] {logging_mixin.py:115} INFO - [2024-08-12 14:30:06,528] {dag.py:2972} INFO - Setting next_dagrun for 6.1-monitoring to 2024-06-05T00:00:00+00:00, run_after=2024-06-06T00:00:00+00:00
[2024-08-12 14:30:06,537] {processor.py:161} INFO - Processing /opt/airflow/dags/6.1-monitoring.py took 0.051 seconds
[2024-08-12 14:30:36,860] {processor.py:153} INFO - Started process (PID=868) to work on /opt/airflow/dags/6.1-monitoring.py
[2024-08-12 14:30:36,860] {processor.py:641} INFO - Processing file /opt/airflow/dags/6.1-monitoring.py for tasks to queue
[2024-08-12 14:30:36,861] {logging_mixin.py:115} INFO - [2024-08-12 14:30:36,861] {dagbag.py:508} INFO - Filling up the DagBag from /opt/airflow/dags/6.1-monitoring.py
[2024-08-12 14:30:36,869] {processor.py:651} INFO - DAG(s) dict_keys(['6.1-monitoring']) retrieved from /opt/airflow/dags/6.1-monitoring.py
[2024-08-12 14:30:36,889] {logging_mixin.py:115} INFO - [2024-08-12 14:30:36,889] {dag.py:2420} INFO - Sync 1 DAGs
[2024-08-12 14:30:36,906] {logging_mixin.py:115} INFO - [2024-08-12 14:30:36,906] {dag.py:2972} INFO - Setting next_dagrun for 6.1-monitoring to 2024-06-05T00:00:00+00:00, run_after=2024-06-06T00:00:00+00:00
[2024-08-12 14:30:36,916] {processor.py:161} INFO - Processing /opt/airflow/dags/6.1-monitoring.py took 0.058 seconds
[2024-08-12 14:31:07,238] {processor.py:153} INFO - Started process (PID=895) to work on /opt/airflow/dags/6.1-monitoring.py
[2024-08-12 14:31:07,239] {processor.py:641} INFO - Processing file /opt/airflow/dags/6.1-monitoring.py for tasks to queue
[2024-08-12 14:31:07,239] {logging_mixin.py:115} INFO - [2024-08-12 14:31:07,239] {dagbag.py:508} INFO - Filling up the DagBag from /opt/airflow/dags/6.1-monitoring.py
[2024-08-12 14:31:07,252] {processor.py:651} INFO - DAG(s) dict_keys(['6.1-monitoring']) retrieved from /opt/airflow/dags/6.1-monitoring.py
[2024-08-12 14:31:07,271] {logging_mixin.py:115} INFO - [2024-08-12 14:31:07,271] {dag.py:2420} INFO - Sync 1 DAGs
[2024-08-12 14:31:07,286] {logging_mixin.py:115} INFO - [2024-08-12 14:31:07,286] {dag.py:2972} INFO - Setting next_dagrun for 6.1-monitoring to 2024-06-05T00:00:00+00:00, run_after=2024-06-06T00:00:00+00:00
[2024-08-12 14:31:07,295] {processor.py:161} INFO - Processing /opt/airflow/dags/6.1-monitoring.py took 0.059 seconds
[2024-08-12 14:31:37,635] {processor.py:153} INFO - Started process (PID=931) to work on /opt/airflow/dags/6.1-monitoring.py
[2024-08-12 14:31:37,635] {processor.py:641} INFO - Processing file /opt/airflow/dags/6.1-monitoring.py for tasks to queue
[2024-08-12 14:31:37,636] {logging_mixin.py:115} INFO - [2024-08-12 14:31:37,636] {dagbag.py:508} INFO - Filling up the DagBag from /opt/airflow/dags/6.1-monitoring.py
[2024-08-12 14:31:37,645] {processor.py:651} INFO - DAG(s) dict_keys(['6.1-monitoring']) retrieved from /opt/airflow/dags/6.1-monitoring.py
[2024-08-12 14:31:37,662] {logging_mixin.py:115} INFO - [2024-08-12 14:31:37,662] {dag.py:2420} INFO - Sync 1 DAGs
[2024-08-12 14:31:37,677] {logging_mixin.py:115} INFO - [2024-08-12 14:31:37,677] {dag.py:2972} INFO - Setting next_dagrun for 6.1-monitoring to 2024-06-05T00:00:00+00:00, run_after=2024-06-06T00:00:00+00:00
[2024-08-12 14:31:37,685] {processor.py:161} INFO - Processing /opt/airflow/dags/6.1-monitoring.py took 0.053 seconds
[2024-08-12 14:32:08,051] {processor.py:153} INFO - Started process (PID=966) to work on /opt/airflow/dags/6.1-monitoring.py
[2024-08-12 14:32:08,051] {processor.py:641} INFO - Processing file /opt/airflow/dags/6.1-monitoring.py for tasks to queue
[2024-08-12 14:32:08,052] {logging_mixin.py:115} INFO - [2024-08-12 14:32:08,052] {dagbag.py:508} INFO - Filling up the DagBag from /opt/airflow/dags/6.1-monitoring.py
[2024-08-12 14:32:08,060] {processor.py:651} INFO - DAG(s) dict_keys(['6.1-monitoring']) retrieved from /opt/airflow/dags/6.1-monitoring.py
[2024-08-12 14:32:08,077] {logging_mixin.py:115} INFO - [2024-08-12 14:32:08,077] {dag.py:2420} INFO - Sync 1 DAGs
[2024-08-12 14:32:08,092] {logging_mixin.py:115} INFO - [2024-08-12 14:32:08,091] {dag.py:2972} INFO - Setting next_dagrun for 6.1-monitoring to 2024-06-05T00:00:00+00:00, run_after=2024-06-06T00:00:00+00:00
[2024-08-12 14:32:08,100] {processor.py:161} INFO - Processing /opt/airflow/dags/6.1-monitoring.py took 0.052 seconds
[2024-08-12 14:32:38,444] {processor.py:153} INFO - Started process (PID=1001) to work on /opt/airflow/dags/6.1-monitoring.py
[2024-08-12 14:32:38,445] {processor.py:641} INFO - Processing file /opt/airflow/dags/6.1-monitoring.py for tasks to queue
[2024-08-12 14:32:38,445] {logging_mixin.py:115} INFO - [2024-08-12 14:32:38,445] {dagbag.py:508} INFO - Filling up the DagBag from /opt/airflow/dags/6.1-monitoring.py
[2024-08-12 14:32:38,455] {processor.py:651} INFO - DAG(s) dict_keys(['6.1-monitoring']) retrieved from /opt/airflow/dags/6.1-monitoring.py
[2024-08-12 14:32:38,472] {logging_mixin.py:115} INFO - [2024-08-12 14:32:38,472] {dag.py:2420} INFO - Sync 1 DAGs
[2024-08-12 14:32:38,487] {logging_mixin.py:115} INFO - [2024-08-12 14:32:38,487] {dag.py:2972} INFO - Setting next_dagrun for 6.1-monitoring to 2024-06-05T00:00:00+00:00, run_after=2024-06-06T00:00:00+00:00
[2024-08-12 14:32:38,517] {processor.py:161} INFO - Processing /opt/airflow/dags/6.1-monitoring.py took 0.077 seconds
[2024-08-12 14:33:08,904] {processor.py:153} INFO - Started process (PID=1037) to work on /opt/airflow/dags/6.1-monitoring.py
[2024-08-12 14:33:08,904] {processor.py:641} INFO - Processing file /opt/airflow/dags/6.1-monitoring.py for tasks to queue
[2024-08-12 14:33:08,905] {logging_mixin.py:115} INFO - [2024-08-12 14:33:08,905] {dagbag.py:508} INFO - Filling up the DagBag from /opt/airflow/dags/6.1-monitoring.py
[2024-08-12 14:33:08,914] {processor.py:651} INFO - DAG(s) dict_keys(['6.1-monitoring']) retrieved from /opt/airflow/dags/6.1-monitoring.py
[2024-08-12 14:33:08,932] {logging_mixin.py:115} INFO - [2024-08-12 14:33:08,931] {dag.py:2420} INFO - Sync 1 DAGs
[2024-08-12 14:33:08,948] {logging_mixin.py:115} INFO - [2024-08-12 14:33:08,947] {dag.py:2972} INFO - Setting next_dagrun for 6.1-monitoring to 2024-06-05T00:00:00+00:00, run_after=2024-06-06T00:00:00+00:00
[2024-08-12 14:33:08,956] {processor.py:161} INFO - Processing /opt/airflow/dags/6.1-monitoring.py took 0.056 seconds
[2024-08-12 14:33:39,302] {processor.py:153} INFO - Started process (PID=1064) to work on /opt/airflow/dags/6.1-monitoring.py
[2024-08-12 14:33:39,302] {processor.py:641} INFO - Processing file /opt/airflow/dags/6.1-monitoring.py for tasks to queue
[2024-08-12 14:33:39,302] {logging_mixin.py:115} INFO - [2024-08-12 14:33:39,302] {dagbag.py:508} INFO - Filling up the DagBag from /opt/airflow/dags/6.1-monitoring.py
[2024-08-12 14:33:39,311] {processor.py:651} INFO - DAG(s) dict_keys(['6.1-monitoring']) retrieved from /opt/airflow/dags/6.1-monitoring.py
[2024-08-12 14:33:39,327] {logging_mixin.py:115} INFO - [2024-08-12 14:33:39,327] {dag.py:2420} INFO - Sync 1 DAGs
[2024-08-12 14:33:39,342] {logging_mixin.py:115} INFO - [2024-08-12 14:33:39,342] {dag.py:2972} INFO - Setting next_dagrun for 6.1-monitoring to 2024-06-05T00:00:00+00:00, run_after=2024-06-06T00:00:00+00:00
[2024-08-12 14:33:39,352] {processor.py:161} INFO - Processing /opt/airflow/dags/6.1-monitoring.py took 0.052 seconds
[2024-08-12 14:34:09,707] {processor.py:153} INFO - Started process (PID=1099) to work on /opt/airflow/dags/6.1-monitoring.py
[2024-08-12 14:34:09,707] {processor.py:641} INFO - Processing file /opt/airflow/dags/6.1-monitoring.py for tasks to queue
[2024-08-12 14:34:09,708] {logging_mixin.py:115} INFO - [2024-08-12 14:34:09,708] {dagbag.py:508} INFO - Filling up the DagBag from /opt/airflow/dags/6.1-monitoring.py
[2024-08-12 14:34:09,715] {processor.py:651} INFO - DAG(s) dict_keys(['6.1-monitoring']) retrieved from /opt/airflow/dags/6.1-monitoring.py
[2024-08-12 14:34:09,732] {logging_mixin.py:115} INFO - [2024-08-12 14:34:09,732] {dag.py:2420} INFO - Sync 1 DAGs
[2024-08-12 14:34:09,748] {logging_mixin.py:115} INFO - [2024-08-12 14:34:09,747] {dag.py:2972} INFO - Setting next_dagrun for 6.1-monitoring to 2024-06-05T00:00:00+00:00, run_after=2024-06-06T00:00:00+00:00
[2024-08-12 14:34:09,777] {processor.py:161} INFO - Processing /opt/airflow/dags/6.1-monitoring.py took 0.074 seconds
[2024-08-12 14:34:40,133] {processor.py:153} INFO - Started process (PID=1134) to work on /opt/airflow/dags/6.1-monitoring.py
[2024-08-12 14:34:40,133] {processor.py:641} INFO - Processing file /opt/airflow/dags/6.1-monitoring.py for tasks to queue
[2024-08-12 14:34:40,134] {logging_mixin.py:115} INFO - [2024-08-12 14:34:40,134] {dagbag.py:508} INFO - Filling up the DagBag from /opt/airflow/dags/6.1-monitoring.py
[2024-08-12 14:34:40,143] {processor.py:651} INFO - DAG(s) dict_keys(['6.1-monitoring']) retrieved from /opt/airflow/dags/6.1-monitoring.py
[2024-08-12 14:34:40,161] {logging_mixin.py:115} INFO - [2024-08-12 14:34:40,160] {dag.py:2420} INFO - Sync 1 DAGs
[2024-08-12 14:34:40,177] {logging_mixin.py:115} INFO - [2024-08-12 14:34:40,177] {dag.py:2972} INFO - Setting next_dagrun for 6.1-monitoring to 2024-06-05T00:00:00+00:00, run_after=2024-06-06T00:00:00+00:00
[2024-08-12 14:34:40,186] {processor.py:161} INFO - Processing /opt/airflow/dags/6.1-monitoring.py took 0.055 seconds
[2024-08-12 14:35:10,529] {processor.py:153} INFO - Started process (PID=1170) to work on /opt/airflow/dags/6.1-monitoring.py
[2024-08-12 14:35:10,530] {processor.py:641} INFO - Processing file /opt/airflow/dags/6.1-monitoring.py for tasks to queue
[2024-08-12 14:35:10,530] {logging_mixin.py:115} INFO - [2024-08-12 14:35:10,530] {dagbag.py:508} INFO - Filling up the DagBag from /opt/airflow/dags/6.1-monitoring.py
[2024-08-12 14:35:10,539] {processor.py:651} INFO - DAG(s) dict_keys(['6.1-monitoring']) retrieved from /opt/airflow/dags/6.1-monitoring.py
[2024-08-12 14:35:10,555] {logging_mixin.py:115} INFO - [2024-08-12 14:35:10,555] {dag.py:2420} INFO - Sync 1 DAGs
[2024-08-12 14:35:10,571] {logging_mixin.py:115} INFO - [2024-08-12 14:35:10,571] {dag.py:2972} INFO - Setting next_dagrun for 6.1-monitoring to 2024-06-05T00:00:00+00:00, run_after=2024-06-06T00:00:00+00:00
[2024-08-12 14:35:10,582] {processor.py:161} INFO - Processing /opt/airflow/dags/6.1-monitoring.py took 0.055 seconds
[2024-08-12 14:35:40,915] {processor.py:153} INFO - Started process (PID=1206) to work on /opt/airflow/dags/6.1-monitoring.py
[2024-08-12 14:35:40,915] {processor.py:641} INFO - Processing file /opt/airflow/dags/6.1-monitoring.py for tasks to queue
[2024-08-12 14:35:40,915] {logging_mixin.py:115} INFO - [2024-08-12 14:35:40,915] {dagbag.py:508} INFO - Filling up the DagBag from /opt/airflow/dags/6.1-monitoring.py
[2024-08-12 14:35:40,923] {processor.py:651} INFO - DAG(s) dict_keys(['6.1-monitoring']) retrieved from /opt/airflow/dags/6.1-monitoring.py
[2024-08-12 14:35:40,940] {logging_mixin.py:115} INFO - [2024-08-12 14:35:40,940] {dag.py:2420} INFO - Sync 1 DAGs
[2024-08-12 14:35:40,955] {logging_mixin.py:115} INFO - [2024-08-12 14:35:40,955] {dag.py:2972} INFO - Setting next_dagrun for 6.1-monitoring to 2024-06-05T00:00:00+00:00, run_after=2024-06-06T00:00:00+00:00
[2024-08-12 14:35:40,964] {processor.py:161} INFO - Processing /opt/airflow/dags/6.1-monitoring.py took 0.052 seconds
[2024-08-12 14:36:11,295] {processor.py:153} INFO - Started process (PID=1242) to work on /opt/airflow/dags/6.1-monitoring.py
[2024-08-12 14:36:11,295] {processor.py:641} INFO - Processing file /opt/airflow/dags/6.1-monitoring.py for tasks to queue
[2024-08-12 14:36:11,296] {logging_mixin.py:115} INFO - [2024-08-12 14:36:11,296] {dagbag.py:508} INFO - Filling up the DagBag from /opt/airflow/dags/6.1-monitoring.py
[2024-08-12 14:36:11,304] {processor.py:651} INFO - DAG(s) dict_keys(['6.1-monitoring']) retrieved from /opt/airflow/dags/6.1-monitoring.py
[2024-08-12 14:36:11,319] {logging_mixin.py:115} INFO - [2024-08-12 14:36:11,319] {dag.py:2420} INFO - Sync 1 DAGs
[2024-08-12 14:36:11,334] {logging_mixin.py:115} INFO - [2024-08-12 14:36:11,334] {dag.py:2972} INFO - Setting next_dagrun for 6.1-monitoring to 2024-06-05T00:00:00+00:00, run_after=2024-06-06T00:00:00+00:00
[2024-08-12 14:36:11,342] {processor.py:161} INFO - Processing /opt/airflow/dags/6.1-monitoring.py took 0.049 seconds
[2024-08-12 14:36:41,687] {processor.py:153} INFO - Started process (PID=1269) to work on /opt/airflow/dags/6.1-monitoring.py
[2024-08-12 14:36:41,687] {processor.py:641} INFO - Processing file /opt/airflow/dags/6.1-monitoring.py for tasks to queue
[2024-08-12 14:36:41,688] {logging_mixin.py:115} INFO - [2024-08-12 14:36:41,688] {dagbag.py:508} INFO - Filling up the DagBag from /opt/airflow/dags/6.1-monitoring.py
[2024-08-12 14:36:41,696] {processor.py:651} INFO - DAG(s) dict_keys(['6.1-monitoring']) retrieved from /opt/airflow/dags/6.1-monitoring.py
[2024-08-12 14:36:41,714] {logging_mixin.py:115} INFO - [2024-08-12 14:36:41,713] {dag.py:2420} INFO - Sync 1 DAGs
[2024-08-12 14:36:41,729] {logging_mixin.py:115} INFO - [2024-08-12 14:36:41,729] {dag.py:2972} INFO - Setting next_dagrun for 6.1-monitoring to 2024-06-05T00:00:00+00:00, run_after=2024-06-06T00:00:00+00:00
[2024-08-12 14:36:41,737] {processor.py:161} INFO - Processing /opt/airflow/dags/6.1-monitoring.py took 0.053 seconds
[2024-08-12 14:37:12,091] {processor.py:153} INFO - Started process (PID=1304) to work on /opt/airflow/dags/6.1-monitoring.py
[2024-08-12 14:37:12,092] {processor.py:641} INFO - Processing file /opt/airflow/dags/6.1-monitoring.py for tasks to queue
[2024-08-12 14:37:12,092] {logging_mixin.py:115} INFO - [2024-08-12 14:37:12,092] {dagbag.py:508} INFO - Filling up the DagBag from /opt/airflow/dags/6.1-monitoring.py
[2024-08-12 14:37:12,102] {processor.py:651} INFO - DAG(s) dict_keys(['6.1-monitoring']) retrieved from /opt/airflow/dags/6.1-monitoring.py
[2024-08-12 14:37:12,119] {logging_mixin.py:115} INFO - [2024-08-12 14:37:12,119] {dag.py:2420} INFO - Sync 1 DAGs
[2024-08-12 14:37:12,142] {logging_mixin.py:115} INFO - [2024-08-12 14:37:12,142] {dag.py:2972} INFO - Setting next_dagrun for 6.1-monitoring to 2024-06-05T00:00:00+00:00, run_after=2024-06-06T00:00:00+00:00
[2024-08-12 14:37:12,157] {processor.py:161} INFO - Processing /opt/airflow/dags/6.1-monitoring.py took 0.068 seconds
[2024-08-12 14:37:42,483] {processor.py:153} INFO - Started process (PID=1340) to work on /opt/airflow/dags/6.1-monitoring.py
[2024-08-12 14:37:42,483] {processor.py:641} INFO - Processing file /opt/airflow/dags/6.1-monitoring.py for tasks to queue
[2024-08-12 14:37:42,484] {logging_mixin.py:115} INFO - [2024-08-12 14:37:42,484] {dagbag.py:508} INFO - Filling up the DagBag from /opt/airflow/dags/6.1-monitoring.py
[2024-08-12 14:37:42,493] {processor.py:651} INFO - DAG(s) dict_keys(['6.1-monitoring']) retrieved from /opt/airflow/dags/6.1-monitoring.py
[2024-08-12 14:37:42,509] {logging_mixin.py:115} INFO - [2024-08-12 14:37:42,508] {dag.py:2420} INFO - Sync 1 DAGs
[2024-08-12 14:37:42,524] {logging_mixin.py:115} INFO - [2024-08-12 14:37:42,523] {dag.py:2972} INFO - Setting next_dagrun for 6.1-monitoring to 2024-06-05T00:00:00+00:00, run_after=2024-06-06T00:00:00+00:00
[2024-08-12 14:37:42,534] {processor.py:161} INFO - Processing /opt/airflow/dags/6.1-monitoring.py took 0.054 seconds
