[2024-08-12 14:19:43,498] {processor.py:153} INFO - Started process (PID=125) to work on /opt/airflow/dags/6.2-monitoring.py
[2024-08-12 14:19:43,499] {processor.py:641} INFO - Processing file /opt/airflow/dags/6.2-monitoring.py for tasks to queue
[2024-08-12 14:19:43,499] {logging_mixin.py:115} INFO - [2024-08-12 14:19:43,499] {dagbag.py:508} INFO - Filling up the DagBag from /opt/airflow/dags/6.2-monitoring.py
[2024-08-12 14:19:43,507] {processor.py:651} INFO - DAG(s) dict_keys(['6.1-monitoring']) retrieved from /opt/airflow/dags/6.2-monitoring.py
[2024-08-12 14:19:43,544] {logging_mixin.py:115} INFO - [2024-08-12 14:19:43,544] {dag.py:2420} INFO - Sync 1 DAGs
[2024-08-12 14:19:43,556] {logging_mixin.py:115} INFO - [2024-08-12 14:19:43,556] {dag.py:2972} INFO - Setting next_dagrun for 6.1-monitoring to 2024-06-05T00:00:00+00:00, run_after=2024-06-06T00:00:00+00:00
[2024-08-12 14:19:43,567] {processor.py:161} INFO - Processing /opt/airflow/dags/6.2-monitoring.py took 0.071 seconds
[2024-08-12 14:19:48,535] {processor.py:153} INFO - Started process (PID=135) to work on /opt/airflow/dags/6.2-monitoring.py
[2024-08-12 14:19:48,536] {processor.py:641} INFO - Processing file /opt/airflow/dags/6.2-monitoring.py for tasks to queue
[2024-08-12 14:19:48,536] {logging_mixin.py:115} INFO - [2024-08-12 14:19:48,536] {dagbag.py:508} INFO - Filling up the DagBag from /opt/airflow/dags/6.2-monitoring.py
[2024-08-12 14:19:48,545] {processor.py:651} INFO - DAG(s) dict_keys(['6.2-monitoring']) retrieved from /opt/airflow/dags/6.2-monitoring.py
[2024-08-12 14:19:48,604] {logging_mixin.py:115} INFO - [2024-08-12 14:19:48,604] {manager.py:508} INFO - Created Permission View: can edit on DAG:6.2-monitoring
[2024-08-12 14:19:48,610] {logging_mixin.py:115} INFO - [2024-08-12 14:19:48,610] {manager.py:508} INFO - Created Permission View: can read on DAG:6.2-monitoring
[2024-08-12 14:19:48,615] {logging_mixin.py:115} INFO - [2024-08-12 14:19:48,615] {manager.py:508} INFO - Created Permission View: can delete on DAG:6.2-monitoring
[2024-08-12 14:19:48,616] {logging_mixin.py:115} INFO - [2024-08-12 14:19:48,616] {dag.py:2420} INFO - Sync 1 DAGs
[2024-08-12 14:19:48,621] {logging_mixin.py:115} INFO - [2024-08-12 14:19:48,621] {dag.py:2439} INFO - Creating ORM DAG for 6.2-monitoring
[2024-08-12 14:19:48,629] {logging_mixin.py:115} INFO - [2024-08-12 14:19:48,629] {dag.py:2972} INFO - Setting next_dagrun for 6.2-monitoring to 2024-05-10T00:00:00+00:00, run_after=2024-05-11T00:00:00+00:00
[2024-08-12 14:19:48,638] {processor.py:161} INFO - Processing /opt/airflow/dags/6.2-monitoring.py took 0.104 seconds
[2024-08-12 14:19:59,911] {processor.py:153} INFO - Started process (PID=153) to work on /opt/airflow/dags/6.2-monitoring.py
[2024-08-12 14:19:59,912] {processor.py:641} INFO - Processing file /opt/airflow/dags/6.2-monitoring.py for tasks to queue
[2024-08-12 14:19:59,912] {logging_mixin.py:115} INFO - [2024-08-12 14:19:59,912] {dagbag.py:508} INFO - Filling up the DagBag from /opt/airflow/dags/6.2-monitoring.py
[2024-08-12 14:19:59,921] {processor.py:651} INFO - DAG(s) dict_keys(['6.2-monitoring']) retrieved from /opt/airflow/dags/6.2-monitoring.py
[2024-08-12 14:19:59,932] {logging_mixin.py:115} INFO - [2024-08-12 14:19:59,932] {dag.py:2420} INFO - Sync 1 DAGs
[2024-08-12 14:19:59,947] {logging_mixin.py:115} INFO - [2024-08-12 14:19:59,946] {dag.py:2972} INFO - Setting next_dagrun for 6.2-monitoring to 2024-08-11T00:00:00+00:00, run_after=2024-08-12T00:00:00+00:00
[2024-08-12 14:19:59,957] {processor.py:161} INFO - Processing /opt/airflow/dags/6.2-monitoring.py took 0.048 seconds
[2024-08-12 14:20:30,315] {processor.py:153} INFO - Started process (PID=178) to work on /opt/airflow/dags/6.2-monitoring.py
[2024-08-12 14:20:30,315] {processor.py:641} INFO - Processing file /opt/airflow/dags/6.2-monitoring.py for tasks to queue
[2024-08-12 14:20:30,316] {logging_mixin.py:115} INFO - [2024-08-12 14:20:30,316] {dagbag.py:508} INFO - Filling up the DagBag from /opt/airflow/dags/6.2-monitoring.py
[2024-08-12 14:20:30,326] {processor.py:651} INFO - DAG(s) dict_keys(['6.2-monitoring']) retrieved from /opt/airflow/dags/6.2-monitoring.py
[2024-08-12 14:20:30,369] {logging_mixin.py:115} INFO - [2024-08-12 14:20:30,369] {dag.py:2420} INFO - Sync 1 DAGs
[2024-08-12 14:20:30,384] {logging_mixin.py:115} INFO - [2024-08-12 14:20:30,384] {dag.py:2972} INFO - Setting next_dagrun for 6.2-monitoring to 2024-08-11T00:00:00+00:00, run_after=2024-08-12T00:00:00+00:00
[2024-08-12 14:20:30,394] {processor.py:161} INFO - Processing /opt/airflow/dags/6.2-monitoring.py took 0.083 seconds
[2024-08-12 14:20:42,397] {processor.py:153} INFO - Started process (PID=197) to work on /opt/airflow/dags/6.2-monitoring.py
[2024-08-12 14:20:42,397] {processor.py:641} INFO - Processing file /opt/airflow/dags/6.2-monitoring.py for tasks to queue
[2024-08-12 14:20:42,398] {logging_mixin.py:115} INFO - [2024-08-12 14:20:42,398] {dagbag.py:508} INFO - Filling up the DagBag from /opt/airflow/dags/6.2-monitoring.py
[2024-08-12 14:20:42,406] {processor.py:651} INFO - DAG(s) dict_keys(['6.2-monitoring']) retrieved from /opt/airflow/dags/6.2-monitoring.py
[2024-08-12 14:20:42,413] {logging_mixin.py:115} INFO - [2024-08-12 14:20:42,413] {dag.py:2420} INFO - Sync 1 DAGs
[2024-08-12 14:20:42,428] {logging_mixin.py:115} INFO - [2024-08-12 14:20:42,428] {dag.py:2972} INFO - Setting next_dagrun for 6.2-monitoring to 2024-08-11T00:00:00+00:00, run_after=2024-08-12T00:00:00+00:00
[2024-08-12 14:20:42,436] {processor.py:161} INFO - Processing /opt/airflow/dags/6.2-monitoring.py took 0.041 seconds
[2024-08-12 14:21:12,775] {processor.py:153} INFO - Started process (PID=224) to work on /opt/airflow/dags/6.2-monitoring.py
[2024-08-12 14:21:12,775] {processor.py:641} INFO - Processing file /opt/airflow/dags/6.2-monitoring.py for tasks to queue
[2024-08-12 14:21:12,776] {logging_mixin.py:115} INFO - [2024-08-12 14:21:12,775] {dagbag.py:508} INFO - Filling up the DagBag from /opt/airflow/dags/6.2-monitoring.py
[2024-08-12 14:21:12,784] {processor.py:651} INFO - DAG(s) dict_keys(['6.2-monitoring']) retrieved from /opt/airflow/dags/6.2-monitoring.py
[2024-08-12 14:21:12,799] {logging_mixin.py:115} INFO - [2024-08-12 14:21:12,799] {dag.py:2420} INFO - Sync 1 DAGs
[2024-08-12 14:21:12,814] {logging_mixin.py:115} INFO - [2024-08-12 14:21:12,814] {dag.py:2972} INFO - Setting next_dagrun for 6.2-monitoring to 2024-08-11T00:00:00+00:00, run_after=2024-08-12T00:00:00+00:00
[2024-08-12 14:21:12,822] {processor.py:161} INFO - Processing /opt/airflow/dags/6.2-monitoring.py took 0.049 seconds
[2024-08-12 14:21:43,189] {processor.py:153} INFO - Started process (PID=260) to work on /opt/airflow/dags/6.2-monitoring.py
[2024-08-12 14:21:43,189] {processor.py:641} INFO - Processing file /opt/airflow/dags/6.2-monitoring.py for tasks to queue
[2024-08-12 14:21:43,190] {logging_mixin.py:115} INFO - [2024-08-12 14:21:43,190] {dagbag.py:508} INFO - Filling up the DagBag from /opt/airflow/dags/6.2-monitoring.py
[2024-08-12 14:21:43,198] {processor.py:651} INFO - DAG(s) dict_keys(['6.2-monitoring']) retrieved from /opt/airflow/dags/6.2-monitoring.py
[2024-08-12 14:21:43,214] {logging_mixin.py:115} INFO - [2024-08-12 14:21:43,213] {dag.py:2420} INFO - Sync 1 DAGs
[2024-08-12 14:21:43,228] {logging_mixin.py:115} INFO - [2024-08-12 14:21:43,228] {dag.py:2972} INFO - Setting next_dagrun for 6.2-monitoring to 2024-08-11T00:00:00+00:00, run_after=2024-08-12T00:00:00+00:00
[2024-08-12 14:21:43,236] {processor.py:161} INFO - Processing /opt/airflow/dags/6.2-monitoring.py took 0.049 seconds
[2024-08-12 14:22:13,543] {processor.py:153} INFO - Started process (PID=296) to work on /opt/airflow/dags/6.2-monitoring.py
[2024-08-12 14:22:13,544] {processor.py:641} INFO - Processing file /opt/airflow/dags/6.2-monitoring.py for tasks to queue
[2024-08-12 14:22:13,544] {logging_mixin.py:115} INFO - [2024-08-12 14:22:13,544] {dagbag.py:508} INFO - Filling up the DagBag from /opt/airflow/dags/6.2-monitoring.py
[2024-08-12 14:22:13,552] {processor.py:651} INFO - DAG(s) dict_keys(['6.2-monitoring']) retrieved from /opt/airflow/dags/6.2-monitoring.py
[2024-08-12 14:22:13,568] {logging_mixin.py:115} INFO - [2024-08-12 14:22:13,568] {dag.py:2420} INFO - Sync 1 DAGs
[2024-08-12 14:22:13,582] {logging_mixin.py:115} INFO - [2024-08-12 14:22:13,582] {dag.py:2972} INFO - Setting next_dagrun for 6.2-monitoring to 2024-08-11T00:00:00+00:00, run_after=2024-08-12T00:00:00+00:00
[2024-08-12 14:22:13,590] {processor.py:161} INFO - Processing /opt/airflow/dags/6.2-monitoring.py took 0.049 seconds
[2024-08-12 14:22:20,601] {processor.py:153} INFO - Started process (PID=306) to work on /opt/airflow/dags/6.2-monitoring.py
[2024-08-12 14:22:20,601] {processor.py:641} INFO - Processing file /opt/airflow/dags/6.2-monitoring.py for tasks to queue
[2024-08-12 14:22:20,601] {logging_mixin.py:115} INFO - [2024-08-12 14:22:20,601] {dagbag.py:508} INFO - Filling up the DagBag from /opt/airflow/dags/6.2-monitoring.py
[2024-08-12 14:22:20,612] {processor.py:651} INFO - DAG(s) dict_keys(['6.2-monitoring']) retrieved from /opt/airflow/dags/6.2-monitoring.py
[2024-08-12 14:22:20,653] {logging_mixin.py:115} INFO - [2024-08-12 14:22:20,653] {dag.py:2420} INFO - Sync 1 DAGs
[2024-08-12 14:22:20,667] {logging_mixin.py:115} INFO - [2024-08-12 14:22:20,667] {dag.py:2972} INFO - Setting next_dagrun for 6.2-monitoring to 2024-08-11T00:00:00+00:00, run_after=2024-08-12T00:00:00+00:00
[2024-08-12 14:22:20,681] {processor.py:161} INFO - Processing /opt/airflow/dags/6.2-monitoring.py took 0.083 seconds
[2024-08-12 14:22:35,911] {processor.py:153} INFO - Started process (PID=324) to work on /opt/airflow/dags/6.2-monitoring.py
[2024-08-12 14:22:35,912] {processor.py:641} INFO - Processing file /opt/airflow/dags/6.2-monitoring.py for tasks to queue
[2024-08-12 14:22:35,913] {logging_mixin.py:115} INFO - [2024-08-12 14:22:35,913] {dagbag.py:508} INFO - Filling up the DagBag from /opt/airflow/dags/6.2-monitoring.py
[2024-08-12 14:22:35,922] {processor.py:651} INFO - DAG(s) dict_keys(['6.2-monitoring']) retrieved from /opt/airflow/dags/6.2-monitoring.py
[2024-08-12 14:22:35,930] {logging_mixin.py:115} INFO - [2024-08-12 14:22:35,930] {dag.py:2420} INFO - Sync 1 DAGs
[2024-08-12 14:22:35,945] {logging_mixin.py:115} INFO - [2024-08-12 14:22:35,945] {dag.py:2972} INFO - Setting next_dagrun for 6.2-monitoring to 2024-08-11T00:00:00+00:00, run_after=2024-08-12T00:00:00+00:00
[2024-08-12 14:22:35,955] {processor.py:161} INFO - Processing /opt/airflow/dags/6.2-monitoring.py took 0.045 seconds
[2024-08-12 14:22:45,959] {processor.py:153} INFO - Started process (PID=334) to work on /opt/airflow/dags/6.2-monitoring.py
[2024-08-12 14:22:45,959] {processor.py:641} INFO - Processing file /opt/airflow/dags/6.2-monitoring.py for tasks to queue
[2024-08-12 14:22:45,959] {logging_mixin.py:115} INFO - [2024-08-12 14:22:45,959] {dagbag.py:508} INFO - Filling up the DagBag from /opt/airflow/dags/6.2-monitoring.py
[2024-08-12 14:22:45,971] {processor.py:651} INFO - DAG(s) dict_keys(['6.2-monitoring']) retrieved from /opt/airflow/dags/6.2-monitoring.py
[2024-08-12 14:22:45,980] {logging_mixin.py:115} INFO - [2024-08-12 14:22:45,980] {dag.py:2420} INFO - Sync 1 DAGs
[2024-08-12 14:22:45,996] {logging_mixin.py:115} INFO - [2024-08-12 14:22:45,996] {dag.py:2972} INFO - Setting next_dagrun for 6.2-monitoring to 2024-08-11T00:00:00+00:00, run_after=2024-08-12T00:00:00+00:00
[2024-08-12 14:22:46,005] {processor.py:161} INFO - Processing /opt/airflow/dags/6.2-monitoring.py took 0.049 seconds
[2024-08-12 14:22:54,013] {processor.py:153} INFO - Started process (PID=344) to work on /opt/airflow/dags/6.2-monitoring.py
[2024-08-12 14:22:54,013] {processor.py:641} INFO - Processing file /opt/airflow/dags/6.2-monitoring.py for tasks to queue
[2024-08-12 14:22:54,014] {logging_mixin.py:115} INFO - [2024-08-12 14:22:54,014] {dagbag.py:508} INFO - Filling up the DagBag from /opt/airflow/dags/6.2-monitoring.py
[2024-08-12 14:22:54,024] {processor.py:651} INFO - DAG(s) dict_keys(['6.2-monitoring']) retrieved from /opt/airflow/dags/6.2-monitoring.py
[2024-08-12 14:22:54,064] {logging_mixin.py:115} INFO - [2024-08-12 14:22:54,064] {dag.py:2420} INFO - Sync 1 DAGs
[2024-08-12 14:22:54,079] {logging_mixin.py:115} INFO - [2024-08-12 14:22:54,079] {dag.py:2972} INFO - Setting next_dagrun for 6.2-monitoring to 2024-08-11T00:00:00+00:00, run_after=2024-08-12T00:00:00+00:00
[2024-08-12 14:22:54,091] {processor.py:161} INFO - Processing /opt/airflow/dags/6.2-monitoring.py took 0.080 seconds
[2024-08-12 14:23:24,379] {processor.py:153} INFO - Started process (PID=380) to work on /opt/airflow/dags/6.2-monitoring.py
[2024-08-12 14:23:24,379] {processor.py:641} INFO - Processing file /opt/airflow/dags/6.2-monitoring.py for tasks to queue
[2024-08-12 14:23:24,380] {logging_mixin.py:115} INFO - [2024-08-12 14:23:24,380] {dagbag.py:508} INFO - Filling up the DagBag from /opt/airflow/dags/6.2-monitoring.py
[2024-08-12 14:23:24,387] {processor.py:651} INFO - DAG(s) dict_keys(['6.2-monitoring']) retrieved from /opt/airflow/dags/6.2-monitoring.py
[2024-08-12 14:23:24,402] {logging_mixin.py:115} INFO - [2024-08-12 14:23:24,402] {dag.py:2420} INFO - Sync 1 DAGs
[2024-08-12 14:23:24,415] {logging_mixin.py:115} INFO - [2024-08-12 14:23:24,415] {dag.py:2972} INFO - Setting next_dagrun for 6.2-monitoring to 2024-08-11T00:00:00+00:00, run_after=2024-08-12T00:00:00+00:00
[2024-08-12 14:23:24,423] {processor.py:161} INFO - Processing /opt/airflow/dags/6.2-monitoring.py took 0.047 seconds
[2024-08-12 14:23:54,745] {processor.py:153} INFO - Started process (PID=407) to work on /opt/airflow/dags/6.2-monitoring.py
[2024-08-12 14:23:54,745] {processor.py:641} INFO - Processing file /opt/airflow/dags/6.2-monitoring.py for tasks to queue
[2024-08-12 14:23:54,746] {logging_mixin.py:115} INFO - [2024-08-12 14:23:54,746] {dagbag.py:508} INFO - Filling up the DagBag from /opt/airflow/dags/6.2-monitoring.py
[2024-08-12 14:23:54,753] {processor.py:651} INFO - DAG(s) dict_keys(['6.2-monitoring']) retrieved from /opt/airflow/dags/6.2-monitoring.py
[2024-08-12 14:23:54,769] {logging_mixin.py:115} INFO - [2024-08-12 14:23:54,769] {dag.py:2420} INFO - Sync 1 DAGs
[2024-08-12 14:23:54,782] {logging_mixin.py:115} INFO - [2024-08-12 14:23:54,782] {dag.py:2972} INFO - Setting next_dagrun for 6.2-monitoring to 2024-08-11T00:00:00+00:00, run_after=2024-08-12T00:00:00+00:00
[2024-08-12 14:23:54,790] {processor.py:161} INFO - Processing /opt/airflow/dags/6.2-monitoring.py took 0.047 seconds
[2024-08-12 14:24:25,119] {processor.py:153} INFO - Started process (PID=442) to work on /opt/airflow/dags/6.2-monitoring.py
[2024-08-12 14:24:25,119] {processor.py:641} INFO - Processing file /opt/airflow/dags/6.2-monitoring.py for tasks to queue
[2024-08-12 14:24:25,120] {logging_mixin.py:115} INFO - [2024-08-12 14:24:25,120] {dagbag.py:508} INFO - Filling up the DagBag from /opt/airflow/dags/6.2-monitoring.py
[2024-08-12 14:24:25,129] {processor.py:651} INFO - DAG(s) dict_keys(['6.2-monitoring']) retrieved from /opt/airflow/dags/6.2-monitoring.py
[2024-08-12 14:24:25,144] {logging_mixin.py:115} INFO - [2024-08-12 14:24:25,144] {dag.py:2420} INFO - Sync 1 DAGs
[2024-08-12 14:24:25,158] {logging_mixin.py:115} INFO - [2024-08-12 14:24:25,158] {dag.py:2972} INFO - Setting next_dagrun for 6.2-monitoring to 2024-08-11T00:00:00+00:00, run_after=2024-08-12T00:00:00+00:00
[2024-08-12 14:24:25,165] {processor.py:161} INFO - Processing /opt/airflow/dags/6.2-monitoring.py took 0.049 seconds
[2024-08-12 14:24:55,510] {processor.py:153} INFO - Started process (PID=478) to work on /opt/airflow/dags/6.2-monitoring.py
[2024-08-12 14:24:55,510] {processor.py:641} INFO - Processing file /opt/airflow/dags/6.2-monitoring.py for tasks to queue
[2024-08-12 14:24:55,511] {logging_mixin.py:115} INFO - [2024-08-12 14:24:55,511] {dagbag.py:508} INFO - Filling up the DagBag from /opt/airflow/dags/6.2-monitoring.py
[2024-08-12 14:24:55,519] {processor.py:651} INFO - DAG(s) dict_keys(['6.2-monitoring']) retrieved from /opt/airflow/dags/6.2-monitoring.py
[2024-08-12 14:24:55,533] {logging_mixin.py:115} INFO - [2024-08-12 14:24:55,533] {dag.py:2420} INFO - Sync 1 DAGs
[2024-08-12 14:24:55,547] {logging_mixin.py:115} INFO - [2024-08-12 14:24:55,547] {dag.py:2972} INFO - Setting next_dagrun for 6.2-monitoring to 2024-08-11T00:00:00+00:00, run_after=2024-08-12T00:00:00+00:00
[2024-08-12 14:24:55,555] {processor.py:161} INFO - Processing /opt/airflow/dags/6.2-monitoring.py took 0.047 seconds
[2024-08-12 14:25:25,857] {processor.py:153} INFO - Started process (PID=514) to work on /opt/airflow/dags/6.2-monitoring.py
[2024-08-12 14:25:25,858] {processor.py:641} INFO - Processing file /opt/airflow/dags/6.2-monitoring.py for tasks to queue
[2024-08-12 14:25:25,859] {logging_mixin.py:115} INFO - [2024-08-12 14:25:25,858] {dagbag.py:508} INFO - Filling up the DagBag from /opt/airflow/dags/6.2-monitoring.py
[2024-08-12 14:25:25,871] {processor.py:651} INFO - DAG(s) dict_keys(['6.2-monitoring']) retrieved from /opt/airflow/dags/6.2-monitoring.py
[2024-08-12 14:25:25,888] {logging_mixin.py:115} INFO - [2024-08-12 14:25:25,887] {dag.py:2420} INFO - Sync 1 DAGs
[2024-08-12 14:25:25,903] {logging_mixin.py:115} INFO - [2024-08-12 14:25:25,903] {dag.py:2972} INFO - Setting next_dagrun for 6.2-monitoring to 2024-08-11T00:00:00+00:00, run_after=2024-08-12T00:00:00+00:00
[2024-08-12 14:25:25,916] {processor.py:161} INFO - Processing /opt/airflow/dags/6.2-monitoring.py took 0.061 seconds
[2024-08-12 14:25:55,239] {processor.py:153} INFO - Started process (PID=550) to work on /opt/airflow/dags/6.2-monitoring.py
[2024-08-12 14:25:55,240] {processor.py:641} INFO - Processing file /opt/airflow/dags/6.2-monitoring.py for tasks to queue
[2024-08-12 14:25:55,240] {logging_mixin.py:115} INFO - [2024-08-12 14:25:55,240] {dagbag.py:508} INFO - Filling up the DagBag from /opt/airflow/dags/6.2-monitoring.py
[2024-08-12 14:25:55,248] {processor.py:651} INFO - DAG(s) dict_keys(['6.2-monitoring']) retrieved from /opt/airflow/dags/6.2-monitoring.py
[2024-08-12 14:25:55,288] {logging_mixin.py:115} INFO - [2024-08-12 14:25:55,288] {dag.py:2420} INFO - Sync 1 DAGs
[2024-08-12 14:25:55,301] {logging_mixin.py:115} INFO - [2024-08-12 14:25:55,301] {dag.py:2972} INFO - Setting next_dagrun for 6.2-monitoring to 2024-08-11T00:00:00+00:00, run_after=2024-08-12T00:00:00+00:00
[2024-08-12 14:25:55,311] {processor.py:161} INFO - Processing /opt/airflow/dags/6.2-monitoring.py took 0.075 seconds
[2024-08-12 14:26:03,277] {processor.py:153} INFO - Started process (PID=551) to work on /opt/airflow/dags/6.2-monitoring.py
[2024-08-12 14:26:03,277] {processor.py:641} INFO - Processing file /opt/airflow/dags/6.2-monitoring.py for tasks to queue
[2024-08-12 14:26:03,278] {logging_mixin.py:115} INFO - [2024-08-12 14:26:03,278] {dagbag.py:508} INFO - Filling up the DagBag from /opt/airflow/dags/6.2-monitoring.py
[2024-08-12 14:26:03,286] {processor.py:651} INFO - DAG(s) dict_keys(['6.2-monitoring']) retrieved from /opt/airflow/dags/6.2-monitoring.py
[2024-08-12 14:26:03,296] {logging_mixin.py:115} INFO - [2024-08-12 14:26:03,295] {dag.py:2420} INFO - Sync 1 DAGs
[2024-08-12 14:26:03,311] {logging_mixin.py:115} INFO - [2024-08-12 14:26:03,311] {dag.py:2972} INFO - Setting next_dagrun for 6.2-monitoring to 2024-08-11T00:00:00+00:00, run_after=2024-08-12T00:00:00+00:00
[2024-08-12 14:26:03,320] {processor.py:161} INFO - Processing /opt/airflow/dags/6.2-monitoring.py took 0.045 seconds
[2024-08-12 14:26:08,524] {processor.py:153} INFO - Started process (PID=569) to work on /opt/airflow/dags/6.2-monitoring.py
[2024-08-12 14:26:08,525] {processor.py:641} INFO - Processing file /opt/airflow/dags/6.2-monitoring.py for tasks to queue
[2024-08-12 14:26:08,525] {logging_mixin.py:115} INFO - [2024-08-12 14:26:08,525] {dagbag.py:508} INFO - Filling up the DagBag from /opt/airflow/dags/6.2-monitoring.py
[2024-08-12 14:26:08,535] {processor.py:651} INFO - DAG(s) dict_keys(['6.2-monitoring']) retrieved from /opt/airflow/dags/6.2-monitoring.py
[2024-08-12 14:26:08,545] {logging_mixin.py:115} INFO - [2024-08-12 14:26:08,545] {dag.py:2420} INFO - Sync 1 DAGs
[2024-08-12 14:26:08,559] {logging_mixin.py:115} INFO - [2024-08-12 14:26:08,559] {dag.py:2972} INFO - Setting next_dagrun for 6.2-monitoring to 2024-08-11T00:00:00+00:00, run_after=2024-08-12T00:00:00+00:00
[2024-08-12 14:26:08,568] {processor.py:161} INFO - Processing /opt/airflow/dags/6.2-monitoring.py took 0.046 seconds
[2024-08-12 14:26:13,569] {processor.py:153} INFO - Started process (PID=570) to work on /opt/airflow/dags/6.2-monitoring.py
[2024-08-12 14:26:13,569] {processor.py:641} INFO - Processing file /opt/airflow/dags/6.2-monitoring.py for tasks to queue
[2024-08-12 14:26:13,570] {logging_mixin.py:115} INFO - [2024-08-12 14:26:13,570] {dagbag.py:508} INFO - Filling up the DagBag from /opt/airflow/dags/6.2-monitoring.py
[2024-08-12 14:26:13,580] {processor.py:651} INFO - DAG(s) dict_keys(['6.2-monitoring']) retrieved from /opt/airflow/dags/6.2-monitoring.py
[2024-08-12 14:26:13,588] {logging_mixin.py:115} INFO - [2024-08-12 14:26:13,588] {dag.py:2420} INFO - Sync 1 DAGs
[2024-08-12 14:26:13,603] {logging_mixin.py:115} INFO - [2024-08-12 14:26:13,603] {dag.py:2972} INFO - Setting next_dagrun for 6.2-monitoring to 2024-08-11T00:00:00+00:00, run_after=2024-08-12T00:00:00+00:00
[2024-08-12 14:26:13,613] {processor.py:161} INFO - Processing /opt/airflow/dags/6.2-monitoring.py took 0.047 seconds
[2024-08-12 14:26:43,905] {processor.py:153} INFO - Started process (PID=606) to work on /opt/airflow/dags/6.2-monitoring.py
[2024-08-12 14:26:43,905] {processor.py:641} INFO - Processing file /opt/airflow/dags/6.2-monitoring.py for tasks to queue
[2024-08-12 14:26:43,906] {logging_mixin.py:115} INFO - [2024-08-12 14:26:43,905] {dagbag.py:508} INFO - Filling up the DagBag from /opt/airflow/dags/6.2-monitoring.py
[2024-08-12 14:26:43,913] {processor.py:651} INFO - DAG(s) dict_keys(['6.2-monitoring']) retrieved from /opt/airflow/dags/6.2-monitoring.py
[2024-08-12 14:26:43,950] {logging_mixin.py:115} INFO - [2024-08-12 14:26:43,950] {dag.py:2420} INFO - Sync 1 DAGs
[2024-08-12 14:26:43,962] {logging_mixin.py:115} INFO - [2024-08-12 14:26:43,962] {dag.py:2972} INFO - Setting next_dagrun for 6.2-monitoring to 2024-08-11T00:00:00+00:00, run_after=2024-08-12T00:00:00+00:00
[2024-08-12 14:26:43,972] {processor.py:161} INFO - Processing /opt/airflow/dags/6.2-monitoring.py took 0.069 seconds
[2024-08-12 14:27:14,331] {processor.py:153} INFO - Started process (PID=642) to work on /opt/airflow/dags/6.2-monitoring.py
[2024-08-12 14:27:14,331] {processor.py:641} INFO - Processing file /opt/airflow/dags/6.2-monitoring.py for tasks to queue
[2024-08-12 14:27:14,332] {logging_mixin.py:115} INFO - [2024-08-12 14:27:14,332] {dagbag.py:508} INFO - Filling up the DagBag from /opt/airflow/dags/6.2-monitoring.py
[2024-08-12 14:27:14,341] {processor.py:651} INFO - DAG(s) dict_keys(['6.2-monitoring']) retrieved from /opt/airflow/dags/6.2-monitoring.py
[2024-08-12 14:27:14,384] {logging_mixin.py:115} INFO - [2024-08-12 14:27:14,384] {dag.py:2420} INFO - Sync 1 DAGs
[2024-08-12 14:27:14,397] {logging_mixin.py:115} INFO - [2024-08-12 14:27:14,397] {dag.py:2972} INFO - Setting next_dagrun for 6.2-monitoring to 2024-08-11T00:00:00+00:00, run_after=2024-08-12T00:00:00+00:00
[2024-08-12 14:27:14,409] {processor.py:161} INFO - Processing /opt/airflow/dags/6.2-monitoring.py took 0.080 seconds
[2024-08-12 14:27:44,810] {processor.py:153} INFO - Started process (PID=678) to work on /opt/airflow/dags/6.2-monitoring.py
[2024-08-12 14:27:44,810] {processor.py:641} INFO - Processing file /opt/airflow/dags/6.2-monitoring.py for tasks to queue
[2024-08-12 14:27:44,810] {logging_mixin.py:115} INFO - [2024-08-12 14:27:44,810] {dagbag.py:508} INFO - Filling up the DagBag from /opt/airflow/dags/6.2-monitoring.py
[2024-08-12 14:27:44,818] {processor.py:651} INFO - DAG(s) dict_keys(['6.2-monitoring']) retrieved from /opt/airflow/dags/6.2-monitoring.py
[2024-08-12 14:27:44,834] {logging_mixin.py:115} INFO - [2024-08-12 14:27:44,834] {dag.py:2420} INFO - Sync 1 DAGs
[2024-08-12 14:27:44,849] {logging_mixin.py:115} INFO - [2024-08-12 14:27:44,849] {dag.py:2972} INFO - Setting next_dagrun for 6.2-monitoring to 2024-08-11T00:00:00+00:00, run_after=2024-08-12T00:00:00+00:00
[2024-08-12 14:27:44,858] {processor.py:161} INFO - Processing /opt/airflow/dags/6.2-monitoring.py took 0.050 seconds
[2024-08-12 14:28:15,234] {processor.py:153} INFO - Started process (PID=705) to work on /opt/airflow/dags/6.2-monitoring.py
[2024-08-12 14:28:15,235] {processor.py:641} INFO - Processing file /opt/airflow/dags/6.2-monitoring.py for tasks to queue
[2024-08-12 14:28:15,236] {logging_mixin.py:115} INFO - [2024-08-12 14:28:15,236] {dagbag.py:508} INFO - Filling up the DagBag from /opt/airflow/dags/6.2-monitoring.py
[2024-08-12 14:28:15,250] {processor.py:651} INFO - DAG(s) dict_keys(['6.2-monitoring']) retrieved from /opt/airflow/dags/6.2-monitoring.py
[2024-08-12 14:28:15,272] {logging_mixin.py:115} INFO - [2024-08-12 14:28:15,272] {dag.py:2420} INFO - Sync 1 DAGs
[2024-08-12 14:28:15,293] {logging_mixin.py:115} INFO - [2024-08-12 14:28:15,293] {dag.py:2972} INFO - Setting next_dagrun for 6.2-monitoring to 2024-08-11T00:00:00+00:00, run_after=2024-08-12T00:00:00+00:00
[2024-08-12 14:28:15,302] {processor.py:161} INFO - Processing /opt/airflow/dags/6.2-monitoring.py took 0.071 seconds
[2024-08-12 14:28:45,608] {processor.py:153} INFO - Started process (PID=741) to work on /opt/airflow/dags/6.2-monitoring.py
[2024-08-12 14:28:45,608] {processor.py:641} INFO - Processing file /opt/airflow/dags/6.2-monitoring.py for tasks to queue
[2024-08-12 14:28:45,608] {logging_mixin.py:115} INFO - [2024-08-12 14:28:45,608] {dagbag.py:508} INFO - Filling up the DagBag from /opt/airflow/dags/6.2-monitoring.py
[2024-08-12 14:28:45,616] {processor.py:651} INFO - DAG(s) dict_keys(['6.2-monitoring']) retrieved from /opt/airflow/dags/6.2-monitoring.py
[2024-08-12 14:28:45,633] {logging_mixin.py:115} INFO - [2024-08-12 14:28:45,633] {dag.py:2420} INFO - Sync 1 DAGs
[2024-08-12 14:28:45,647] {logging_mixin.py:115} INFO - [2024-08-12 14:28:45,647] {dag.py:2972} INFO - Setting next_dagrun for 6.2-monitoring to 2024-08-11T00:00:00+00:00, run_after=2024-08-12T00:00:00+00:00
[2024-08-12 14:28:45,654] {processor.py:161} INFO - Processing /opt/airflow/dags/6.2-monitoring.py took 0.049 seconds
[2024-08-12 14:29:16,010] {processor.py:153} INFO - Started process (PID=777) to work on /opt/airflow/dags/6.2-monitoring.py
[2024-08-12 14:29:16,011] {processor.py:641} INFO - Processing file /opt/airflow/dags/6.2-monitoring.py for tasks to queue
[2024-08-12 14:29:16,011] {logging_mixin.py:115} INFO - [2024-08-12 14:29:16,011] {dagbag.py:508} INFO - Filling up the DagBag from /opt/airflow/dags/6.2-monitoring.py
[2024-08-12 14:29:16,018] {processor.py:651} INFO - DAG(s) dict_keys(['6.2-monitoring']) retrieved from /opt/airflow/dags/6.2-monitoring.py
[2024-08-12 14:29:16,035] {logging_mixin.py:115} INFO - [2024-08-12 14:29:16,035] {dag.py:2420} INFO - Sync 1 DAGs
[2024-08-12 14:29:16,050] {logging_mixin.py:115} INFO - [2024-08-12 14:29:16,050] {dag.py:2972} INFO - Setting next_dagrun for 6.2-monitoring to 2024-08-11T00:00:00+00:00, run_after=2024-08-12T00:00:00+00:00
[2024-08-12 14:29:16,059] {processor.py:161} INFO - Processing /opt/airflow/dags/6.2-monitoring.py took 0.050 seconds
[2024-08-12 14:29:46,381] {processor.py:153} INFO - Started process (PID=813) to work on /opt/airflow/dags/6.2-monitoring.py
[2024-08-12 14:29:46,382] {processor.py:641} INFO - Processing file /opt/airflow/dags/6.2-monitoring.py for tasks to queue
[2024-08-12 14:29:46,382] {logging_mixin.py:115} INFO - [2024-08-12 14:29:46,382] {dagbag.py:508} INFO - Filling up the DagBag from /opt/airflow/dags/6.2-monitoring.py
[2024-08-12 14:29:46,390] {processor.py:651} INFO - DAG(s) dict_keys(['6.2-monitoring']) retrieved from /opt/airflow/dags/6.2-monitoring.py
[2024-08-12 14:29:46,406] {logging_mixin.py:115} INFO - [2024-08-12 14:29:46,406] {dag.py:2420} INFO - Sync 1 DAGs
[2024-08-12 14:29:46,420] {logging_mixin.py:115} INFO - [2024-08-12 14:29:46,420] {dag.py:2972} INFO - Setting next_dagrun for 6.2-monitoring to 2024-08-11T00:00:00+00:00, run_after=2024-08-12T00:00:00+00:00
[2024-08-12 14:29:46,429] {processor.py:161} INFO - Processing /opt/airflow/dags/6.2-monitoring.py took 0.050 seconds
[2024-08-12 14:30:16,761] {processor.py:153} INFO - Started process (PID=849) to work on /opt/airflow/dags/6.2-monitoring.py
[2024-08-12 14:30:16,762] {processor.py:641} INFO - Processing file /opt/airflow/dags/6.2-monitoring.py for tasks to queue
[2024-08-12 14:30:16,762] {logging_mixin.py:115} INFO - [2024-08-12 14:30:16,762] {dagbag.py:508} INFO - Filling up the DagBag from /opt/airflow/dags/6.2-monitoring.py
[2024-08-12 14:30:16,770] {processor.py:651} INFO - DAG(s) dict_keys(['6.2-monitoring']) retrieved from /opt/airflow/dags/6.2-monitoring.py
[2024-08-12 14:30:16,786] {logging_mixin.py:115} INFO - [2024-08-12 14:30:16,786] {dag.py:2420} INFO - Sync 1 DAGs
[2024-08-12 14:30:16,802] {logging_mixin.py:115} INFO - [2024-08-12 14:30:16,802] {dag.py:2972} INFO - Setting next_dagrun for 6.2-monitoring to 2024-08-11T00:00:00+00:00, run_after=2024-08-12T00:00:00+00:00
[2024-08-12 14:30:16,824] {processor.py:161} INFO - Processing /opt/airflow/dags/6.2-monitoring.py took 0.065 seconds
[2024-08-12 14:30:47,148] {processor.py:153} INFO - Started process (PID=885) to work on /opt/airflow/dags/6.2-monitoring.py
[2024-08-12 14:30:47,149] {processor.py:641} INFO - Processing file /opt/airflow/dags/6.2-monitoring.py for tasks to queue
[2024-08-12 14:30:47,149] {logging_mixin.py:115} INFO - [2024-08-12 14:30:47,149] {dagbag.py:508} INFO - Filling up the DagBag from /opt/airflow/dags/6.2-monitoring.py
[2024-08-12 14:30:47,159] {processor.py:651} INFO - DAG(s) dict_keys(['6.2-monitoring']) retrieved from /opt/airflow/dags/6.2-monitoring.py
[2024-08-12 14:30:47,174] {logging_mixin.py:115} INFO - [2024-08-12 14:30:47,174] {dag.py:2420} INFO - Sync 1 DAGs
[2024-08-12 14:30:47,189] {logging_mixin.py:115} INFO - [2024-08-12 14:30:47,189] {dag.py:2972} INFO - Setting next_dagrun for 6.2-monitoring to 2024-08-11T00:00:00+00:00, run_after=2024-08-12T00:00:00+00:00
[2024-08-12 14:30:47,197] {processor.py:161} INFO - Processing /opt/airflow/dags/6.2-monitoring.py took 0.053 seconds
[2024-08-12 14:31:17,523] {processor.py:153} INFO - Started process (PID=912) to work on /opt/airflow/dags/6.2-monitoring.py
[2024-08-12 14:31:17,523] {processor.py:641} INFO - Processing file /opt/airflow/dags/6.2-monitoring.py for tasks to queue
[2024-08-12 14:31:17,524] {logging_mixin.py:115} INFO - [2024-08-12 14:31:17,524] {dagbag.py:508} INFO - Filling up the DagBag from /opt/airflow/dags/6.2-monitoring.py
[2024-08-12 14:31:17,532] {processor.py:651} INFO - DAG(s) dict_keys(['6.2-monitoring']) retrieved from /opt/airflow/dags/6.2-monitoring.py
[2024-08-12 14:31:17,548] {logging_mixin.py:115} INFO - [2024-08-12 14:31:17,548] {dag.py:2420} INFO - Sync 1 DAGs
[2024-08-12 14:31:17,564] {logging_mixin.py:115} INFO - [2024-08-12 14:31:17,563] {dag.py:2972} INFO - Setting next_dagrun for 6.2-monitoring to 2024-08-11T00:00:00+00:00, run_after=2024-08-12T00:00:00+00:00
[2024-08-12 14:31:17,573] {processor.py:161} INFO - Processing /opt/airflow/dags/6.2-monitoring.py took 0.053 seconds
[2024-08-12 14:31:47,964] {processor.py:153} INFO - Started process (PID=948) to work on /opt/airflow/dags/6.2-monitoring.py
[2024-08-12 14:31:47,965] {processor.py:641} INFO - Processing file /opt/airflow/dags/6.2-monitoring.py for tasks to queue
[2024-08-12 14:31:47,965] {logging_mixin.py:115} INFO - [2024-08-12 14:31:47,965] {dagbag.py:508} INFO - Filling up the DagBag from /opt/airflow/dags/6.2-monitoring.py
[2024-08-12 14:31:47,972] {processor.py:651} INFO - DAG(s) dict_keys(['6.2-monitoring']) retrieved from /opt/airflow/dags/6.2-monitoring.py
[2024-08-12 14:31:47,990] {logging_mixin.py:115} INFO - [2024-08-12 14:31:47,990] {dag.py:2420} INFO - Sync 1 DAGs
[2024-08-12 14:31:48,005] {logging_mixin.py:115} INFO - [2024-08-12 14:31:48,005] {dag.py:2972} INFO - Setting next_dagrun for 6.2-monitoring to 2024-08-11T00:00:00+00:00, run_after=2024-08-12T00:00:00+00:00
[2024-08-12 14:31:48,014] {processor.py:161} INFO - Processing /opt/airflow/dags/6.2-monitoring.py took 0.052 seconds
[2024-08-12 14:32:18,333] {processor.py:153} INFO - Started process (PID=983) to work on /opt/airflow/dags/6.2-monitoring.py
[2024-08-12 14:32:18,333] {processor.py:641} INFO - Processing file /opt/airflow/dags/6.2-monitoring.py for tasks to queue
[2024-08-12 14:32:18,334] {logging_mixin.py:115} INFO - [2024-08-12 14:32:18,334] {dagbag.py:508} INFO - Filling up the DagBag from /opt/airflow/dags/6.2-monitoring.py
[2024-08-12 14:32:18,341] {processor.py:651} INFO - DAG(s) dict_keys(['6.2-monitoring']) retrieved from /opt/airflow/dags/6.2-monitoring.py
[2024-08-12 14:32:18,358] {logging_mixin.py:115} INFO - [2024-08-12 14:32:18,358] {dag.py:2420} INFO - Sync 1 DAGs
[2024-08-12 14:32:18,371] {logging_mixin.py:115} INFO - [2024-08-12 14:32:18,371] {dag.py:2972} INFO - Setting next_dagrun for 6.2-monitoring to 2024-08-11T00:00:00+00:00, run_after=2024-08-12T00:00:00+00:00
[2024-08-12 14:32:18,380] {processor.py:161} INFO - Processing /opt/airflow/dags/6.2-monitoring.py took 0.050 seconds
[2024-08-12 14:32:48,796] {processor.py:153} INFO - Started process (PID=1018) to work on /opt/airflow/dags/6.2-monitoring.py
[2024-08-12 14:32:48,796] {processor.py:641} INFO - Processing file /opt/airflow/dags/6.2-monitoring.py for tasks to queue
[2024-08-12 14:32:48,797] {logging_mixin.py:115} INFO - [2024-08-12 14:32:48,796] {dagbag.py:508} INFO - Filling up the DagBag from /opt/airflow/dags/6.2-monitoring.py
[2024-08-12 14:32:48,805] {processor.py:651} INFO - DAG(s) dict_keys(['6.2-monitoring']) retrieved from /opt/airflow/dags/6.2-monitoring.py
[2024-08-12 14:32:48,820] {logging_mixin.py:115} INFO - [2024-08-12 14:32:48,820] {dag.py:2420} INFO - Sync 1 DAGs
[2024-08-12 14:32:48,835] {logging_mixin.py:115} INFO - [2024-08-12 14:32:48,834] {dag.py:2972} INFO - Setting next_dagrun for 6.2-monitoring to 2024-08-11T00:00:00+00:00, run_after=2024-08-12T00:00:00+00:00
[2024-08-12 14:32:48,842] {processor.py:161} INFO - Processing /opt/airflow/dags/6.2-monitoring.py took 0.049 seconds
[2024-08-12 14:33:19,182] {processor.py:153} INFO - Started process (PID=1054) to work on /opt/airflow/dags/6.2-monitoring.py
[2024-08-12 14:33:19,182] {processor.py:641} INFO - Processing file /opt/airflow/dags/6.2-monitoring.py for tasks to queue
[2024-08-12 14:33:19,183] {logging_mixin.py:115} INFO - [2024-08-12 14:33:19,183] {dagbag.py:508} INFO - Filling up the DagBag from /opt/airflow/dags/6.2-monitoring.py
[2024-08-12 14:33:19,190] {processor.py:651} INFO - DAG(s) dict_keys(['6.2-monitoring']) retrieved from /opt/airflow/dags/6.2-monitoring.py
[2024-08-12 14:33:19,206] {logging_mixin.py:115} INFO - [2024-08-12 14:33:19,206] {dag.py:2420} INFO - Sync 1 DAGs
[2024-08-12 14:33:19,223] {logging_mixin.py:115} INFO - [2024-08-12 14:33:19,223] {dag.py:2972} INFO - Setting next_dagrun for 6.2-monitoring to 2024-08-11T00:00:00+00:00, run_after=2024-08-12T00:00:00+00:00
[2024-08-12 14:33:19,232] {processor.py:161} INFO - Processing /opt/airflow/dags/6.2-monitoring.py took 0.053 seconds
[2024-08-12 14:33:49,601] {processor.py:153} INFO - Started process (PID=1080) to work on /opt/airflow/dags/6.2-monitoring.py
[2024-08-12 14:33:49,601] {processor.py:641} INFO - Processing file /opt/airflow/dags/6.2-monitoring.py for tasks to queue
[2024-08-12 14:33:49,602] {logging_mixin.py:115} INFO - [2024-08-12 14:33:49,602] {dagbag.py:508} INFO - Filling up the DagBag from /opt/airflow/dags/6.2-monitoring.py
[2024-08-12 14:33:49,610] {processor.py:651} INFO - DAG(s) dict_keys(['6.2-monitoring']) retrieved from /opt/airflow/dags/6.2-monitoring.py
[2024-08-12 14:33:49,626] {logging_mixin.py:115} INFO - [2024-08-12 14:33:49,626] {dag.py:2420} INFO - Sync 1 DAGs
[2024-08-12 14:33:49,641] {logging_mixin.py:115} INFO - [2024-08-12 14:33:49,641] {dag.py:2972} INFO - Setting next_dagrun for 6.2-monitoring to 2024-08-11T00:00:00+00:00, run_after=2024-08-12T00:00:00+00:00
[2024-08-12 14:33:49,663] {processor.py:161} INFO - Processing /opt/airflow/dags/6.2-monitoring.py took 0.064 seconds
[2024-08-12 14:34:20,034] {processor.py:153} INFO - Started process (PID=1115) to work on /opt/airflow/dags/6.2-monitoring.py
[2024-08-12 14:34:20,034] {processor.py:641} INFO - Processing file /opt/airflow/dags/6.2-monitoring.py for tasks to queue
[2024-08-12 14:34:20,034] {logging_mixin.py:115} INFO - [2024-08-12 14:34:20,034] {dagbag.py:508} INFO - Filling up the DagBag from /opt/airflow/dags/6.2-monitoring.py
[2024-08-12 14:34:20,042] {processor.py:651} INFO - DAG(s) dict_keys(['6.2-monitoring']) retrieved from /opt/airflow/dags/6.2-monitoring.py
[2024-08-12 14:34:20,057] {logging_mixin.py:115} INFO - [2024-08-12 14:34:20,057] {dag.py:2420} INFO - Sync 1 DAGs
[2024-08-12 14:34:20,070] {logging_mixin.py:115} INFO - [2024-08-12 14:34:20,070] {dag.py:2972} INFO - Setting next_dagrun for 6.2-monitoring to 2024-08-11T00:00:00+00:00, run_after=2024-08-12T00:00:00+00:00
[2024-08-12 14:34:20,078] {processor.py:161} INFO - Processing /opt/airflow/dags/6.2-monitoring.py took 0.046 seconds
[2024-08-12 14:34:50,417] {processor.py:153} INFO - Started process (PID=1151) to work on /opt/airflow/dags/6.2-monitoring.py
[2024-08-12 14:34:50,418] {processor.py:641} INFO - Processing file /opt/airflow/dags/6.2-monitoring.py for tasks to queue
[2024-08-12 14:34:50,418] {logging_mixin.py:115} INFO - [2024-08-12 14:34:50,418] {dagbag.py:508} INFO - Filling up the DagBag from /opt/airflow/dags/6.2-monitoring.py
[2024-08-12 14:34:50,426] {processor.py:651} INFO - DAG(s) dict_keys(['6.2-monitoring']) retrieved from /opt/airflow/dags/6.2-monitoring.py
[2024-08-12 14:34:50,442] {logging_mixin.py:115} INFO - [2024-08-12 14:34:50,442] {dag.py:2420} INFO - Sync 1 DAGs
[2024-08-12 14:34:50,456] {logging_mixin.py:115} INFO - [2024-08-12 14:34:50,456] {dag.py:2972} INFO - Setting next_dagrun for 6.2-monitoring to 2024-08-11T00:00:00+00:00, run_after=2024-08-12T00:00:00+00:00
[2024-08-12 14:34:50,465] {processor.py:161} INFO - Processing /opt/airflow/dags/6.2-monitoring.py took 0.049 seconds
[2024-08-12 14:35:20,810] {processor.py:153} INFO - Started process (PID=1187) to work on /opt/airflow/dags/6.2-monitoring.py
[2024-08-12 14:35:20,810] {processor.py:641} INFO - Processing file /opt/airflow/dags/6.2-monitoring.py for tasks to queue
[2024-08-12 14:35:20,811] {logging_mixin.py:115} INFO - [2024-08-12 14:35:20,811] {dagbag.py:508} INFO - Filling up the DagBag from /opt/airflow/dags/6.2-monitoring.py
[2024-08-12 14:35:20,819] {processor.py:651} INFO - DAG(s) dict_keys(['6.2-monitoring']) retrieved from /opt/airflow/dags/6.2-monitoring.py
[2024-08-12 14:35:20,834] {logging_mixin.py:115} INFO - [2024-08-12 14:35:20,834] {dag.py:2420} INFO - Sync 1 DAGs
[2024-08-12 14:35:20,848] {logging_mixin.py:115} INFO - [2024-08-12 14:35:20,848] {dag.py:2972} INFO - Setting next_dagrun for 6.2-monitoring to 2024-08-11T00:00:00+00:00, run_after=2024-08-12T00:00:00+00:00
[2024-08-12 14:35:20,857] {processor.py:161} INFO - Processing /opt/airflow/dags/6.2-monitoring.py took 0.049 seconds
[2024-08-12 14:35:51,183] {processor.py:153} INFO - Started process (PID=1223) to work on /opt/airflow/dags/6.2-monitoring.py
[2024-08-12 14:35:51,183] {processor.py:641} INFO - Processing file /opt/airflow/dags/6.2-monitoring.py for tasks to queue
[2024-08-12 14:35:51,184] {logging_mixin.py:115} INFO - [2024-08-12 14:35:51,184] {dagbag.py:508} INFO - Filling up the DagBag from /opt/airflow/dags/6.2-monitoring.py
[2024-08-12 14:35:51,192] {processor.py:651} INFO - DAG(s) dict_keys(['6.2-monitoring']) retrieved from /opt/airflow/dags/6.2-monitoring.py
[2024-08-12 14:35:51,207] {logging_mixin.py:115} INFO - [2024-08-12 14:35:51,207] {dag.py:2420} INFO - Sync 1 DAGs
[2024-08-12 14:35:51,221] {logging_mixin.py:115} INFO - [2024-08-12 14:35:51,221] {dag.py:2972} INFO - Setting next_dagrun for 6.2-monitoring to 2024-08-11T00:00:00+00:00, run_after=2024-08-12T00:00:00+00:00
[2024-08-12 14:35:51,228] {processor.py:161} INFO - Processing /opt/airflow/dags/6.2-monitoring.py took 0.048 seconds
[2024-08-12 14:36:21,569] {processor.py:153} INFO - Started process (PID=1250) to work on /opt/airflow/dags/6.2-monitoring.py
[2024-08-12 14:36:21,569] {processor.py:641} INFO - Processing file /opt/airflow/dags/6.2-monitoring.py for tasks to queue
[2024-08-12 14:36:21,570] {logging_mixin.py:115} INFO - [2024-08-12 14:36:21,570] {dagbag.py:508} INFO - Filling up the DagBag from /opt/airflow/dags/6.2-monitoring.py
[2024-08-12 14:36:21,577] {processor.py:651} INFO - DAG(s) dict_keys(['6.2-monitoring']) retrieved from /opt/airflow/dags/6.2-monitoring.py
[2024-08-12 14:36:21,592] {logging_mixin.py:115} INFO - [2024-08-12 14:36:21,592] {dag.py:2420} INFO - Sync 1 DAGs
[2024-08-12 14:36:21,607] {logging_mixin.py:115} INFO - [2024-08-12 14:36:21,606] {dag.py:2972} INFO - Setting next_dagrun for 6.2-monitoring to 2024-08-11T00:00:00+00:00, run_after=2024-08-12T00:00:00+00:00
[2024-08-12 14:36:21,614] {processor.py:161} INFO - Processing /opt/airflow/dags/6.2-monitoring.py took 0.047 seconds
[2024-08-12 14:36:51,992] {processor.py:153} INFO - Started process (PID=1286) to work on /opt/airflow/dags/6.2-monitoring.py
[2024-08-12 14:36:51,993] {processor.py:641} INFO - Processing file /opt/airflow/dags/6.2-monitoring.py for tasks to queue
[2024-08-12 14:36:51,993] {logging_mixin.py:115} INFO - [2024-08-12 14:36:51,993] {dagbag.py:508} INFO - Filling up the DagBag from /opt/airflow/dags/6.2-monitoring.py
[2024-08-12 14:36:52,001] {processor.py:651} INFO - DAG(s) dict_keys(['6.2-monitoring']) retrieved from /opt/airflow/dags/6.2-monitoring.py
[2024-08-12 14:36:52,018] {logging_mixin.py:115} INFO - [2024-08-12 14:36:52,017] {dag.py:2420} INFO - Sync 1 DAGs
[2024-08-12 14:36:52,032] {logging_mixin.py:115} INFO - [2024-08-12 14:36:52,032] {dag.py:2972} INFO - Setting next_dagrun for 6.2-monitoring to 2024-08-11T00:00:00+00:00, run_after=2024-08-12T00:00:00+00:00
[2024-08-12 14:36:52,041] {processor.py:161} INFO - Processing /opt/airflow/dags/6.2-monitoring.py took 0.051 seconds
[2024-08-12 14:37:22,380] {processor.py:153} INFO - Started process (PID=1321) to work on /opt/airflow/dags/6.2-monitoring.py
[2024-08-12 14:37:22,381] {processor.py:641} INFO - Processing file /opt/airflow/dags/6.2-monitoring.py for tasks to queue
[2024-08-12 14:37:22,381] {logging_mixin.py:115} INFO - [2024-08-12 14:37:22,381] {dagbag.py:508} INFO - Filling up the DagBag from /opt/airflow/dags/6.2-monitoring.py
[2024-08-12 14:37:22,388] {processor.py:651} INFO - DAG(s) dict_keys(['6.2-monitoring']) retrieved from /opt/airflow/dags/6.2-monitoring.py
[2024-08-12 14:37:22,404] {logging_mixin.py:115} INFO - [2024-08-12 14:37:22,404] {dag.py:2420} INFO - Sync 1 DAGs
[2024-08-12 14:37:22,417] {logging_mixin.py:115} INFO - [2024-08-12 14:37:22,417] {dag.py:2972} INFO - Setting next_dagrun for 6.2-monitoring to 2024-08-11T00:00:00+00:00, run_after=2024-08-12T00:00:00+00:00
[2024-08-12 14:37:22,424] {processor.py:161} INFO - Processing /opt/airflow/dags/6.2-monitoring.py took 0.046 seconds
[2024-08-12 14:37:52,765] {processor.py:153} INFO - Started process (PID=1357) to work on /opt/airflow/dags/6.2-monitoring.py
[2024-08-12 14:37:52,766] {processor.py:641} INFO - Processing file /opt/airflow/dags/6.2-monitoring.py for tasks to queue
[2024-08-12 14:37:52,766] {logging_mixin.py:115} INFO - [2024-08-12 14:37:52,766] {dagbag.py:508} INFO - Filling up the DagBag from /opt/airflow/dags/6.2-monitoring.py
[2024-08-12 14:37:52,773] {processor.py:651} INFO - DAG(s) dict_keys(['6.2-monitoring']) retrieved from /opt/airflow/dags/6.2-monitoring.py
[2024-08-12 14:37:52,790] {logging_mixin.py:115} INFO - [2024-08-12 14:37:52,790] {dag.py:2420} INFO - Sync 1 DAGs
[2024-08-12 14:37:52,804] {logging_mixin.py:115} INFO - [2024-08-12 14:37:52,804] {dag.py:2972} INFO - Setting next_dagrun for 6.2-monitoring to 2024-08-11T00:00:00+00:00, run_after=2024-08-12T00:00:00+00:00
[2024-08-12 14:37:52,812] {processor.py:161} INFO - Processing /opt/airflow/dags/6.2-monitoring.py took 0.050 seconds
[2024-08-12 14:38:23,136] {processor.py:153} INFO - Started process (PID=1393) to work on /opt/airflow/dags/6.2-monitoring.py
[2024-08-12 14:38:23,137] {processor.py:641} INFO - Processing file /opt/airflow/dags/6.2-monitoring.py for tasks to queue
[2024-08-12 14:38:23,137] {logging_mixin.py:115} INFO - [2024-08-12 14:38:23,137] {dagbag.py:508} INFO - Filling up the DagBag from /opt/airflow/dags/6.2-monitoring.py
[2024-08-12 14:38:23,145] {processor.py:651} INFO - DAG(s) dict_keys(['6.2-monitoring']) retrieved from /opt/airflow/dags/6.2-monitoring.py
[2024-08-12 14:38:23,161] {logging_mixin.py:115} INFO - [2024-08-12 14:38:23,161] {dag.py:2420} INFO - Sync 1 DAGs
[2024-08-12 14:38:23,174] {logging_mixin.py:115} INFO - [2024-08-12 14:38:23,174] {dag.py:2972} INFO - Setting next_dagrun for 6.2-monitoring to 2024-08-11T00:00:00+00:00, run_after=2024-08-12T00:00:00+00:00
[2024-08-12 14:38:23,182] {processor.py:161} INFO - Processing /opt/airflow/dags/6.2-monitoring.py took 0.047 seconds
[2024-08-12 14:38:53,539] {processor.py:153} INFO - Started process (PID=1429) to work on /opt/airflow/dags/6.2-monitoring.py
[2024-08-12 14:38:53,539] {processor.py:641} INFO - Processing file /opt/airflow/dags/6.2-monitoring.py for tasks to queue
[2024-08-12 14:38:53,540] {logging_mixin.py:115} INFO - [2024-08-12 14:38:53,540] {dagbag.py:508} INFO - Filling up the DagBag from /opt/airflow/dags/6.2-monitoring.py
[2024-08-12 14:38:53,548] {processor.py:651} INFO - DAG(s) dict_keys(['6.2-monitoring']) retrieved from /opt/airflow/dags/6.2-monitoring.py
[2024-08-12 14:38:53,567] {logging_mixin.py:115} INFO - [2024-08-12 14:38:53,567] {dag.py:2420} INFO - Sync 1 DAGs
[2024-08-12 14:38:53,586] {logging_mixin.py:115} INFO - [2024-08-12 14:38:53,586] {dag.py:2972} INFO - Setting next_dagrun for 6.2-monitoring to 2024-08-11T00:00:00+00:00, run_after=2024-08-12T00:00:00+00:00
[2024-08-12 14:38:53,596] {processor.py:161} INFO - Processing /opt/airflow/dags/6.2-monitoring.py took 0.060 seconds
[2024-08-12 14:39:23,912] {processor.py:153} INFO - Started process (PID=1456) to work on /opt/airflow/dags/6.2-monitoring.py
[2024-08-12 14:39:23,912] {processor.py:641} INFO - Processing file /opt/airflow/dags/6.2-monitoring.py for tasks to queue
[2024-08-12 14:39:23,913] {logging_mixin.py:115} INFO - [2024-08-12 14:39:23,913] {dagbag.py:508} INFO - Filling up the DagBag from /opt/airflow/dags/6.2-monitoring.py
[2024-08-12 14:39:23,922] {processor.py:651} INFO - DAG(s) dict_keys(['6.2-monitoring']) retrieved from /opt/airflow/dags/6.2-monitoring.py
[2024-08-12 14:39:23,940] {logging_mixin.py:115} INFO - [2024-08-12 14:39:23,940] {dag.py:2420} INFO - Sync 1 DAGs
[2024-08-12 14:39:23,957] {logging_mixin.py:115} INFO - [2024-08-12 14:39:23,957] {dag.py:2972} INFO - Setting next_dagrun for 6.2-monitoring to 2024-08-11T00:00:00+00:00, run_after=2024-08-12T00:00:00+00:00
[2024-08-12 14:39:23,966] {processor.py:161} INFO - Processing /opt/airflow/dags/6.2-monitoring.py took 0.057 seconds
[2024-08-12 14:39:54,298] {processor.py:153} INFO - Started process (PID=1493) to work on /opt/airflow/dags/6.2-monitoring.py
[2024-08-12 14:39:54,298] {processor.py:641} INFO - Processing file /opt/airflow/dags/6.2-monitoring.py for tasks to queue
[2024-08-12 14:39:54,299] {logging_mixin.py:115} INFO - [2024-08-12 14:39:54,299] {dagbag.py:508} INFO - Filling up the DagBag from /opt/airflow/dags/6.2-monitoring.py
[2024-08-12 14:39:54,307] {processor.py:651} INFO - DAG(s) dict_keys(['6.2-monitoring']) retrieved from /opt/airflow/dags/6.2-monitoring.py
[2024-08-12 14:39:54,323] {logging_mixin.py:115} INFO - [2024-08-12 14:39:54,323] {dag.py:2420} INFO - Sync 1 DAGs
[2024-08-12 14:39:54,337] {logging_mixin.py:115} INFO - [2024-08-12 14:39:54,337] {dag.py:2972} INFO - Setting next_dagrun for 6.2-monitoring to 2024-08-11T00:00:00+00:00, run_after=2024-08-12T00:00:00+00:00
[2024-08-12 14:39:54,345] {processor.py:161} INFO - Processing /opt/airflow/dags/6.2-monitoring.py took 0.051 seconds
[2024-08-12 14:40:24,696] {processor.py:153} INFO - Started process (PID=1530) to work on /opt/airflow/dags/6.2-monitoring.py
[2024-08-12 14:40:24,697] {processor.py:641} INFO - Processing file /opt/airflow/dags/6.2-monitoring.py for tasks to queue
[2024-08-12 14:40:24,697] {logging_mixin.py:115} INFO - [2024-08-12 14:40:24,697] {dagbag.py:508} INFO - Filling up the DagBag from /opt/airflow/dags/6.2-monitoring.py
[2024-08-12 14:40:24,705] {processor.py:651} INFO - DAG(s) dict_keys(['6.2-monitoring']) retrieved from /opt/airflow/dags/6.2-monitoring.py
[2024-08-12 14:40:24,723] {logging_mixin.py:115} INFO - [2024-08-12 14:40:24,723] {dag.py:2420} INFO - Sync 1 DAGs
[2024-08-12 14:40:24,739] {logging_mixin.py:115} INFO - [2024-08-12 14:40:24,739] {dag.py:2972} INFO - Setting next_dagrun for 6.2-monitoring to 2024-08-11T00:00:00+00:00, run_after=2024-08-12T00:00:00+00:00
[2024-08-12 14:40:24,769] {processor.py:161} INFO - Processing /opt/airflow/dags/6.2-monitoring.py took 0.075 seconds
[2024-08-12 14:40:55,135] {processor.py:153} INFO - Started process (PID=1567) to work on /opt/airflow/dags/6.2-monitoring.py
[2024-08-12 14:40:55,136] {processor.py:641} INFO - Processing file /opt/airflow/dags/6.2-monitoring.py for tasks to queue
[2024-08-12 14:40:55,136] {logging_mixin.py:115} INFO - [2024-08-12 14:40:55,136] {dagbag.py:508} INFO - Filling up the DagBag from /opt/airflow/dags/6.2-monitoring.py
[2024-08-12 14:40:55,144] {processor.py:651} INFO - DAG(s) dict_keys(['6.2-monitoring']) retrieved from /opt/airflow/dags/6.2-monitoring.py
[2024-08-12 14:40:55,162] {logging_mixin.py:115} INFO - [2024-08-12 14:40:55,162] {dag.py:2420} INFO - Sync 1 DAGs
[2024-08-12 14:40:55,181] {logging_mixin.py:115} INFO - [2024-08-12 14:40:55,181] {dag.py:2972} INFO - Setting next_dagrun for 6.2-monitoring to 2024-08-11T00:00:00+00:00, run_after=2024-08-12T00:00:00+00:00
[2024-08-12 14:40:55,190] {processor.py:161} INFO - Processing /opt/airflow/dags/6.2-monitoring.py took 0.057 seconds
[2024-08-12 14:41:25,583] {processor.py:153} INFO - Started process (PID=1604) to work on /opt/airflow/dags/6.2-monitoring.py
[2024-08-12 14:41:25,583] {processor.py:641} INFO - Processing file /opt/airflow/dags/6.2-monitoring.py for tasks to queue
[2024-08-12 14:41:25,583] {logging_mixin.py:115} INFO - [2024-08-12 14:41:25,583] {dagbag.py:508} INFO - Filling up the DagBag from /opt/airflow/dags/6.2-monitoring.py
[2024-08-12 14:41:25,591] {processor.py:651} INFO - DAG(s) dict_keys(['6.2-monitoring']) retrieved from /opt/airflow/dags/6.2-monitoring.py
[2024-08-12 14:41:25,608] {logging_mixin.py:115} INFO - [2024-08-12 14:41:25,608] {dag.py:2420} INFO - Sync 1 DAGs
[2024-08-12 14:41:25,622] {logging_mixin.py:115} INFO - [2024-08-12 14:41:25,622] {dag.py:2972} INFO - Setting next_dagrun for 6.2-monitoring to 2024-08-11T00:00:00+00:00, run_after=2024-08-12T00:00:00+00:00
[2024-08-12 14:41:25,630] {processor.py:161} INFO - Processing /opt/airflow/dags/6.2-monitoring.py took 0.051 seconds
[2024-08-12 14:41:56,078] {processor.py:153} INFO - Started process (PID=1634) to work on /opt/airflow/dags/6.2-monitoring.py
[2024-08-12 14:41:56,079] {processor.py:641} INFO - Processing file /opt/airflow/dags/6.2-monitoring.py for tasks to queue
[2024-08-12 14:41:56,080] {logging_mixin.py:115} INFO - [2024-08-12 14:41:56,079] {dagbag.py:508} INFO - Filling up the DagBag from /opt/airflow/dags/6.2-monitoring.py
[2024-08-12 14:41:56,090] {processor.py:651} INFO - DAG(s) dict_keys(['6.2-monitoring']) retrieved from /opt/airflow/dags/6.2-monitoring.py
[2024-08-12 14:41:56,110] {logging_mixin.py:115} INFO - [2024-08-12 14:41:56,110] {dag.py:2420} INFO - Sync 1 DAGs
[2024-08-12 14:41:56,125] {logging_mixin.py:115} INFO - [2024-08-12 14:41:56,125] {dag.py:2972} INFO - Setting next_dagrun for 6.2-monitoring to 2024-08-11T00:00:00+00:00, run_after=2024-08-12T00:00:00+00:00
[2024-08-12 14:41:56,133] {processor.py:161} INFO - Processing /opt/airflow/dags/6.2-monitoring.py took 0.058 seconds
[2024-08-12 14:42:26,566] {processor.py:153} INFO - Started process (PID=1672) to work on /opt/airflow/dags/6.2-monitoring.py
[2024-08-12 14:42:26,567] {processor.py:641} INFO - Processing file /opt/airflow/dags/6.2-monitoring.py for tasks to queue
[2024-08-12 14:42:26,567] {logging_mixin.py:115} INFO - [2024-08-12 14:42:26,567] {dagbag.py:508} INFO - Filling up the DagBag from /opt/airflow/dags/6.2-monitoring.py
[2024-08-12 14:42:26,575] {processor.py:651} INFO - DAG(s) dict_keys(['6.2-monitoring']) retrieved from /opt/airflow/dags/6.2-monitoring.py
[2024-08-12 14:42:26,590] {logging_mixin.py:115} INFO - [2024-08-12 14:42:26,590] {dag.py:2420} INFO - Sync 1 DAGs
[2024-08-12 14:42:26,603] {logging_mixin.py:115} INFO - [2024-08-12 14:42:26,603] {dag.py:2972} INFO - Setting next_dagrun for 6.2-monitoring to 2024-08-11T00:00:00+00:00, run_after=2024-08-12T00:00:00+00:00
[2024-08-12 14:42:26,612] {processor.py:161} INFO - Processing /opt/airflow/dags/6.2-monitoring.py took 0.047 seconds
[2024-08-12 14:42:57,014] {processor.py:153} INFO - Started process (PID=1711) to work on /opt/airflow/dags/6.2-monitoring.py
[2024-08-12 14:42:57,014] {processor.py:641} INFO - Processing file /opt/airflow/dags/6.2-monitoring.py for tasks to queue
[2024-08-12 14:42:57,015] {logging_mixin.py:115} INFO - [2024-08-12 14:42:57,014] {dagbag.py:508} INFO - Filling up the DagBag from /opt/airflow/dags/6.2-monitoring.py
[2024-08-12 14:42:57,024] {processor.py:651} INFO - DAG(s) dict_keys(['6.2-monitoring']) retrieved from /opt/airflow/dags/6.2-monitoring.py
[2024-08-12 14:42:57,041] {logging_mixin.py:115} INFO - [2024-08-12 14:42:57,041] {dag.py:2420} INFO - Sync 1 DAGs
[2024-08-12 14:42:57,058] {logging_mixin.py:115} INFO - [2024-08-12 14:42:57,057] {dag.py:2972} INFO - Setting next_dagrun for 6.2-monitoring to 2024-08-11T00:00:00+00:00, run_after=2024-08-12T00:00:00+00:00
[2024-08-12 14:42:57,066] {processor.py:161} INFO - Processing /opt/airflow/dags/6.2-monitoring.py took 0.055 seconds
[2024-08-12 14:43:27,506] {processor.py:153} INFO - Started process (PID=1748) to work on /opt/airflow/dags/6.2-monitoring.py
[2024-08-12 14:43:27,506] {processor.py:641} INFO - Processing file /opt/airflow/dags/6.2-monitoring.py for tasks to queue
[2024-08-12 14:43:27,507] {logging_mixin.py:115} INFO - [2024-08-12 14:43:27,507] {dagbag.py:508} INFO - Filling up the DagBag from /opt/airflow/dags/6.2-monitoring.py
[2024-08-12 14:43:27,514] {processor.py:651} INFO - DAG(s) dict_keys(['6.2-monitoring']) retrieved from /opt/airflow/dags/6.2-monitoring.py
[2024-08-12 14:43:27,531] {logging_mixin.py:115} INFO - [2024-08-12 14:43:27,530] {dag.py:2420} INFO - Sync 1 DAGs
[2024-08-12 14:43:27,545] {logging_mixin.py:115} INFO - [2024-08-12 14:43:27,544] {dag.py:2972} INFO - Setting next_dagrun for 6.2-monitoring to 2024-08-11T00:00:00+00:00, run_after=2024-08-12T00:00:00+00:00
[2024-08-12 14:43:27,554] {processor.py:161} INFO - Processing /opt/airflow/dags/6.2-monitoring.py took 0.050 seconds
[2024-08-12 14:43:57,975] {processor.py:153} INFO - Started process (PID=1787) to work on /opt/airflow/dags/6.2-monitoring.py
[2024-08-12 14:43:57,976] {processor.py:641} INFO - Processing file /opt/airflow/dags/6.2-monitoring.py for tasks to queue
[2024-08-12 14:43:57,976] {logging_mixin.py:115} INFO - [2024-08-12 14:43:57,976] {dagbag.py:508} INFO - Filling up the DagBag from /opt/airflow/dags/6.2-monitoring.py
[2024-08-12 14:43:57,986] {processor.py:651} INFO - DAG(s) dict_keys(['6.2-monitoring']) retrieved from /opt/airflow/dags/6.2-monitoring.py
[2024-08-12 14:43:58,004] {logging_mixin.py:115} INFO - [2024-08-12 14:43:58,004] {dag.py:2420} INFO - Sync 1 DAGs
[2024-08-12 14:43:58,021] {logging_mixin.py:115} INFO - [2024-08-12 14:43:58,021] {dag.py:2972} INFO - Setting next_dagrun for 6.2-monitoring to 2024-08-11T00:00:00+00:00, run_after=2024-08-12T00:00:00+00:00
[2024-08-12 14:43:58,029] {processor.py:161} INFO - Processing /opt/airflow/dags/6.2-monitoring.py took 0.056 seconds
[2024-08-12 14:44:28,454] {processor.py:153} INFO - Started process (PID=1816) to work on /opt/airflow/dags/6.2-monitoring.py
[2024-08-12 14:44:28,455] {processor.py:641} INFO - Processing file /opt/airflow/dags/6.2-monitoring.py for tasks to queue
[2024-08-12 14:44:28,455] {logging_mixin.py:115} INFO - [2024-08-12 14:44:28,455] {dagbag.py:508} INFO - Filling up the DagBag from /opt/airflow/dags/6.2-monitoring.py
[2024-08-12 14:44:28,465] {processor.py:651} INFO - DAG(s) dict_keys(['6.2-monitoring']) retrieved from /opt/airflow/dags/6.2-monitoring.py
[2024-08-12 14:44:28,484] {logging_mixin.py:115} INFO - [2024-08-12 14:44:28,484] {dag.py:2420} INFO - Sync 1 DAGs
[2024-08-12 14:44:28,500] {logging_mixin.py:115} INFO - [2024-08-12 14:44:28,499] {dag.py:2972} INFO - Setting next_dagrun for 6.2-monitoring to 2024-08-11T00:00:00+00:00, run_after=2024-08-12T00:00:00+00:00
[2024-08-12 14:44:28,517] {processor.py:161} INFO - Processing /opt/airflow/dags/6.2-monitoring.py took 0.065 seconds
[2024-08-12 14:44:58,897] {processor.py:153} INFO - Started process (PID=1862) to work on /opt/airflow/dags/6.2-monitoring.py
[2024-08-12 14:44:58,898] {processor.py:641} INFO - Processing file /opt/airflow/dags/6.2-monitoring.py for tasks to queue
[2024-08-12 14:44:58,898] {logging_mixin.py:115} INFO - [2024-08-12 14:44:58,898] {dagbag.py:508} INFO - Filling up the DagBag from /opt/airflow/dags/6.2-monitoring.py
[2024-08-12 14:44:58,909] {processor.py:651} INFO - DAG(s) dict_keys(['6.2-monitoring']) retrieved from /opt/airflow/dags/6.2-monitoring.py
[2024-08-12 14:44:58,932] {logging_mixin.py:115} INFO - [2024-08-12 14:44:58,931] {dag.py:2420} INFO - Sync 1 DAGs
[2024-08-12 14:44:58,946] {logging_mixin.py:115} INFO - [2024-08-12 14:44:58,946] {dag.py:2972} INFO - Setting next_dagrun for 6.2-monitoring to 2024-08-11T00:00:00+00:00, run_after=2024-08-12T00:00:00+00:00
[2024-08-12 14:44:58,956] {processor.py:161} INFO - Processing /opt/airflow/dags/6.2-monitoring.py took 0.062 seconds
[2024-08-12 14:45:29,338] {processor.py:153} INFO - Started process (PID=1900) to work on /opt/airflow/dags/6.2-monitoring.py
[2024-08-12 14:45:29,338] {processor.py:641} INFO - Processing file /opt/airflow/dags/6.2-monitoring.py for tasks to queue
[2024-08-12 14:45:29,339] {logging_mixin.py:115} INFO - [2024-08-12 14:45:29,338] {dagbag.py:508} INFO - Filling up the DagBag from /opt/airflow/dags/6.2-monitoring.py
[2024-08-12 14:45:29,346] {processor.py:651} INFO - DAG(s) dict_keys(['6.2-monitoring']) retrieved from /opt/airflow/dags/6.2-monitoring.py
[2024-08-12 14:45:29,365] {logging_mixin.py:115} INFO - [2024-08-12 14:45:29,365] {dag.py:2420} INFO - Sync 1 DAGs
[2024-08-12 14:45:29,379] {logging_mixin.py:115} INFO - [2024-08-12 14:45:29,379] {dag.py:2972} INFO - Setting next_dagrun for 6.2-monitoring to 2024-08-11T00:00:00+00:00, run_after=2024-08-12T00:00:00+00:00
[2024-08-12 14:45:29,409] {processor.py:161} INFO - Processing /opt/airflow/dags/6.2-monitoring.py took 0.074 seconds
[2024-08-12 14:45:59,835] {processor.py:153} INFO - Started process (PID=1938) to work on /opt/airflow/dags/6.2-monitoring.py
[2024-08-12 14:45:59,836] {processor.py:641} INFO - Processing file /opt/airflow/dags/6.2-monitoring.py for tasks to queue
[2024-08-12 14:45:59,836] {logging_mixin.py:115} INFO - [2024-08-12 14:45:59,836] {dagbag.py:508} INFO - Filling up the DagBag from /opt/airflow/dags/6.2-monitoring.py
[2024-08-12 14:45:59,843] {processor.py:651} INFO - DAG(s) dict_keys(['6.2-monitoring']) retrieved from /opt/airflow/dags/6.2-monitoring.py
[2024-08-12 14:45:59,860] {logging_mixin.py:115} INFO - [2024-08-12 14:45:59,859] {dag.py:2420} INFO - Sync 1 DAGs
[2024-08-12 14:45:59,876] {logging_mixin.py:115} INFO - [2024-08-12 14:45:59,876] {dag.py:2972} INFO - Setting next_dagrun for 6.2-monitoring to 2024-08-11T00:00:00+00:00, run_after=2024-08-12T00:00:00+00:00
[2024-08-12 14:45:59,885] {processor.py:161} INFO - Processing /opt/airflow/dags/6.2-monitoring.py took 0.052 seconds
[2024-08-12 14:46:30,340] {processor.py:153} INFO - Started process (PID=1976) to work on /opt/airflow/dags/6.2-monitoring.py
[2024-08-12 14:46:30,340] {processor.py:641} INFO - Processing file /opt/airflow/dags/6.2-monitoring.py for tasks to queue
[2024-08-12 14:46:30,344] {logging_mixin.py:115} INFO - [2024-08-12 14:46:30,344] {dagbag.py:508} INFO - Filling up the DagBag from /opt/airflow/dags/6.2-monitoring.py
[2024-08-12 14:46:30,353] {processor.py:651} INFO - DAG(s) dict_keys(['6.2-monitoring']) retrieved from /opt/airflow/dags/6.2-monitoring.py
[2024-08-12 14:46:30,374] {logging_mixin.py:115} INFO - [2024-08-12 14:46:30,374] {dag.py:2420} INFO - Sync 1 DAGs
[2024-08-12 14:46:30,391] {logging_mixin.py:115} INFO - [2024-08-12 14:46:30,391] {dag.py:2972} INFO - Setting next_dagrun for 6.2-monitoring to 2024-08-11T00:00:00+00:00, run_after=2024-08-12T00:00:00+00:00
[2024-08-12 14:46:30,398] {processor.py:161} INFO - Processing /opt/airflow/dags/6.2-monitoring.py took 0.061 seconds
[2024-08-12 14:47:00,906] {processor.py:153} INFO - Started process (PID=2015) to work on /opt/airflow/dags/6.2-monitoring.py
[2024-08-12 14:47:00,907] {processor.py:641} INFO - Processing file /opt/airflow/dags/6.2-monitoring.py for tasks to queue
[2024-08-12 14:47:00,908] {logging_mixin.py:115} INFO - [2024-08-12 14:47:00,907] {dagbag.py:508} INFO - Filling up the DagBag from /opt/airflow/dags/6.2-monitoring.py
[2024-08-12 14:47:00,916] {processor.py:651} INFO - DAG(s) dict_keys(['6.2-monitoring']) retrieved from /opt/airflow/dags/6.2-monitoring.py
[2024-08-12 14:47:00,936] {logging_mixin.py:115} INFO - [2024-08-12 14:47:00,935] {dag.py:2420} INFO - Sync 1 DAGs
[2024-08-12 14:47:00,956] {logging_mixin.py:115} INFO - [2024-08-12 14:47:00,956] {dag.py:2972} INFO - Setting next_dagrun for 6.2-monitoring to 2024-08-11T00:00:00+00:00, run_after=2024-08-12T00:00:00+00:00
[2024-08-12 14:47:00,966] {processor.py:161} INFO - Processing /opt/airflow/dags/6.2-monitoring.py took 0.062 seconds
[2024-08-12 14:47:31,486] {processor.py:153} INFO - Started process (PID=2044) to work on /opt/airflow/dags/6.2-monitoring.py
[2024-08-12 14:47:31,487] {processor.py:641} INFO - Processing file /opt/airflow/dags/6.2-monitoring.py for tasks to queue
[2024-08-12 14:47:31,488] {logging_mixin.py:115} INFO - [2024-08-12 14:47:31,488] {dagbag.py:508} INFO - Filling up the DagBag from /opt/airflow/dags/6.2-monitoring.py
[2024-08-12 14:47:31,497] {processor.py:651} INFO - DAG(s) dict_keys(['6.2-monitoring']) retrieved from /opt/airflow/dags/6.2-monitoring.py
[2024-08-12 14:47:31,513] {logging_mixin.py:115} INFO - [2024-08-12 14:47:31,513] {dag.py:2420} INFO - Sync 1 DAGs
[2024-08-12 14:47:31,529] {logging_mixin.py:115} INFO - [2024-08-12 14:47:31,529] {dag.py:2972} INFO - Setting next_dagrun for 6.2-monitoring to 2024-08-11T00:00:00+00:00, run_after=2024-08-12T00:00:00+00:00
[2024-08-12 14:47:31,538] {processor.py:161} INFO - Processing /opt/airflow/dags/6.2-monitoring.py took 0.056 seconds
[2024-08-12 14:48:01,994] {processor.py:153} INFO - Started process (PID=2082) to work on /opt/airflow/dags/6.2-monitoring.py
[2024-08-12 14:48:01,994] {processor.py:641} INFO - Processing file /opt/airflow/dags/6.2-monitoring.py for tasks to queue
[2024-08-12 14:48:01,995] {logging_mixin.py:115} INFO - [2024-08-12 14:48:01,994] {dagbag.py:508} INFO - Filling up the DagBag from /opt/airflow/dags/6.2-monitoring.py
[2024-08-12 14:48:02,004] {processor.py:651} INFO - DAG(s) dict_keys(['6.2-monitoring']) retrieved from /opt/airflow/dags/6.2-monitoring.py
[2024-08-12 14:48:02,022] {logging_mixin.py:115} INFO - [2024-08-12 14:48:02,022] {dag.py:2420} INFO - Sync 1 DAGs
[2024-08-12 14:48:02,037] {logging_mixin.py:115} INFO - [2024-08-12 14:48:02,037] {dag.py:2972} INFO - Setting next_dagrun for 6.2-monitoring to 2024-08-11T00:00:00+00:00, run_after=2024-08-12T00:00:00+00:00
[2024-08-12 14:48:02,046] {processor.py:161} INFO - Processing /opt/airflow/dags/6.2-monitoring.py took 0.055 seconds
[2024-08-12 14:48:32,471] {processor.py:153} INFO - Started process (PID=2120) to work on /opt/airflow/dags/6.2-monitoring.py
[2024-08-12 14:48:32,472] {processor.py:641} INFO - Processing file /opt/airflow/dags/6.2-monitoring.py for tasks to queue
[2024-08-12 14:48:32,472] {logging_mixin.py:115} INFO - [2024-08-12 14:48:32,472] {dagbag.py:508} INFO - Filling up the DagBag from /opt/airflow/dags/6.2-monitoring.py
[2024-08-12 14:48:32,482] {processor.py:651} INFO - DAG(s) dict_keys(['6.2-monitoring']) retrieved from /opt/airflow/dags/6.2-monitoring.py
[2024-08-12 14:48:32,499] {logging_mixin.py:115} INFO - [2024-08-12 14:48:32,499] {dag.py:2420} INFO - Sync 1 DAGs
[2024-08-12 14:48:32,515] {logging_mixin.py:115} INFO - [2024-08-12 14:48:32,515] {dag.py:2972} INFO - Setting next_dagrun for 6.2-monitoring to 2024-08-11T00:00:00+00:00, run_after=2024-08-12T00:00:00+00:00
[2024-08-12 14:48:32,526] {processor.py:161} INFO - Processing /opt/airflow/dags/6.2-monitoring.py took 0.057 seconds
[2024-08-12 14:49:02,894] {processor.py:153} INFO - Started process (PID=2157) to work on /opt/airflow/dags/6.2-monitoring.py
[2024-08-12 14:49:02,895] {processor.py:641} INFO - Processing file /opt/airflow/dags/6.2-monitoring.py for tasks to queue
[2024-08-12 14:49:02,895] {logging_mixin.py:115} INFO - [2024-08-12 14:49:02,895] {dagbag.py:508} INFO - Filling up the DagBag from /opt/airflow/dags/6.2-monitoring.py
[2024-08-12 14:49:02,903] {processor.py:651} INFO - DAG(s) dict_keys(['6.2-monitoring']) retrieved from /opt/airflow/dags/6.2-monitoring.py
[2024-08-12 14:49:02,920] {logging_mixin.py:115} INFO - [2024-08-12 14:49:02,919] {dag.py:2420} INFO - Sync 1 DAGs
[2024-08-12 14:49:02,934] {logging_mixin.py:115} INFO - [2024-08-12 14:49:02,934] {dag.py:2972} INFO - Setting next_dagrun for 6.2-monitoring to 2024-08-11T00:00:00+00:00, run_after=2024-08-12T00:00:00+00:00
[2024-08-12 14:49:02,942] {processor.py:161} INFO - Processing /opt/airflow/dags/6.2-monitoring.py took 0.051 seconds
[2024-08-12 14:49:33,354] {processor.py:153} INFO - Started process (PID=2195) to work on /opt/airflow/dags/6.2-monitoring.py
[2024-08-12 14:49:33,355] {processor.py:641} INFO - Processing file /opt/airflow/dags/6.2-monitoring.py for tasks to queue
[2024-08-12 14:49:33,355] {logging_mixin.py:115} INFO - [2024-08-12 14:49:33,355] {dagbag.py:508} INFO - Filling up the DagBag from /opt/airflow/dags/6.2-monitoring.py
[2024-08-12 14:49:33,363] {processor.py:651} INFO - DAG(s) dict_keys(['6.2-monitoring']) retrieved from /opt/airflow/dags/6.2-monitoring.py
[2024-08-12 14:49:33,378] {logging_mixin.py:115} INFO - [2024-08-12 14:49:33,378] {dag.py:2420} INFO - Sync 1 DAGs
[2024-08-12 14:49:33,393] {logging_mixin.py:115} INFO - [2024-08-12 14:49:33,392] {dag.py:2972} INFO - Setting next_dagrun for 6.2-monitoring to 2024-08-11T00:00:00+00:00, run_after=2024-08-12T00:00:00+00:00
[2024-08-12 14:49:33,402] {processor.py:161} INFO - Processing /opt/airflow/dags/6.2-monitoring.py took 0.050 seconds
[2024-08-12 14:50:03,832] {processor.py:153} INFO - Started process (PID=2224) to work on /opt/airflow/dags/6.2-monitoring.py
[2024-08-12 14:50:03,832] {processor.py:641} INFO - Processing file /opt/airflow/dags/6.2-monitoring.py for tasks to queue
[2024-08-12 14:50:03,832] {logging_mixin.py:115} INFO - [2024-08-12 14:50:03,832] {dagbag.py:508} INFO - Filling up the DagBag from /opt/airflow/dags/6.2-monitoring.py
[2024-08-12 14:50:03,842] {processor.py:651} INFO - DAG(s) dict_keys(['6.2-monitoring']) retrieved from /opt/airflow/dags/6.2-monitoring.py
[2024-08-12 14:50:03,862] {logging_mixin.py:115} INFO - [2024-08-12 14:50:03,862] {dag.py:2420} INFO - Sync 1 DAGs
[2024-08-12 14:50:03,877] {logging_mixin.py:115} INFO - [2024-08-12 14:50:03,877] {dag.py:2972} INFO - Setting next_dagrun for 6.2-monitoring to 2024-08-11T00:00:00+00:00, run_after=2024-08-12T00:00:00+00:00
[2024-08-12 14:50:03,886] {processor.py:161} INFO - Processing /opt/airflow/dags/6.2-monitoring.py took 0.058 seconds
