[2024-08-12 14:41:51,012] {processor.py:153} INFO - Started process (PID=1632) to work on /opt/airflow/dags/7.2-ExternalTaskSensor.py
[2024-08-12 14:41:51,012] {processor.py:641} INFO - Processing file /opt/airflow/dags/7.2-ExternalTaskSensor.py for tasks to queue
[2024-08-12 14:41:51,013] {logging_mixin.py:115} INFO - [2024-08-12 14:41:51,013] {dagbag.py:508} INFO - Filling up the DagBag from /opt/airflow/dags/7.2-ExternalTaskSensor.py
[2024-08-12 14:41:51,020] {processor.py:651} INFO - DAG(s) dict_keys(['7.2-ExternalTaskSensor']) retrieved from /opt/airflow/dags/7.2-ExternalTaskSensor.py
[2024-08-12 14:41:51,069] {logging_mixin.py:115} INFO - [2024-08-12 14:41:51,069] {manager.py:508} INFO - Created Permission View: can edit on DAG:7.2-ExternalTaskSensor
[2024-08-12 14:41:51,076] {logging_mixin.py:115} INFO - [2024-08-12 14:41:51,076] {manager.py:508} INFO - Created Permission View: can read on DAG:7.2-ExternalTaskSensor
[2024-08-12 14:41:51,081] {logging_mixin.py:115} INFO - [2024-08-12 14:41:51,081] {manager.py:508} INFO - Created Permission View: can delete on DAG:7.2-ExternalTaskSensor
[2024-08-12 14:41:51,081] {logging_mixin.py:115} INFO - [2024-08-12 14:41:51,081] {dag.py:2420} INFO - Sync 1 DAGs
[2024-08-12 14:41:51,087] {logging_mixin.py:115} INFO - [2024-08-12 14:41:51,087] {dag.py:2439} INFO - Creating ORM DAG for 7.2-ExternalTaskSensor
[2024-08-12 14:41:51,094] {logging_mixin.py:115} INFO - [2024-08-12 14:41:51,094] {dag.py:2972} INFO - Setting next_dagrun for 7.2-ExternalTaskSensor to 2024-08-10T00:00:00+00:00, run_after=2024-08-11T00:00:00+00:00
[2024-08-12 14:41:51,102] {processor.py:161} INFO - Processing /opt/airflow/dags/7.2-ExternalTaskSensor.py took 0.092 seconds
[2024-08-12 14:42:21,536] {processor.py:153} INFO - Started process (PID=1670) to work on /opt/airflow/dags/7.2-ExternalTaskSensor.py
[2024-08-12 14:42:21,537] {processor.py:641} INFO - Processing file /opt/airflow/dags/7.2-ExternalTaskSensor.py for tasks to queue
[2024-08-12 14:42:21,537] {logging_mixin.py:115} INFO - [2024-08-12 14:42:21,537] {dagbag.py:508} INFO - Filling up the DagBag from /opt/airflow/dags/7.2-ExternalTaskSensor.py
[2024-08-12 14:42:21,543] {processor.py:651} INFO - DAG(s) dict_keys(['7.2-ExternalTaskSensor']) retrieved from /opt/airflow/dags/7.2-ExternalTaskSensor.py
[2024-08-12 14:42:21,558] {logging_mixin.py:115} INFO - [2024-08-12 14:42:21,558] {dag.py:2420} INFO - Sync 1 DAGs
[2024-08-12 14:42:21,572] {logging_mixin.py:115} INFO - [2024-08-12 14:42:21,572] {dag.py:2972} INFO - Setting next_dagrun for 7.2-ExternalTaskSensor to 2024-08-10T00:00:00+00:00, run_after=2024-08-11T00:00:00+00:00
[2024-08-12 14:42:21,580] {processor.py:161} INFO - Processing /opt/airflow/dags/7.2-ExternalTaskSensor.py took 0.045 seconds
[2024-08-12 14:42:36,666] {processor.py:153} INFO - Started process (PID=1682) to work on /opt/airflow/dags/7.2-ExternalTaskSensor.py
[2024-08-12 14:42:36,667] {processor.py:641} INFO - Processing file /opt/airflow/dags/7.2-ExternalTaskSensor.py for tasks to queue
[2024-08-12 14:42:36,667] {logging_mixin.py:115} INFO - [2024-08-12 14:42:36,667] {dagbag.py:508} INFO - Filling up the DagBag from /opt/airflow/dags/7.2-ExternalTaskSensor.py
[2024-08-12 14:42:36,674] {processor.py:651} INFO - DAG(s) dict_keys(['7.2-ExternalTaskSensor']) retrieved from /opt/airflow/dags/7.2-ExternalTaskSensor.py
[2024-08-12 14:42:36,720] {logging_mixin.py:115} INFO - [2024-08-12 14:42:36,720] {dag.py:2420} INFO - Sync 1 DAGs
[2024-08-12 14:42:36,733] {logging_mixin.py:115} INFO - [2024-08-12 14:42:36,733] {dag.py:2972} INFO - Setting next_dagrun for 7.2-ExternalTaskSensor to 2024-08-10T00:00:00+00:00, run_after=2024-08-11T00:00:00+00:00
[2024-08-12 14:42:36,744] {processor.py:161} INFO - Processing /opt/airflow/dags/7.2-ExternalTaskSensor.py took 0.079 seconds
[2024-08-12 14:42:46,723] {processor.py:153} INFO - Started process (PID=1692) to work on /opt/airflow/dags/7.2-ExternalTaskSensor.py
[2024-08-12 14:42:46,723] {processor.py:641} INFO - Processing file /opt/airflow/dags/7.2-ExternalTaskSensor.py for tasks to queue
[2024-08-12 14:42:46,723] {logging_mixin.py:115} INFO - [2024-08-12 14:42:46,723] {dagbag.py:508} INFO - Filling up the DagBag from /opt/airflow/dags/7.2-ExternalTaskSensor.py
[2024-08-12 14:42:46,731] {processor.py:651} INFO - DAG(s) dict_keys(['7.2-ExternalTaskSensor']) retrieved from /opt/airflow/dags/7.2-ExternalTaskSensor.py
[2024-08-12 14:42:46,740] {logging_mixin.py:115} INFO - [2024-08-12 14:42:46,740] {dag.py:2420} INFO - Sync 1 DAGs
[2024-08-12 14:42:46,756] {logging_mixin.py:115} INFO - [2024-08-12 14:42:46,756] {dag.py:2972} INFO - Setting next_dagrun for 7.2-ExternalTaskSensor to 2024-08-10T00:00:00+00:00, run_after=2024-08-11T00:00:00+00:00
[2024-08-12 14:42:46,765] {processor.py:161} INFO - Processing /opt/airflow/dags/7.2-ExternalTaskSensor.py took 0.045 seconds
[2024-08-12 14:43:17,167] {processor.py:153} INFO - Started process (PID=1729) to work on /opt/airflow/dags/7.2-ExternalTaskSensor.py
[2024-08-12 14:43:17,167] {processor.py:641} INFO - Processing file /opt/airflow/dags/7.2-ExternalTaskSensor.py for tasks to queue
[2024-08-12 14:43:17,168] {logging_mixin.py:115} INFO - [2024-08-12 14:43:17,168] {dagbag.py:508} INFO - Filling up the DagBag from /opt/airflow/dags/7.2-ExternalTaskSensor.py
[2024-08-12 14:43:17,175] {processor.py:651} INFO - DAG(s) dict_keys(['7.2-ExternalTaskSensor']) retrieved from /opt/airflow/dags/7.2-ExternalTaskSensor.py
[2024-08-12 14:43:17,224] {logging_mixin.py:115} INFO - [2024-08-12 14:43:17,224] {dag.py:2420} INFO - Sync 1 DAGs
[2024-08-12 14:43:17,237] {logging_mixin.py:115} INFO - [2024-08-12 14:43:17,237] {dag.py:2972} INFO - Setting next_dagrun for 7.2-ExternalTaskSensor to 2024-08-10T00:00:00+00:00, run_after=2024-08-11T00:00:00+00:00
[2024-08-12 14:43:17,248] {processor.py:161} INFO - Processing /opt/airflow/dags/7.2-ExternalTaskSensor.py took 0.084 seconds
[2024-08-12 14:43:22,453] {processor.py:153} INFO - Started process (PID=1738) to work on /opt/airflow/dags/7.2-ExternalTaskSensor.py
[2024-08-12 14:43:22,453] {processor.py:641} INFO - Processing file /opt/airflow/dags/7.2-ExternalTaskSensor.py for tasks to queue
[2024-08-12 14:43:22,454] {logging_mixin.py:115} INFO - [2024-08-12 14:43:22,454] {dagbag.py:508} INFO - Filling up the DagBag from /opt/airflow/dags/7.2-ExternalTaskSensor.py
[2024-08-12 14:43:22,460] {processor.py:651} INFO - DAG(s) dict_keys(['7.2-ExternalTaskSensor']) retrieved from /opt/airflow/dags/7.2-ExternalTaskSensor.py
[2024-08-12 14:43:22,470] {logging_mixin.py:115} INFO - [2024-08-12 14:43:22,470] {dag.py:2420} INFO - Sync 1 DAGs
[2024-08-12 14:43:22,485] {logging_mixin.py:115} INFO - [2024-08-12 14:43:22,485] {dag.py:2972} INFO - Setting next_dagrun for 7.2-ExternalTaskSensor to 2024-08-10T00:00:00+00:00, run_after=2024-08-11T00:00:00+00:00
[2024-08-12 14:43:22,494] {processor.py:161} INFO - Processing /opt/airflow/dags/7.2-ExternalTaskSensor.py took 0.043 seconds
[2024-08-12 14:43:52,884] {processor.py:153} INFO - Started process (PID=1775) to work on /opt/airflow/dags/7.2-ExternalTaskSensor.py
[2024-08-12 14:43:52,884] {processor.py:641} INFO - Processing file /opt/airflow/dags/7.2-ExternalTaskSensor.py for tasks to queue
[2024-08-12 14:43:52,885] {logging_mixin.py:115} INFO - [2024-08-12 14:43:52,884] {dagbag.py:508} INFO - Filling up the DagBag from /opt/airflow/dags/7.2-ExternalTaskSensor.py
[2024-08-12 14:43:52,890] {processor.py:651} INFO - DAG(s) dict_keys(['7.2-ExternalTaskSensor']) retrieved from /opt/airflow/dags/7.2-ExternalTaskSensor.py
[2024-08-12 14:43:52,914] {logging_mixin.py:115} INFO - [2024-08-12 14:43:52,914] {dag.py:2420} INFO - Sync 1 DAGs
[2024-08-12 14:43:52,929] {logging_mixin.py:115} INFO - [2024-08-12 14:43:52,929] {dag.py:2972} INFO - Setting next_dagrun for 7.2-ExternalTaskSensor to 2024-08-10T00:00:00+00:00, run_after=2024-08-11T00:00:00+00:00
[2024-08-12 14:43:52,938] {processor.py:161} INFO - Processing /opt/airflow/dags/7.2-ExternalTaskSensor.py took 0.056 seconds
[2024-08-12 14:43:56,898] {processor.py:153} INFO - Started process (PID=1785) to work on /opt/airflow/dags/7.2-ExternalTaskSensor.py
[2024-08-12 14:43:56,899] {processor.py:641} INFO - Processing file /opt/airflow/dags/7.2-ExternalTaskSensor.py for tasks to queue
[2024-08-12 14:43:56,900] {logging_mixin.py:115} INFO - [2024-08-12 14:43:56,899] {dagbag.py:508} INFO - Filling up the DagBag from /opt/airflow/dags/7.2-ExternalTaskSensor.py
[2024-08-12 14:43:56,909] {processor.py:651} INFO - DAG(s) dict_keys(['7.2-ExternalTaskSensor']) retrieved from /opt/airflow/dags/7.2-ExternalTaskSensor.py
[2024-08-12 14:43:56,965] {logging_mixin.py:115} INFO - [2024-08-12 14:43:56,965] {dag.py:2420} INFO - Sync 1 DAGs
[2024-08-12 14:43:56,987] {logging_mixin.py:115} INFO - [2024-08-12 14:43:56,987] {dag.py:2972} INFO - Setting next_dagrun for 7.2-ExternalTaskSensor to 2024-08-10T00:00:00+00:00, run_after=2024-08-11T00:00:00+00:00
[2024-08-12 14:43:57,004] {processor.py:161} INFO - Processing /opt/airflow/dags/7.2-ExternalTaskSensor.py took 0.109 seconds
[2024-08-12 14:44:00,043] {processor.py:153} INFO - Started process (PID=1788) to work on /opt/airflow/dags/7.2-ExternalTaskSensor.py
[2024-08-12 14:44:00,044] {processor.py:641} INFO - Processing file /opt/airflow/dags/7.2-ExternalTaskSensor.py for tasks to queue
[2024-08-12 14:44:00,044] {logging_mixin.py:115} INFO - [2024-08-12 14:44:00,044] {dagbag.py:508} INFO - Filling up the DagBag from /opt/airflow/dags/7.2-ExternalTaskSensor.py
[2024-08-12 14:44:00,052] {processor.py:651} INFO - DAG(s) dict_keys(['7.2-ExternalTaskSensor']) retrieved from /opt/airflow/dags/7.2-ExternalTaskSensor.py
[2024-08-12 14:44:00,062] {logging_mixin.py:115} INFO - [2024-08-12 14:44:00,062] {dag.py:2420} INFO - Sync 1 DAGs
[2024-08-12 14:44:00,079] {logging_mixin.py:115} INFO - [2024-08-12 14:44:00,079] {dag.py:2972} INFO - Setting next_dagrun for 7.2-ExternalTaskSensor to 2024-08-10T00:00:00+00:00, run_after=2024-08-11T00:00:00+00:00
[2024-08-12 14:44:00,088] {processor.py:161} INFO - Processing /opt/airflow/dags/7.2-ExternalTaskSensor.py took 0.047 seconds
[2024-08-12 14:44:30,515] {processor.py:153} INFO - Started process (PID=1834) to work on /opt/airflow/dags/7.2-ExternalTaskSensor.py
[2024-08-12 14:44:30,515] {processor.py:641} INFO - Processing file /opt/airflow/dags/7.2-ExternalTaskSensor.py for tasks to queue
[2024-08-12 14:44:30,516] {logging_mixin.py:115} INFO - [2024-08-12 14:44:30,516] {dagbag.py:508} INFO - Filling up the DagBag from /opt/airflow/dags/7.2-ExternalTaskSensor.py
[2024-08-12 14:44:30,522] {processor.py:651} INFO - DAG(s) dict_keys(['7.2-ExternalTaskSensor']) retrieved from /opt/airflow/dags/7.2-ExternalTaskSensor.py
[2024-08-12 14:44:30,569] {logging_mixin.py:115} INFO - [2024-08-12 14:44:30,569] {dag.py:2420} INFO - Sync 1 DAGs
[2024-08-12 14:44:30,584] {logging_mixin.py:115} INFO - [2024-08-12 14:44:30,584] {dag.py:2972} INFO - Setting next_dagrun for 7.2-ExternalTaskSensor to 2024-08-12T00:00:00+00:00, run_after=2024-08-13T00:00:00+00:00
[2024-08-12 14:44:30,594] {processor.py:161} INFO - Processing /opt/airflow/dags/7.2-ExternalTaskSensor.py took 0.081 seconds
[2024-08-12 14:45:00,967] {processor.py:153} INFO - Started process (PID=1863) to work on /opt/airflow/dags/7.2-ExternalTaskSensor.py
[2024-08-12 14:45:00,967] {processor.py:641} INFO - Processing file /opt/airflow/dags/7.2-ExternalTaskSensor.py for tasks to queue
[2024-08-12 14:45:00,968] {logging_mixin.py:115} INFO - [2024-08-12 14:45:00,968] {dagbag.py:508} INFO - Filling up the DagBag from /opt/airflow/dags/7.2-ExternalTaskSensor.py
[2024-08-12 14:45:00,975] {processor.py:651} INFO - DAG(s) dict_keys(['7.2-ExternalTaskSensor']) retrieved from /opt/airflow/dags/7.2-ExternalTaskSensor.py
[2024-08-12 14:45:01,000] {logging_mixin.py:115} INFO - [2024-08-12 14:45:01,000] {dag.py:2420} INFO - Sync 1 DAGs
[2024-08-12 14:45:01,014] {logging_mixin.py:115} INFO - [2024-08-12 14:45:01,014] {dag.py:2972} INFO - Setting next_dagrun for 7.2-ExternalTaskSensor to 2024-08-12T00:00:00+00:00, run_after=2024-08-13T00:00:00+00:00
[2024-08-12 14:45:01,023] {processor.py:161} INFO - Processing /opt/airflow/dags/7.2-ExternalTaskSensor.py took 0.058 seconds
[2024-08-12 14:45:31,418] {processor.py:153} INFO - Started process (PID=1901) to work on /opt/airflow/dags/7.2-ExternalTaskSensor.py
[2024-08-12 14:45:31,419] {processor.py:641} INFO - Processing file /opt/airflow/dags/7.2-ExternalTaskSensor.py for tasks to queue
[2024-08-12 14:45:31,419] {logging_mixin.py:115} INFO - [2024-08-12 14:45:31,419] {dagbag.py:508} INFO - Filling up the DagBag from /opt/airflow/dags/7.2-ExternalTaskSensor.py
[2024-08-12 14:45:31,425] {processor.py:651} INFO - DAG(s) dict_keys(['7.2-ExternalTaskSensor']) retrieved from /opt/airflow/dags/7.2-ExternalTaskSensor.py
[2024-08-12 14:45:31,449] {logging_mixin.py:115} INFO - [2024-08-12 14:45:31,449] {dag.py:2420} INFO - Sync 1 DAGs
[2024-08-12 14:45:31,463] {logging_mixin.py:115} INFO - [2024-08-12 14:45:31,463] {dag.py:2972} INFO - Setting next_dagrun for 7.2-ExternalTaskSensor to 2024-08-12T00:00:00+00:00, run_after=2024-08-13T00:00:00+00:00
[2024-08-12 14:45:31,472] {processor.py:161} INFO - Processing /opt/airflow/dags/7.2-ExternalTaskSensor.py took 0.055 seconds
[2024-08-12 14:46:01,897] {processor.py:153} INFO - Started process (PID=1939) to work on /opt/airflow/dags/7.2-ExternalTaskSensor.py
[2024-08-12 14:46:01,898] {processor.py:641} INFO - Processing file /opt/airflow/dags/7.2-ExternalTaskSensor.py for tasks to queue
[2024-08-12 14:46:01,898] {logging_mixin.py:115} INFO - [2024-08-12 14:46:01,898] {dagbag.py:508} INFO - Filling up the DagBag from /opt/airflow/dags/7.2-ExternalTaskSensor.py
[2024-08-12 14:46:01,903] {processor.py:651} INFO - DAG(s) dict_keys(['7.2-ExternalTaskSensor']) retrieved from /opt/airflow/dags/7.2-ExternalTaskSensor.py
[2024-08-12 14:46:01,925] {logging_mixin.py:115} INFO - [2024-08-12 14:46:01,925] {dag.py:2420} INFO - Sync 1 DAGs
[2024-08-12 14:46:01,939] {logging_mixin.py:115} INFO - [2024-08-12 14:46:01,939] {dag.py:2972} INFO - Setting next_dagrun for 7.2-ExternalTaskSensor to 2024-08-12T00:00:00+00:00, run_after=2024-08-13T00:00:00+00:00
[2024-08-12 14:46:01,947] {processor.py:161} INFO - Processing /opt/airflow/dags/7.2-ExternalTaskSensor.py took 0.051 seconds
[2024-08-12 14:46:32,403] {processor.py:153} INFO - Started process (PID=1977) to work on /opt/airflow/dags/7.2-ExternalTaskSensor.py
[2024-08-12 14:46:32,404] {processor.py:641} INFO - Processing file /opt/airflow/dags/7.2-ExternalTaskSensor.py for tasks to queue
[2024-08-12 14:46:32,404] {logging_mixin.py:115} INFO - [2024-08-12 14:46:32,404] {dagbag.py:508} INFO - Filling up the DagBag from /opt/airflow/dags/7.2-ExternalTaskSensor.py
[2024-08-12 14:46:32,410] {processor.py:651} INFO - DAG(s) dict_keys(['7.2-ExternalTaskSensor']) retrieved from /opt/airflow/dags/7.2-ExternalTaskSensor.py
[2024-08-12 14:46:32,432] {logging_mixin.py:115} INFO - [2024-08-12 14:46:32,432] {dag.py:2420} INFO - Sync 1 DAGs
[2024-08-12 14:46:32,448] {logging_mixin.py:115} INFO - [2024-08-12 14:46:32,448] {dag.py:2972} INFO - Setting next_dagrun for 7.2-ExternalTaskSensor to 2024-08-12T00:00:00+00:00, run_after=2024-08-13T00:00:00+00:00
[2024-08-12 14:46:32,456] {processor.py:161} INFO - Processing /opt/airflow/dags/7.2-ExternalTaskSensor.py took 0.055 seconds
[2024-08-12 14:47:00,836] {processor.py:153} INFO - Started process (PID=2013) to work on /opt/airflow/dags/7.2-ExternalTaskSensor.py
[2024-08-12 14:47:00,837] {processor.py:641} INFO - Processing file /opt/airflow/dags/7.2-ExternalTaskSensor.py for tasks to queue
[2024-08-12 14:47:00,838] {logging_mixin.py:115} INFO - [2024-08-12 14:47:00,838] {dagbag.py:508} INFO - Filling up the DagBag from /opt/airflow/dags/7.2-ExternalTaskSensor.py
[2024-08-12 14:47:00,849] {processor.py:651} INFO - DAG(s) dict_keys(['7.2-ExternalTaskSensor']) retrieved from /opt/airflow/dags/7.2-ExternalTaskSensor.py
[2024-08-12 14:47:00,913] {logging_mixin.py:115} INFO - [2024-08-12 14:47:00,913] {dag.py:2420} INFO - Sync 1 DAGs
[2024-08-12 14:47:00,931] {logging_mixin.py:115} INFO - [2024-08-12 14:47:00,931] {dag.py:2972} INFO - Setting next_dagrun for 7.2-ExternalTaskSensor to 2024-08-12T00:00:00+00:00, run_after=2024-08-13T00:00:00+00:00
[2024-08-12 14:47:00,945] {processor.py:161} INFO - Processing /opt/airflow/dags/7.2-ExternalTaskSensor.py took 0.111 seconds
[2024-08-12 14:47:04,970] {processor.py:153} INFO - Started process (PID=2016) to work on /opt/airflow/dags/7.2-ExternalTaskSensor.py
[2024-08-12 14:47:04,971] {processor.py:641} INFO - Processing file /opt/airflow/dags/7.2-ExternalTaskSensor.py for tasks to queue
[2024-08-12 14:47:04,971] {logging_mixin.py:115} INFO - [2024-08-12 14:47:04,971] {dagbag.py:508} INFO - Filling up the DagBag from /opt/airflow/dags/7.2-ExternalTaskSensor.py
[2024-08-12 14:47:04,979] {processor.py:651} INFO - DAG(s) dict_keys(['7.2-ExternalTaskSensor']) retrieved from /opt/airflow/dags/7.2-ExternalTaskSensor.py
[2024-08-12 14:47:04,988] {logging_mixin.py:115} INFO - [2024-08-12 14:47:04,988] {dag.py:2420} INFO - Sync 1 DAGs
[2024-08-12 14:47:05,004] {logging_mixin.py:115} INFO - [2024-08-12 14:47:05,004] {dag.py:2972} INFO - Setting next_dagrun for 7.2-ExternalTaskSensor to 2024-08-12T00:00:00+00:00, run_after=2024-08-13T00:00:00+00:00
[2024-08-12 14:47:05,014] {processor.py:161} INFO - Processing /opt/airflow/dags/7.2-ExternalTaskSensor.py took 0.047 seconds
[2024-08-12 14:47:35,552] {processor.py:153} INFO - Started process (PID=2054) to work on /opt/airflow/dags/7.2-ExternalTaskSensor.py
[2024-08-12 14:47:35,552] {processor.py:641} INFO - Processing file /opt/airflow/dags/7.2-ExternalTaskSensor.py for tasks to queue
[2024-08-12 14:47:35,553] {logging_mixin.py:115} INFO - [2024-08-12 14:47:35,553] {dagbag.py:508} INFO - Filling up the DagBag from /opt/airflow/dags/7.2-ExternalTaskSensor.py
[2024-08-12 14:47:35,560] {processor.py:651} INFO - DAG(s) dict_keys(['7.2-ExternalTaskSensor']) retrieved from /opt/airflow/dags/7.2-ExternalTaskSensor.py
[2024-08-12 14:47:35,584] {logging_mixin.py:115} INFO - [2024-08-12 14:47:35,584] {dag.py:2420} INFO - Sync 1 DAGs
[2024-08-12 14:47:35,601] {logging_mixin.py:115} INFO - [2024-08-12 14:47:35,601] {dag.py:2972} INFO - Setting next_dagrun for 7.2-ExternalTaskSensor to 2024-08-12T00:00:00+00:00, run_after=2024-08-13T00:00:00+00:00
[2024-08-12 14:47:35,611] {processor.py:161} INFO - Processing /opt/airflow/dags/7.2-ExternalTaskSensor.py took 0.061 seconds
[2024-08-12 14:48:06,062] {processor.py:153} INFO - Started process (PID=2092) to work on /opt/airflow/dags/7.2-ExternalTaskSensor.py
[2024-08-12 14:48:06,062] {processor.py:641} INFO - Processing file /opt/airflow/dags/7.2-ExternalTaskSensor.py for tasks to queue
[2024-08-12 14:48:06,062] {logging_mixin.py:115} INFO - [2024-08-12 14:48:06,062] {dagbag.py:508} INFO - Filling up the DagBag from /opt/airflow/dags/7.2-ExternalTaskSensor.py
[2024-08-12 14:48:06,068] {processor.py:651} INFO - DAG(s) dict_keys(['7.2-ExternalTaskSensor']) retrieved from /opt/airflow/dags/7.2-ExternalTaskSensor.py
[2024-08-12 14:48:06,091] {logging_mixin.py:115} INFO - [2024-08-12 14:48:06,091] {dag.py:2420} INFO - Sync 1 DAGs
[2024-08-12 14:48:06,106] {logging_mixin.py:115} INFO - [2024-08-12 14:48:06,105] {dag.py:2972} INFO - Setting next_dagrun for 7.2-ExternalTaskSensor to 2024-08-12T00:00:00+00:00, run_after=2024-08-13T00:00:00+00:00
[2024-08-12 14:48:06,115] {processor.py:161} INFO - Processing /opt/airflow/dags/7.2-ExternalTaskSensor.py took 0.055 seconds
[2024-08-12 14:48:36,485] {processor.py:153} INFO - Started process (PID=2121) to work on /opt/airflow/dags/7.2-ExternalTaskSensor.py
[2024-08-12 14:48:36,485] {processor.py:641} INFO - Processing file /opt/airflow/dags/7.2-ExternalTaskSensor.py for tasks to queue
[2024-08-12 14:48:36,486] {logging_mixin.py:115} INFO - [2024-08-12 14:48:36,486] {dagbag.py:508} INFO - Filling up the DagBag from /opt/airflow/dags/7.2-ExternalTaskSensor.py
[2024-08-12 14:48:36,492] {processor.py:651} INFO - DAG(s) dict_keys(['7.2-ExternalTaskSensor']) retrieved from /opt/airflow/dags/7.2-ExternalTaskSensor.py
[2024-08-12 14:48:36,516] {logging_mixin.py:115} INFO - [2024-08-12 14:48:36,516] {dag.py:2420} INFO - Sync 1 DAGs
[2024-08-12 14:48:36,531] {logging_mixin.py:115} INFO - [2024-08-12 14:48:36,531] {dag.py:2972} INFO - Setting next_dagrun for 7.2-ExternalTaskSensor to 2024-08-12T00:00:00+00:00, run_after=2024-08-13T00:00:00+00:00
[2024-08-12 14:48:36,539] {processor.py:161} INFO - Processing /opt/airflow/dags/7.2-ExternalTaskSensor.py took 0.057 seconds
[2024-08-12 14:49:06,957] {processor.py:153} INFO - Started process (PID=2158) to work on /opt/airflow/dags/7.2-ExternalTaskSensor.py
[2024-08-12 14:49:06,957] {processor.py:641} INFO - Processing file /opt/airflow/dags/7.2-ExternalTaskSensor.py for tasks to queue
[2024-08-12 14:49:06,958] {logging_mixin.py:115} INFO - [2024-08-12 14:49:06,958] {dagbag.py:508} INFO - Filling up the DagBag from /opt/airflow/dags/7.2-ExternalTaskSensor.py
[2024-08-12 14:49:06,963] {processor.py:651} INFO - DAG(s) dict_keys(['7.2-ExternalTaskSensor']) retrieved from /opt/airflow/dags/7.2-ExternalTaskSensor.py
[2024-08-12 14:49:06,985] {logging_mixin.py:115} INFO - [2024-08-12 14:49:06,985] {dag.py:2420} INFO - Sync 1 DAGs
[2024-08-12 14:49:06,998] {logging_mixin.py:115} INFO - [2024-08-12 14:49:06,998] {dag.py:2972} INFO - Setting next_dagrun for 7.2-ExternalTaskSensor to 2024-08-12T00:00:00+00:00, run_after=2024-08-13T00:00:00+00:00
[2024-08-12 14:49:07,006] {processor.py:161} INFO - Processing /opt/airflow/dags/7.2-ExternalTaskSensor.py took 0.051 seconds
[2024-08-12 14:49:37,417] {processor.py:153} INFO - Started process (PID=2196) to work on /opt/airflow/dags/7.2-ExternalTaskSensor.py
[2024-08-12 14:49:37,417] {processor.py:641} INFO - Processing file /opt/airflow/dags/7.2-ExternalTaskSensor.py for tasks to queue
[2024-08-12 14:49:37,418] {logging_mixin.py:115} INFO - [2024-08-12 14:49:37,418] {dagbag.py:508} INFO - Filling up the DagBag from /opt/airflow/dags/7.2-ExternalTaskSensor.py
[2024-08-12 14:49:37,426] {processor.py:651} INFO - DAG(s) dict_keys(['7.2-ExternalTaskSensor']) retrieved from /opt/airflow/dags/7.2-ExternalTaskSensor.py
[2024-08-12 14:49:37,449] {logging_mixin.py:115} INFO - [2024-08-12 14:49:37,449] {dag.py:2420} INFO - Sync 1 DAGs
[2024-08-12 14:49:37,463] {logging_mixin.py:115} INFO - [2024-08-12 14:49:37,463] {dag.py:2972} INFO - Setting next_dagrun for 7.2-ExternalTaskSensor to 2024-08-12T00:00:00+00:00, run_after=2024-08-13T00:00:00+00:00
[2024-08-12 14:49:37,475] {processor.py:161} INFO - Processing /opt/airflow/dags/7.2-ExternalTaskSensor.py took 0.060 seconds
[2024-08-12 14:50:07,906] {processor.py:153} INFO - Started process (PID=2234) to work on /opt/airflow/dags/7.2-ExternalTaskSensor.py
[2024-08-12 14:50:07,906] {processor.py:641} INFO - Processing file /opt/airflow/dags/7.2-ExternalTaskSensor.py for tasks to queue
[2024-08-12 14:50:07,907] {logging_mixin.py:115} INFO - [2024-08-12 14:50:07,907] {dagbag.py:508} INFO - Filling up the DagBag from /opt/airflow/dags/7.2-ExternalTaskSensor.py
[2024-08-12 14:50:07,913] {processor.py:651} INFO - DAG(s) dict_keys(['7.2-ExternalTaskSensor']) retrieved from /opt/airflow/dags/7.2-ExternalTaskSensor.py
[2024-08-12 14:50:07,936] {logging_mixin.py:115} INFO - [2024-08-12 14:50:07,936] {dag.py:2420} INFO - Sync 1 DAGs
[2024-08-12 14:50:07,951] {logging_mixin.py:115} INFO - [2024-08-12 14:50:07,950] {dag.py:2972} INFO - Setting next_dagrun for 7.2-ExternalTaskSensor to 2024-08-12T00:00:00+00:00, run_after=2024-08-13T00:00:00+00:00
[2024-08-12 14:50:07,960] {processor.py:161} INFO - Processing /opt/airflow/dags/7.2-ExternalTaskSensor.py took 0.056 seconds
[2024-08-12 14:50:38,295] {processor.py:153} INFO - Started process (PID=2272) to work on /opt/airflow/dags/7.2-ExternalTaskSensor.py
[2024-08-12 14:50:38,295] {processor.py:641} INFO - Processing file /opt/airflow/dags/7.2-ExternalTaskSensor.py for tasks to queue
[2024-08-12 14:50:38,296] {logging_mixin.py:115} INFO - [2024-08-12 14:50:38,296] {dagbag.py:508} INFO - Filling up the DagBag from /opt/airflow/dags/7.2-ExternalTaskSensor.py
[2024-08-12 14:50:38,303] {processor.py:651} INFO - DAG(s) dict_keys(['7.2-ExternalTaskSensor']) retrieved from /opt/airflow/dags/7.2-ExternalTaskSensor.py
[2024-08-12 14:50:38,329] {logging_mixin.py:115} INFO - [2024-08-12 14:50:38,329] {dag.py:2420} INFO - Sync 1 DAGs
[2024-08-12 14:50:38,343] {logging_mixin.py:115} INFO - [2024-08-12 14:50:38,343] {dag.py:2972} INFO - Setting next_dagrun for 7.2-ExternalTaskSensor to 2024-08-12T00:00:00+00:00, run_after=2024-08-13T00:00:00+00:00
[2024-08-12 14:50:38,354] {processor.py:161} INFO - Processing /opt/airflow/dags/7.2-ExternalTaskSensor.py took 0.062 seconds
[2024-08-12 14:51:08,740] {processor.py:153} INFO - Started process (PID=2301) to work on /opt/airflow/dags/7.2-ExternalTaskSensor.py
[2024-08-12 14:51:08,741] {processor.py:641} INFO - Processing file /opt/airflow/dags/7.2-ExternalTaskSensor.py for tasks to queue
[2024-08-12 14:51:08,741] {logging_mixin.py:115} INFO - [2024-08-12 14:51:08,741] {dagbag.py:508} INFO - Filling up the DagBag from /opt/airflow/dags/7.2-ExternalTaskSensor.py
[2024-08-12 14:51:08,747] {processor.py:651} INFO - DAG(s) dict_keys(['7.2-ExternalTaskSensor']) retrieved from /opt/airflow/dags/7.2-ExternalTaskSensor.py
[2024-08-12 14:51:08,771] {logging_mixin.py:115} INFO - [2024-08-12 14:51:08,771] {dag.py:2420} INFO - Sync 1 DAGs
[2024-08-12 14:51:08,786] {logging_mixin.py:115} INFO - [2024-08-12 14:51:08,786] {dag.py:2972} INFO - Setting next_dagrun for 7.2-ExternalTaskSensor to 2024-08-12T00:00:00+00:00, run_after=2024-08-13T00:00:00+00:00
[2024-08-12 14:51:08,797] {processor.py:161} INFO - Processing /opt/airflow/dags/7.2-ExternalTaskSensor.py took 0.059 seconds
[2024-08-12 14:51:39,187] {processor.py:153} INFO - Started process (PID=2339) to work on /opt/airflow/dags/7.2-ExternalTaskSensor.py
[2024-08-12 14:51:39,187] {processor.py:641} INFO - Processing file /opt/airflow/dags/7.2-ExternalTaskSensor.py for tasks to queue
[2024-08-12 14:51:39,188] {logging_mixin.py:115} INFO - [2024-08-12 14:51:39,188] {dagbag.py:508} INFO - Filling up the DagBag from /opt/airflow/dags/7.2-ExternalTaskSensor.py
[2024-08-12 14:51:39,193] {processor.py:651} INFO - DAG(s) dict_keys(['7.2-ExternalTaskSensor']) retrieved from /opt/airflow/dags/7.2-ExternalTaskSensor.py
[2024-08-12 14:51:39,216] {logging_mixin.py:115} INFO - [2024-08-12 14:51:39,216] {dag.py:2420} INFO - Sync 1 DAGs
[2024-08-12 14:51:39,231] {logging_mixin.py:115} INFO - [2024-08-12 14:51:39,231] {dag.py:2972} INFO - Setting next_dagrun for 7.2-ExternalTaskSensor to 2024-08-12T00:00:00+00:00, run_after=2024-08-13T00:00:00+00:00
[2024-08-12 14:51:39,241] {processor.py:161} INFO - Processing /opt/airflow/dags/7.2-ExternalTaskSensor.py took 0.057 seconds
[2024-08-12 14:52:09,699] {processor.py:153} INFO - Started process (PID=2378) to work on /opt/airflow/dags/7.2-ExternalTaskSensor.py
[2024-08-12 14:52:09,699] {processor.py:641} INFO - Processing file /opt/airflow/dags/7.2-ExternalTaskSensor.py for tasks to queue
[2024-08-12 14:52:09,699] {logging_mixin.py:115} INFO - [2024-08-12 14:52:09,699] {dagbag.py:508} INFO - Filling up the DagBag from /opt/airflow/dags/7.2-ExternalTaskSensor.py
[2024-08-12 14:52:09,705] {processor.py:651} INFO - DAG(s) dict_keys(['7.2-ExternalTaskSensor']) retrieved from /opt/airflow/dags/7.2-ExternalTaskSensor.py
[2024-08-12 14:52:09,729] {logging_mixin.py:115} INFO - [2024-08-12 14:52:09,729] {dag.py:2420} INFO - Sync 1 DAGs
[2024-08-12 14:52:09,745] {logging_mixin.py:115} INFO - [2024-08-12 14:52:09,745] {dag.py:2972} INFO - Setting next_dagrun for 7.2-ExternalTaskSensor to 2024-08-12T00:00:00+00:00, run_after=2024-08-13T00:00:00+00:00
[2024-08-12 14:52:09,753] {processor.py:161} INFO - Processing /opt/airflow/dags/7.2-ExternalTaskSensor.py took 0.057 seconds
[2024-08-12 14:52:40,279] {processor.py:153} INFO - Started process (PID=2419) to work on /opt/airflow/dags/7.2-ExternalTaskSensor.py
[2024-08-12 14:52:40,280] {processor.py:641} INFO - Processing file /opt/airflow/dags/7.2-ExternalTaskSensor.py for tasks to queue
[2024-08-12 14:52:40,280] {logging_mixin.py:115} INFO - [2024-08-12 14:52:40,280] {dagbag.py:508} INFO - Filling up the DagBag from /opt/airflow/dags/7.2-ExternalTaskSensor.py
[2024-08-12 14:52:40,287] {processor.py:651} INFO - DAG(s) dict_keys(['7.2-ExternalTaskSensor']) retrieved from /opt/airflow/dags/7.2-ExternalTaskSensor.py
[2024-08-12 14:52:40,311] {logging_mixin.py:115} INFO - [2024-08-12 14:52:40,311] {dag.py:2420} INFO - Sync 1 DAGs
[2024-08-12 14:52:40,325] {logging_mixin.py:115} INFO - [2024-08-12 14:52:40,325] {dag.py:2972} INFO - Setting next_dagrun for 7.2-ExternalTaskSensor to 2024-08-12T00:00:00+00:00, run_after=2024-08-13T00:00:00+00:00
[2024-08-12 14:52:40,333] {processor.py:161} INFO - Processing /opt/airflow/dags/7.2-ExternalTaskSensor.py took 0.056 seconds
[2024-08-12 14:53:10,794] {processor.py:153} INFO - Started process (PID=2458) to work on /opt/airflow/dags/7.2-ExternalTaskSensor.py
[2024-08-12 14:53:10,795] {processor.py:641} INFO - Processing file /opt/airflow/dags/7.2-ExternalTaskSensor.py for tasks to queue
[2024-08-12 14:53:10,795] {logging_mixin.py:115} INFO - [2024-08-12 14:53:10,795] {dagbag.py:508} INFO - Filling up the DagBag from /opt/airflow/dags/7.2-ExternalTaskSensor.py
[2024-08-12 14:53:10,801] {processor.py:651} INFO - DAG(s) dict_keys(['7.2-ExternalTaskSensor']) retrieved from /opt/airflow/dags/7.2-ExternalTaskSensor.py
[2024-08-12 14:53:10,827] {logging_mixin.py:115} INFO - [2024-08-12 14:53:10,827] {dag.py:2420} INFO - Sync 1 DAGs
[2024-08-12 14:53:10,841] {logging_mixin.py:115} INFO - [2024-08-12 14:53:10,841] {dag.py:2972} INFO - Setting next_dagrun for 7.2-ExternalTaskSensor to 2024-08-12T00:00:00+00:00, run_after=2024-08-13T00:00:00+00:00
[2024-08-12 14:53:10,850] {processor.py:161} INFO - Processing /opt/airflow/dags/7.2-ExternalTaskSensor.py took 0.058 seconds
[2024-08-12 14:53:41,365] {processor.py:153} INFO - Started process (PID=2498) to work on /opt/airflow/dags/7.2-ExternalTaskSensor.py
[2024-08-12 14:53:41,366] {processor.py:641} INFO - Processing file /opt/airflow/dags/7.2-ExternalTaskSensor.py for tasks to queue
[2024-08-12 14:53:41,366] {logging_mixin.py:115} INFO - [2024-08-12 14:53:41,366] {dagbag.py:508} INFO - Filling up the DagBag from /opt/airflow/dags/7.2-ExternalTaskSensor.py
[2024-08-12 14:53:41,372] {processor.py:651} INFO - DAG(s) dict_keys(['7.2-ExternalTaskSensor']) retrieved from /opt/airflow/dags/7.2-ExternalTaskSensor.py
[2024-08-12 14:53:41,397] {logging_mixin.py:115} INFO - [2024-08-12 14:53:41,397] {dag.py:2420} INFO - Sync 1 DAGs
[2024-08-12 14:53:41,413] {logging_mixin.py:115} INFO - [2024-08-12 14:53:41,413] {dag.py:2972} INFO - Setting next_dagrun for 7.2-ExternalTaskSensor to 2024-08-12T00:00:00+00:00, run_after=2024-08-13T00:00:00+00:00
[2024-08-12 14:53:41,422] {processor.py:161} INFO - Processing /opt/airflow/dags/7.2-ExternalTaskSensor.py took 0.059 seconds
[2024-08-12 14:54:11,872] {processor.py:153} INFO - Started process (PID=2536) to work on /opt/airflow/dags/7.2-ExternalTaskSensor.py
[2024-08-12 14:54:11,872] {processor.py:641} INFO - Processing file /opt/airflow/dags/7.2-ExternalTaskSensor.py for tasks to queue
[2024-08-12 14:54:11,873] {logging_mixin.py:115} INFO - [2024-08-12 14:54:11,873] {dagbag.py:508} INFO - Filling up the DagBag from /opt/airflow/dags/7.2-ExternalTaskSensor.py
[2024-08-12 14:54:11,879] {processor.py:651} INFO - DAG(s) dict_keys(['7.2-ExternalTaskSensor']) retrieved from /opt/airflow/dags/7.2-ExternalTaskSensor.py
[2024-08-12 14:54:11,905] {logging_mixin.py:115} INFO - [2024-08-12 14:54:11,904] {dag.py:2420} INFO - Sync 1 DAGs
[2024-08-12 14:54:11,918] {logging_mixin.py:115} INFO - [2024-08-12 14:54:11,918] {dag.py:2972} INFO - Setting next_dagrun for 7.2-ExternalTaskSensor to 2024-08-12T00:00:00+00:00, run_after=2024-08-13T00:00:00+00:00
[2024-08-12 14:54:11,927] {processor.py:161} INFO - Processing /opt/airflow/dags/7.2-ExternalTaskSensor.py took 0.057 seconds
[2024-08-12 14:54:42,337] {processor.py:153} INFO - Started process (PID=2579) to work on /opt/airflow/dags/7.2-ExternalTaskSensor.py
[2024-08-12 14:54:42,337] {processor.py:641} INFO - Processing file /opt/airflow/dags/7.2-ExternalTaskSensor.py for tasks to queue
[2024-08-12 14:54:42,338] {logging_mixin.py:115} INFO - [2024-08-12 14:54:42,338] {dagbag.py:508} INFO - Filling up the DagBag from /opt/airflow/dags/7.2-ExternalTaskSensor.py
[2024-08-12 14:54:42,344] {processor.py:651} INFO - DAG(s) dict_keys(['7.2-ExternalTaskSensor']) retrieved from /opt/airflow/dags/7.2-ExternalTaskSensor.py
[2024-08-12 14:54:42,367] {logging_mixin.py:115} INFO - [2024-08-12 14:54:42,367] {dag.py:2420} INFO - Sync 1 DAGs
[2024-08-12 14:54:42,381] {logging_mixin.py:115} INFO - [2024-08-12 14:54:42,381] {dag.py:2972} INFO - Setting next_dagrun for 7.2-ExternalTaskSensor to 2024-08-12T00:00:00+00:00, run_after=2024-08-13T00:00:00+00:00
[2024-08-12 14:54:42,391] {processor.py:161} INFO - Processing /opt/airflow/dags/7.2-ExternalTaskSensor.py took 0.057 seconds
[2024-08-12 14:55:12,808] {processor.py:153} INFO - Started process (PID=2618) to work on /opt/airflow/dags/7.2-ExternalTaskSensor.py
[2024-08-12 14:55:12,808] {processor.py:641} INFO - Processing file /opt/airflow/dags/7.2-ExternalTaskSensor.py for tasks to queue
[2024-08-12 14:55:12,809] {logging_mixin.py:115} INFO - [2024-08-12 14:55:12,809] {dagbag.py:508} INFO - Filling up the DagBag from /opt/airflow/dags/7.2-ExternalTaskSensor.py
[2024-08-12 14:55:12,817] {processor.py:651} INFO - DAG(s) dict_keys(['7.2-ExternalTaskSensor']) retrieved from /opt/airflow/dags/7.2-ExternalTaskSensor.py
[2024-08-12 14:55:12,840] {logging_mixin.py:115} INFO - [2024-08-12 14:55:12,839] {dag.py:2420} INFO - Sync 1 DAGs
[2024-08-12 14:55:12,854] {logging_mixin.py:115} INFO - [2024-08-12 14:55:12,854] {dag.py:2972} INFO - Setting next_dagrun for 7.2-ExternalTaskSensor to 2024-08-12T00:00:00+00:00, run_after=2024-08-13T00:00:00+00:00
[2024-08-12 14:55:12,863] {processor.py:161} INFO - Processing /opt/airflow/dags/7.2-ExternalTaskSensor.py took 0.057 seconds
[2024-08-12 14:55:43,287] {processor.py:153} INFO - Started process (PID=2657) to work on /opt/airflow/dags/7.2-ExternalTaskSensor.py
[2024-08-12 14:55:43,288] {processor.py:641} INFO - Processing file /opt/airflow/dags/7.2-ExternalTaskSensor.py for tasks to queue
[2024-08-12 14:55:43,288] {logging_mixin.py:115} INFO - [2024-08-12 14:55:43,288] {dagbag.py:508} INFO - Filling up the DagBag from /opt/airflow/dags/7.2-ExternalTaskSensor.py
[2024-08-12 14:55:43,295] {processor.py:651} INFO - DAG(s) dict_keys(['7.2-ExternalTaskSensor']) retrieved from /opt/airflow/dags/7.2-ExternalTaskSensor.py
[2024-08-12 14:55:43,319] {logging_mixin.py:115} INFO - [2024-08-12 14:55:43,319] {dag.py:2420} INFO - Sync 1 DAGs
[2024-08-12 14:55:43,333] {logging_mixin.py:115} INFO - [2024-08-12 14:55:43,333] {dag.py:2972} INFO - Setting next_dagrun for 7.2-ExternalTaskSensor to 2024-08-12T00:00:00+00:00, run_after=2024-08-13T00:00:00+00:00
[2024-08-12 14:55:43,342] {processor.py:161} INFO - Processing /opt/airflow/dags/7.2-ExternalTaskSensor.py took 0.057 seconds
[2024-08-12 14:56:13,795] {processor.py:153} INFO - Started process (PID=2696) to work on /opt/airflow/dags/7.2-ExternalTaskSensor.py
[2024-08-12 14:56:13,795] {processor.py:641} INFO - Processing file /opt/airflow/dags/7.2-ExternalTaskSensor.py for tasks to queue
[2024-08-12 14:56:13,796] {logging_mixin.py:115} INFO - [2024-08-12 14:56:13,796] {dagbag.py:508} INFO - Filling up the DagBag from /opt/airflow/dags/7.2-ExternalTaskSensor.py
[2024-08-12 14:56:13,802] {processor.py:651} INFO - DAG(s) dict_keys(['7.2-ExternalTaskSensor']) retrieved from /opt/airflow/dags/7.2-ExternalTaskSensor.py
[2024-08-12 14:56:13,828] {logging_mixin.py:115} INFO - [2024-08-12 14:56:13,828] {dag.py:2420} INFO - Sync 1 DAGs
[2024-08-12 14:56:13,844] {logging_mixin.py:115} INFO - [2024-08-12 14:56:13,844] {dag.py:2972} INFO - Setting next_dagrun for 7.2-ExternalTaskSensor to 2024-08-12T00:00:00+00:00, run_after=2024-08-13T00:00:00+00:00
[2024-08-12 14:56:13,853] {processor.py:161} INFO - Processing /opt/airflow/dags/7.2-ExternalTaskSensor.py took 0.060 seconds
[2024-08-12 14:56:44,284] {processor.py:153} INFO - Started process (PID=2726) to work on /opt/airflow/dags/7.2-ExternalTaskSensor.py
[2024-08-12 14:56:44,284] {processor.py:641} INFO - Processing file /opt/airflow/dags/7.2-ExternalTaskSensor.py for tasks to queue
[2024-08-12 14:56:44,284] {logging_mixin.py:115} INFO - [2024-08-12 14:56:44,284] {dagbag.py:508} INFO - Filling up the DagBag from /opt/airflow/dags/7.2-ExternalTaskSensor.py
[2024-08-12 14:56:44,290] {processor.py:651} INFO - DAG(s) dict_keys(['7.2-ExternalTaskSensor']) retrieved from /opt/airflow/dags/7.2-ExternalTaskSensor.py
[2024-08-12 14:56:44,312] {logging_mixin.py:115} INFO - [2024-08-12 14:56:44,312] {dag.py:2420} INFO - Sync 1 DAGs
[2024-08-12 14:56:44,327] {logging_mixin.py:115} INFO - [2024-08-12 14:56:44,327] {dag.py:2972} INFO - Setting next_dagrun for 7.2-ExternalTaskSensor to 2024-08-12T00:00:00+00:00, run_after=2024-08-13T00:00:00+00:00
[2024-08-12 14:56:44,335] {processor.py:161} INFO - Processing /opt/airflow/dags/7.2-ExternalTaskSensor.py took 0.053 seconds
[2024-08-12 14:57:14,764] {processor.py:153} INFO - Started process (PID=2765) to work on /opt/airflow/dags/7.2-ExternalTaskSensor.py
[2024-08-12 14:57:14,764] {processor.py:641} INFO - Processing file /opt/airflow/dags/7.2-ExternalTaskSensor.py for tasks to queue
[2024-08-12 14:57:14,765] {logging_mixin.py:115} INFO - [2024-08-12 14:57:14,765] {dagbag.py:508} INFO - Filling up the DagBag from /opt/airflow/dags/7.2-ExternalTaskSensor.py
[2024-08-12 14:57:14,773] {processor.py:651} INFO - DAG(s) dict_keys(['7.2-ExternalTaskSensor']) retrieved from /opt/airflow/dags/7.2-ExternalTaskSensor.py
[2024-08-12 14:57:14,796] {logging_mixin.py:115} INFO - [2024-08-12 14:57:14,796] {dag.py:2420} INFO - Sync 1 DAGs
[2024-08-12 14:57:14,812] {logging_mixin.py:115} INFO - [2024-08-12 14:57:14,812] {dag.py:2972} INFO - Setting next_dagrun for 7.2-ExternalTaskSensor to 2024-08-12T00:00:00+00:00, run_after=2024-08-13T00:00:00+00:00
[2024-08-12 14:57:14,821] {processor.py:161} INFO - Processing /opt/airflow/dags/7.2-ExternalTaskSensor.py took 0.059 seconds
