[2024-06-05 17:01:30,139] {taskinstance.py:1179} INFO - Dependencies all met for <TaskInstance: 6.1-monitoring.task2 scheduled__2024-06-04T00:00:00+00:00 [queued]>
[2024-06-05 17:01:30,163] {taskinstance.py:1179} INFO - Dependencies all met for <TaskInstance: 6.1-monitoring.task2 scheduled__2024-06-04T00:00:00+00:00 [queued]>
[2024-06-05 17:01:30,163] {taskinstance.py:1376} INFO - 
--------------------------------------------------------------------------------
[2024-06-05 17:01:30,163] {taskinstance.py:1377} INFO - Starting attempt 1 of 1
[2024-06-05 17:01:30,164] {taskinstance.py:1378} INFO - 
--------------------------------------------------------------------------------
[2024-06-05 17:01:30,184] {taskinstance.py:1397} INFO - Executing <Task(BashOperator): task2> on 2024-06-04 00:00:00+00:00
[2024-06-05 17:01:30,190] {standard_task_runner.py:52} INFO - Started process 109 to run task
[2024-06-05 17:01:30,194] {standard_task_runner.py:79} INFO - Running: ['***', 'tasks', 'run', '6.1-monitoring', 'task2', 'scheduled__2024-06-04T00:00:00+00:00', '--job-id', '384', '--raw', '--subdir', 'DAGS_FOLDER/6.1-monitoring.py', '--cfg-path', '/tmp/tmpawuxdw84', '--error-file', '/tmp/tmpt9hul_z4']
[2024-06-05 17:01:30,195] {standard_task_runner.py:80} INFO - Job 384: Subtask task2
[2024-06-05 17:01:30,275] {task_command.py:371} INFO - Running <TaskInstance: 6.1-monitoring.task2 scheduled__2024-06-04T00:00:00+00:00 [running]> on host c832426e9d7b
[2024-06-05 17:01:30,373] {taskinstance.py:1591} INFO - Exporting the following env vars:
AIRFLOW_CTX_DAG_OWNER=***
AIRFLOW_CTX_DAG_ID=6.1-monitoring
AIRFLOW_CTX_TASK_ID=task2
AIRFLOW_CTX_EXECUTION_DATE=2024-06-04T00:00:00+00:00
AIRFLOW_CTX_TRY_NUMBER=1
AIRFLOW_CTX_DAG_RUN_ID=scheduled__2024-06-04T00:00:00+00:00
[2024-06-05 17:01:30,376] {subprocess.py:62} INFO - Tmp dir root location: 
 /tmp
[2024-06-05 17:01:30,376] {subprocess.py:74} INFO - Running command: ['bash', '-c', "sleep 2 && echo 'Task 2'"]
[2024-06-05 17:01:30,389] {subprocess.py:85} INFO - Output:
[2024-06-05 17:01:32,395] {subprocess.py:92} INFO - Task 2
[2024-06-05 17:01:32,396] {subprocess.py:96} INFO - Command exited with return code 0
[2024-06-05 17:01:32,438] {taskinstance.py:1420} INFO - Marking task as SUCCESS. dag_id=6.1-monitoring, task_id=task2, execution_date=20240604T000000, start_date=20240605T170130, end_date=20240605T170132
[2024-06-05 17:01:32,474] {local_task_job.py:156} INFO - Task exited with return code 0
[2024-06-05 17:01:32,530] {local_task_job.py:273} INFO - 1 downstream tasks scheduled from follow-on schedule check
