[2024-08-12 14:44:29,533] {taskinstance.py:1173} INFO - Dependencies not met for <TaskInstance: 7.2-ExternalTaskSensor.task2 scheduled__2024-08-11T00:00:00+00:00 [queued]>, dependency 'Trigger Rule' FAILED: Task's trigger rule 'all_success' requires all upstream tasks to have succeeded, but found 1 non-success(es). upstream_tasks_state={'total': 1, 'successes': 0, 'skipped': 0, 'failed': 0, 'upstream_failed': 0, 'done': 0}, upstream_task_ids={'waiting_dag'}
[2024-08-12 14:44:29,536] {local_task_job.py:101} INFO - Task is not able to be run
[2024-08-12 14:47:40,234] {taskinstance.py:1173} INFO - Dependencies not met for <TaskInstance: 7.2-ExternalTaskSensor.task2 scheduled__2024-08-11T00:00:00+00:00 [queued]>, dependency 'Previous Dagrun State' FAILED: depends_on_past is true for this task, but the previous task instance <TaskInstance: 7.2-ExternalTaskSensor.task2 scheduled__2024-08-10T00:00:00+00:00 [running]> is in the state 'running' which is not a successful state.
[2024-08-12 14:47:40,247] {local_task_job.py:101} INFO - Task is not able to be run
[2024-08-12 14:47:59,418] {taskinstance.py:1179} INFO - Dependencies all met for <TaskInstance: 7.2-ExternalTaskSensor.task2 scheduled__2024-08-11T00:00:00+00:00 [queued]>
[2024-08-12 14:47:59,428] {taskinstance.py:1179} INFO - Dependencies all met for <TaskInstance: 7.2-ExternalTaskSensor.task2 scheduled__2024-08-11T00:00:00+00:00 [queued]>
[2024-08-12 14:47:59,428] {taskinstance.py:1376} INFO - 
--------------------------------------------------------------------------------
[2024-08-12 14:47:59,428] {taskinstance.py:1377} INFO - Starting attempt 1 of 1
[2024-08-12 14:47:59,428] {taskinstance.py:1378} INFO - 
--------------------------------------------------------------------------------
[2024-08-12 14:47:59,437] {taskinstance.py:1397} INFO - Executing <Task(BashOperator): task2> on 2024-08-11 00:00:00+00:00
[2024-08-12 14:47:59,440] {standard_task_runner.py:52} INFO - Started process 1530 to run task
[2024-08-12 14:47:59,442] {standard_task_runner.py:79} INFO - Running: ['***', 'tasks', 'run', '7.2-ExternalTaskSensor', 'task2', 'scheduled__2024-08-11T00:00:00+00:00', '--job-id', '431', '--raw', '--subdir', 'DAGS_FOLDER/7.2-ExternalTaskSensor.py', '--cfg-path', '/tmp/tmpto6_iig7', '--error-file', '/tmp/tmpeu70ygix']
[2024-08-12 14:47:59,443] {standard_task_runner.py:80} INFO - Job 431: Subtask task2
[2024-08-12 14:47:59,489] {task_command.py:371} INFO - Running <TaskInstance: 7.2-ExternalTaskSensor.task2 scheduled__2024-08-11T00:00:00+00:00 [running]> on host edb2a5494af7
[2024-08-12 14:47:59,539] {taskinstance.py:1591} INFO - Exporting the following env vars:
AIRFLOW_CTX_DAG_OWNER=***
AIRFLOW_CTX_DAG_ID=7.2-ExternalTaskSensor
AIRFLOW_CTX_TASK_ID=task2
AIRFLOW_CTX_EXECUTION_DATE=2024-08-11T00:00:00+00:00
AIRFLOW_CTX_TRY_NUMBER=1
AIRFLOW_CTX_DAG_RUN_ID=scheduled__2024-08-11T00:00:00+00:00
[2024-08-12 14:47:59,540] {subprocess.py:62} INFO - Tmp dir root location: 
 /tmp
[2024-08-12 14:47:59,540] {subprocess.py:74} INFO - Running command: ['bash', '-c', "echo 'Task 2 Finished'"]
[2024-08-12 14:47:59,547] {subprocess.py:85} INFO - Output:
[2024-08-12 14:47:59,548] {subprocess.py:92} INFO - Task 2 Finished
[2024-08-12 14:47:59,548] {subprocess.py:96} INFO - Command exited with return code 0
[2024-08-12 14:47:59,570] {taskinstance.py:1420} INFO - Marking task as SUCCESS. dag_id=7.2-ExternalTaskSensor, task_id=task2, execution_date=20240811T000000, start_date=20240812T144759, end_date=20240812T144759
[2024-08-12 14:47:59,620] {local_task_job.py:156} INFO - Task exited with return code 0
[2024-08-12 14:47:59,644] {local_task_job.py:273} INFO - 0 downstream tasks scheduled from follow-on schedule check
