[2024-06-05 17:01:26,229] {taskinstance.py:1179} INFO - Dependencies all met for <TaskInstance: 6.1-monitoring.task1 scheduled__2024-06-04T00:00:00+00:00 [queued]>
[2024-06-05 17:01:26,287] {taskinstance.py:1179} INFO - Dependencies all met for <TaskInstance: 6.1-monitoring.task1 scheduled__2024-06-04T00:00:00+00:00 [queued]>
[2024-06-05 17:01:26,288] {taskinstance.py:1376} INFO - 
--------------------------------------------------------------------------------
[2024-06-05 17:01:26,289] {taskinstance.py:1377} INFO - Starting attempt 1 of 1
[2024-06-05 17:01:26,290] {taskinstance.py:1378} INFO - 
--------------------------------------------------------------------------------
[2024-06-05 17:01:26,312] {taskinstance.py:1397} INFO - Executing <Task(BashOperator): task1> on 2024-06-04 00:00:00+00:00
[2024-06-05 17:01:26,320] {standard_task_runner.py:52} INFO - Started process 68 to run task
[2024-06-05 17:01:26,327] {standard_task_runner.py:79} INFO - Running: ['***', 'tasks', 'run', '6.1-monitoring', 'task1', 'scheduled__2024-06-04T00:00:00+00:00', '--job-id', '374', '--raw', '--subdir', 'DAGS_FOLDER/6.1-monitoring.py', '--cfg-path', '/tmp/tmp13si3a6m', '--error-file', '/tmp/tmp0yj_imeg']
[2024-06-05 17:01:26,329] {standard_task_runner.py:80} INFO - Job 374: Subtask task1
[2024-06-05 17:01:26,444] {task_command.py:371} INFO - Running <TaskInstance: 6.1-monitoring.task1 scheduled__2024-06-04T00:00:00+00:00 [running]> on host c832426e9d7b
[2024-06-05 17:01:26,552] {taskinstance.py:1591} INFO - Exporting the following env vars:
AIRFLOW_CTX_DAG_OWNER=***
AIRFLOW_CTX_DAG_ID=6.1-monitoring
AIRFLOW_CTX_TASK_ID=task1
AIRFLOW_CTX_EXECUTION_DATE=2024-06-04T00:00:00+00:00
AIRFLOW_CTX_TRY_NUMBER=1
AIRFLOW_CTX_DAG_RUN_ID=scheduled__2024-06-04T00:00:00+00:00
[2024-06-05 17:01:26,554] {subprocess.py:62} INFO - Tmp dir root location: 
 /tmp
[2024-06-05 17:01:26,555] {subprocess.py:74} INFO - Running command: ['bash', '-c', "sleep 2 && echo 'Task 1'"]
[2024-06-05 17:01:26,568] {subprocess.py:85} INFO - Output:
[2024-06-05 17:01:28,574] {subprocess.py:92} INFO - Task 1
[2024-06-05 17:01:28,576] {subprocess.py:96} INFO - Command exited with return code 0
[2024-06-05 17:01:28,665] {taskinstance.py:1420} INFO - Marking task as SUCCESS. dag_id=6.1-monitoring, task_id=task1, execution_date=20240604T000000, start_date=20240605T170126, end_date=20240605T170128
[2024-06-05 17:01:28,730] {local_task_job.py:156} INFO - Task exited with return code 0
[2024-06-05 17:01:28,783] {local_task_job.py:273} INFO - 1 downstream tasks scheduled from follow-on schedule check
