[2024-06-12 06:51:57,389] {processor.py:153} INFO - Started process (PID=37) to work on /opt/airflow/dags/6.1-monitoring.py
[2024-06-12 06:51:57,392] {processor.py:641} INFO - Processing file /opt/airflow/dags/6.1-monitoring.py for tasks to queue
[2024-06-12 06:51:57,393] {logging_mixin.py:115} INFO - [2024-06-12 06:51:57,393] {dagbag.py:508} INFO - Filling up the DagBag from /opt/airflow/dags/6.1-monitoring.py
[2024-06-12 06:51:57,409] {processor.py:651} INFO - DAG(s) dict_keys(['6.1-monitoring']) retrieved from /opt/airflow/dags/6.1-monitoring.py
[2024-06-12 06:51:57,432] {logging_mixin.py:115} INFO - [2024-06-12 06:51:57,432] {dag.py:2420} INFO - Sync 1 DAGs
[2024-06-12 06:51:57,590] {logging_mixin.py:115} INFO - [2024-06-12 06:51:57,590] {dag.py:2972} INFO - Setting next_dagrun for 6.1-monitoring to 2024-06-05T00:00:00+00:00, run_after=2024-06-06T00:00:00+00:00
[2024-06-12 06:51:57,602] {processor.py:161} INFO - Processing /opt/airflow/dags/6.1-monitoring.py took 0.217 seconds
[2024-06-12 06:52:28,248] {processor.py:153} INFO - Started process (PID=72) to work on /opt/airflow/dags/6.1-monitoring.py
[2024-06-12 06:52:28,248] {processor.py:641} INFO - Processing file /opt/airflow/dags/6.1-monitoring.py for tasks to queue
[2024-06-12 06:52:28,249] {logging_mixin.py:115} INFO - [2024-06-12 06:52:28,249] {dagbag.py:508} INFO - Filling up the DagBag from /opt/airflow/dags/6.1-monitoring.py
[2024-06-12 06:52:28,256] {processor.py:651} INFO - DAG(s) dict_keys(['6.1-monitoring']) retrieved from /opt/airflow/dags/6.1-monitoring.py
[2024-06-12 06:52:28,367] {logging_mixin.py:115} INFO - [2024-06-12 06:52:28,367] {dag.py:2420} INFO - Sync 1 DAGs
[2024-06-12 06:52:28,386] {logging_mixin.py:115} INFO - [2024-06-12 06:52:28,386] {dag.py:2972} INFO - Setting next_dagrun for 6.1-monitoring to 2024-06-05T00:00:00+00:00, run_after=2024-06-06T00:00:00+00:00
[2024-06-12 06:52:28,394] {processor.py:161} INFO - Processing /opt/airflow/dags/6.1-monitoring.py took 0.148 seconds
[2024-06-12 06:52:58,943] {processor.py:153} INFO - Started process (PID=107) to work on /opt/airflow/dags/6.1-monitoring.py
[2024-06-12 06:52:58,943] {processor.py:641} INFO - Processing file /opt/airflow/dags/6.1-monitoring.py for tasks to queue
[2024-06-12 06:52:58,944] {logging_mixin.py:115} INFO - [2024-06-12 06:52:58,944] {dagbag.py:508} INFO - Filling up the DagBag from /opt/airflow/dags/6.1-monitoring.py
[2024-06-12 06:52:58,954] {processor.py:651} INFO - DAG(s) dict_keys(['6.1-monitoring']) retrieved from /opt/airflow/dags/6.1-monitoring.py
[2024-06-12 06:52:59,048] {logging_mixin.py:115} INFO - [2024-06-12 06:52:59,048] {dag.py:2420} INFO - Sync 1 DAGs
[2024-06-12 06:52:59,059] {logging_mixin.py:115} INFO - [2024-06-12 06:52:59,059] {dag.py:2972} INFO - Setting next_dagrun for 6.1-monitoring to 2024-06-05T00:00:00+00:00, run_after=2024-06-06T00:00:00+00:00
[2024-06-12 06:52:59,067] {processor.py:161} INFO - Processing /opt/airflow/dags/6.1-monitoring.py took 0.126 seconds
