[2024-05-20 16:54:05,700] {taskinstance.py:1179} INFO - Dependencies all met for <TaskInstance: 6.1-monitoring.task1 scheduled__2024-05-10T00:00:00+00:00 [queued]>
[2024-05-20 16:54:05,709] {taskinstance.py:1179} INFO - Dependencies all met for <TaskInstance: 6.1-monitoring.task1 scheduled__2024-05-10T00:00:00+00:00 [queued]>
[2024-05-20 16:54:05,710] {taskinstance.py:1376} INFO - 
--------------------------------------------------------------------------------
[2024-05-20 16:54:05,710] {taskinstance.py:1377} INFO - Starting attempt 2 of 2
[2024-05-20 16:54:05,711] {taskinstance.py:1378} INFO - 
--------------------------------------------------------------------------------
[2024-05-20 16:54:05,752] {taskinstance.py:1397} INFO - Executing <Task(BashOperator): task1> on 2024-05-10 00:00:00+00:00
[2024-05-20 16:54:05,761] {standard_task_runner.py:52} INFO - Started process 3357 to run task
[2024-05-20 16:54:05,765] {standard_task_runner.py:79} INFO - Running: ['***', 'tasks', 'run', '6.1-monitoring', 'task1', 'scheduled__2024-05-10T00:00:00+00:00', '--job-id', '241', '--raw', '--subdir', 'DAGS_FOLDER/6.1-monitoring.py', '--cfg-path', '/tmp/tmpqx6h47an', '--error-file', '/tmp/tmpk8e6_5dy']
[2024-05-20 16:54:05,765] {standard_task_runner.py:80} INFO - Job 241: Subtask task1
[2024-05-20 16:54:05,850] {task_command.py:371} INFO - Running <TaskInstance: 6.1-monitoring.task1 scheduled__2024-05-10T00:00:00+00:00 [running]> on host c832426e9d7b
[2024-05-20 16:54:05,980] {taskinstance.py:1591} INFO - Exporting the following env vars:
AIRFLOW_CTX_DAG_OWNER=***
AIRFLOW_CTX_DAG_ID=6.1-monitoring
AIRFLOW_CTX_TASK_ID=task1
AIRFLOW_CTX_EXECUTION_DATE=2024-05-10T00:00:00+00:00
AIRFLOW_CTX_TRY_NUMBER=2
AIRFLOW_CTX_DAG_RUN_ID=scheduled__2024-05-10T00:00:00+00:00
[2024-05-20 16:54:05,982] {subprocess.py:62} INFO - Tmp dir root location: 
 /tmp
[2024-05-20 16:54:05,983] {subprocess.py:74} INFO - Running command: ['bash', '-c', "sleep 2 && echo 'Task 1'"]
[2024-05-20 16:54:06,010] {subprocess.py:85} INFO - Output:
[2024-05-20 16:54:08,015] {subprocess.py:92} INFO - Task 1
[2024-05-20 16:54:08,015] {subprocess.py:96} INFO - Command exited with return code 0
[2024-05-20 16:54:08,034] {taskinstance.py:1420} INFO - Marking task as SUCCESS. dag_id=6.1-monitoring, task_id=task1, execution_date=20240510T000000, start_date=20240520T165405, end_date=20240520T165408
[2024-05-20 16:54:08,082] {local_task_job.py:156} INFO - Task exited with return code 0
[2024-05-20 16:54:08,135] {local_task_job.py:273} INFO - 0 downstream tasks scheduled from follow-on schedule check
