[2024-05-20 16:54:27,154] {taskinstance.py:1179} INFO - Dependencies all met for <TaskInstance: 6.1-monitoring.task2 scheduled__2024-05-18T00:00:00+00:00 [queued]>
[2024-05-20 16:54:27,175] {taskinstance.py:1179} INFO - Dependencies all met for <TaskInstance: 6.1-monitoring.task2 scheduled__2024-05-18T00:00:00+00:00 [queued]>
[2024-05-20 16:54:27,176] {taskinstance.py:1376} INFO - 
--------------------------------------------------------------------------------
[2024-05-20 16:54:27,176] {taskinstance.py:1377} INFO - Starting attempt 3 of 3
[2024-05-20 16:54:27,176] {taskinstance.py:1378} INFO - 
--------------------------------------------------------------------------------
[2024-05-20 16:54:27,195] {taskinstance.py:1397} INFO - Executing <Task(BashOperator): task2> on 2024-05-18 00:00:00+00:00
[2024-05-20 16:54:27,201] {standard_task_runner.py:79} INFO - Running: ['***', 'tasks', 'run', '6.1-monitoring', 'task2', 'scheduled__2024-05-18T00:00:00+00:00', '--job-id', '298', '--raw', '--subdir', 'DAGS_FOLDER/6.1-monitoring.py', '--cfg-path', '/tmp/tmpolpzsb9p', '--error-file', '/tmp/tmp2ivyc0qu']
[2024-05-20 16:54:27,204] {standard_task_runner.py:80} INFO - Job 298: Subtask task2
[2024-05-20 16:54:27,198] {standard_task_runner.py:52} INFO - Started process 3571 to run task
[2024-05-20 16:54:27,257] {task_command.py:371} INFO - Running <TaskInstance: 6.1-monitoring.task2 scheduled__2024-05-18T00:00:00+00:00 [running]> on host c832426e9d7b
[2024-05-20 16:54:27,317] {taskinstance.py:1591} INFO - Exporting the following env vars:
AIRFLOW_CTX_DAG_OWNER=***
AIRFLOW_CTX_DAG_ID=6.1-monitoring
AIRFLOW_CTX_TASK_ID=task2
AIRFLOW_CTX_EXECUTION_DATE=2024-05-18T00:00:00+00:00
AIRFLOW_CTX_TRY_NUMBER=3
AIRFLOW_CTX_DAG_RUN_ID=scheduled__2024-05-18T00:00:00+00:00
[2024-05-20 16:54:27,319] {subprocess.py:62} INFO - Tmp dir root location: 
 /tmp
[2024-05-20 16:54:27,320] {subprocess.py:74} INFO - Running command: ['bash', '-c', "sleep 2 && echo 'Task 2'"]
[2024-05-20 16:54:27,329] {subprocess.py:85} INFO - Output:
[2024-05-20 16:54:29,334] {subprocess.py:92} INFO - Task 2
[2024-05-20 16:54:29,335] {subprocess.py:96} INFO - Command exited with return code 0
[2024-05-20 16:54:29,390] {taskinstance.py:1420} INFO - Marking task as SUCCESS. dag_id=6.1-monitoring, task_id=task2, execution_date=20240518T000000, start_date=20240520T165427, end_date=20240520T165429
[2024-05-20 16:54:29,445] {local_task_job.py:156} INFO - Task exited with return code 0
[2024-05-20 16:54:29,535] {local_task_job.py:273} INFO - 1 downstream tasks scheduled from follow-on schedule check
