[2024-06-05 17:01:32,967] {taskinstance.py:1179} INFO - Dependencies all met for <TaskInstance: 6.1-monitoring.task3 scheduled__2024-06-04T00:00:00+00:00 [queued]>
[2024-06-05 17:01:33,015] {taskinstance.py:1179} INFO - Dependencies all met for <TaskInstance: 6.1-monitoring.task3 scheduled__2024-06-04T00:00:00+00:00 [queued]>
[2024-06-05 17:01:33,020] {taskinstance.py:1376} INFO - 
--------------------------------------------------------------------------------
[2024-06-05 17:01:33,020] {taskinstance.py:1377} INFO - Starting attempt 1 of 1
[2024-06-05 17:01:33,020] {taskinstance.py:1378} INFO - 
--------------------------------------------------------------------------------
[2024-06-05 17:01:33,056] {taskinstance.py:1397} INFO - Executing <Task(BashOperator): task3> on 2024-06-04 00:00:00+00:00
[2024-06-05 17:01:33,063] {standard_task_runner.py:52} INFO - Started process 136 to run task
[2024-06-05 17:01:33,068] {standard_task_runner.py:79} INFO - Running: ['***', 'tasks', 'run', '6.1-monitoring', 'task3', 'scheduled__2024-06-04T00:00:00+00:00', '--job-id', '385', '--raw', '--subdir', 'DAGS_FOLDER/6.1-monitoring.py', '--cfg-path', '/tmp/tmp2r2z2t9g', '--error-file', '/tmp/tmp35oh6qx4']
[2024-06-05 17:01:33,072] {standard_task_runner.py:80} INFO - Job 385: Subtask task3
[2024-06-05 17:01:33,194] {task_command.py:371} INFO - Running <TaskInstance: 6.1-monitoring.task3 scheduled__2024-06-04T00:00:00+00:00 [running]> on host c832426e9d7b
[2024-06-05 17:01:33,318] {taskinstance.py:1591} INFO - Exporting the following env vars:
AIRFLOW_CTX_DAG_OWNER=***
AIRFLOW_CTX_DAG_ID=6.1-monitoring
AIRFLOW_CTX_TASK_ID=task3
AIRFLOW_CTX_EXECUTION_DATE=2024-06-04T00:00:00+00:00
AIRFLOW_CTX_TRY_NUMBER=1
AIRFLOW_CTX_DAG_RUN_ID=scheduled__2024-06-04T00:00:00+00:00
[2024-06-05 17:01:33,321] {subprocess.py:62} INFO - Tmp dir root location: 
 /tmp
[2024-06-05 17:01:33,324] {subprocess.py:74} INFO - Running command: ['bash', '-c', "sleep 2 && echo 'Task 3'"]
[2024-06-05 17:01:33,352] {subprocess.py:85} INFO - Output:
[2024-06-05 17:01:35,356] {subprocess.py:92} INFO - Task 3
[2024-06-05 17:01:35,358] {subprocess.py:96} INFO - Command exited with return code 0
[2024-06-05 17:01:35,384] {taskinstance.py:1420} INFO - Marking task as SUCCESS. dag_id=6.1-monitoring, task_id=task3, execution_date=20240604T000000, start_date=20240605T170132, end_date=20240605T170135
[2024-06-05 17:01:35,427] {local_task_job.py:156} INFO - Task exited with return code 0
[2024-06-05 17:01:35,533] {local_task_job.py:273} INFO - 0 downstream tasks scheduled from follow-on schedule check
