[2024-05-28 16:21:10,743] {taskinstance.py:1179} INFO - Dependencies all met for <TaskInstance: 6.1-monitoring.task1 scheduled__2024-05-27T00:00:00+00:00 [queued]>
[2024-05-28 16:21:10,783] {taskinstance.py:1179} INFO - Dependencies all met for <TaskInstance: 6.1-monitoring.task1 scheduled__2024-05-27T00:00:00+00:00 [queued]>
[2024-05-28 16:21:10,784] {taskinstance.py:1376} INFO - 
--------------------------------------------------------------------------------
[2024-05-28 16:21:10,784] {taskinstance.py:1377} INFO - Starting attempt 1 of 1
[2024-05-28 16:21:10,789] {taskinstance.py:1378} INFO - 
--------------------------------------------------------------------------------
[2024-05-28 16:21:10,829] {taskinstance.py:1397} INFO - Executing <Task(BashOperator): task1> on 2024-05-27 00:00:00+00:00
[2024-05-28 16:21:10,834] {standard_task_runner.py:52} INFO - Started process 58 to run task
[2024-05-28 16:21:10,838] {standard_task_runner.py:79} INFO - Running: ['***', 'tasks', 'run', '6.1-monitoring', 'task1', 'scheduled__2024-05-27T00:00:00+00:00', '--job-id', '341', '--raw', '--subdir', 'DAGS_FOLDER/6.1-monitoring.py', '--cfg-path', '/tmp/tmp60ob4ua4', '--error-file', '/tmp/tmpwuacbr9d']
[2024-05-28 16:21:10,838] {standard_task_runner.py:80} INFO - Job 341: Subtask task1
[2024-05-28 16:21:10,947] {task_command.py:371} INFO - Running <TaskInstance: 6.1-monitoring.task1 scheduled__2024-05-27T00:00:00+00:00 [running]> on host c832426e9d7b
[2024-05-28 16:21:11,002] {taskinstance.py:1591} INFO - Exporting the following env vars:
AIRFLOW_CTX_DAG_OWNER=***
AIRFLOW_CTX_DAG_ID=6.1-monitoring
AIRFLOW_CTX_TASK_ID=task1
AIRFLOW_CTX_EXECUTION_DATE=2024-05-27T00:00:00+00:00
AIRFLOW_CTX_TRY_NUMBER=1
AIRFLOW_CTX_DAG_RUN_ID=scheduled__2024-05-27T00:00:00+00:00
[2024-05-28 16:21:11,003] {subprocess.py:62} INFO - Tmp dir root location: 
 /tmp
[2024-05-28 16:21:11,003] {subprocess.py:74} INFO - Running command: ['bash', '-c', "sleep 2 && echo 'Task 1'"]
[2024-05-28 16:21:11,009] {subprocess.py:85} INFO - Output:
[2024-05-28 16:21:13,012] {subprocess.py:92} INFO - Task 1
[2024-05-28 16:21:13,014] {subprocess.py:96} INFO - Command exited with return code 0
[2024-05-28 16:21:13,037] {taskinstance.py:1420} INFO - Marking task as SUCCESS. dag_id=6.1-monitoring, task_id=task1, execution_date=20240527T000000, start_date=20240528T162110, end_date=20240528T162113
[2024-05-28 16:21:13,073] {local_task_job.py:156} INFO - Task exited with return code 0
[2024-05-28 16:21:13,101] {local_task_job.py:273} INFO - 1 downstream tasks scheduled from follow-on schedule check
