[2024-05-20 16:53:13,476] {taskinstance.py:1179} INFO - Dependencies all met for <TaskInstance: 6.1-monitoring.task2 scheduled__2024-05-14T00:00:00+00:00 [queued]>
[2024-05-20 16:53:13,513] {taskinstance.py:1179} INFO - Dependencies all met for <TaskInstance: 6.1-monitoring.task2 scheduled__2024-05-14T00:00:00+00:00 [queued]>
[2024-05-20 16:53:13,513] {taskinstance.py:1376} INFO - 
--------------------------------------------------------------------------------
[2024-05-20 16:53:13,513] {taskinstance.py:1377} INFO - Starting attempt 1 of 1
[2024-05-20 16:53:13,513] {taskinstance.py:1378} INFO - 
--------------------------------------------------------------------------------
[2024-05-20 16:53:13,562] {taskinstance.py:1397} INFO - Executing <Task(BashOperator): task2> on 2024-05-14 00:00:00+00:00
[2024-05-20 16:53:13,571] {standard_task_runner.py:52} INFO - Started process 3160 to run task
[2024-05-20 16:53:13,579] {standard_task_runner.py:79} INFO - Running: ['***', 'tasks', 'run', '6.1-monitoring', 'task2', 'scheduled__2024-05-14T00:00:00+00:00', '--job-id', '189', '--raw', '--subdir', 'DAGS_FOLDER/6.1-monitoring.py', '--cfg-path', '/tmp/tmp1zmjb67r', '--error-file', '/tmp/tmpihy33a2q']
[2024-05-20 16:53:13,582] {standard_task_runner.py:80} INFO - Job 189: Subtask task2
[2024-05-20 16:53:13,711] {task_command.py:371} INFO - Running <TaskInstance: 6.1-monitoring.task2 scheduled__2024-05-14T00:00:00+00:00 [running]> on host c832426e9d7b
[2024-05-20 16:53:13,837] {taskinstance.py:1591} INFO - Exporting the following env vars:
AIRFLOW_CTX_DAG_OWNER=***
AIRFLOW_CTX_DAG_ID=6.1-monitoring
AIRFLOW_CTX_TASK_ID=task2
AIRFLOW_CTX_EXECUTION_DATE=2024-05-14T00:00:00+00:00
AIRFLOW_CTX_TRY_NUMBER=1
AIRFLOW_CTX_DAG_RUN_ID=scheduled__2024-05-14T00:00:00+00:00
[2024-05-20 16:53:13,839] {subprocess.py:62} INFO - Tmp dir root location: 
 /tmp
[2024-05-20 16:53:13,840] {subprocess.py:74} INFO - Running command: ['bash', '-c', "sleep 2 && echo 'Task 2'"]
[2024-05-20 16:53:13,847] {subprocess.py:85} INFO - Output:
[2024-05-20 16:53:15,851] {subprocess.py:92} INFO - Task 2
[2024-05-20 16:53:15,853] {subprocess.py:96} INFO - Command exited with return code 0
[2024-05-20 16:53:15,902] {taskinstance.py:1420} INFO - Marking task as SUCCESS. dag_id=6.1-monitoring, task_id=task2, execution_date=20240514T000000, start_date=20240520T165313, end_date=20240520T165315
[2024-05-20 16:53:15,936] {local_task_job.py:156} INFO - Task exited with return code 0
[2024-05-20 16:53:15,986] {local_task_job.py:273} INFO - 1 downstream tasks scheduled from follow-on schedule check
