[2024-05-20 16:38:31,493] {taskinstance.py:1179} INFO - Dependencies all met for <TaskInstance: 6.1-monitoring.task5 scheduled__2024-05-19T00:00:00+00:00 [queued]>
[2024-05-20 16:38:31,500] {taskinstance.py:1179} INFO - Dependencies all met for <TaskInstance: 6.1-monitoring.task5 scheduled__2024-05-19T00:00:00+00:00 [queued]>
[2024-05-20 16:38:31,500] {taskinstance.py:1376} INFO - 
--------------------------------------------------------------------------------
[2024-05-20 16:38:31,500] {taskinstance.py:1377} INFO - Starting attempt 1 of 1
[2024-05-20 16:38:31,500] {taskinstance.py:1378} INFO - 
--------------------------------------------------------------------------------
[2024-05-20 16:38:31,510] {taskinstance.py:1397} INFO - Executing <Task(BashOperator): task5> on 2024-05-19 00:00:00+00:00
[2024-05-20 16:38:31,513] {standard_task_runner.py:52} INFO - Started process 2306 to run task
[2024-05-20 16:38:31,515] {standard_task_runner.py:79} INFO - Running: ['***', 'tasks', 'run', '6.1-monitoring', 'task5', 'scheduled__2024-05-19T00:00:00+00:00', '--job-id', '150', '--raw', '--subdir', 'DAGS_FOLDER/6.1-monitoring.py', '--cfg-path', '/tmp/tmpbw7byhmm', '--error-file', '/tmp/tmpvb8463cc']
[2024-05-20 16:38:31,515] {standard_task_runner.py:80} INFO - Job 150: Subtask task5
[2024-05-20 16:38:31,554] {task_command.py:371} INFO - Running <TaskInstance: 6.1-monitoring.task5 scheduled__2024-05-19T00:00:00+00:00 [running]> on host c832426e9d7b
[2024-05-20 16:38:31,596] {taskinstance.py:1591} INFO - Exporting the following env vars:
AIRFLOW_CTX_DAG_OWNER=***
AIRFLOW_CTX_DAG_ID=6.1-monitoring
AIRFLOW_CTX_TASK_ID=task5
AIRFLOW_CTX_EXECUTION_DATE=2024-05-19T00:00:00+00:00
AIRFLOW_CTX_TRY_NUMBER=1
AIRFLOW_CTX_DAG_RUN_ID=scheduled__2024-05-19T00:00:00+00:00
[2024-05-20 16:38:31,597] {subprocess.py:62} INFO - Tmp dir root location: 
 /tmp
[2024-05-20 16:38:31,597] {subprocess.py:74} INFO - Running command: ['bash', '-c', "sleep 2 && echo 'Task 5'"]
[2024-05-20 16:38:31,603] {subprocess.py:85} INFO - Output:
[2024-05-20 16:38:33,606] {subprocess.py:92} INFO - Task 5
[2024-05-20 16:38:33,606] {subprocess.py:96} INFO - Command exited with return code 0
[2024-05-20 16:38:33,627] {taskinstance.py:1420} INFO - Marking task as SUCCESS. dag_id=6.1-monitoring, task_id=task5, execution_date=20240519T000000, start_date=20240520T163831, end_date=20240520T163833
[2024-05-20 16:38:33,661] {local_task_job.py:156} INFO - Task exited with return code 0
[2024-05-20 16:38:33,683] {local_task_job.py:273} INFO - 0 downstream tasks scheduled from follow-on schedule check
