[2024-05-20 16:51:55,542] {taskinstance.py:1179} INFO - Dependencies all met for <TaskInstance: 6.1-monitoring.task2 scheduled__2024-05-19T00:00:00+00:00 [queued]>
[2024-05-20 16:51:55,550] {taskinstance.py:1179} INFO - Dependencies all met for <TaskInstance: 6.1-monitoring.task2 scheduled__2024-05-19T00:00:00+00:00 [queued]>
[2024-05-20 16:51:55,550] {taskinstance.py:1376} INFO - 
--------------------------------------------------------------------------------
[2024-05-20 16:51:55,550] {taskinstance.py:1377} INFO - Starting attempt 3 of 3
[2024-05-20 16:51:55,550] {taskinstance.py:1378} INFO - 
--------------------------------------------------------------------------------
[2024-05-20 16:51:55,559] {taskinstance.py:1397} INFO - Executing <Task(BashOperator): task2> on 2024-05-19 00:00:00+00:00
[2024-05-20 16:51:55,562] {standard_task_runner.py:52} INFO - Started process 2975 to run task
[2024-05-20 16:51:55,564] {standard_task_runner.py:79} INFO - Running: ['***', 'tasks', 'run', '6.1-monitoring', 'task2', 'scheduled__2024-05-19T00:00:00+00:00', '--job-id', '152', '--raw', '--subdir', 'DAGS_FOLDER/6.1-monitoring.py', '--cfg-path', '/tmp/tmp88dj6hmi', '--error-file', '/tmp/tmpkdaibof3']
[2024-05-20 16:51:55,564] {standard_task_runner.py:80} INFO - Job 152: Subtask task2
[2024-05-20 16:51:55,603] {task_command.py:371} INFO - Running <TaskInstance: 6.1-monitoring.task2 scheduled__2024-05-19T00:00:00+00:00 [running]> on host c832426e9d7b
[2024-05-20 16:51:55,645] {taskinstance.py:1591} INFO - Exporting the following env vars:
AIRFLOW_CTX_DAG_OWNER=***
AIRFLOW_CTX_DAG_ID=6.1-monitoring
AIRFLOW_CTX_TASK_ID=task2
AIRFLOW_CTX_EXECUTION_DATE=2024-05-19T00:00:00+00:00
AIRFLOW_CTX_TRY_NUMBER=3
AIRFLOW_CTX_DAG_RUN_ID=scheduled__2024-05-19T00:00:00+00:00
[2024-05-20 16:51:55,646] {subprocess.py:62} INFO - Tmp dir root location: 
 /tmp
[2024-05-20 16:51:55,646] {subprocess.py:74} INFO - Running command: ['bash', '-c', "sleep 2 && echo 'Task 2'"]
[2024-05-20 16:51:55,652] {subprocess.py:85} INFO - Output:
[2024-05-20 16:51:57,655] {subprocess.py:92} INFO - Task 2
[2024-05-20 16:51:57,655] {subprocess.py:96} INFO - Command exited with return code 0
[2024-05-20 16:51:57,675] {taskinstance.py:1420} INFO - Marking task as SUCCESS. dag_id=6.1-monitoring, task_id=task2, execution_date=20240519T000000, start_date=20240520T165155, end_date=20240520T165157
[2024-05-20 16:51:57,710] {local_task_job.py:156} INFO - Task exited with return code 0
[2024-05-20 16:51:57,737] {local_task_job.py:273} INFO - 1 downstream tasks scheduled from follow-on schedule check
[2024-05-20 16:54:26,898] {taskinstance.py:1179} INFO - Dependencies all met for <TaskInstance: 6.1-monitoring.task2 scheduled__2024-05-19T00:00:00+00:00 [queued]>
[2024-05-20 16:54:26,935] {taskinstance.py:1179} INFO - Dependencies all met for <TaskInstance: 6.1-monitoring.task2 scheduled__2024-05-19T00:00:00+00:00 [queued]>
[2024-05-20 16:54:26,935] {taskinstance.py:1376} INFO - 
--------------------------------------------------------------------------------
[2024-05-20 16:54:26,936] {taskinstance.py:1377} INFO - Starting attempt 3 of 3
[2024-05-20 16:54:26,936] {taskinstance.py:1378} INFO - 
--------------------------------------------------------------------------------
[2024-05-20 16:54:26,968] {taskinstance.py:1397} INFO - Executing <Task(BashOperator): task2> on 2024-05-19 00:00:00+00:00
[2024-05-20 16:54:26,977] {standard_task_runner.py:52} INFO - Started process 3562 to run task
[2024-05-20 16:54:26,985] {standard_task_runner.py:79} INFO - Running: ['***', 'tasks', 'run', '6.1-monitoring', 'task2', 'scheduled__2024-05-19T00:00:00+00:00', '--job-id', '296', '--raw', '--subdir', 'DAGS_FOLDER/6.1-monitoring.py', '--cfg-path', '/tmp/tmpkaie63qv', '--error-file', '/tmp/tmp5y4an1vd']
[2024-05-20 16:54:26,985] {standard_task_runner.py:80} INFO - Job 296: Subtask task2
[2024-05-20 16:54:27,105] {task_command.py:371} INFO - Running <TaskInstance: 6.1-monitoring.task2 scheduled__2024-05-19T00:00:00+00:00 [running]> on host c832426e9d7b
[2024-05-20 16:54:27,214] {taskinstance.py:1591} INFO - Exporting the following env vars:
AIRFLOW_CTX_DAG_OWNER=***
AIRFLOW_CTX_DAG_ID=6.1-monitoring
AIRFLOW_CTX_TASK_ID=task2
AIRFLOW_CTX_EXECUTION_DATE=2024-05-19T00:00:00+00:00
AIRFLOW_CTX_TRY_NUMBER=3
AIRFLOW_CTX_DAG_RUN_ID=scheduled__2024-05-19T00:00:00+00:00
[2024-05-20 16:54:27,215] {subprocess.py:62} INFO - Tmp dir root location: 
 /tmp
[2024-05-20 16:54:27,216] {subprocess.py:74} INFO - Running command: ['bash', '-c', "sleep 2 && echo 'Task 2'"]
[2024-05-20 16:54:27,227] {subprocess.py:85} INFO - Output:
[2024-05-20 16:54:29,229] {subprocess.py:92} INFO - Task 2
[2024-05-20 16:54:29,229] {subprocess.py:96} INFO - Command exited with return code 0
[2024-05-20 16:54:29,252] {taskinstance.py:1420} INFO - Marking task as SUCCESS. dag_id=6.1-monitoring, task_id=task2, execution_date=20240519T000000, start_date=20240520T165426, end_date=20240520T165429
[2024-05-20 16:54:29,299] {local_task_job.py:156} INFO - Task exited with return code 0
[2024-05-20 16:54:29,328] {local_task_job.py:273} INFO - 0 downstream tasks scheduled from follow-on schedule check
