[2024-05-20 16:37:05,963] {taskinstance.py:1179} INFO - Dependencies all met for <TaskInstance: 6.1-monitoring.task2 scheduled__2024-05-19T00:00:00+00:00 [queued]>
[2024-05-20 16:37:05,971] {taskinstance.py:1179} INFO - Dependencies all met for <TaskInstance: 6.1-monitoring.task2 scheduled__2024-05-19T00:00:00+00:00 [queued]>
[2024-05-20 16:37:05,971] {taskinstance.py:1376} INFO - 
--------------------------------------------------------------------------------
[2024-05-20 16:37:05,971] {taskinstance.py:1377} INFO - Starting attempt 1 of 1
[2024-05-20 16:37:05,971] {taskinstance.py:1378} INFO - 
--------------------------------------------------------------------------------
[2024-05-20 16:37:05,980] {taskinstance.py:1397} INFO - Executing <Task(BashOperator): task2> on 2024-05-19 00:00:00+00:00
[2024-05-20 16:37:05,982] {standard_task_runner.py:52} INFO - Started process 2220 to run task
[2024-05-20 16:37:05,984] {standard_task_runner.py:79} INFO - Running: ['***', 'tasks', 'run', '6.1-monitoring', 'task2', 'scheduled__2024-05-19T00:00:00+00:00', '--job-id', '145', '--raw', '--subdir', 'DAGS_FOLDER/6.1-monitoring.py', '--cfg-path', '/tmp/tmpr85lzmbl', '--error-file', '/tmp/tmphrzvis73']
[2024-05-20 16:37:05,985] {standard_task_runner.py:80} INFO - Job 145: Subtask task2
[2024-05-20 16:37:06,022] {task_command.py:371} INFO - Running <TaskInstance: 6.1-monitoring.task2 scheduled__2024-05-19T00:00:00+00:00 [running]> on host c832426e9d7b
[2024-05-20 16:37:06,065] {taskinstance.py:1591} INFO - Exporting the following env vars:
AIRFLOW_CTX_DAG_OWNER=***
AIRFLOW_CTX_DAG_ID=6.1-monitoring
AIRFLOW_CTX_TASK_ID=task2
AIRFLOW_CTX_EXECUTION_DATE=2024-05-19T00:00:00+00:00
AIRFLOW_CTX_TRY_NUMBER=1
AIRFLOW_CTX_DAG_RUN_ID=scheduled__2024-05-19T00:00:00+00:00
[2024-05-20 16:37:06,066] {subprocess.py:62} INFO - Tmp dir root location: 
 /tmp
[2024-05-20 16:37:06,066] {subprocess.py:74} INFO - Running command: ['bash', '-c', "sleep 2 && echo 'Task 2"]
[2024-05-20 16:37:06,072] {subprocess.py:85} INFO - Output:
[2024-05-20 16:37:06,074] {subprocess.py:92} INFO - bash: -c: line 1: unexpected EOF while looking for matching `''
[2024-05-20 16:37:06,074] {subprocess.py:92} INFO - bash: -c: line 2: syntax error: unexpected end of file
[2024-05-20 16:37:06,074] {subprocess.py:96} INFO - Command exited with return code 2
[2024-05-20 16:37:06,083] {taskinstance.py:1909} ERROR - Task failed with exception
Traceback (most recent call last):
  File "/home/airflow/.local/lib/python3.7/site-packages/airflow/operators/bash.py", line 195, in execute
    f'Bash command failed. The command returned a non-zero exit code {result.exit_code}.'
airflow.exceptions.AirflowException: Bash command failed. The command returned a non-zero exit code 2.
[2024-05-20 16:37:06,087] {taskinstance.py:1420} INFO - Marking task as FAILED. dag_id=6.1-monitoring, task_id=task2, execution_date=20240519T000000, start_date=20240520T163705, end_date=20240520T163706
[2024-05-20 16:37:06,102] {standard_task_runner.py:97} ERROR - Failed to execute job 145 for task task2 (Bash command failed. The command returned a non-zero exit code 2.; 2220)
[2024-05-20 16:37:06,121] {local_task_job.py:156} INFO - Task exited with return code 1
[2024-05-20 16:37:06,152] {local_task_job.py:273} INFO - 0 downstream tasks scheduled from follow-on schedule check
[2024-05-20 16:53:13,798] {taskinstance.py:1179} INFO - Dependencies all met for <TaskInstance: 6.1-monitoring.task2 scheduled__2024-05-19T00:00:00+00:00 [queued]>
[2024-05-20 16:53:13,822] {taskinstance.py:1179} INFO - Dependencies all met for <TaskInstance: 6.1-monitoring.task2 scheduled__2024-05-19T00:00:00+00:00 [queued]>
[2024-05-20 16:53:13,822] {taskinstance.py:1376} INFO - 
--------------------------------------------------------------------------------
[2024-05-20 16:53:13,822] {taskinstance.py:1377} INFO - Starting attempt 1 of 1
[2024-05-20 16:53:13,822] {taskinstance.py:1378} INFO - 
--------------------------------------------------------------------------------
[2024-05-20 16:53:13,847] {taskinstance.py:1397} INFO - Executing <Task(BashOperator): task2> on 2024-05-19 00:00:00+00:00
[2024-05-20 16:53:13,850] {standard_task_runner.py:52} INFO - Started process 3180 to run task
[2024-05-20 16:53:13,852] {standard_task_runner.py:79} INFO - Running: ['***', 'tasks', 'run', '6.1-monitoring', 'task2', 'scheduled__2024-05-19T00:00:00+00:00', '--job-id', '190', '--raw', '--subdir', 'DAGS_FOLDER/6.1-monitoring.py', '--cfg-path', '/tmp/tmph8uewa1z', '--error-file', '/tmp/tmpjtouozqk']
[2024-05-20 16:53:13,852] {standard_task_runner.py:80} INFO - Job 190: Subtask task2
[2024-05-20 16:53:13,898] {task_command.py:371} INFO - Running <TaskInstance: 6.1-monitoring.task2 scheduled__2024-05-19T00:00:00+00:00 [running]> on host c832426e9d7b
[2024-05-20 16:53:13,940] {taskinstance.py:1591} INFO - Exporting the following env vars:
AIRFLOW_CTX_DAG_OWNER=***
AIRFLOW_CTX_DAG_ID=6.1-monitoring
AIRFLOW_CTX_TASK_ID=task2
AIRFLOW_CTX_EXECUTION_DATE=2024-05-19T00:00:00+00:00
AIRFLOW_CTX_TRY_NUMBER=1
AIRFLOW_CTX_DAG_RUN_ID=scheduled__2024-05-19T00:00:00+00:00
[2024-05-20 16:53:13,941] {subprocess.py:62} INFO - Tmp dir root location: 
 /tmp
[2024-05-20 16:53:13,942] {subprocess.py:74} INFO - Running command: ['bash', '-c', "sleep 2 && echo 'Task 2'"]
[2024-05-20 16:53:13,947] {subprocess.py:85} INFO - Output:
[2024-05-20 16:53:15,957] {subprocess.py:92} INFO - Task 2
[2024-05-20 16:53:15,962] {subprocess.py:96} INFO - Command exited with return code 0
[2024-05-20 16:53:16,002] {taskinstance.py:1420} INFO - Marking task as SUCCESS. dag_id=6.1-monitoring, task_id=task2, execution_date=20240519T000000, start_date=20240520T165313, end_date=20240520T165316
[2024-05-20 16:53:16,040] {local_task_job.py:156} INFO - Task exited with return code 0
[2024-05-20 16:53:16,064] {local_task_job.py:273} INFO - 1 downstream tasks scheduled from follow-on schedule check
