[2024-05-20 16:37:47,444] {taskinstance.py:1179} INFO - Dependencies all met for <TaskInstance: 6.1-monitoring.task2 scheduled__2024-05-19T00:00:00+00:00 [queued]>
[2024-05-20 16:37:47,454] {taskinstance.py:1179} INFO - Dependencies all met for <TaskInstance: 6.1-monitoring.task2 scheduled__2024-05-19T00:00:00+00:00 [queued]>
[2024-05-20 16:37:47,454] {taskinstance.py:1376} INFO - 
--------------------------------------------------------------------------------
[2024-05-20 16:37:47,454] {taskinstance.py:1377} INFO - Starting attempt 2 of 2
[2024-05-20 16:37:47,454] {taskinstance.py:1378} INFO - 
--------------------------------------------------------------------------------
[2024-05-20 16:37:47,463] {taskinstance.py:1397} INFO - Executing <Task(BashOperator): task2> on 2024-05-19 00:00:00+00:00
[2024-05-20 16:37:47,466] {standard_task_runner.py:52} INFO - Started process 2258 to run task
[2024-05-20 16:37:47,468] {standard_task_runner.py:79} INFO - Running: ['***', 'tasks', 'run', '6.1-monitoring', 'task2', 'scheduled__2024-05-19T00:00:00+00:00', '--job-id', '146', '--raw', '--subdir', 'DAGS_FOLDER/6.1-monitoring.py', '--cfg-path', '/tmp/tmputstnmnn', '--error-file', '/tmp/tmpi9rsc37m']
[2024-05-20 16:37:47,468] {standard_task_runner.py:80} INFO - Job 146: Subtask task2
[2024-05-20 16:37:47,511] {task_command.py:371} INFO - Running <TaskInstance: 6.1-monitoring.task2 scheduled__2024-05-19T00:00:00+00:00 [running]> on host c832426e9d7b
[2024-05-20 16:37:47,555] {taskinstance.py:1591} INFO - Exporting the following env vars:
AIRFLOW_CTX_DAG_OWNER=***
AIRFLOW_CTX_DAG_ID=6.1-monitoring
AIRFLOW_CTX_TASK_ID=task2
AIRFLOW_CTX_EXECUTION_DATE=2024-05-19T00:00:00+00:00
AIRFLOW_CTX_TRY_NUMBER=2
AIRFLOW_CTX_DAG_RUN_ID=scheduled__2024-05-19T00:00:00+00:00
[2024-05-20 16:37:47,555] {subprocess.py:62} INFO - Tmp dir root location: 
 /tmp
[2024-05-20 16:37:47,556] {subprocess.py:74} INFO - Running command: ['bash', '-c', "sleep 2 && echo 'Task 2'"]
[2024-05-20 16:37:47,561] {subprocess.py:85} INFO - Output:
[2024-05-20 16:37:49,565] {subprocess.py:92} INFO - Task 2
[2024-05-20 16:37:49,565] {subprocess.py:96} INFO - Command exited with return code 0
[2024-05-20 16:37:49,589] {taskinstance.py:1420} INFO - Marking task as SUCCESS. dag_id=6.1-monitoring, task_id=task2, execution_date=20240519T000000, start_date=20240520T163747, end_date=20240520T163749
[2024-05-20 16:37:49,615] {local_task_job.py:156} INFO - Task exited with return code 0
[2024-05-20 16:37:49,640] {local_task_job.py:273} INFO - 1 downstream tasks scheduled from follow-on schedule check
[2024-05-20 16:54:08,911] {taskinstance.py:1179} INFO - Dependencies all met for <TaskInstance: 6.1-monitoring.task2 scheduled__2024-05-19T00:00:00+00:00 [queued]>
[2024-05-20 16:54:08,934] {taskinstance.py:1179} INFO - Dependencies all met for <TaskInstance: 6.1-monitoring.task2 scheduled__2024-05-19T00:00:00+00:00 [queued]>
[2024-05-20 16:54:08,935] {taskinstance.py:1376} INFO - 
--------------------------------------------------------------------------------
[2024-05-20 16:54:08,935] {taskinstance.py:1377} INFO - Starting attempt 2 of 2
[2024-05-20 16:54:08,935] {taskinstance.py:1378} INFO - 
--------------------------------------------------------------------------------
[2024-05-20 16:54:08,957] {taskinstance.py:1397} INFO - Executing <Task(BashOperator): task2> on 2024-05-19 00:00:00+00:00
[2024-05-20 16:54:08,959] {standard_task_runner.py:52} INFO - Started process 3412 to run task
[2024-05-20 16:54:08,965] {standard_task_runner.py:79} INFO - Running: ['***', 'tasks', 'run', '6.1-monitoring', 'task2', 'scheduled__2024-05-19T00:00:00+00:00', '--job-id', '256', '--raw', '--subdir', 'DAGS_FOLDER/6.1-monitoring.py', '--cfg-path', '/tmp/tmpbx7q52hw', '--error-file', '/tmp/tmpm4xw91w_']
[2024-05-20 16:54:08,966] {standard_task_runner.py:80} INFO - Job 256: Subtask task2
[2024-05-20 16:54:09,028] {task_command.py:371} INFO - Running <TaskInstance: 6.1-monitoring.task2 scheduled__2024-05-19T00:00:00+00:00 [running]> on host c832426e9d7b
[2024-05-20 16:54:09,092] {taskinstance.py:1591} INFO - Exporting the following env vars:
AIRFLOW_CTX_DAG_OWNER=***
AIRFLOW_CTX_DAG_ID=6.1-monitoring
AIRFLOW_CTX_TASK_ID=task2
AIRFLOW_CTX_EXECUTION_DATE=2024-05-19T00:00:00+00:00
AIRFLOW_CTX_TRY_NUMBER=2
AIRFLOW_CTX_DAG_RUN_ID=scheduled__2024-05-19T00:00:00+00:00
[2024-05-20 16:54:09,093] {subprocess.py:62} INFO - Tmp dir root location: 
 /tmp
[2024-05-20 16:54:09,094] {subprocess.py:74} INFO - Running command: ['bash', '-c', "sleep 2 && echo 'Task 2'"]
[2024-05-20 16:54:09,099] {subprocess.py:85} INFO - Output:
[2024-05-20 16:54:11,102] {subprocess.py:92} INFO - Task 2
[2024-05-20 16:54:11,102] {subprocess.py:96} INFO - Command exited with return code 0
[2024-05-20 16:54:11,121] {taskinstance.py:1420} INFO - Marking task as SUCCESS. dag_id=6.1-monitoring, task_id=task2, execution_date=20240519T000000, start_date=20240520T165408, end_date=20240520T165411
[2024-05-20 16:54:11,154] {local_task_job.py:156} INFO - Task exited with return code 0
[2024-05-20 16:54:11,182] {local_task_job.py:273} INFO - 1 downstream tasks scheduled from follow-on schedule check
