[2024-05-23 22:51:13,732] {processor.py:153} INFO - Started process (PID=33) to work on /opt/airflow/dags/6.1-monitoring.py
[2024-05-23 22:51:13,736] {processor.py:641} INFO - Processing file /opt/airflow/dags/6.1-monitoring.py for tasks to queue
[2024-05-23 22:51:13,736] {logging_mixin.py:115} INFO - [2024-05-23 22:51:13,736] {dagbag.py:508} INFO - Filling up the DagBag from /opt/airflow/dags/6.1-monitoring.py
[2024-05-23 22:51:13,754] {processor.py:651} INFO - DAG(s) dict_keys(['6.1-monitoring']) retrieved from /opt/airflow/dags/6.1-monitoring.py
[2024-05-23 22:51:13,786] {logging_mixin.py:115} INFO - [2024-05-23 22:51:13,786] {dag.py:2420} INFO - Sync 1 DAGs
[2024-05-23 22:51:13,980] {logging_mixin.py:115} INFO - [2024-05-23 22:51:13,980] {dag.py:2972} INFO - Setting next_dagrun for 6.1-monitoring to 2024-05-21T00:00:00+00:00, run_after=2024-05-22T00:00:00+00:00
[2024-05-23 22:51:13,988] {processor.py:161} INFO - Processing /opt/airflow/dags/6.1-monitoring.py took 0.261 seconds
[2024-05-23 23:22:53,031] {processor.py:153} INFO - Started process (PID=33) to work on /opt/airflow/dags/6.1-monitoring.py
[2024-05-23 23:22:53,032] {processor.py:641} INFO - Processing file /opt/airflow/dags/6.1-monitoring.py for tasks to queue
[2024-05-23 23:22:53,035] {logging_mixin.py:115} INFO - [2024-05-23 23:22:53,034] {dagbag.py:508} INFO - Filling up the DagBag from /opt/airflow/dags/6.1-monitoring.py
[2024-05-23 23:22:53,059] {processor.py:651} INFO - DAG(s) dict_keys(['6.1-monitoring']) retrieved from /opt/airflow/dags/6.1-monitoring.py
[2024-05-23 23:22:53,093] {logging_mixin.py:115} INFO - [2024-05-23 23:22:53,093] {dag.py:2420} INFO - Sync 1 DAGs
[2024-05-23 23:22:53,262] {logging_mixin.py:115} INFO - [2024-05-23 23:22:53,261] {dag.py:2972} INFO - Setting next_dagrun for 6.1-monitoring to 2024-05-23T00:00:00+00:00, run_after=2024-05-24T00:00:00+00:00
[2024-05-23 23:22:53,269] {processor.py:161} INFO - Processing /opt/airflow/dags/6.1-monitoring.py took 0.245 seconds
[2024-05-23 23:23:23,648] {processor.py:153} INFO - Started process (PID=68) to work on /opt/airflow/dags/6.1-monitoring.py
[2024-05-23 23:23:23,683] {processor.py:641} INFO - Processing file /opt/airflow/dags/6.1-monitoring.py for tasks to queue
[2024-05-23 23:23:23,695] {logging_mixin.py:115} INFO - [2024-05-23 23:23:23,695] {dagbag.py:508} INFO - Filling up the DagBag from /opt/airflow/dags/6.1-monitoring.py
[2024-05-23 23:23:23,715] {processor.py:651} INFO - DAG(s) dict_keys(['6.1-monitoring']) retrieved from /opt/airflow/dags/6.1-monitoring.py
[2024-05-23 23:23:23,817] {logging_mixin.py:115} INFO - [2024-05-23 23:23:23,817] {dag.py:2420} INFO - Sync 1 DAGs
[2024-05-23 23:23:23,829] {logging_mixin.py:115} INFO - [2024-05-23 23:23:23,829] {dag.py:2972} INFO - Setting next_dagrun for 6.1-monitoring to 2024-05-23T00:00:00+00:00, run_after=2024-05-24T00:00:00+00:00
[2024-05-23 23:23:23,948] {processor.py:161} INFO - Processing /opt/airflow/dags/6.1-monitoring.py took 0.302 seconds
