[2024-06-05 17:01:33,123] {taskinstance.py:1179} INFO - Dependencies all met for <TaskInstance: 6.1-monitoring.task3 scheduled__2024-05-29T00:00:00+00:00 [queued]>
[2024-06-05 17:01:33,179] {taskinstance.py:1179} INFO - Dependencies all met for <TaskInstance: 6.1-monitoring.task3 scheduled__2024-05-29T00:00:00+00:00 [queued]>
[2024-06-05 17:01:33,182] {taskinstance.py:1376} INFO - 
--------------------------------------------------------------------------------
[2024-06-05 17:01:33,184] {taskinstance.py:1377} INFO - Starting attempt 1 of 1
[2024-06-05 17:01:33,184] {taskinstance.py:1378} INFO - 
--------------------------------------------------------------------------------
[2024-06-05 17:01:33,237] {taskinstance.py:1397} INFO - Executing <Task(BashOperator): task3> on 2024-05-29 00:00:00+00:00
[2024-06-05 17:01:33,243] {standard_task_runner.py:52} INFO - Started process 142 to run task
[2024-06-05 17:01:33,245] {standard_task_runner.py:79} INFO - Running: ['***', 'tasks', 'run', '6.1-monitoring', 'task3', 'scheduled__2024-05-29T00:00:00+00:00', '--job-id', '392', '--raw', '--subdir', 'DAGS_FOLDER/6.1-monitoring.py', '--cfg-path', '/tmp/tmpwo49ea24', '--error-file', '/tmp/tmpfe3g1dnw']
[2024-06-05 17:01:33,251] {standard_task_runner.py:80} INFO - Job 392: Subtask task3
[2024-06-05 17:01:33,364] {task_command.py:371} INFO - Running <TaskInstance: 6.1-monitoring.task3 scheduled__2024-05-29T00:00:00+00:00 [running]> on host c832426e9d7b
[2024-06-05 17:01:33,452] {taskinstance.py:1591} INFO - Exporting the following env vars:
AIRFLOW_CTX_DAG_OWNER=***
AIRFLOW_CTX_DAG_ID=6.1-monitoring
AIRFLOW_CTX_TASK_ID=task3
AIRFLOW_CTX_EXECUTION_DATE=2024-05-29T00:00:00+00:00
AIRFLOW_CTX_TRY_NUMBER=1
AIRFLOW_CTX_DAG_RUN_ID=scheduled__2024-05-29T00:00:00+00:00
[2024-06-05 17:01:33,454] {subprocess.py:62} INFO - Tmp dir root location: 
 /tmp
[2024-06-05 17:01:33,455] {subprocess.py:74} INFO - Running command: ['bash', '-c', "sleep 2 && echo 'Task 3'"]
[2024-06-05 17:01:33,464] {subprocess.py:85} INFO - Output:
[2024-06-05 17:01:35,468] {subprocess.py:92} INFO - Task 3
[2024-06-05 17:01:35,468] {subprocess.py:96} INFO - Command exited with return code 0
[2024-06-05 17:01:35,517] {taskinstance.py:1420} INFO - Marking task as SUCCESS. dag_id=6.1-monitoring, task_id=task3, execution_date=20240529T000000, start_date=20240605T170133, end_date=20240605T170135
[2024-06-05 17:01:35,564] {local_task_job.py:156} INFO - Task exited with return code 0
[2024-06-05 17:01:35,618] {local_task_job.py:273} INFO - 1 downstream tasks scheduled from follow-on schedule check
