[2024-06-05 17:01:30,090] {taskinstance.py:1179} INFO - Dependencies all met for <TaskInstance: 6.1-monitoring.task2 scheduled__2024-06-03T00:00:00+00:00 [queued]>
[2024-06-05 17:01:30,105] {taskinstance.py:1179} INFO - Dependencies all met for <TaskInstance: 6.1-monitoring.task2 scheduled__2024-06-03T00:00:00+00:00 [queued]>
[2024-06-05 17:01:30,106] {taskinstance.py:1376} INFO - 
--------------------------------------------------------------------------------
[2024-06-05 17:01:30,107] {taskinstance.py:1377} INFO - Starting attempt 1 of 1
[2024-06-05 17:01:30,107] {taskinstance.py:1378} INFO - 
--------------------------------------------------------------------------------
[2024-06-05 17:01:30,123] {taskinstance.py:1397} INFO - Executing <Task(BashOperator): task2> on 2024-06-03 00:00:00+00:00
[2024-06-05 17:01:30,130] {standard_task_runner.py:52} INFO - Started process 105 to run task
[2024-06-05 17:01:30,134] {standard_task_runner.py:79} INFO - Running: ['***', 'tasks', 'run', '6.1-monitoring', 'task2', 'scheduled__2024-06-03T00:00:00+00:00', '--job-id', '379', '--raw', '--subdir', 'DAGS_FOLDER/6.1-monitoring.py', '--cfg-path', '/tmp/tmppuf5h85s', '--error-file', '/tmp/tmp9w6k09bk']
[2024-06-05 17:01:30,135] {standard_task_runner.py:80} INFO - Job 379: Subtask task2
[2024-06-05 17:01:30,226] {task_command.py:371} INFO - Running <TaskInstance: 6.1-monitoring.task2 scheduled__2024-06-03T00:00:00+00:00 [running]> on host c832426e9d7b
[2024-06-05 17:01:30,320] {taskinstance.py:1591} INFO - Exporting the following env vars:
AIRFLOW_CTX_DAG_OWNER=***
AIRFLOW_CTX_DAG_ID=6.1-monitoring
AIRFLOW_CTX_TASK_ID=task2
AIRFLOW_CTX_EXECUTION_DATE=2024-06-03T00:00:00+00:00
AIRFLOW_CTX_TRY_NUMBER=1
AIRFLOW_CTX_DAG_RUN_ID=scheduled__2024-06-03T00:00:00+00:00
[2024-06-05 17:01:30,323] {subprocess.py:62} INFO - Tmp dir root location: 
 /tmp
[2024-06-05 17:01:30,324] {subprocess.py:74} INFO - Running command: ['bash', '-c', "sleep 2 && echo 'Task 2'"]
[2024-06-05 17:01:30,340] {subprocess.py:85} INFO - Output:
[2024-06-05 17:01:32,346] {subprocess.py:92} INFO - Task 2
[2024-06-05 17:01:32,349] {subprocess.py:96} INFO - Command exited with return code 0
[2024-06-05 17:01:32,380] {taskinstance.py:1420} INFO - Marking task as SUCCESS. dag_id=6.1-monitoring, task_id=task2, execution_date=20240603T000000, start_date=20240605T170130, end_date=20240605T170132
[2024-06-05 17:01:32,448] {local_task_job.py:156} INFO - Task exited with return code 0
[2024-06-05 17:01:32,496] {local_task_job.py:273} INFO - 1 downstream tasks scheduled from follow-on schedule check
