[2024-08-12 14:44:29,361] {taskinstance.py:1179} INFO - Dependencies all met for <TaskInstance: 7.2-ExternalTaskSensor.waiting_dag scheduled__2024-08-10T00:00:00+00:00 [queued]>
[2024-08-12 14:44:29,378] {taskinstance.py:1179} INFO - Dependencies all met for <TaskInstance: 7.2-ExternalTaskSensor.waiting_dag scheduled__2024-08-10T00:00:00+00:00 [queued]>
[2024-08-12 14:44:29,378] {taskinstance.py:1376} INFO - 
--------------------------------------------------------------------------------
[2024-08-12 14:44:29,380] {taskinstance.py:1377} INFO - Starting attempt 1 of 1
[2024-08-12 14:44:29,380] {taskinstance.py:1378} INFO - 
--------------------------------------------------------------------------------
[2024-08-12 14:44:29,397] {taskinstance.py:1397} INFO - Executing <Task(ExternalTaskSensor): waiting_dag> on 2024-08-10 00:00:00+00:00
[2024-08-12 14:44:29,402] {standard_task_runner.py:52} INFO - Started process 1335 to run task
[2024-08-12 14:44:29,406] {standard_task_runner.py:79} INFO - Running: ['***', 'tasks', 'run', '7.2-ExternalTaskSensor', 'waiting_dag', 'scheduled__2024-08-10T00:00:00+00:00', '--job-id', '424', '--raw', '--subdir', 'DAGS_FOLDER/7.2-ExternalTaskSensor.py', '--cfg-path', '/tmp/tmpbnani_nc', '--error-file', '/tmp/tmp06idre3v']
[2024-08-12 14:44:29,406] {standard_task_runner.py:80} INFO - Job 424: Subtask waiting_dag
[2024-08-12 14:44:29,470] {task_command.py:371} INFO - Running <TaskInstance: 7.2-ExternalTaskSensor.waiting_dag scheduled__2024-08-10T00:00:00+00:00 [running]> on host edb2a5494af7
[2024-08-12 14:44:29,540] {taskinstance.py:1591} INFO - Exporting the following env vars:
AIRFLOW_CTX_DAG_OWNER=***
AIRFLOW_CTX_DAG_ID=7.2-ExternalTaskSensor
AIRFLOW_CTX_TASK_ID=waiting_dag
AIRFLOW_CTX_EXECUTION_DATE=2024-08-10T00:00:00+00:00
AIRFLOW_CTX_TRY_NUMBER=1
AIRFLOW_CTX_DAG_RUN_ID=scheduled__2024-08-10T00:00:00+00:00
[2024-08-12 14:44:29,541] {external_task.py:188} INFO - Poking for tasks ['task1'] in dag 7.1-ExternalTaskSensor on 2024-08-10T00:00:00+00:00 ... 
[2024-08-12 14:44:39,553] {external_task.py:188} INFO - Poking for tasks ['task1'] in dag 7.1-ExternalTaskSensor on 2024-08-10T00:00:00+00:00 ... 
[2024-08-12 14:44:49,566] {external_task.py:188} INFO - Poking for tasks ['task1'] in dag 7.1-ExternalTaskSensor on 2024-08-10T00:00:00+00:00 ... 
[2024-08-12 14:44:59,583] {external_task.py:188} INFO - Poking for tasks ['task1'] in dag 7.1-ExternalTaskSensor on 2024-08-10T00:00:00+00:00 ... 
[2024-08-12 14:45:09,596] {external_task.py:188} INFO - Poking for tasks ['task1'] in dag 7.1-ExternalTaskSensor on 2024-08-10T00:00:00+00:00 ... 
[2024-08-12 14:45:19,612] {external_task.py:188} INFO - Poking for tasks ['task1'] in dag 7.1-ExternalTaskSensor on 2024-08-10T00:00:00+00:00 ... 
[2024-08-12 14:45:29,624] {external_task.py:188} INFO - Poking for tasks ['task1'] in dag 7.1-ExternalTaskSensor on 2024-08-10T00:00:00+00:00 ... 
[2024-08-12 14:45:39,641] {external_task.py:188} INFO - Poking for tasks ['task1'] in dag 7.1-ExternalTaskSensor on 2024-08-10T00:00:00+00:00 ... 
[2024-08-12 14:45:49,649] {external_task.py:188} INFO - Poking for tasks ['task1'] in dag 7.1-ExternalTaskSensor on 2024-08-10T00:00:00+00:00 ... 
[2024-08-12 14:45:59,661] {external_task.py:188} INFO - Poking for tasks ['task1'] in dag 7.1-ExternalTaskSensor on 2024-08-10T00:00:00+00:00 ... 
[2024-08-12 14:46:09,668] {external_task.py:188} INFO - Poking for tasks ['task1'] in dag 7.1-ExternalTaskSensor on 2024-08-10T00:00:00+00:00 ... 
[2024-08-12 14:46:19,684] {external_task.py:188} INFO - Poking for tasks ['task1'] in dag 7.1-ExternalTaskSensor on 2024-08-10T00:00:00+00:00 ... 
[2024-08-12 14:46:29,701] {external_task.py:188} INFO - Poking for tasks ['task1'] in dag 7.1-ExternalTaskSensor on 2024-08-10T00:00:00+00:00 ... 
[2024-08-12 14:46:39,722] {external_task.py:188} INFO - Poking for tasks ['task1'] in dag 7.1-ExternalTaskSensor on 2024-08-10T00:00:00+00:00 ... 
[2024-08-12 14:46:49,728] {external_task.py:188} INFO - Poking for tasks ['task1'] in dag 7.1-ExternalTaskSensor on 2024-08-10T00:00:00+00:00 ... 
[2024-08-12 14:46:59,747] {external_task.py:188} INFO - Poking for tasks ['task1'] in dag 7.1-ExternalTaskSensor on 2024-08-10T00:00:00+00:00 ... 
[2024-08-12 14:47:09,759] {external_task.py:188} INFO - Poking for tasks ['task1'] in dag 7.1-ExternalTaskSensor on 2024-08-10T00:00:00+00:00 ... 
[2024-08-12 14:47:19,773] {external_task.py:188} INFO - Poking for tasks ['task1'] in dag 7.1-ExternalTaskSensor on 2024-08-10T00:00:00+00:00 ... 
[2024-08-12 14:47:29,782] {external_task.py:188} INFO - Poking for tasks ['task1'] in dag 7.1-ExternalTaskSensor on 2024-08-10T00:00:00+00:00 ... 
[2024-08-12 14:47:39,790] {external_task.py:188} INFO - Poking for tasks ['task1'] in dag 7.1-ExternalTaskSensor on 2024-08-10T00:00:00+00:00 ... 
[2024-08-12 14:47:39,798] {base.py:301} INFO - Success criteria met. Exiting.
[2024-08-12 14:47:39,808] {taskinstance.py:1420} INFO - Marking task as SUCCESS. dag_id=7.2-ExternalTaskSensor, task_id=waiting_dag, execution_date=20240810T000000, start_date=20240812T144429, end_date=20240812T144739
[2024-08-12 14:47:39,829] {local_task_job.py:156} INFO - Task exited with return code 0
[2024-08-12 14:47:39,856] {local_task_job.py:273} INFO - 1 downstream tasks scheduled from follow-on schedule check
