[2024-05-28 16:21:19,601] {taskinstance.py:1179} INFO - Dependencies all met for <TaskInstance: 6.1-monitoring.task4 scheduled__2024-05-23T00:00:00+00:00 [queued]>
[2024-05-28 16:21:19,612] {taskinstance.py:1179} INFO - Dependencies all met for <TaskInstance: 6.1-monitoring.task4 scheduled__2024-05-23T00:00:00+00:00 [queued]>
[2024-05-28 16:21:19,612] {taskinstance.py:1376} INFO - 
--------------------------------------------------------------------------------
[2024-05-28 16:21:19,613] {taskinstance.py:1377} INFO - Starting attempt 1 of 1
[2024-05-28 16:21:19,615] {taskinstance.py:1378} INFO - 
--------------------------------------------------------------------------------
[2024-05-28 16:21:19,628] {taskinstance.py:1397} INFO - Executing <Task(PythonOperator): task4> on 2024-05-23 00:00:00+00:00
[2024-05-28 16:21:19,632] {standard_task_runner.py:52} INFO - Started process 126 to run task
[2024-05-28 16:21:19,635] {standard_task_runner.py:79} INFO - Running: ['***', 'tasks', 'run', '6.1-monitoring', 'task4', 'scheduled__2024-05-23T00:00:00+00:00', '--job-id', '358', '--raw', '--subdir', 'DAGS_FOLDER/6.1-monitoring.py', '--cfg-path', '/tmp/tmprxrloa5a', '--error-file', '/tmp/tmpbbsr8v_n']
[2024-05-28 16:21:19,636] {standard_task_runner.py:80} INFO - Job 358: Subtask task4
[2024-05-28 16:21:19,696] {task_command.py:371} INFO - Running <TaskInstance: 6.1-monitoring.task4 scheduled__2024-05-23T00:00:00+00:00 [running]> on host c832426e9d7b
[2024-05-28 16:21:19,757] {taskinstance.py:1591} INFO - Exporting the following env vars:
AIRFLOW_CTX_DAG_OWNER=***
AIRFLOW_CTX_DAG_ID=6.1-monitoring
AIRFLOW_CTX_TASK_ID=task4
AIRFLOW_CTX_EXECUTION_DATE=2024-05-23T00:00:00+00:00
AIRFLOW_CTX_TRY_NUMBER=1
AIRFLOW_CTX_DAG_RUN_ID=scheduled__2024-05-23T00:00:00+00:00
[2024-05-28 16:21:19,758] {taskinstance.py:1909} ERROR - Task failed with exception
Traceback (most recent call last):
  File "/home/airflow/.local/lib/python3.7/site-packages/airflow/operators/python.py", line 171, in execute
    return_value = self.execute_callable()
  File "/home/airflow/.local/lib/python3.7/site-packages/airflow/operators/python.py", line 189, in execute_callable
    return self.python_callable(*self.op_args, **self.op_kwargs)
  File "/opt/airflow/dags/6.1-monitoring.py", line 7, in func_with_error
    raise ValueError("This is an error")
ValueError: This is an error
[2024-05-28 16:21:19,764] {taskinstance.py:1420} INFO - Marking task as FAILED. dag_id=6.1-monitoring, task_id=task4, execution_date=20240523T000000, start_date=20240528T162119, end_date=20240528T162119
[2024-05-28 16:21:19,773] {standard_task_runner.py:97} ERROR - Failed to execute job 358 for task task4 (This is an error; 126)
[2024-05-28 16:21:19,813] {local_task_job.py:156} INFO - Task exited with return code 1
[2024-05-28 16:21:19,840] {local_task_job.py:273} INFO - 0 downstream tasks scheduled from follow-on schedule check
