[2024-07-04 05:41:17,776] {processor.py:153} INFO - Started process (PID=40) to work on /opt/airflow/dags/4-customoperator.py
[2024-07-04 05:41:17,776] {processor.py:641} INFO - Processing file /opt/airflow/dags/4-customoperator.py for tasks to queue
[2024-07-04 05:41:17,776] {logging_mixin.py:115} INFO - [2024-07-04 05:41:17,776] {dagbag.py:508} INFO - Filling up the DagBag from /opt/airflow/dags/4-customoperator.py
[2024-07-04 05:41:17,780] {processor.py:651} INFO - DAG(s) dict_keys(['custom_operator']) retrieved from /opt/airflow/dags/4-customoperator.py
[2024-07-04 05:41:17,797] {logging_mixin.py:115} INFO - [2024-07-04 05:41:17,797] {dag.py:2420} INFO - Sync 1 DAGs
[2024-07-04 05:41:17,902] {logging_mixin.py:115} INFO - [2024-07-04 05:41:17,902] {dag.py:2972} INFO - Setting next_dagrun for custom_operator to None, run_after=None
[2024-07-04 05:41:17,910] {processor.py:161} INFO - Processing /opt/airflow/dags/4-customoperator.py took 0.136 seconds
[2024-07-04 05:41:48,524] {processor.py:153} INFO - Started process (PID=75) to work on /opt/airflow/dags/4-customoperator.py
[2024-07-04 05:41:48,524] {processor.py:641} INFO - Processing file /opt/airflow/dags/4-customoperator.py for tasks to queue
[2024-07-04 05:41:48,525] {logging_mixin.py:115} INFO - [2024-07-04 05:41:48,525] {dagbag.py:508} INFO - Filling up the DagBag from /opt/airflow/dags/4-customoperator.py
[2024-07-04 05:41:48,528] {processor.py:651} INFO - DAG(s) dict_keys(['custom_operator']) retrieved from /opt/airflow/dags/4-customoperator.py
[2024-07-04 05:41:48,545] {logging_mixin.py:115} INFO - [2024-07-04 05:41:48,545] {dag.py:2420} INFO - Sync 1 DAGs
[2024-07-04 05:41:48,637] {logging_mixin.py:115} INFO - [2024-07-04 05:41:48,637] {dag.py:2972} INFO - Setting next_dagrun for custom_operator to None, run_after=None
[2024-07-04 05:41:48,647] {processor.py:161} INFO - Processing /opt/airflow/dags/4-customoperator.py took 0.125 seconds
[2024-07-04 05:42:19,309] {processor.py:153} INFO - Started process (PID=110) to work on /opt/airflow/dags/4-customoperator.py
[2024-07-04 05:42:19,309] {processor.py:641} INFO - Processing file /opt/airflow/dags/4-customoperator.py for tasks to queue
[2024-07-04 05:42:19,310] {logging_mixin.py:115} INFO - [2024-07-04 05:42:19,310] {dagbag.py:508} INFO - Filling up the DagBag from /opt/airflow/dags/4-customoperator.py
[2024-07-04 05:42:19,316] {processor.py:651} INFO - DAG(s) dict_keys(['custom_operator']) retrieved from /opt/airflow/dags/4-customoperator.py
[2024-07-04 05:42:19,412] {logging_mixin.py:115} INFO - [2024-07-04 05:42:19,412] {dag.py:2420} INFO - Sync 1 DAGs
[2024-07-04 05:42:19,424] {logging_mixin.py:115} INFO - [2024-07-04 05:42:19,424] {dag.py:2972} INFO - Setting next_dagrun for custom_operator to None, run_after=None
[2024-07-04 05:42:19,432] {processor.py:161} INFO - Processing /opt/airflow/dags/4-customoperator.py took 0.125 seconds
