[2024-07-04 05:41:17,765] {processor.py:153} INFO - Started process (PID=39) to work on /opt/airflow/dags/5.1-orchestration.py
[2024-07-04 05:41:17,765] {processor.py:641} INFO - Processing file /opt/airflow/dags/5.1-orchestration.py for tasks to queue
[2024-07-04 05:41:17,766] {logging_mixin.py:115} INFO - [2024-07-04 05:41:17,766] {dagbag.py:508} INFO - Filling up the DagBag from /opt/airflow/dags/5.1-orchestration.py
[2024-07-04 05:41:17,773] {processor.py:651} INFO - DAG(s) dict_keys(['5.1-orchestration']) retrieved from /opt/airflow/dags/5.1-orchestration.py
[2024-07-04 05:41:17,790] {logging_mixin.py:115} INFO - [2024-07-04 05:41:17,790] {dag.py:2420} INFO - Sync 1 DAGs
[2024-07-04 05:41:17,899] {logging_mixin.py:115} INFO - [2024-07-04 05:41:17,899] {dag.py:2972} INFO - Setting next_dagrun for 5.1-orchestration to 2024-05-20T00:00:00+00:00, run_after=2024-05-21T00:00:00+00:00
[2024-07-04 05:41:17,906] {processor.py:161} INFO - Processing /opt/airflow/dags/5.1-orchestration.py took 0.145 seconds
[2024-07-04 05:41:48,523] {processor.py:153} INFO - Started process (PID=74) to work on /opt/airflow/dags/5.1-orchestration.py
[2024-07-04 05:41:48,523] {processor.py:641} INFO - Processing file /opt/airflow/dags/5.1-orchestration.py for tasks to queue
[2024-07-04 05:41:48,524] {logging_mixin.py:115} INFO - [2024-07-04 05:41:48,523] {dagbag.py:508} INFO - Filling up the DagBag from /opt/airflow/dags/5.1-orchestration.py
[2024-07-04 05:41:48,530] {processor.py:651} INFO - DAG(s) dict_keys(['5.1-orchestration']) retrieved from /opt/airflow/dags/5.1-orchestration.py
[2024-07-04 05:41:48,548] {logging_mixin.py:115} INFO - [2024-07-04 05:41:48,548] {dag.py:2420} INFO - Sync 1 DAGs
[2024-07-04 05:41:48,640] {logging_mixin.py:115} INFO - [2024-07-04 05:41:48,640] {dag.py:2972} INFO - Setting next_dagrun for 5.1-orchestration to 2024-05-20T00:00:00+00:00, run_after=2024-05-21T00:00:00+00:00
[2024-07-04 05:41:48,647] {processor.py:161} INFO - Processing /opt/airflow/dags/5.1-orchestration.py took 0.126 seconds
[2024-07-04 05:42:19,180] {processor.py:153} INFO - Started process (PID=109) to work on /opt/airflow/dags/5.1-orchestration.py
[2024-07-04 05:42:19,180] {processor.py:641} INFO - Processing file /opt/airflow/dags/5.1-orchestration.py for tasks to queue
[2024-07-04 05:42:19,181] {logging_mixin.py:115} INFO - [2024-07-04 05:42:19,181] {dagbag.py:508} INFO - Filling up the DagBag from /opt/airflow/dags/5.1-orchestration.py
[2024-07-04 05:42:19,188] {processor.py:651} INFO - DAG(s) dict_keys(['5.1-orchestration']) retrieved from /opt/airflow/dags/5.1-orchestration.py
[2024-07-04 05:42:19,280] {logging_mixin.py:115} INFO - [2024-07-04 05:42:19,280] {dag.py:2420} INFO - Sync 1 DAGs
[2024-07-04 05:42:19,291] {logging_mixin.py:115} INFO - [2024-07-04 05:42:19,291] {dag.py:2972} INFO - Setting next_dagrun for 5.1-orchestration to 2024-05-20T00:00:00+00:00, run_after=2024-05-21T00:00:00+00:00
[2024-07-04 05:42:19,299] {processor.py:161} INFO - Processing /opt/airflow/dags/5.1-orchestration.py took 0.120 seconds
