[2024-05-20 16:54:32,763] {taskinstance.py:1179} INFO - Dependencies all met for <TaskInstance: 6.1-monitoring.task4 scheduled__2024-05-17T00:00:00+00:00 [queued]>
[2024-05-20 16:54:32,777] {taskinstance.py:1179} INFO - Dependencies all met for <TaskInstance: 6.1-monitoring.task4 scheduled__2024-05-17T00:00:00+00:00 [queued]>
[2024-05-20 16:54:32,778] {taskinstance.py:1376} INFO - 
--------------------------------------------------------------------------------
[2024-05-20 16:54:32,779] {taskinstance.py:1377} INFO - Starting attempt 6 of 6
[2024-05-20 16:54:32,782] {taskinstance.py:1378} INFO - 
--------------------------------------------------------------------------------
[2024-05-20 16:54:32,796] {taskinstance.py:1397} INFO - Executing <Task(PythonOperator): task4> on 2024-05-17 00:00:00+00:00
[2024-05-20 16:54:32,800] {standard_task_runner.py:52} INFO - Started process 3635 to run task
[2024-05-20 16:54:32,804] {standard_task_runner.py:79} INFO - Running: ['***', 'tasks', 'run', '6.1-monitoring', 'task4', 'scheduled__2024-05-17T00:00:00+00:00', '--job-id', '312', '--raw', '--subdir', 'DAGS_FOLDER/6.1-monitoring.py', '--cfg-path', '/tmp/tmprafh0eo2', '--error-file', '/tmp/tmpyd2wymnw']
[2024-05-20 16:54:32,805] {standard_task_runner.py:80} INFO - Job 312: Subtask task4
[2024-05-20 16:54:32,873] {task_command.py:371} INFO - Running <TaskInstance: 6.1-monitoring.task4 scheduled__2024-05-17T00:00:00+00:00 [running]> on host c832426e9d7b
[2024-05-20 16:54:33,034] {taskinstance.py:1591} INFO - Exporting the following env vars:
AIRFLOW_CTX_DAG_OWNER=***
AIRFLOW_CTX_DAG_ID=6.1-monitoring
AIRFLOW_CTX_TASK_ID=task4
AIRFLOW_CTX_EXECUTION_DATE=2024-05-17T00:00:00+00:00
AIRFLOW_CTX_TRY_NUMBER=6
AIRFLOW_CTX_DAG_RUN_ID=scheduled__2024-05-17T00:00:00+00:00
[2024-05-20 16:54:33,036] {taskinstance.py:1909} ERROR - Task failed with exception
Traceback (most recent call last):
  File "/home/airflow/.local/lib/python3.7/site-packages/airflow/operators/python.py", line 171, in execute
    return_value = self.execute_callable()
  File "/home/airflow/.local/lib/python3.7/site-packages/airflow/operators/python.py", line 189, in execute_callable
    return self.python_callable(*self.op_args, **self.op_kwargs)
  File "/opt/airflow/dags/6.1-monitoring.py", line 7, in func_with_error
    raise ValueError("This is an error")
ValueError: This is an error
[2024-05-20 16:54:33,063] {taskinstance.py:1420} INFO - Marking task as FAILED. dag_id=6.1-monitoring, task_id=task4, execution_date=20240517T000000, start_date=20240520T165432, end_date=20240520T165433
[2024-05-20 16:54:33,084] {standard_task_runner.py:97} ERROR - Failed to execute job 312 for task task4 (This is an error; 3635)
[2024-05-20 16:54:33,107] {local_task_job.py:156} INFO - Task exited with return code 1
[2024-05-20 16:54:33,189] {local_task_job.py:273} INFO - 0 downstream tasks scheduled from follow-on schedule check
