[2024-08-12 14:54:06,489] {taskinstance.py:1179} INFO - Dependencies all met for <TaskInstance: 7.3-Filesensor.creating_file scheduled__2024-08-10T00:00:00+00:00 [queued]>
[2024-08-12 14:54:06,499] {taskinstance.py:1179} INFO - Dependencies all met for <TaskInstance: 7.3-Filesensor.creating_file scheduled__2024-08-10T00:00:00+00:00 [queued]>
[2024-08-12 14:54:06,500] {taskinstance.py:1376} INFO - 
--------------------------------------------------------------------------------
[2024-08-12 14:54:06,502] {taskinstance.py:1377} INFO - Starting attempt 1 of 1
[2024-08-12 14:54:06,503] {taskinstance.py:1378} INFO - 
--------------------------------------------------------------------------------
[2024-08-12 14:54:06,516] {taskinstance.py:1397} INFO - Executing <Task(BashOperator): creating_file> on 2024-08-10 00:00:00+00:00
[2024-08-12 14:54:06,520] {standard_task_runner.py:52} INFO - Started process 1831 to run task
[2024-08-12 14:54:06,522] {standard_task_runner.py:79} INFO - Running: ['***', 'tasks', 'run', '7.3-Filesensor', 'creating_file', 'scheduled__2024-08-10T00:00:00+00:00', '--job-id', '432', '--raw', '--subdir', 'DAGS_FOLDER/7.3-Filesensor.py', '--cfg-path', '/tmp/tmpogcvzhna', '--error-file', '/tmp/tmpxz_ilxtm']
[2024-08-12 14:54:06,523] {standard_task_runner.py:80} INFO - Job 432: Subtask creating_file
[2024-08-12 14:54:06,574] {task_command.py:371} INFO - Running <TaskInstance: 7.3-Filesensor.creating_file scheduled__2024-08-10T00:00:00+00:00 [running]> on host edb2a5494af7
[2024-08-12 14:54:06,634] {taskinstance.py:1591} INFO - Exporting the following env vars:
AIRFLOW_CTX_DAG_OWNER=***
AIRFLOW_CTX_DAG_ID=7.3-Filesensor
AIRFLOW_CTX_TASK_ID=creating_file
AIRFLOW_CTX_EXECUTION_DATE=2024-08-10T00:00:00+00:00
AIRFLOW_CTX_TRY_NUMBER=1
AIRFLOW_CTX_DAG_RUN_ID=scheduled__2024-08-10T00:00:00+00:00
[2024-08-12 14:54:06,636] {subprocess.py:62} INFO - Tmp dir root location: 
 /tmp
[2024-08-12 14:54:06,636] {subprocess.py:74} INFO - Running command: ['bash', '-c', 'sleep 10 && touch /tmp/file.txt']
[2024-08-12 14:54:06,643] {subprocess.py:85} INFO - Output:
[2024-08-12 14:54:16,650] {subprocess.py:96} INFO - Command exited with return code 0
[2024-08-12 14:54:16,672] {taskinstance.py:1420} INFO - Marking task as SUCCESS. dag_id=7.3-Filesensor, task_id=creating_file, execution_date=20240810T000000, start_date=20240812T145406, end_date=20240812T145416
[2024-08-12 14:54:16,691] {local_task_job.py:156} INFO - Task exited with return code 0
[2024-08-12 14:54:16,710] {local_task_job.py:273} INFO - 1 downstream tasks scheduled from follow-on schedule check
