[2024-06-05 17:01:33,052] {taskinstance.py:1179} INFO - Dependencies all met for <TaskInstance: 6.1-monitoring.task3 scheduled__2024-05-31T00:00:00+00:00 [queued]>
[2024-06-05 17:01:33,076] {taskinstance.py:1179} INFO - Dependencies all met for <TaskInstance: 6.1-monitoring.task3 scheduled__2024-05-31T00:00:00+00:00 [queued]>
[2024-06-05 17:01:33,077] {taskinstance.py:1376} INFO - 
--------------------------------------------------------------------------------
[2024-06-05 17:01:33,079] {taskinstance.py:1377} INFO - Starting attempt 1 of 1
[2024-06-05 17:01:33,079] {taskinstance.py:1378} INFO - 
--------------------------------------------------------------------------------
[2024-06-05 17:01:33,101] {taskinstance.py:1397} INFO - Executing <Task(BashOperator): task3> on 2024-05-31 00:00:00+00:00
[2024-06-05 17:01:33,112] {standard_task_runner.py:52} INFO - Started process 140 to run task
[2024-06-05 17:01:33,116] {standard_task_runner.py:79} INFO - Running: ['***', 'tasks', 'run', '6.1-monitoring', 'task3', 'scheduled__2024-05-31T00:00:00+00:00', '--job-id', '391', '--raw', '--subdir', 'DAGS_FOLDER/6.1-monitoring.py', '--cfg-path', '/tmp/tmpqt_v3qju', '--error-file', '/tmp/tmp43glpr2_']
[2024-06-05 17:01:33,116] {standard_task_runner.py:80} INFO - Job 391: Subtask task3
[2024-06-05 17:01:33,256] {task_command.py:371} INFO - Running <TaskInstance: 6.1-monitoring.task3 scheduled__2024-05-31T00:00:00+00:00 [running]> on host c832426e9d7b
[2024-06-05 17:01:33,414] {taskinstance.py:1591} INFO - Exporting the following env vars:
AIRFLOW_CTX_DAG_OWNER=***
AIRFLOW_CTX_DAG_ID=6.1-monitoring
AIRFLOW_CTX_TASK_ID=task3
AIRFLOW_CTX_EXECUTION_DATE=2024-05-31T00:00:00+00:00
AIRFLOW_CTX_TRY_NUMBER=1
AIRFLOW_CTX_DAG_RUN_ID=scheduled__2024-05-31T00:00:00+00:00
[2024-06-05 17:01:33,415] {subprocess.py:62} INFO - Tmp dir root location: 
 /tmp
[2024-06-05 17:01:33,417] {subprocess.py:74} INFO - Running command: ['bash', '-c', "sleep 2 && echo 'Task 3'"]
[2024-06-05 17:01:33,427] {subprocess.py:85} INFO - Output:
[2024-06-05 17:01:35,431] {subprocess.py:92} INFO - Task 3
[2024-06-05 17:01:35,432] {subprocess.py:96} INFO - Command exited with return code 0
[2024-06-05 17:01:35,515] {taskinstance.py:1420} INFO - Marking task as SUCCESS. dag_id=6.1-monitoring, task_id=task3, execution_date=20240531T000000, start_date=20240605T170133, end_date=20240605T170135
[2024-06-05 17:01:35,554] {local_task_job.py:156} INFO - Task exited with return code 0
[2024-06-05 17:01:35,625] {local_task_job.py:273} INFO - 1 downstream tasks scheduled from follow-on schedule check
