[2024-06-05 17:01:35,865] {taskinstance.py:1179} INFO - Dependencies all met for <TaskInstance: 6.1-monitoring.task4 scheduled__2024-05-30T00:00:00+00:00 [queued]>
[2024-06-05 17:01:35,882] {taskinstance.py:1179} INFO - Dependencies all met for <TaskInstance: 6.1-monitoring.task4 scheduled__2024-05-30T00:00:00+00:00 [queued]>
[2024-06-05 17:01:35,882] {taskinstance.py:1376} INFO - 
--------------------------------------------------------------------------------
[2024-06-05 17:01:35,883] {taskinstance.py:1377} INFO - Starting attempt 1 of 1
[2024-06-05 17:01:35,884] {taskinstance.py:1378} INFO - 
--------------------------------------------------------------------------------
[2024-06-05 17:01:35,894] {taskinstance.py:1397} INFO - Executing <Task(PythonOperator): task4> on 2024-05-30 00:00:00+00:00
[2024-06-05 17:01:35,898] {standard_task_runner.py:52} INFO - Started process 167 to run task
[2024-06-05 17:01:35,902] {standard_task_runner.py:79} INFO - Running: ['***', 'tasks', 'run', '6.1-monitoring', 'task4', 'scheduled__2024-05-30T00:00:00+00:00', '--job-id', '396', '--raw', '--subdir', 'DAGS_FOLDER/6.1-monitoring.py', '--cfg-path', '/tmp/tmp_tlysjym', '--error-file', '/tmp/tmprk8zmjk_']
[2024-06-05 17:01:35,902] {standard_task_runner.py:80} INFO - Job 396: Subtask task4
[2024-06-05 17:01:35,988] {task_command.py:371} INFO - Running <TaskInstance: 6.1-monitoring.task4 scheduled__2024-05-30T00:00:00+00:00 [running]> on host c832426e9d7b
[2024-06-05 17:01:36,094] {taskinstance.py:1591} INFO - Exporting the following env vars:
AIRFLOW_CTX_DAG_OWNER=***
AIRFLOW_CTX_DAG_ID=6.1-monitoring
AIRFLOW_CTX_TASK_ID=task4
AIRFLOW_CTX_EXECUTION_DATE=2024-05-30T00:00:00+00:00
AIRFLOW_CTX_TRY_NUMBER=1
AIRFLOW_CTX_DAG_RUN_ID=scheduled__2024-05-30T00:00:00+00:00
[2024-06-05 17:01:36,097] {taskinstance.py:1909} ERROR - Task failed with exception
Traceback (most recent call last):
  File "/home/airflow/.local/lib/python3.7/site-packages/airflow/operators/python.py", line 171, in execute
    return_value = self.execute_callable()
  File "/home/airflow/.local/lib/python3.7/site-packages/airflow/operators/python.py", line 189, in execute_callable
    return self.python_callable(*self.op_args, **self.op_kwargs)
  File "/opt/airflow/dags/6.1-monitoring.py", line 7, in func_with_error
    raise ValueError("This is an error")
ValueError: This is an error
[2024-06-05 17:01:36,107] {taskinstance.py:1420} INFO - Marking task as FAILED. dag_id=6.1-monitoring, task_id=task4, execution_date=20240530T000000, start_date=20240605T170135, end_date=20240605T170136
[2024-06-05 17:01:36,132] {standard_task_runner.py:97} ERROR - Failed to execute job 396 for task task4 (This is an error; 167)
[2024-06-05 17:01:36,167] {local_task_job.py:156} INFO - Task exited with return code 1
[2024-06-05 17:01:36,235] {local_task_job.py:273} INFO - 0 downstream tasks scheduled from follow-on schedule check
