[2024-09-30 17:46:11,688] {taskinstance.py:1179} INFO - Dependencies all met for <TaskInstance: 9-xcom.t2 scheduled__2024-09-30T00:00:00+00:00 [queued]>
[2024-09-30 17:46:11,695] {taskinstance.py:1179} INFO - Dependencies all met for <TaskInstance: 9-xcom.t2 scheduled__2024-09-30T00:00:00+00:00 [queued]>
[2024-09-30 17:46:11,695] {taskinstance.py:1376} INFO - 
--------------------------------------------------------------------------------
[2024-09-30 17:46:11,695] {taskinstance.py:1377} INFO - Starting attempt 2 of 2
[2024-09-30 17:46:11,695] {taskinstance.py:1378} INFO - 
--------------------------------------------------------------------------------
[2024-09-30 17:46:11,705] {taskinstance.py:1397} INFO - Executing <Task(BashOperator): t2> on 2024-09-30 00:00:00+00:00
[2024-09-30 17:46:11,708] {standard_task_runner.py:52} INFO - Started process 5997 to run task
[2024-09-30 17:46:11,710] {standard_task_runner.py:79} INFO - Running: ['***', 'tasks', 'run', '9-xcom', 't2', 'scheduled__2024-09-30T00:00:00+00:00', '--job-id', '486', '--raw', '--subdir', 'DAGS_FOLDER/9-xcom.py', '--cfg-path', '/tmp/tmphqhg6h9u', '--error-file', '/tmp/tmpxc18xa42']
[2024-09-30 17:46:11,710] {standard_task_runner.py:80} INFO - Job 486: Subtask t2
[2024-09-30 17:46:11,752] {task_command.py:371} INFO - Running <TaskInstance: 9-xcom.t2 scheduled__2024-09-30T00:00:00+00:00 [running]> on host edb2a5494af7
[2024-09-30 17:46:11,804] {taskinstance.py:1591} INFO - Exporting the following env vars:
AIRFLOW_CTX_DAG_OWNER=***
AIRFLOW_CTX_DAG_ID=9-xcom
AIRFLOW_CTX_TASK_ID=t2
AIRFLOW_CTX_EXECUTION_DATE=2024-09-30T00:00:00+00:00
AIRFLOW_CTX_TRY_NUMBER=2
AIRFLOW_CTX_DAG_RUN_ID=scheduled__2024-09-30T00:00:00+00:00
[2024-09-30 17:46:11,805] {subprocess.py:62} INFO - Tmp dir root location: 
 /tmp
[2024-09-30 17:46:11,805] {subprocess.py:74} INFO - Running command: ['bash', '-c', 'sleep 5 && echo 24']
[2024-09-30 17:46:11,811] {subprocess.py:85} INFO - Output:
[2024-09-30 17:46:16,815] {subprocess.py:92} INFO - 24
[2024-09-30 17:46:16,816] {subprocess.py:96} INFO - Command exited with return code 0
[2024-09-30 17:46:16,840] {taskinstance.py:1420} INFO - Marking task as SUCCESS. dag_id=9-xcom, task_id=t2, execution_date=20240930T000000, start_date=20240930T174611, end_date=20240930T174616
[2024-09-30 17:46:16,886] {local_task_job.py:156} INFO - Task exited with return code 0
[2024-09-30 17:46:16,913] {local_task_job.py:273} INFO - 0 downstream tasks scheduled from follow-on schedule check
