[2024-09-30 17:47:12,102] {taskinstance.py:1179} INFO - Dependencies all met for <TaskInstance: 9-xcom.t3 scheduled__2024-09-30T00:00:00+00:00 [queued]>
[2024-09-30 17:47:12,110] {taskinstance.py:1179} INFO - Dependencies all met for <TaskInstance: 9-xcom.t3 scheduled__2024-09-30T00:00:00+00:00 [queued]>
[2024-09-30 17:47:12,110] {taskinstance.py:1376} INFO - 
--------------------------------------------------------------------------------
[2024-09-30 17:47:12,110] {taskinstance.py:1377} INFO - Starting attempt 2 of 2
[2024-09-30 17:47:12,110] {taskinstance.py:1378} INFO - 
--------------------------------------------------------------------------------
[2024-09-30 17:47:12,120] {taskinstance.py:1397} INFO - Executing <Task(PythonOperator): t3> on 2024-09-30 00:00:00+00:00
[2024-09-30 17:47:12,123] {standard_task_runner.py:52} INFO - Started process 6047 to run task
[2024-09-30 17:47:12,125] {standard_task_runner.py:79} INFO - Running: ['***', 'tasks', 'run', '9-xcom', 't3', 'scheduled__2024-09-30T00:00:00+00:00', '--job-id', '488', '--raw', '--subdir', 'DAGS_FOLDER/9-xcom.py', '--cfg-path', '/tmp/tmp6hf5cndd', '--error-file', '/tmp/tmpca6nni5o']
[2024-09-30 17:47:12,125] {standard_task_runner.py:80} INFO - Job 488: Subtask t3
[2024-09-30 17:47:12,167] {task_command.py:371} INFO - Running <TaskInstance: 9-xcom.t3 scheduled__2024-09-30T00:00:00+00:00 [running]> on host edb2a5494af7
[2024-09-30 17:47:12,219] {taskinstance.py:1591} INFO - Exporting the following env vars:
AIRFLOW_CTX_DAG_OWNER=***
AIRFLOW_CTX_DAG_ID=9-xcom
AIRFLOW_CTX_TASK_ID=t3
AIRFLOW_CTX_EXECUTION_DATE=2024-09-30T00:00:00+00:00
AIRFLOW_CTX_TRY_NUMBER=2
AIRFLOW_CTX_DAG_RUN_ID=scheduled__2024-09-30T00:00:00+00:00
[2024-09-30 17:47:12,229] {logging_mixin.py:115} INFO - 48
[2024-09-30 17:47:12,229] {python.py:173} INFO - Done. Returned value was: None
[2024-09-30 17:47:12,239] {taskinstance.py:1420} INFO - Marking task as SUCCESS. dag_id=9-xcom, task_id=t3, execution_date=20240930T000000, start_date=20240930T174712, end_date=20240930T174712
[2024-09-30 17:47:12,262] {local_task_job.py:156} INFO - Task exited with return code 0
[2024-09-30 17:47:12,285] {local_task_job.py:273} INFO - 0 downstream tasks scheduled from follow-on schedule check
