[2024-09-30 17:46:05,546] {taskinstance.py:1173} INFO - Dependencies not met for <TaskInstance: 9-xcom.t3 scheduled__2024-09-30T00:00:00+00:00 [queued]>, dependency 'Trigger Rule' FAILED: Task's trigger rule 'all_success' requires all upstream tasks to have succeeded, but found 1 non-success(es). upstream_tasks_state={'total': 1, 'successes': 0, 'skipped': 0, 'failed': 0, 'upstream_failed': 0, 'done': 0}, upstream_task_ids={'t2'}
[2024-09-30 17:46:05,551] {local_task_job.py:101} INFO - Task is not able to be run
[2024-09-30 17:46:24,065] {taskinstance.py:1179} INFO - Dependencies all met for <TaskInstance: 9-xcom.t3 scheduled__2024-09-30T00:00:00+00:00 [queued]>
[2024-09-30 17:46:24,073] {taskinstance.py:1179} INFO - Dependencies all met for <TaskInstance: 9-xcom.t3 scheduled__2024-09-30T00:00:00+00:00 [queued]>
[2024-09-30 17:46:24,073] {taskinstance.py:1376} INFO - 
--------------------------------------------------------------------------------
[2024-09-30 17:46:24,073] {taskinstance.py:1377} INFO - Starting attempt 1 of 1
[2024-09-30 17:46:24,073] {taskinstance.py:1378} INFO - 
--------------------------------------------------------------------------------
[2024-09-30 17:46:24,083] {taskinstance.py:1397} INFO - Executing <Task(PythonOperator): t3> on 2024-09-30 00:00:00+00:00
[2024-09-30 17:46:24,085] {standard_task_runner.py:52} INFO - Started process 6010 to run task
[2024-09-30 17:46:24,087] {standard_task_runner.py:79} INFO - Running: ['***', 'tasks', 'run', '9-xcom', 't3', 'scheduled__2024-09-30T00:00:00+00:00', '--job-id', '487', '--raw', '--subdir', 'DAGS_FOLDER/9-xcom.py', '--cfg-path', '/tmp/tmprt045svu', '--error-file', '/tmp/tmpdempo6du']
[2024-09-30 17:46:24,088] {standard_task_runner.py:80} INFO - Job 487: Subtask t3
[2024-09-30 17:46:24,128] {task_command.py:371} INFO - Running <TaskInstance: 9-xcom.t3 scheduled__2024-09-30T00:00:00+00:00 [running]> on host edb2a5494af7
[2024-09-30 17:46:24,171] {taskinstance.py:1591} INFO - Exporting the following env vars:
AIRFLOW_CTX_DAG_OWNER=***
AIRFLOW_CTX_DAG_ID=9-xcom
AIRFLOW_CTX_TASK_ID=t3
AIRFLOW_CTX_EXECUTION_DATE=2024-09-30T00:00:00+00:00
AIRFLOW_CTX_TRY_NUMBER=1
AIRFLOW_CTX_DAG_RUN_ID=scheduled__2024-09-30T00:00:00+00:00
[2024-09-30 17:46:24,181] {logging_mixin.py:115} INFO - 2424
[2024-09-30 17:46:24,181] {python.py:173} INFO - Done. Returned value was: None
[2024-09-30 17:46:24,191] {taskinstance.py:1420} INFO - Marking task as SUCCESS. dag_id=9-xcom, task_id=t3, execution_date=20240930T000000, start_date=20240930T174624, end_date=20240930T174624
[2024-09-30 17:46:24,224] {local_task_job.py:156} INFO - Task exited with return code 0
[2024-09-30 17:46:24,249] {local_task_job.py:273} INFO - 0 downstream tasks scheduled from follow-on schedule check
