[2024-08-23 11:38:05,448] {taskinstance.py:1179} INFO - Dependencies all met for <TaskInstance: 7.3-Filesensor.end_task scheduled__2024-08-14T00:00:00+00:00 [queued]>
[2024-08-23 11:38:05,457] {taskinstance.py:1179} INFO - Dependencies all met for <TaskInstance: 7.3-Filesensor.end_task scheduled__2024-08-14T00:00:00+00:00 [queued]>
[2024-08-23 11:38:05,457] {taskinstance.py:1376} INFO - 
--------------------------------------------------------------------------------
[2024-08-23 11:38:05,458] {taskinstance.py:1377} INFO - Starting attempt 1 of 1
[2024-08-23 11:38:05,458] {taskinstance.py:1378} INFO - 
--------------------------------------------------------------------------------
[2024-08-23 11:38:05,469] {taskinstance.py:1397} INFO - Executing <Task(BashOperator): end_task> on 2024-08-14 00:00:00+00:00
[2024-08-23 11:38:05,472] {standard_task_runner.py:52} INFO - Started process 83 to run task
[2024-08-23 11:38:05,476] {standard_task_runner.py:79} INFO - Running: ['***', 'tasks', 'run', '7.3-Filesensor', 'end_task', 'scheduled__2024-08-14T00:00:00+00:00', '--job-id', '456', '--raw', '--subdir', 'DAGS_FOLDER/7.3-Filesensor.py', '--cfg-path', '/tmp/tmpdkeulba0', '--error-file', '/tmp/tmp_ypz8kdw']
[2024-08-23 11:38:05,476] {standard_task_runner.py:80} INFO - Job 456: Subtask end_task
[2024-08-23 11:38:05,541] {task_command.py:371} INFO - Running <TaskInstance: 7.3-Filesensor.end_task scheduled__2024-08-14T00:00:00+00:00 [running]> on host edb2a5494af7
[2024-08-23 11:38:05,602] {taskinstance.py:1591} INFO - Exporting the following env vars:
AIRFLOW_CTX_DAG_OWNER=***
AIRFLOW_CTX_DAG_ID=7.3-Filesensor
AIRFLOW_CTX_TASK_ID=end_task
AIRFLOW_CTX_EXECUTION_DATE=2024-08-14T00:00:00+00:00
AIRFLOW_CTX_TRY_NUMBER=1
AIRFLOW_CTX_DAG_RUN_ID=scheduled__2024-08-14T00:00:00+00:00
[2024-08-23 11:38:05,604] {subprocess.py:62} INFO - Tmp dir root location: 
 /tmp
[2024-08-23 11:38:05,605] {subprocess.py:74} INFO - Running command: ['bash', '-c', "echo 'File was created!'"]
[2024-08-23 11:38:05,615] {subprocess.py:85} INFO - Output:
[2024-08-23 11:38:05,616] {subprocess.py:92} INFO - File was created!
[2024-08-23 11:38:05,617] {subprocess.py:96} INFO - Command exited with return code 0
[2024-08-23 11:38:05,649] {taskinstance.py:1420} INFO - Marking task as SUCCESS. dag_id=7.3-Filesensor, task_id=end_task, execution_date=20240814T000000, start_date=20240823T113805, end_date=20240823T113805
[2024-08-23 11:38:05,694] {local_task_job.py:156} INFO - Task exited with return code 0
[2024-08-23 11:38:05,728] {local_task_job.py:273} INFO - 0 downstream tasks scheduled from follow-on schedule check
