[2024-08-12 14:54:16,993] {taskinstance.py:1179} INFO - Dependencies all met for <TaskInstance: 7.3-Filesensor.waiting_for_file scheduled__2024-08-10T00:00:00+00:00 [queued]>
[2024-08-12 14:54:17,000] {taskinstance.py:1179} INFO - Dependencies all met for <TaskInstance: 7.3-Filesensor.waiting_for_file scheduled__2024-08-10T00:00:00+00:00 [queued]>
[2024-08-12 14:54:17,001] {taskinstance.py:1376} INFO - 
--------------------------------------------------------------------------------
[2024-08-12 14:54:17,001] {taskinstance.py:1377} INFO - Starting attempt 1 of 1
[2024-08-12 14:54:17,001] {taskinstance.py:1378} INFO - 
--------------------------------------------------------------------------------
[2024-08-12 14:54:17,011] {taskinstance.py:1397} INFO - Executing <Task(FileSensor): waiting_for_file> on 2024-08-10 00:00:00+00:00
[2024-08-12 14:54:17,013] {standard_task_runner.py:52} INFO - Started process 1848 to run task
[2024-08-12 14:54:17,017] {standard_task_runner.py:79} INFO - Running: ['***', 'tasks', 'run', '7.3-Filesensor', 'waiting_for_file', 'scheduled__2024-08-10T00:00:00+00:00', '--job-id', '436', '--raw', '--subdir', 'DAGS_FOLDER/7.3-Filesensor.py', '--cfg-path', '/tmp/tmperag9e95', '--error-file', '/tmp/tmp0a53p5ri']
[2024-08-12 14:54:17,017] {standard_task_runner.py:80} INFO - Job 436: Subtask waiting_for_file
[2024-08-12 14:54:17,066] {task_command.py:371} INFO - Running <TaskInstance: 7.3-Filesensor.waiting_for_file scheduled__2024-08-10T00:00:00+00:00 [running]> on host edb2a5494af7
[2024-08-12 14:54:17,114] {taskinstance.py:1591} INFO - Exporting the following env vars:
AIRFLOW_CTX_DAG_OWNER=***
AIRFLOW_CTX_DAG_ID=7.3-Filesensor
AIRFLOW_CTX_TASK_ID=waiting_for_file
AIRFLOW_CTX_EXECUTION_DATE=2024-08-10T00:00:00+00:00
AIRFLOW_CTX_TRY_NUMBER=1
AIRFLOW_CTX_DAG_RUN_ID=scheduled__2024-08-10T00:00:00+00:00
[2024-08-12 14:54:17,128] {taskinstance.py:1909} ERROR - Task failed with exception
Traceback (most recent call last):
  File "/home/airflow/.local/lib/python3.7/site-packages/airflow/sensors/base.py", line 277, in execute
    poke_return = self.poke(context)
  File "/home/airflow/.local/lib/python3.7/site-packages/airflow/sensors/filesystem.py", line 55, in poke
    hook = FSHook(self.fs_conn_id)
  File "/home/airflow/.local/lib/python3.7/site-packages/airflow/hooks/filesystem.py", line 38, in __init__
    conn = self.get_connection(conn_id)
  File "/home/airflow/.local/lib/python3.7/site-packages/airflow/hooks/base.py", line 67, in get_connection
    conn = Connection.get_connection_from_secrets(conn_id)
  File "/home/airflow/.local/lib/python3.7/site-packages/airflow/models/connection.py", line 430, in get_connection_from_secrets
    raise AirflowNotFoundException(f"The conn_id `{conn_id}` isn't defined")
airflow.exceptions.AirflowNotFoundException: The conn_id `fs_default` isn't defined
[2024-08-12 14:54:17,131] {taskinstance.py:1420} INFO - Marking task as FAILED. dag_id=7.3-Filesensor, task_id=waiting_for_file, execution_date=20240810T000000, start_date=20240812T145416, end_date=20240812T145417
[2024-08-12 14:54:17,139] {standard_task_runner.py:97} ERROR - Failed to execute job 436 for task waiting_for_file (The conn_id `fs_default` isn't defined; 1848)
[2024-08-12 14:54:17,153] {local_task_job.py:156} INFO - Task exited with return code 1
[2024-08-12 14:54:17,175] {local_task_job.py:273} INFO - 0 downstream tasks scheduled from follow-on schedule check
