[2024-08-12 14:56:03,303] {taskinstance.py:1179} INFO - Dependencies all met for <TaskInstance: 7.3-Filesensor.waiting_for_file scheduled__2024-08-10T00:00:00+00:00 [queued]>
[2024-08-12 14:56:03,311] {taskinstance.py:1179} INFO - Dependencies all met for <TaskInstance: 7.3-Filesensor.waiting_for_file scheduled__2024-08-10T00:00:00+00:00 [queued]>
[2024-08-12 14:56:03,311] {taskinstance.py:1376} INFO - 
--------------------------------------------------------------------------------
[2024-08-12 14:56:03,311] {taskinstance.py:1377} INFO - Starting attempt 2 of 2
[2024-08-12 14:56:03,312] {taskinstance.py:1378} INFO - 
--------------------------------------------------------------------------------
[2024-08-12 14:56:03,323] {taskinstance.py:1397} INFO - Executing <Task(FileSensor): waiting_for_file> on 2024-08-10 00:00:00+00:00
[2024-08-12 14:56:03,325] {standard_task_runner.py:52} INFO - Started process 1940 to run task
[2024-08-12 14:56:03,329] {standard_task_runner.py:79} INFO - Running: ['***', 'tasks', 'run', '7.3-Filesensor', 'waiting_for_file', 'scheduled__2024-08-10T00:00:00+00:00', '--job-id', '438', '--raw', '--subdir', 'DAGS_FOLDER/7.3-Filesensor.py', '--cfg-path', '/tmp/tmp4f1avjvy', '--error-file', '/tmp/tmpabl1w0xi']
[2024-08-12 14:56:03,329] {standard_task_runner.py:80} INFO - Job 438: Subtask waiting_for_file
[2024-08-12 14:56:03,373] {task_command.py:371} INFO - Running <TaskInstance: 7.3-Filesensor.waiting_for_file scheduled__2024-08-10T00:00:00+00:00 [running]> on host edb2a5494af7
[2024-08-12 14:56:03,418] {taskinstance.py:1591} INFO - Exporting the following env vars:
AIRFLOW_CTX_DAG_OWNER=***
AIRFLOW_CTX_DAG_ID=7.3-Filesensor
AIRFLOW_CTX_TASK_ID=waiting_for_file
AIRFLOW_CTX_EXECUTION_DATE=2024-08-10T00:00:00+00:00
AIRFLOW_CTX_TRY_NUMBER=2
AIRFLOW_CTX_DAG_RUN_ID=scheduled__2024-08-10T00:00:00+00:00
[2024-08-12 14:56:03,425] {base.py:68} INFO - Using connection ID 'fs_default' for task execution.
[2024-08-12 14:56:03,425] {filesystem.py:58} INFO - Poking for file /tmp/file.txt
[2024-08-12 14:56:03,426] {filesystem.py:63} INFO - Found File /tmp/file.txt last modified: 20240812145416
[2024-08-12 14:56:03,426] {base.py:301} INFO - Success criteria met. Exiting.
[2024-08-12 14:56:03,435] {taskinstance.py:1420} INFO - Marking task as SUCCESS. dag_id=7.3-Filesensor, task_id=waiting_for_file, execution_date=20240810T000000, start_date=20240812T145603, end_date=20240812T145603
[2024-08-12 14:56:03,464] {local_task_job.py:156} INFO - Task exited with return code 0
[2024-08-12 14:56:03,488] {local_task_job.py:273} INFO - 0 downstream tasks scheduled from follow-on schedule check
