[2024-05-20 16:54:12,639] {taskinstance.py:1179} INFO - Dependencies all met for <TaskInstance: 6.1-monitoring.task3 scheduled__2024-05-16T00:00:00+00:00 [queued]>
[2024-05-20 16:54:12,683] {taskinstance.py:1179} INFO - Dependencies all met for <TaskInstance: 6.1-monitoring.task3 scheduled__2024-05-16T00:00:00+00:00 [queued]>
[2024-05-20 16:54:12,688] {taskinstance.py:1376} INFO - 
--------------------------------------------------------------------------------
[2024-05-20 16:54:12,689] {taskinstance.py:1377} INFO - Starting attempt 2 of 2
[2024-05-20 16:54:12,692] {taskinstance.py:1378} INFO - 
--------------------------------------------------------------------------------
[2024-05-20 16:54:12,789] {taskinstance.py:1397} INFO - Executing <Task(BashOperator): task3> on 2024-05-16 00:00:00+00:00
[2024-05-20 16:54:12,811] {standard_task_runner.py:79} INFO - Running: ['***', 'tasks', 'run', '6.1-monitoring', 'task3', 'scheduled__2024-05-16T00:00:00+00:00', '--job-id', '270', '--raw', '--subdir', 'DAGS_FOLDER/6.1-monitoring.py', '--cfg-path', '/tmp/tmpr3nuukff', '--error-file', '/tmp/tmpk6fphjdy']
[2024-05-20 16:54:12,813] {standard_task_runner.py:80} INFO - Job 270: Subtask task3
[2024-05-20 16:54:12,815] {standard_task_runner.py:52} INFO - Started process 3455 to run task
[2024-05-20 16:54:12,940] {task_command.py:371} INFO - Running <TaskInstance: 6.1-monitoring.task3 scheduled__2024-05-16T00:00:00+00:00 [running]> on host c832426e9d7b
[2024-05-20 16:54:13,063] {taskinstance.py:1591} INFO - Exporting the following env vars:
AIRFLOW_CTX_DAG_OWNER=***
AIRFLOW_CTX_DAG_ID=6.1-monitoring
AIRFLOW_CTX_TASK_ID=task3
AIRFLOW_CTX_EXECUTION_DATE=2024-05-16T00:00:00+00:00
AIRFLOW_CTX_TRY_NUMBER=2
AIRFLOW_CTX_DAG_RUN_ID=scheduled__2024-05-16T00:00:00+00:00
[2024-05-20 16:54:13,064] {subprocess.py:62} INFO - Tmp dir root location: 
 /tmp
[2024-05-20 16:54:13,064] {subprocess.py:74} INFO - Running command: ['bash', '-c', "sleep 2 && echo 'Task 3'"]
[2024-05-20 16:54:13,071] {subprocess.py:85} INFO - Output:
[2024-05-20 16:54:15,074] {subprocess.py:92} INFO - Task 3
[2024-05-20 16:54:15,075] {subprocess.py:96} INFO - Command exited with return code 0
[2024-05-20 16:54:15,137] {taskinstance.py:1420} INFO - Marking task as SUCCESS. dag_id=6.1-monitoring, task_id=task3, execution_date=20240516T000000, start_date=20240520T165412, end_date=20240520T165415
[2024-05-20 16:54:15,180] {local_task_job.py:156} INFO - Task exited with return code 0
[2024-05-20 16:54:15,220] {local_task_job.py:273} INFO - 1 downstream tasks scheduled from follow-on schedule check
