[2024-05-20 16:52:38,807] {taskinstance.py:1179} INFO - Dependencies all met for <TaskInstance: 6.1-monitoring.task1 scheduled__2024-05-19T00:00:00+00:00 [queued]>
[2024-05-20 16:52:38,814] {taskinstance.py:1179} INFO - Dependencies all met for <TaskInstance: 6.1-monitoring.task1 scheduled__2024-05-19T00:00:00+00:00 [queued]>
[2024-05-20 16:52:38,814] {taskinstance.py:1376} INFO - 
--------------------------------------------------------------------------------
[2024-05-20 16:52:38,814] {taskinstance.py:1377} INFO - Starting attempt 3 of 3
[2024-05-20 16:52:38,814] {taskinstance.py:1378} INFO - 
--------------------------------------------------------------------------------
[2024-05-20 16:52:38,824] {taskinstance.py:1397} INFO - Executing <Task(BashOperator): task1> on 2024-05-19 00:00:00+00:00
[2024-05-20 16:52:38,827] {standard_task_runner.py:52} INFO - Started process 3036 to run task
[2024-05-20 16:52:38,829] {standard_task_runner.py:79} INFO - Running: ['***', 'tasks', 'run', '6.1-monitoring', 'task1', 'scheduled__2024-05-19T00:00:00+00:00', '--job-id', '159', '--raw', '--subdir', 'DAGS_FOLDER/6.1-monitoring.py', '--cfg-path', '/tmp/tmpito57a9_', '--error-file', '/tmp/tmpi4e1vdkq']
[2024-05-20 16:52:38,829] {standard_task_runner.py:80} INFO - Job 159: Subtask task1
[2024-05-20 16:52:38,873] {task_command.py:371} INFO - Running <TaskInstance: 6.1-monitoring.task1 scheduled__2024-05-19T00:00:00+00:00 [running]> on host c832426e9d7b
[2024-05-20 16:52:38,917] {taskinstance.py:1591} INFO - Exporting the following env vars:
AIRFLOW_CTX_DAG_OWNER=***
AIRFLOW_CTX_DAG_ID=6.1-monitoring
AIRFLOW_CTX_TASK_ID=task1
AIRFLOW_CTX_EXECUTION_DATE=2024-05-19T00:00:00+00:00
AIRFLOW_CTX_TRY_NUMBER=3
AIRFLOW_CTX_DAG_RUN_ID=scheduled__2024-05-19T00:00:00+00:00
[2024-05-20 16:52:38,918] {subprocess.py:62} INFO - Tmp dir root location: 
 /tmp
[2024-05-20 16:52:38,919] {subprocess.py:74} INFO - Running command: ['bash', '-c', "sleep 2 && echo 'Task 1'"]
[2024-05-20 16:52:38,926] {subprocess.py:85} INFO - Output:
[2024-05-20 16:52:40,929] {subprocess.py:92} INFO - Task 1
[2024-05-20 16:52:40,929] {subprocess.py:96} INFO - Command exited with return code 0
[2024-05-20 16:52:40,951] {taskinstance.py:1420} INFO - Marking task as SUCCESS. dag_id=6.1-monitoring, task_id=task1, execution_date=20240519T000000, start_date=20240520T165238, end_date=20240520T165240
[2024-05-20 16:52:40,976] {local_task_job.py:156} INFO - Task exited with return code 0
[2024-05-20 16:52:41,007] {local_task_job.py:273} INFO - 1 downstream tasks scheduled from follow-on schedule check
[2024-05-20 16:54:23,879] {taskinstance.py:1179} INFO - Dependencies all met for <TaskInstance: 6.1-monitoring.task1 scheduled__2024-05-19T00:00:00+00:00 [queued]>
[2024-05-20 16:54:23,907] {taskinstance.py:1179} INFO - Dependencies all met for <TaskInstance: 6.1-monitoring.task1 scheduled__2024-05-19T00:00:00+00:00 [queued]>
[2024-05-20 16:54:23,911] {taskinstance.py:1376} INFO - 
--------------------------------------------------------------------------------
[2024-05-20 16:54:23,911] {taskinstance.py:1377} INFO - Starting attempt 3 of 3
[2024-05-20 16:54:23,911] {taskinstance.py:1378} INFO - 
--------------------------------------------------------------------------------
[2024-05-20 16:54:23,935] {taskinstance.py:1397} INFO - Executing <Task(BashOperator): task1> on 2024-05-19 00:00:00+00:00
[2024-05-20 16:54:23,946] {standard_task_runner.py:52} INFO - Started process 3515 to run task
[2024-05-20 16:54:23,950] {standard_task_runner.py:79} INFO - Running: ['***', 'tasks', 'run', '6.1-monitoring', 'task1', 'scheduled__2024-05-19T00:00:00+00:00', '--job-id', '287', '--raw', '--subdir', 'DAGS_FOLDER/6.1-monitoring.py', '--cfg-path', '/tmp/tmpueanus5y', '--error-file', '/tmp/tmp7d74nkj8']
[2024-05-20 16:54:23,951] {standard_task_runner.py:80} INFO - Job 287: Subtask task1
[2024-05-20 16:54:24,092] {task_command.py:371} INFO - Running <TaskInstance: 6.1-monitoring.task1 scheduled__2024-05-19T00:00:00+00:00 [running]> on host c832426e9d7b
[2024-05-20 16:54:24,192] {taskinstance.py:1591} INFO - Exporting the following env vars:
AIRFLOW_CTX_DAG_OWNER=***
AIRFLOW_CTX_DAG_ID=6.1-monitoring
AIRFLOW_CTX_TASK_ID=task1
AIRFLOW_CTX_EXECUTION_DATE=2024-05-19T00:00:00+00:00
AIRFLOW_CTX_TRY_NUMBER=3
AIRFLOW_CTX_DAG_RUN_ID=scheduled__2024-05-19T00:00:00+00:00
[2024-05-20 16:54:24,194] {subprocess.py:62} INFO - Tmp dir root location: 
 /tmp
[2024-05-20 16:54:24,195] {subprocess.py:74} INFO - Running command: ['bash', '-c', "sleep 2 && echo 'Task 1'"]
[2024-05-20 16:54:24,210] {subprocess.py:85} INFO - Output:
[2024-05-20 16:54:26,213] {subprocess.py:92} INFO - Task 1
[2024-05-20 16:54:26,213] {subprocess.py:96} INFO - Command exited with return code 0
[2024-05-20 16:54:26,237] {taskinstance.py:1420} INFO - Marking task as SUCCESS. dag_id=6.1-monitoring, task_id=task1, execution_date=20240519T000000, start_date=20240520T165423, end_date=20240520T165426
[2024-05-20 16:54:26,264] {local_task_job.py:156} INFO - Task exited with return code 0
[2024-05-20 16:54:26,309] {local_task_job.py:273} INFO - 1 downstream tasks scheduled from follow-on schedule check
