[2024-05-20 16:51:52,550] {taskinstance.py:1179} INFO - Dependencies all met for <TaskInstance: 6.1-monitoring.task1 scheduled__2024-05-19T00:00:00+00:00 [queued]>
[2024-05-20 16:51:52,557] {taskinstance.py:1179} INFO - Dependencies all met for <TaskInstance: 6.1-monitoring.task1 scheduled__2024-05-19T00:00:00+00:00 [queued]>
[2024-05-20 16:51:52,557] {taskinstance.py:1376} INFO - 
--------------------------------------------------------------------------------
[2024-05-20 16:51:52,557] {taskinstance.py:1377} INFO - Starting attempt 2 of 2
[2024-05-20 16:51:52,557] {taskinstance.py:1378} INFO - 
--------------------------------------------------------------------------------
[2024-05-20 16:51:52,565] {taskinstance.py:1397} INFO - Executing <Task(BashOperator): task1> on 2024-05-19 00:00:00+00:00
[2024-05-20 16:51:52,568] {standard_task_runner.py:52} INFO - Started process 2971 to run task
[2024-05-20 16:51:52,570] {standard_task_runner.py:79} INFO - Running: ['***', 'tasks', 'run', '6.1-monitoring', 'task1', 'scheduled__2024-05-19T00:00:00+00:00', '--job-id', '151', '--raw', '--subdir', 'DAGS_FOLDER/6.1-monitoring.py', '--cfg-path', '/tmp/tmp_jpg06ln', '--error-file', '/tmp/tmpm174jv8o']
[2024-05-20 16:51:52,570] {standard_task_runner.py:80} INFO - Job 151: Subtask task1
[2024-05-20 16:51:52,609] {task_command.py:371} INFO - Running <TaskInstance: 6.1-monitoring.task1 scheduled__2024-05-19T00:00:00+00:00 [running]> on host c832426e9d7b
[2024-05-20 16:51:52,651] {taskinstance.py:1591} INFO - Exporting the following env vars:
AIRFLOW_CTX_DAG_OWNER=***
AIRFLOW_CTX_DAG_ID=6.1-monitoring
AIRFLOW_CTX_TASK_ID=task1
AIRFLOW_CTX_EXECUTION_DATE=2024-05-19T00:00:00+00:00
AIRFLOW_CTX_TRY_NUMBER=2
AIRFLOW_CTX_DAG_RUN_ID=scheduled__2024-05-19T00:00:00+00:00
[2024-05-20 16:51:52,652] {subprocess.py:62} INFO - Tmp dir root location: 
 /tmp
[2024-05-20 16:51:52,652] {subprocess.py:74} INFO - Running command: ['bash', '-c', "sleep 2 && echo 'Task 1'"]
[2024-05-20 16:51:52,658] {subprocess.py:85} INFO - Output:
[2024-05-20 16:51:54,660] {subprocess.py:92} INFO - Task 1
[2024-05-20 16:51:54,661] {subprocess.py:96} INFO - Command exited with return code 0
[2024-05-20 16:51:54,682] {taskinstance.py:1420} INFO - Marking task as SUCCESS. dag_id=6.1-monitoring, task_id=task1, execution_date=20240519T000000, start_date=20240520T165152, end_date=20240520T165154
[2024-05-20 16:51:54,715] {local_task_job.py:156} INFO - Task exited with return code 0
[2024-05-20 16:51:54,740] {local_task_job.py:273} INFO - 1 downstream tasks scheduled from follow-on schedule check
[2024-05-20 16:54:05,809] {taskinstance.py:1179} INFO - Dependencies all met for <TaskInstance: 6.1-monitoring.task1 scheduled__2024-05-19T00:00:00+00:00 [queued]>
[2024-05-20 16:54:05,834] {taskinstance.py:1179} INFO - Dependencies all met for <TaskInstance: 6.1-monitoring.task1 scheduled__2024-05-19T00:00:00+00:00 [queued]>
[2024-05-20 16:54:05,834] {taskinstance.py:1376} INFO - 
--------------------------------------------------------------------------------
[2024-05-20 16:54:05,835] {taskinstance.py:1377} INFO - Starting attempt 2 of 2
[2024-05-20 16:54:05,835] {taskinstance.py:1378} INFO - 
--------------------------------------------------------------------------------
[2024-05-20 16:54:05,862] {taskinstance.py:1397} INFO - Executing <Task(BashOperator): task1> on 2024-05-19 00:00:00+00:00
[2024-05-20 16:54:05,875] {standard_task_runner.py:52} INFO - Started process 3361 to run task
[2024-05-20 16:54:05,885] {standard_task_runner.py:79} INFO - Running: ['***', 'tasks', 'run', '6.1-monitoring', 'task1', 'scheduled__2024-05-19T00:00:00+00:00', '--job-id', '244', '--raw', '--subdir', 'DAGS_FOLDER/6.1-monitoring.py', '--cfg-path', '/tmp/tmporcng2ka', '--error-file', '/tmp/tmpfn8o18tn']
[2024-05-20 16:54:05,889] {standard_task_runner.py:80} INFO - Job 244: Subtask task1
[2024-05-20 16:54:05,988] {task_command.py:371} INFO - Running <TaskInstance: 6.1-monitoring.task1 scheduled__2024-05-19T00:00:00+00:00 [running]> on host c832426e9d7b
[2024-05-20 16:54:06,103] {taskinstance.py:1591} INFO - Exporting the following env vars:
AIRFLOW_CTX_DAG_OWNER=***
AIRFLOW_CTX_DAG_ID=6.1-monitoring
AIRFLOW_CTX_TASK_ID=task1
AIRFLOW_CTX_EXECUTION_DATE=2024-05-19T00:00:00+00:00
AIRFLOW_CTX_TRY_NUMBER=2
AIRFLOW_CTX_DAG_RUN_ID=scheduled__2024-05-19T00:00:00+00:00
[2024-05-20 16:54:06,105] {subprocess.py:62} INFO - Tmp dir root location: 
 /tmp
[2024-05-20 16:54:06,106] {subprocess.py:74} INFO - Running command: ['bash', '-c', "sleep 2 && echo 'Task 1'"]
[2024-05-20 16:54:06,121] {subprocess.py:85} INFO - Output:
[2024-05-20 16:54:08,127] {subprocess.py:92} INFO - Task 1
[2024-05-20 16:54:08,129] {subprocess.py:96} INFO - Command exited with return code 0
[2024-05-20 16:54:08,199] {taskinstance.py:1420} INFO - Marking task as SUCCESS. dag_id=6.1-monitoring, task_id=task1, execution_date=20240519T000000, start_date=20240520T165405, end_date=20240520T165408
[2024-05-20 16:54:08,238] {local_task_job.py:156} INFO - Task exited with return code 0
[2024-05-20 16:54:08,300] {local_task_job.py:273} INFO - 1 downstream tasks scheduled from follow-on schedule check
