[2024-08-23 11:38:04,687] {taskinstance.py:1179} INFO - Dependencies all met for <TaskInstance: 7.3-Filesensor.waiting_for_file scheduled__2024-08-15T00:00:00+00:00 [queued]>
[2024-08-23 11:38:04,696] {taskinstance.py:1179} INFO - Dependencies all met for <TaskInstance: 7.3-Filesensor.waiting_for_file scheduled__2024-08-15T00:00:00+00:00 [queued]>
[2024-08-23 11:38:04,696] {taskinstance.py:1376} INFO - 
--------------------------------------------------------------------------------
[2024-08-23 11:38:04,696] {taskinstance.py:1377} INFO - Starting attempt 1 of 1
[2024-08-23 11:38:04,696] {taskinstance.py:1378} INFO - 
--------------------------------------------------------------------------------
[2024-08-23 11:38:04,707] {taskinstance.py:1397} INFO - Executing <Task(FileSensor): waiting_for_file> on 2024-08-15 00:00:00+00:00
[2024-08-23 11:38:04,711] {standard_task_runner.py:52} INFO - Started process 74 to run task
[2024-08-23 11:38:04,713] {standard_task_runner.py:79} INFO - Running: ['***', 'tasks', 'run', '7.3-Filesensor', 'waiting_for_file', 'scheduled__2024-08-15T00:00:00+00:00', '--job-id', '455', '--raw', '--subdir', 'DAGS_FOLDER/7.3-Filesensor.py', '--cfg-path', '/tmp/tmplu9fzd79', '--error-file', '/tmp/tmpxx6wh54d']
[2024-08-23 11:38:04,714] {standard_task_runner.py:80} INFO - Job 455: Subtask waiting_for_file
[2024-08-23 11:38:04,764] {task_command.py:371} INFO - Running <TaskInstance: 7.3-Filesensor.waiting_for_file scheduled__2024-08-15T00:00:00+00:00 [running]> on host edb2a5494af7
[2024-08-23 11:38:04,816] {taskinstance.py:1591} INFO - Exporting the following env vars:
AIRFLOW_CTX_DAG_OWNER=***
AIRFLOW_CTX_DAG_ID=7.3-Filesensor
AIRFLOW_CTX_TASK_ID=waiting_for_file
AIRFLOW_CTX_EXECUTION_DATE=2024-08-15T00:00:00+00:00
AIRFLOW_CTX_TRY_NUMBER=1
AIRFLOW_CTX_DAG_RUN_ID=scheduled__2024-08-15T00:00:00+00:00
[2024-08-23 11:38:04,822] {base.py:68} INFO - Using connection ID 'fs_default' for task execution.
[2024-08-23 11:38:04,822] {filesystem.py:58} INFO - Poking for file /tmp/file.txt
[2024-08-23 11:38:04,823] {filesystem.py:63} INFO - Found File /tmp/file.txt last modified: 20240823113804
[2024-08-23 11:38:04,823] {base.py:301} INFO - Success criteria met. Exiting.
[2024-08-23 11:38:04,832] {taskinstance.py:1420} INFO - Marking task as SUCCESS. dag_id=7.3-Filesensor, task_id=waiting_for_file, execution_date=20240815T000000, start_date=20240823T113804, end_date=20240823T113804
[2024-08-23 11:38:04,850] {local_task_job.py:156} INFO - Task exited with return code 0
[2024-08-23 11:38:04,882] {local_task_job.py:273} INFO - 1 downstream tasks scheduled from follow-on schedule check
