[2024-05-20 16:52:47,821] {taskinstance.py:1179} INFO - Dependencies all met for <TaskInstance: 6.1-monitoring.task4 scheduled__2024-05-19T00:00:00+00:00 [queued]>
[2024-05-20 16:52:47,829] {taskinstance.py:1179} INFO - Dependencies all met for <TaskInstance: 6.1-monitoring.task4 scheduled__2024-05-19T00:00:00+00:00 [queued]>
[2024-05-20 16:52:47,829] {taskinstance.py:1376} INFO - 
--------------------------------------------------------------------------------
[2024-05-20 16:52:47,829] {taskinstance.py:1377} INFO - Starting attempt 4 of 4
[2024-05-20 16:52:47,829] {taskinstance.py:1378} INFO - 
--------------------------------------------------------------------------------
[2024-05-20 16:52:47,838] {taskinstance.py:1397} INFO - Executing <Task(PythonOperator): task4> on 2024-05-19 00:00:00+00:00
[2024-05-20 16:52:47,841] {standard_task_runner.py:52} INFO - Started process 3069 to run task
[2024-05-20 16:52:47,843] {standard_task_runner.py:79} INFO - Running: ['***', 'tasks', 'run', '6.1-monitoring', 'task4', 'scheduled__2024-05-19T00:00:00+00:00', '--job-id', '165', '--raw', '--subdir', 'DAGS_FOLDER/6.1-monitoring.py', '--cfg-path', '/tmp/tmpmwwkltbg', '--error-file', '/tmp/tmpocjhvnm6']
[2024-05-20 16:52:47,845] {standard_task_runner.py:80} INFO - Job 165: Subtask task4
[2024-05-20 16:52:47,890] {task_command.py:371} INFO - Running <TaskInstance: 6.1-monitoring.task4 scheduled__2024-05-19T00:00:00+00:00 [running]> on host c832426e9d7b
[2024-05-20 16:52:47,935] {taskinstance.py:1591} INFO - Exporting the following env vars:
AIRFLOW_CTX_DAG_OWNER=***
AIRFLOW_CTX_DAG_ID=6.1-monitoring
AIRFLOW_CTX_TASK_ID=task4
AIRFLOW_CTX_EXECUTION_DATE=2024-05-19T00:00:00+00:00
AIRFLOW_CTX_TRY_NUMBER=4
AIRFLOW_CTX_DAG_RUN_ID=scheduled__2024-05-19T00:00:00+00:00
[2024-05-20 16:52:47,937] {taskinstance.py:1909} ERROR - Task failed with exception
Traceback (most recent call last):
  File "/home/airflow/.local/lib/python3.7/site-packages/airflow/operators/python.py", line 171, in execute
    return_value = self.execute_callable()
  File "/home/airflow/.local/lib/python3.7/site-packages/airflow/operators/python.py", line 189, in execute_callable
    return self.python_callable(*self.op_args, **self.op_kwargs)
  File "/opt/airflow/dags/6.1-monitoring.py", line 7, in func_with_error
    raise ValueError("This is an error")
ValueError: This is an error
[2024-05-20 16:52:47,943] {taskinstance.py:1420} INFO - Marking task as FAILED. dag_id=6.1-monitoring, task_id=task4, execution_date=20240519T000000, start_date=20240520T165247, end_date=20240520T165247
[2024-05-20 16:52:47,952] {standard_task_runner.py:97} ERROR - Failed to execute job 165 for task task4 (This is an error; 3069)
[2024-05-20 16:52:47,982] {local_task_job.py:156} INFO - Task exited with return code 1
[2024-05-20 16:52:48,010] {local_task_job.py:273} INFO - 0 downstream tasks scheduled from follow-on schedule check
[2024-05-20 16:53:59,481] {taskinstance.py:1179} INFO - Dependencies all met for <TaskInstance: 6.1-monitoring.task4 scheduled__2024-05-19T00:00:00+00:00 [queued]>
[2024-05-20 16:53:59,504] {taskinstance.py:1179} INFO - Dependencies all met for <TaskInstance: 6.1-monitoring.task4 scheduled__2024-05-19T00:00:00+00:00 [queued]>
[2024-05-20 16:53:59,506] {taskinstance.py:1376} INFO - 
--------------------------------------------------------------------------------
[2024-05-20 16:53:59,506] {taskinstance.py:1377} INFO - Starting attempt 4 of 4
[2024-05-20 16:53:59,507] {taskinstance.py:1378} INFO - 
--------------------------------------------------------------------------------
[2024-05-20 16:53:59,539] {taskinstance.py:1397} INFO - Executing <Task(PythonOperator): task4> on 2024-05-19 00:00:00+00:00
[2024-05-20 16:53:59,546] {standard_task_runner.py:52} INFO - Started process 3334 to run task
[2024-05-20 16:53:59,553] {standard_task_runner.py:79} INFO - Running: ['***', 'tasks', 'run', '6.1-monitoring', 'task4', 'scheduled__2024-05-19T00:00:00+00:00', '--job-id', '236', '--raw', '--subdir', 'DAGS_FOLDER/6.1-monitoring.py', '--cfg-path', '/tmp/tmpdh7dhzcf', '--error-file', '/tmp/tmpye8mjr1a']
[2024-05-20 16:53:59,556] {standard_task_runner.py:80} INFO - Job 236: Subtask task4
[2024-05-20 16:53:59,684] {task_command.py:371} INFO - Running <TaskInstance: 6.1-monitoring.task4 scheduled__2024-05-19T00:00:00+00:00 [running]> on host c832426e9d7b
[2024-05-20 16:53:59,777] {taskinstance.py:1591} INFO - Exporting the following env vars:
AIRFLOW_CTX_DAG_OWNER=***
AIRFLOW_CTX_DAG_ID=6.1-monitoring
AIRFLOW_CTX_TASK_ID=task4
AIRFLOW_CTX_EXECUTION_DATE=2024-05-19T00:00:00+00:00
AIRFLOW_CTX_TRY_NUMBER=4
AIRFLOW_CTX_DAG_RUN_ID=scheduled__2024-05-19T00:00:00+00:00
[2024-05-20 16:53:59,779] {taskinstance.py:1909} ERROR - Task failed with exception
Traceback (most recent call last):
  File "/home/airflow/.local/lib/python3.7/site-packages/airflow/operators/python.py", line 171, in execute
    return_value = self.execute_callable()
  File "/home/airflow/.local/lib/python3.7/site-packages/airflow/operators/python.py", line 189, in execute_callable
    return self.python_callable(*self.op_args, **self.op_kwargs)
  File "/opt/airflow/dags/6.1-monitoring.py", line 7, in func_with_error
    raise ValueError("This is an error")
ValueError: This is an error
[2024-05-20 16:53:59,796] {taskinstance.py:1420} INFO - Marking task as FAILED. dag_id=6.1-monitoring, task_id=task4, execution_date=20240519T000000, start_date=20240520T165359, end_date=20240520T165359
[2024-05-20 16:53:59,824] {standard_task_runner.py:97} ERROR - Failed to execute job 236 for task task4 (This is an error; 3334)
[2024-05-20 16:53:59,858] {local_task_job.py:156} INFO - Task exited with return code 1
[2024-05-20 16:53:59,926] {local_task_job.py:273} INFO - 0 downstream tasks scheduled from follow-on schedule check
