[2024-05-20 16:52:01,621] {taskinstance.py:1179} INFO - Dependencies all met for <TaskInstance: 6.1-monitoring.task4 scheduled__2024-05-19T00:00:00+00:00 [queued]>
[2024-05-20 16:52:01,628] {taskinstance.py:1179} INFO - Dependencies all met for <TaskInstance: 6.1-monitoring.task4 scheduled__2024-05-19T00:00:00+00:00 [queued]>
[2024-05-20 16:52:01,628] {taskinstance.py:1376} INFO - 
--------------------------------------------------------------------------------
[2024-05-20 16:52:01,628] {taskinstance.py:1377} INFO - Starting attempt 3 of 3
[2024-05-20 16:52:01,628] {taskinstance.py:1378} INFO - 
--------------------------------------------------------------------------------
[2024-05-20 16:52:01,636] {taskinstance.py:1397} INFO - Executing <Task(PythonOperator): task4> on 2024-05-19 00:00:00+00:00
[2024-05-20 16:52:01,639] {standard_task_runner.py:52} INFO - Started process 2992 to run task
[2024-05-20 16:52:01,641] {standard_task_runner.py:79} INFO - Running: ['***', 'tasks', 'run', '6.1-monitoring', 'task4', 'scheduled__2024-05-19T00:00:00+00:00', '--job-id', '154', '--raw', '--subdir', 'DAGS_FOLDER/6.1-monitoring.py', '--cfg-path', '/tmp/tmpyr973c_1', '--error-file', '/tmp/tmpb3a2zu10']
[2024-05-20 16:52:01,641] {standard_task_runner.py:80} INFO - Job 154: Subtask task4
[2024-05-20 16:52:01,679] {task_command.py:371} INFO - Running <TaskInstance: 6.1-monitoring.task4 scheduled__2024-05-19T00:00:00+00:00 [running]> on host c832426e9d7b
[2024-05-20 16:52:01,719] {taskinstance.py:1591} INFO - Exporting the following env vars:
AIRFLOW_CTX_DAG_OWNER=***
AIRFLOW_CTX_DAG_ID=6.1-monitoring
AIRFLOW_CTX_TASK_ID=task4
AIRFLOW_CTX_EXECUTION_DATE=2024-05-19T00:00:00+00:00
AIRFLOW_CTX_TRY_NUMBER=3
AIRFLOW_CTX_DAG_RUN_ID=scheduled__2024-05-19T00:00:00+00:00
[2024-05-20 16:52:01,720] {taskinstance.py:1909} ERROR - Task failed with exception
Traceback (most recent call last):
  File "/home/airflow/.local/lib/python3.7/site-packages/airflow/operators/python.py", line 171, in execute
    return_value = self.execute_callable()
  File "/home/airflow/.local/lib/python3.7/site-packages/airflow/operators/python.py", line 189, in execute_callable
    return self.python_callable(*self.op_args, **self.op_kwargs)
  File "/opt/airflow/dags/6.1-monitoring.py", line 7, in func_with_error
    raise ValueError("This is an error")
ValueError: This is an error
[2024-05-20 16:52:01,725] {taskinstance.py:1420} INFO - Marking task as FAILED. dag_id=6.1-monitoring, task_id=task4, execution_date=20240519T000000, start_date=20240520T165201, end_date=20240520T165201
[2024-05-20 16:52:01,732] {standard_task_runner.py:97} ERROR - Failed to execute job 154 for task task4 (This is an error; 2992)
[2024-05-20 16:52:01,738] {local_task_job.py:156} INFO - Task exited with return code 1
[2024-05-20 16:52:01,763] {local_task_job.py:273} INFO - 0 downstream tasks scheduled from follow-on schedule check
[2024-05-20 16:53:54,061] {taskinstance.py:1179} INFO - Dependencies all met for <TaskInstance: 6.1-monitoring.task4 scheduled__2024-05-19T00:00:00+00:00 [queued]>
[2024-05-20 16:53:54,096] {taskinstance.py:1179} INFO - Dependencies all met for <TaskInstance: 6.1-monitoring.task4 scheduled__2024-05-19T00:00:00+00:00 [queued]>
[2024-05-20 16:53:54,100] {taskinstance.py:1376} INFO - 
--------------------------------------------------------------------------------
[2024-05-20 16:53:54,100] {taskinstance.py:1377} INFO - Starting attempt 3 of 3
[2024-05-20 16:53:54,101] {taskinstance.py:1378} INFO - 
--------------------------------------------------------------------------------
[2024-05-20 16:53:54,130] {taskinstance.py:1397} INFO - Executing <Task(PythonOperator): task4> on 2024-05-19 00:00:00+00:00
[2024-05-20 16:53:54,137] {standard_task_runner.py:52} INFO - Started process 3315 to run task
[2024-05-20 16:53:54,143] {standard_task_runner.py:79} INFO - Running: ['***', 'tasks', 'run', '6.1-monitoring', 'task4', 'scheduled__2024-05-19T00:00:00+00:00', '--job-id', '225', '--raw', '--subdir', 'DAGS_FOLDER/6.1-monitoring.py', '--cfg-path', '/tmp/tmpx9gcudrw', '--error-file', '/tmp/tmpyiwctqgi']
[2024-05-20 16:53:54,145] {standard_task_runner.py:80} INFO - Job 225: Subtask task4
[2024-05-20 16:53:54,299] {task_command.py:371} INFO - Running <TaskInstance: 6.1-monitoring.task4 scheduled__2024-05-19T00:00:00+00:00 [running]> on host c832426e9d7b
[2024-05-20 16:53:54,417] {taskinstance.py:1591} INFO - Exporting the following env vars:
AIRFLOW_CTX_DAG_OWNER=***
AIRFLOW_CTX_DAG_ID=6.1-monitoring
AIRFLOW_CTX_TASK_ID=task4
AIRFLOW_CTX_EXECUTION_DATE=2024-05-19T00:00:00+00:00
AIRFLOW_CTX_TRY_NUMBER=3
AIRFLOW_CTX_DAG_RUN_ID=scheduled__2024-05-19T00:00:00+00:00
[2024-05-20 16:53:54,420] {taskinstance.py:1909} ERROR - Task failed with exception
Traceback (most recent call last):
  File "/home/airflow/.local/lib/python3.7/site-packages/airflow/operators/python.py", line 171, in execute
    return_value = self.execute_callable()
  File "/home/airflow/.local/lib/python3.7/site-packages/airflow/operators/python.py", line 189, in execute_callable
    return self.python_callable(*self.op_args, **self.op_kwargs)
  File "/opt/airflow/dags/6.1-monitoring.py", line 7, in func_with_error
    raise ValueError("This is an error")
ValueError: This is an error
[2024-05-20 16:53:54,429] {taskinstance.py:1420} INFO - Marking task as FAILED. dag_id=6.1-monitoring, task_id=task4, execution_date=20240519T000000, start_date=20240520T165354, end_date=20240520T165354
[2024-05-20 16:53:54,447] {standard_task_runner.py:97} ERROR - Failed to execute job 225 for task task4 (This is an error; 3315)
[2024-05-20 16:53:54,491] {local_task_job.py:156} INFO - Task exited with return code 1
[2024-05-20 16:53:54,541] {local_task_job.py:273} INFO - 0 downstream tasks scheduled from follow-on schedule check
