[2024-05-20 16:37:53,681] {taskinstance.py:1179} INFO - Dependencies all met for <TaskInstance: 6.1-monitoring.task4 scheduled__2024-05-19T00:00:00+00:00 [queued]>
[2024-05-20 16:37:53,688] {taskinstance.py:1179} INFO - Dependencies all met for <TaskInstance: 6.1-monitoring.task4 scheduled__2024-05-19T00:00:00+00:00 [queued]>
[2024-05-20 16:37:53,688] {taskinstance.py:1376} INFO - 
--------------------------------------------------------------------------------
[2024-05-20 16:37:53,688] {taskinstance.py:1377} INFO - Starting attempt 1 of 1
[2024-05-20 16:37:53,688] {taskinstance.py:1378} INFO - 
--------------------------------------------------------------------------------
[2024-05-20 16:37:53,698] {taskinstance.py:1397} INFO - Executing <Task(PythonOperator): task4> on 2024-05-19 00:00:00+00:00
[2024-05-20 16:37:53,701] {standard_task_runner.py:52} INFO - Started process 2275 to run task
[2024-05-20 16:37:53,703] {standard_task_runner.py:79} INFO - Running: ['***', 'tasks', 'run', '6.1-monitoring', 'task4', 'scheduled__2024-05-19T00:00:00+00:00', '--job-id', '148', '--raw', '--subdir', 'DAGS_FOLDER/6.1-monitoring.py', '--cfg-path', '/tmp/tmpaw0kcquc', '--error-file', '/tmp/tmpswcopyam']
[2024-05-20 16:37:53,703] {standard_task_runner.py:80} INFO - Job 148: Subtask task4
[2024-05-20 16:37:53,740] {task_command.py:371} INFO - Running <TaskInstance: 6.1-monitoring.task4 scheduled__2024-05-19T00:00:00+00:00 [running]> on host c832426e9d7b
[2024-05-20 16:37:53,782] {taskinstance.py:1591} INFO - Exporting the following env vars:
AIRFLOW_CTX_DAG_OWNER=***
AIRFLOW_CTX_DAG_ID=6.1-monitoring
AIRFLOW_CTX_TASK_ID=task4
AIRFLOW_CTX_EXECUTION_DATE=2024-05-19T00:00:00+00:00
AIRFLOW_CTX_TRY_NUMBER=1
AIRFLOW_CTX_DAG_RUN_ID=scheduled__2024-05-19T00:00:00+00:00
[2024-05-20 16:37:53,782] {taskinstance.py:1909} ERROR - Task failed with exception
Traceback (most recent call last):
  File "/home/airflow/.local/lib/python3.7/site-packages/airflow/operators/python.py", line 171, in execute
    return_value = self.execute_callable()
  File "/home/airflow/.local/lib/python3.7/site-packages/airflow/operators/python.py", line 189, in execute_callable
    return self.python_callable(*self.op_args, **self.op_kwargs)
  File "/opt/airflow/dags/6.1-monitoring.py", line 7, in func_with_error
    raise ValueError("An error occurred")
ValueError: An error occurred
[2024-05-20 16:37:53,789] {taskinstance.py:1420} INFO - Marking task as FAILED. dag_id=6.1-monitoring, task_id=task4, execution_date=20240519T000000, start_date=20240520T163753, end_date=20240520T163753
[2024-05-20 16:37:53,796] {standard_task_runner.py:97} ERROR - Failed to execute job 148 for task task4 (An error occurred; 2275)
[2024-05-20 16:37:53,840] {local_task_job.py:156} INFO - Task exited with return code 1
[2024-05-20 16:37:53,895] {local_task_job.py:273} INFO - 0 downstream tasks scheduled from follow-on schedule check
[2024-05-20 16:53:19,718] {taskinstance.py:1179} INFO - Dependencies all met for <TaskInstance: 6.1-monitoring.task4 scheduled__2024-05-19T00:00:00+00:00 [queued]>
[2024-05-20 16:53:19,757] {taskinstance.py:1179} INFO - Dependencies all met for <TaskInstance: 6.1-monitoring.task4 scheduled__2024-05-19T00:00:00+00:00 [queued]>
[2024-05-20 16:53:19,759] {taskinstance.py:1376} INFO - 
--------------------------------------------------------------------------------
[2024-05-20 16:53:19,759] {taskinstance.py:1377} INFO - Starting attempt 1 of 1
[2024-05-20 16:53:19,760] {taskinstance.py:1378} INFO - 
--------------------------------------------------------------------------------
[2024-05-20 16:53:19,807] {taskinstance.py:1397} INFO - Executing <Task(PythonOperator): task4> on 2024-05-19 00:00:00+00:00
[2024-05-20 16:53:19,820] {standard_task_runner.py:79} INFO - Running: ['***', 'tasks', 'run', '6.1-monitoring', 'task4', 'scheduled__2024-05-19T00:00:00+00:00', '--job-id', '207', '--raw', '--subdir', 'DAGS_FOLDER/6.1-monitoring.py', '--cfg-path', '/tmp/tmphlvuxghm', '--error-file', '/tmp/tmpsldoqy2n']
[2024-05-20 16:53:19,822] {standard_task_runner.py:80} INFO - Job 207: Subtask task4
[2024-05-20 16:53:19,815] {standard_task_runner.py:52} INFO - Started process 3251 to run task
[2024-05-20 16:53:19,911] {task_command.py:371} INFO - Running <TaskInstance: 6.1-monitoring.task4 scheduled__2024-05-19T00:00:00+00:00 [running]> on host c832426e9d7b
[2024-05-20 16:53:20,041] {taskinstance.py:1591} INFO - Exporting the following env vars:
AIRFLOW_CTX_DAG_OWNER=***
AIRFLOW_CTX_DAG_ID=6.1-monitoring
AIRFLOW_CTX_TASK_ID=task4
AIRFLOW_CTX_EXECUTION_DATE=2024-05-19T00:00:00+00:00
AIRFLOW_CTX_TRY_NUMBER=1
AIRFLOW_CTX_DAG_RUN_ID=scheduled__2024-05-19T00:00:00+00:00
[2024-05-20 16:53:20,044] {taskinstance.py:1909} ERROR - Task failed with exception
Traceback (most recent call last):
  File "/home/airflow/.local/lib/python3.7/site-packages/airflow/operators/python.py", line 171, in execute
    return_value = self.execute_callable()
  File "/home/airflow/.local/lib/python3.7/site-packages/airflow/operators/python.py", line 189, in execute_callable
    return self.python_callable(*self.op_args, **self.op_kwargs)
  File "/opt/airflow/dags/6.1-monitoring.py", line 7, in func_with_error
    raise ValueError("This is an error")
ValueError: This is an error
[2024-05-20 16:53:20,068] {taskinstance.py:1420} INFO - Marking task as FAILED. dag_id=6.1-monitoring, task_id=task4, execution_date=20240519T000000, start_date=20240520T165319, end_date=20240520T165320
[2024-05-20 16:53:20,078] {standard_task_runner.py:97} ERROR - Failed to execute job 207 for task task4 (This is an error; 3251)
[2024-05-20 16:53:20,097] {local_task_job.py:156} INFO - Task exited with return code 1
[2024-05-20 16:53:20,143] {local_task_job.py:273} INFO - 0 downstream tasks scheduled from follow-on schedule check
