[2024-09-30 17:43:19,190] {taskinstance.py:1179} INFO - Dependencies all met for <TaskInstance: 9-xcom.t1 manual__2024-09-30T17:43:08.944150+00:00 [queued]>
[2024-09-30 17:43:19,200] {taskinstance.py:1179} INFO - Dependencies all met for <TaskInstance: 9-xcom.t1 manual__2024-09-30T17:43:08.944150+00:00 [queued]>
[2024-09-30 17:43:19,200] {taskinstance.py:1376} INFO - 
--------------------------------------------------------------------------------
[2024-09-30 17:43:19,200] {taskinstance.py:1377} INFO - Starting attempt 1 of 1
[2024-09-30 17:43:19,200] {taskinstance.py:1378} INFO - 
--------------------------------------------------------------------------------
[2024-09-30 17:43:19,209] {taskinstance.py:1397} INFO - Executing <Task(BashOperator): t1> on 2024-09-30 17:43:08.944150+00:00
[2024-09-30 17:43:19,211] {standard_task_runner.py:52} INFO - Started process 5840 to run task
[2024-09-30 17:43:19,214] {standard_task_runner.py:79} INFO - Running: ['***', 'tasks', 'run', '9-xcom', 't1', 'manual__2024-09-30T17:43:08.944150+00:00', '--job-id', '482', '--raw', '--subdir', 'DAGS_FOLDER/9-xcom.py', '--cfg-path', '/tmp/tmpkwkoqokp', '--error-file', '/tmp/tmp4xjfwrxy']
[2024-09-30 17:43:19,214] {standard_task_runner.py:80} INFO - Job 482: Subtask t1
[2024-09-30 17:43:19,258] {task_command.py:371} INFO - Running <TaskInstance: 9-xcom.t1 manual__2024-09-30T17:43:08.944150+00:00 [running]> on host edb2a5494af7
[2024-09-30 17:43:19,303] {taskinstance.py:1591} INFO - Exporting the following env vars:
AIRFLOW_CTX_DAG_OWNER=***
AIRFLOW_CTX_DAG_ID=9-xcom
AIRFLOW_CTX_TASK_ID=t1
AIRFLOW_CTX_EXECUTION_DATE=2024-09-30T17:43:08.944150+00:00
AIRFLOW_CTX_TRY_NUMBER=1
AIRFLOW_CTX_DAG_RUN_ID=manual__2024-09-30T17:43:08.944150+00:00
[2024-09-30 17:43:19,303] {subprocess.py:62} INFO - Tmp dir root location: 
 /tmp
[2024-09-30 17:43:19,304] {subprocess.py:74} INFO - Running command: ['bash', '-c', 'sleep 5 && echo $((3*8))']
[2024-09-30 17:43:19,309] {subprocess.py:85} INFO - Output:
[2024-09-30 17:43:24,312] {subprocess.py:92} INFO - 24
[2024-09-30 17:43:24,313] {subprocess.py:96} INFO - Command exited with return code 0
[2024-09-30 17:43:24,337] {taskinstance.py:1420} INFO - Marking task as SUCCESS. dag_id=9-xcom, task_id=t1, execution_date=20240930T174308, start_date=20240930T174319, end_date=20240930T174324
[2024-09-30 17:43:24,353] {local_task_job.py:156} INFO - Task exited with return code 0
[2024-09-30 17:43:24,379] {local_task_job.py:273} INFO - 1 downstream tasks scheduled from follow-on schedule check
