[2024-05-23 22:51:23,153] {taskinstance.py:1179} INFO - Dependencies all met for <TaskInstance: 6.1-monitoring.task3 scheduled__2024-05-21T00:00:00+00:00 [queued]>
[2024-05-23 22:51:23,159] {taskinstance.py:1179} INFO - Dependencies all met for <TaskInstance: 6.1-monitoring.task3 scheduled__2024-05-21T00:00:00+00:00 [queued]>
[2024-05-23 22:51:23,160] {taskinstance.py:1376} INFO - 
--------------------------------------------------------------------------------
[2024-05-23 22:51:23,160] {taskinstance.py:1377} INFO - Starting attempt 1 of 1
[2024-05-23 22:51:23,160] {taskinstance.py:1378} INFO - 
--------------------------------------------------------------------------------
[2024-05-23 22:51:23,170] {taskinstance.py:1397} INFO - Executing <Task(BashOperator): task3> on 2024-05-21 00:00:00+00:00
[2024-05-23 22:51:23,172] {standard_task_runner.py:52} INFO - Started process 88 to run task
[2024-05-23 22:51:23,174] {standard_task_runner.py:79} INFO - Running: ['***', 'tasks', 'run', '6.1-monitoring', 'task3', 'scheduled__2024-05-21T00:00:00+00:00', '--job-id', '331', '--raw', '--subdir', 'DAGS_FOLDER/6.1-monitoring.py', '--cfg-path', '/tmp/tmpcgccl9a2', '--error-file', '/tmp/tmpt6pveido']
[2024-05-23 22:51:23,176] {standard_task_runner.py:80} INFO - Job 331: Subtask task3
[2024-05-23 22:51:23,220] {task_command.py:371} INFO - Running <TaskInstance: 6.1-monitoring.task3 scheduled__2024-05-21T00:00:00+00:00 [running]> on host c832426e9d7b
[2024-05-23 22:51:23,266] {taskinstance.py:1591} INFO - Exporting the following env vars:
AIRFLOW_CTX_DAG_OWNER=***
AIRFLOW_CTX_DAG_ID=6.1-monitoring
AIRFLOW_CTX_TASK_ID=task3
AIRFLOW_CTX_EXECUTION_DATE=2024-05-21T00:00:00+00:00
AIRFLOW_CTX_TRY_NUMBER=1
AIRFLOW_CTX_DAG_RUN_ID=scheduled__2024-05-21T00:00:00+00:00
[2024-05-23 22:51:23,266] {subprocess.py:62} INFO - Tmp dir root location: 
 /tmp
[2024-05-23 22:51:23,267] {subprocess.py:74} INFO - Running command: ['bash', '-c', "sleep 2 && echo 'Task 3'"]
[2024-05-23 22:51:23,272] {subprocess.py:85} INFO - Output:
[2024-05-23 22:51:25,274] {subprocess.py:92} INFO - Task 3
[2024-05-23 22:51:25,274] {subprocess.py:96} INFO - Command exited with return code 0
[2024-05-23 22:51:25,291] {taskinstance.py:1420} INFO - Marking task as SUCCESS. dag_id=6.1-monitoring, task_id=task3, execution_date=20240521T000000, start_date=20240523T225123, end_date=20240523T225125
[2024-05-23 22:51:25,322] {local_task_job.py:156} INFO - Task exited with return code 0
[2024-05-23 22:51:25,346] {local_task_job.py:273} INFO - 1 downstream tasks scheduled from follow-on schedule check
