[2024-05-20 16:54:23,867] {taskinstance.py:1179} INFO - Dependencies all met for <TaskInstance: 6.1-monitoring.task1 scheduled__2024-05-18T00:00:00+00:00 [queued]>
[2024-05-20 16:54:23,916] {taskinstance.py:1179} INFO - Dependencies all met for <TaskInstance: 6.1-monitoring.task1 scheduled__2024-05-18T00:00:00+00:00 [queued]>
[2024-05-20 16:54:23,922] {taskinstance.py:1376} INFO - 
--------------------------------------------------------------------------------
[2024-05-20 16:54:23,935] {taskinstance.py:1377} INFO - Starting attempt 3 of 3
[2024-05-20 16:54:23,936] {taskinstance.py:1378} INFO - 
--------------------------------------------------------------------------------
[2024-05-20 16:54:24,006] {taskinstance.py:1397} INFO - Executing <Task(BashOperator): task1> on 2024-05-18 00:00:00+00:00
[2024-05-20 16:54:24,016] {standard_task_runner.py:52} INFO - Started process 3519 to run task
[2024-05-20 16:54:24,027] {standard_task_runner.py:79} INFO - Running: ['***', 'tasks', 'run', '6.1-monitoring', 'task1', 'scheduled__2024-05-18T00:00:00+00:00', '--job-id', '288', '--raw', '--subdir', 'DAGS_FOLDER/6.1-monitoring.py', '--cfg-path', '/tmp/tmpbck92x03', '--error-file', '/tmp/tmpthp4kj0l']
[2024-05-20 16:54:24,028] {standard_task_runner.py:80} INFO - Job 288: Subtask task1
[2024-05-20 16:54:24,161] {task_command.py:371} INFO - Running <TaskInstance: 6.1-monitoring.task1 scheduled__2024-05-18T00:00:00+00:00 [running]> on host c832426e9d7b
[2024-05-20 16:54:24,272] {taskinstance.py:1591} INFO - Exporting the following env vars:
AIRFLOW_CTX_DAG_OWNER=***
AIRFLOW_CTX_DAG_ID=6.1-monitoring
AIRFLOW_CTX_TASK_ID=task1
AIRFLOW_CTX_EXECUTION_DATE=2024-05-18T00:00:00+00:00
AIRFLOW_CTX_TRY_NUMBER=3
AIRFLOW_CTX_DAG_RUN_ID=scheduled__2024-05-18T00:00:00+00:00
[2024-05-20 16:54:24,273] {subprocess.py:62} INFO - Tmp dir root location: 
 /tmp
[2024-05-20 16:54:24,275] {subprocess.py:74} INFO - Running command: ['bash', '-c', "sleep 2 && echo 'Task 1'"]
[2024-05-20 16:54:24,287] {subprocess.py:85} INFO - Output:
[2024-05-20 16:54:26,292] {subprocess.py:92} INFO - Task 1
[2024-05-20 16:54:26,293] {subprocess.py:96} INFO - Command exited with return code 0
[2024-05-20 16:54:26,361] {taskinstance.py:1420} INFO - Marking task as SUCCESS. dag_id=6.1-monitoring, task_id=task1, execution_date=20240518T000000, start_date=20240520T165423, end_date=20240520T165426
[2024-05-20 16:54:26,436] {local_task_job.py:156} INFO - Task exited with return code 0
[2024-05-20 16:54:26,549] {local_task_job.py:273} INFO - 1 downstream tasks scheduled from follow-on schedule check
