[2024-05-20 16:54:08,956] {taskinstance.py:1179} INFO - Dependencies all met for <TaskInstance: 6.1-monitoring.task2 scheduled__2024-05-16T00:00:00+00:00 [queued]>
[2024-05-20 16:54:08,971] {taskinstance.py:1179} INFO - Dependencies all met for <TaskInstance: 6.1-monitoring.task2 scheduled__2024-05-16T00:00:00+00:00 [queued]>
[2024-05-20 16:54:08,972] {taskinstance.py:1376} INFO - 
--------------------------------------------------------------------------------
[2024-05-20 16:54:08,973] {taskinstance.py:1377} INFO - Starting attempt 2 of 2
[2024-05-20 16:54:08,973] {taskinstance.py:1378} INFO - 
--------------------------------------------------------------------------------
[2024-05-20 16:54:08,983] {taskinstance.py:1397} INFO - Executing <Task(BashOperator): task2> on 2024-05-16 00:00:00+00:00
[2024-05-20 16:54:08,990] {standard_task_runner.py:52} INFO - Started process 3416 to run task
[2024-05-20 16:54:08,993] {standard_task_runner.py:79} INFO - Running: ['***', 'tasks', 'run', '6.1-monitoring', 'task2', 'scheduled__2024-05-16T00:00:00+00:00', '--job-id', '260', '--raw', '--subdir', 'DAGS_FOLDER/6.1-monitoring.py', '--cfg-path', '/tmp/tmpbjydems2', '--error-file', '/tmp/tmprp0grk3_']
[2024-05-20 16:54:08,995] {standard_task_runner.py:80} INFO - Job 260: Subtask task2
[2024-05-20 16:54:09,057] {task_command.py:371} INFO - Running <TaskInstance: 6.1-monitoring.task2 scheduled__2024-05-16T00:00:00+00:00 [running]> on host c832426e9d7b
[2024-05-20 16:54:09,112] {taskinstance.py:1591} INFO - Exporting the following env vars:
AIRFLOW_CTX_DAG_OWNER=***
AIRFLOW_CTX_DAG_ID=6.1-monitoring
AIRFLOW_CTX_TASK_ID=task2
AIRFLOW_CTX_EXECUTION_DATE=2024-05-16T00:00:00+00:00
AIRFLOW_CTX_TRY_NUMBER=2
AIRFLOW_CTX_DAG_RUN_ID=scheduled__2024-05-16T00:00:00+00:00
[2024-05-20 16:54:09,113] {subprocess.py:62} INFO - Tmp dir root location: 
 /tmp
[2024-05-20 16:54:09,114] {subprocess.py:74} INFO - Running command: ['bash', '-c', "sleep 2 && echo 'Task 2'"]
[2024-05-20 16:54:09,120] {subprocess.py:85} INFO - Output:
[2024-05-20 16:54:11,122] {subprocess.py:92} INFO - Task 2
[2024-05-20 16:54:11,123] {subprocess.py:96} INFO - Command exited with return code 0
[2024-05-20 16:54:11,143] {taskinstance.py:1420} INFO - Marking task as SUCCESS. dag_id=6.1-monitoring, task_id=task2, execution_date=20240516T000000, start_date=20240520T165408, end_date=20240520T165411
[2024-05-20 16:54:11,182] {local_task_job.py:156} INFO - Task exited with return code 0
[2024-05-20 16:54:11,224] {local_task_job.py:273} INFO - 1 downstream tasks scheduled from follow-on schedule check
