[2024-09-13 05:38:49,664] {processor.py:153} INFO - Started process (PID=44) to work on /opt/airflow/dags/4-customoperator.py
[2024-09-13 05:38:49,664] {processor.py:641} INFO - Processing file /opt/airflow/dags/4-customoperator.py for tasks to queue
[2024-09-13 05:38:49,664] {logging_mixin.py:115} INFO - [2024-09-13 05:38:49,664] {dagbag.py:508} INFO - Filling up the DagBag from /opt/airflow/dags/4-customoperator.py
[2024-09-13 05:38:49,669] {processor.py:651} INFO - DAG(s) dict_keys(['custom_operator']) retrieved from /opt/airflow/dags/4-customoperator.py
[2024-09-13 05:38:49,688] {logging_mixin.py:115} INFO - [2024-09-13 05:38:49,688] {dag.py:2420} INFO - Sync 1 DAGs
[2024-09-13 05:38:49,792] {logging_mixin.py:115} INFO - [2024-09-13 05:38:49,792] {dag.py:2972} INFO - Setting next_dagrun for custom_operator to None, run_after=None
[2024-09-13 05:38:49,802] {processor.py:161} INFO - Processing /opt/airflow/dags/4-customoperator.py took 0.141 seconds
[2024-09-13 16:35:45,680] {processor.py:153} INFO - Started process (PID=44) to work on /opt/airflow/dags/4-customoperator.py
[2024-09-13 16:35:45,681] {processor.py:641} INFO - Processing file /opt/airflow/dags/4-customoperator.py for tasks to queue
[2024-09-13 16:35:45,682] {logging_mixin.py:115} INFO - [2024-09-13 16:35:45,682] {dagbag.py:508} INFO - Filling up the DagBag from /opt/airflow/dags/4-customoperator.py
[2024-09-13 16:35:45,686] {processor.py:651} INFO - DAG(s) dict_keys(['custom_operator']) retrieved from /opt/airflow/dags/4-customoperator.py
[2024-09-13 16:35:45,705] {logging_mixin.py:115} INFO - [2024-09-13 16:35:45,705] {dag.py:2420} INFO - Sync 1 DAGs
[2024-09-13 16:35:45,839] {logging_mixin.py:115} INFO - [2024-09-13 16:35:45,839] {dag.py:2972} INFO - Setting next_dagrun for custom_operator to None, run_after=None
[2024-09-13 16:35:45,848] {processor.py:161} INFO - Processing /opt/airflow/dags/4-customoperator.py took 0.171 seconds
[2024-09-13 16:36:16,022] {processor.py:153} INFO - Started process (PID=83) to work on /opt/airflow/dags/4-customoperator.py
[2024-09-13 16:36:16,022] {processor.py:641} INFO - Processing file /opt/airflow/dags/4-customoperator.py for tasks to queue
[2024-09-13 16:36:16,023] {logging_mixin.py:115} INFO - [2024-09-13 16:36:16,023] {dagbag.py:508} INFO - Filling up the DagBag from /opt/airflow/dags/4-customoperator.py
[2024-09-13 16:36:16,026] {processor.py:651} INFO - DAG(s) dict_keys(['custom_operator']) retrieved from /opt/airflow/dags/4-customoperator.py
[2024-09-13 16:36:16,046] {logging_mixin.py:115} INFO - [2024-09-13 16:36:16,046] {dag.py:2420} INFO - Sync 1 DAGs
[2024-09-13 16:36:16,142] {logging_mixin.py:115} INFO - [2024-09-13 16:36:16,142] {dag.py:2972} INFO - Setting next_dagrun for custom_operator to None, run_after=None
[2024-09-13 16:36:16,152] {processor.py:161} INFO - Processing /opt/airflow/dags/4-customoperator.py took 0.132 seconds
