[2024-05-28 16:21:16,859] {taskinstance.py:1179} INFO - Dependencies all met for <TaskInstance: 6.1-monitoring.task3 scheduled__2024-05-26T00:00:00+00:00 [queued]>
[2024-05-28 16:21:16,867] {taskinstance.py:1179} INFO - Dependencies all met for <TaskInstance: 6.1-monitoring.task3 scheduled__2024-05-26T00:00:00+00:00 [queued]>
[2024-05-28 16:21:16,867] {taskinstance.py:1376} INFO - 
--------------------------------------------------------------------------------
[2024-05-28 16:21:16,868] {taskinstance.py:1377} INFO - Starting attempt 1 of 1
[2024-05-28 16:21:16,868] {taskinstance.py:1378} INFO - 
--------------------------------------------------------------------------------
[2024-05-28 16:21:16,881] {taskinstance.py:1397} INFO - Executing <Task(BashOperator): task3> on 2024-05-26 00:00:00+00:00
[2024-05-28 16:21:16,887] {standard_task_runner.py:52} INFO - Started process 109 to run task
[2024-05-28 16:21:16,891] {standard_task_runner.py:79} INFO - Running: ['***', 'tasks', 'run', '6.1-monitoring', 'task3', 'scheduled__2024-05-26T00:00:00+00:00', '--job-id', '352', '--raw', '--subdir', 'DAGS_FOLDER/6.1-monitoring.py', '--cfg-path', '/tmp/tmpivf21v0k', '--error-file', '/tmp/tmpxn9uhjef']
[2024-05-28 16:21:16,894] {standard_task_runner.py:80} INFO - Job 352: Subtask task3
[2024-05-28 16:21:16,948] {task_command.py:371} INFO - Running <TaskInstance: 6.1-monitoring.task3 scheduled__2024-05-26T00:00:00+00:00 [running]> on host c832426e9d7b
[2024-05-28 16:21:17,006] {taskinstance.py:1591} INFO - Exporting the following env vars:
AIRFLOW_CTX_DAG_OWNER=***
AIRFLOW_CTX_DAG_ID=6.1-monitoring
AIRFLOW_CTX_TASK_ID=task3
AIRFLOW_CTX_EXECUTION_DATE=2024-05-26T00:00:00+00:00
AIRFLOW_CTX_TRY_NUMBER=1
AIRFLOW_CTX_DAG_RUN_ID=scheduled__2024-05-26T00:00:00+00:00
[2024-05-28 16:21:17,008] {subprocess.py:62} INFO - Tmp dir root location: 
 /tmp
[2024-05-28 16:21:17,009] {subprocess.py:74} INFO - Running command: ['bash', '-c', "sleep 2 && echo 'Task 3'"]
[2024-05-28 16:21:17,015] {subprocess.py:85} INFO - Output:
[2024-05-28 16:21:19,017] {subprocess.py:92} INFO - Task 3
[2024-05-28 16:21:19,017] {subprocess.py:96} INFO - Command exited with return code 0
[2024-05-28 16:21:19,034] {taskinstance.py:1420} INFO - Marking task as SUCCESS. dag_id=6.1-monitoring, task_id=task3, execution_date=20240526T000000, start_date=20240528T162116, end_date=20240528T162119
[2024-05-28 16:21:19,083] {local_task_job.py:156} INFO - Task exited with return code 0
[2024-05-28 16:21:19,115] {local_task_job.py:273} INFO - 1 downstream tasks scheduled from follow-on schedule check
