[2024-05-20 16:54:27,183] {taskinstance.py:1179} INFO - Dependencies all met for <TaskInstance: 6.1-monitoring.task2 scheduled__2024-05-13T00:00:00+00:00 [queued]>
[2024-05-20 16:54:27,196] {taskinstance.py:1179} INFO - Dependencies all met for <TaskInstance: 6.1-monitoring.task2 scheduled__2024-05-13T00:00:00+00:00 [queued]>
[2024-05-20 16:54:27,196] {taskinstance.py:1376} INFO - 
--------------------------------------------------------------------------------
[2024-05-20 16:54:27,196] {taskinstance.py:1377} INFO - Starting attempt 3 of 3
[2024-05-20 16:54:27,196] {taskinstance.py:1378} INFO - 
--------------------------------------------------------------------------------
[2024-05-20 16:54:27,211] {taskinstance.py:1397} INFO - Executing <Task(BashOperator): task2> on 2024-05-13 00:00:00+00:00
[2024-05-20 16:54:27,217] {standard_task_runner.py:52} INFO - Started process 3574 to run task
[2024-05-20 16:54:27,220] {standard_task_runner.py:79} INFO - Running: ['***', 'tasks', 'run', '6.1-monitoring', 'task2', 'scheduled__2024-05-13T00:00:00+00:00', '--job-id', '300', '--raw', '--subdir', 'DAGS_FOLDER/6.1-monitoring.py', '--cfg-path', '/tmp/tmp9zhy4a_8', '--error-file', '/tmp/tmph31p8pg3']
[2024-05-20 16:54:27,222] {standard_task_runner.py:80} INFO - Job 300: Subtask task2
[2024-05-20 16:54:27,272] {task_command.py:371} INFO - Running <TaskInstance: 6.1-monitoring.task2 scheduled__2024-05-13T00:00:00+00:00 [running]> on host c832426e9d7b
[2024-05-20 16:54:27,333] {taskinstance.py:1591} INFO - Exporting the following env vars:
AIRFLOW_CTX_DAG_OWNER=***
AIRFLOW_CTX_DAG_ID=6.1-monitoring
AIRFLOW_CTX_TASK_ID=task2
AIRFLOW_CTX_EXECUTION_DATE=2024-05-13T00:00:00+00:00
AIRFLOW_CTX_TRY_NUMBER=3
AIRFLOW_CTX_DAG_RUN_ID=scheduled__2024-05-13T00:00:00+00:00
[2024-05-20 16:54:27,333] {subprocess.py:62} INFO - Tmp dir root location: 
 /tmp
[2024-05-20 16:54:27,334] {subprocess.py:74} INFO - Running command: ['bash', '-c', "sleep 2 && echo 'Task 2'"]
[2024-05-20 16:54:27,339] {subprocess.py:85} INFO - Output:
[2024-05-20 16:54:29,344] {subprocess.py:92} INFO - Task 2
[2024-05-20 16:54:29,346] {subprocess.py:96} INFO - Command exited with return code 0
[2024-05-20 16:54:29,387] {taskinstance.py:1420} INFO - Marking task as SUCCESS. dag_id=6.1-monitoring, task_id=task2, execution_date=20240513T000000, start_date=20240520T165427, end_date=20240520T165429
[2024-05-20 16:54:29,459] {local_task_job.py:156} INFO - Task exited with return code 0
[2024-05-20 16:54:29,556] {local_task_job.py:273} INFO - 1 downstream tasks scheduled from follow-on schedule check
