[2024-05-20 16:53:44,029] {taskinstance.py:1179} INFO - Dependencies all met for <TaskInstance: 6.1-monitoring.task4 scheduled__2024-05-14T00:00:00+00:00 [queued]>
[2024-05-20 16:53:44,049] {taskinstance.py:1179} INFO - Dependencies all met for <TaskInstance: 6.1-monitoring.task4 scheduled__2024-05-14T00:00:00+00:00 [queued]>
[2024-05-20 16:53:44,050] {taskinstance.py:1376} INFO - 
--------------------------------------------------------------------------------
[2024-05-20 16:53:44,050] {taskinstance.py:1377} INFO - Starting attempt 2 of 2
[2024-05-20 16:53:44,051] {taskinstance.py:1378} INFO - 
--------------------------------------------------------------------------------
[2024-05-20 16:53:44,092] {taskinstance.py:1397} INFO - Executing <Task(PythonOperator): task4> on 2024-05-14 00:00:00+00:00
[2024-05-20 16:53:44,103] {standard_task_runner.py:52} INFO - Started process 3283 to run task
[2024-05-20 16:53:44,106] {standard_task_runner.py:79} INFO - Running: ['***', 'tasks', 'run', '6.1-monitoring', 'task4', 'scheduled__2024-05-14T00:00:00+00:00', '--job-id', '217', '--raw', '--subdir', 'DAGS_FOLDER/6.1-monitoring.py', '--cfg-path', '/tmp/tmppfct099i', '--error-file', '/tmp/tmpktdp7znu']
[2024-05-20 16:53:44,108] {standard_task_runner.py:80} INFO - Job 217: Subtask task4
[2024-05-20 16:53:44,191] {task_command.py:371} INFO - Running <TaskInstance: 6.1-monitoring.task4 scheduled__2024-05-14T00:00:00+00:00 [running]> on host c832426e9d7b
[2024-05-20 16:53:44,294] {taskinstance.py:1591} INFO - Exporting the following env vars:
AIRFLOW_CTX_DAG_OWNER=***
AIRFLOW_CTX_DAG_ID=6.1-monitoring
AIRFLOW_CTX_TASK_ID=task4
AIRFLOW_CTX_EXECUTION_DATE=2024-05-14T00:00:00+00:00
AIRFLOW_CTX_TRY_NUMBER=2
AIRFLOW_CTX_DAG_RUN_ID=scheduled__2024-05-14T00:00:00+00:00
[2024-05-20 16:53:44,295] {taskinstance.py:1909} ERROR - Task failed with exception
Traceback (most recent call last):
  File "/home/airflow/.local/lib/python3.7/site-packages/airflow/operators/python.py", line 171, in execute
    return_value = self.execute_callable()
  File "/home/airflow/.local/lib/python3.7/site-packages/airflow/operators/python.py", line 189, in execute_callable
    return self.python_callable(*self.op_args, **self.op_kwargs)
  File "/opt/airflow/dags/6.1-monitoring.py", line 7, in func_with_error
    raise ValueError("This is an error")
ValueError: This is an error
[2024-05-20 16:53:44,308] {taskinstance.py:1420} INFO - Marking task as FAILED. dag_id=6.1-monitoring, task_id=task4, execution_date=20240514T000000, start_date=20240520T165344, end_date=20240520T165344
[2024-05-20 16:53:44,337] {standard_task_runner.py:97} ERROR - Failed to execute job 217 for task task4 (This is an error; 3283)
[2024-05-20 16:53:44,376] {local_task_job.py:156} INFO - Task exited with return code 1
[2024-05-20 16:53:44,442] {local_task_job.py:273} INFO - 0 downstream tasks scheduled from follow-on schedule check
