[2024-08-13 15:05:25,204] {taskinstance.py:1179} INFO - Dependencies all met for <TaskInstance: 7.3-Filesensor.creating_file scheduled__2024-08-12T00:00:00+00:00 [queued]>
[2024-08-13 15:05:25,217] {taskinstance.py:1179} INFO - Dependencies all met for <TaskInstance: 7.3-Filesensor.creating_file scheduled__2024-08-12T00:00:00+00:00 [queued]>
[2024-08-13 15:05:25,217] {taskinstance.py:1376} INFO - 
--------------------------------------------------------------------------------
[2024-08-13 15:05:25,218] {taskinstance.py:1377} INFO - Starting attempt 1 of 1
[2024-08-13 15:05:25,218] {taskinstance.py:1378} INFO - 
--------------------------------------------------------------------------------
[2024-08-13 15:05:25,233] {taskinstance.py:1397} INFO - Executing <Task(BashOperator): creating_file> on 2024-08-12 00:00:00+00:00
[2024-08-13 15:05:25,237] {standard_task_runner.py:52} INFO - Started process 64 to run task
[2024-08-13 15:05:25,241] {standard_task_runner.py:79} INFO - Running: ['***', 'tasks', 'run', '7.3-Filesensor', 'creating_file', 'scheduled__2024-08-12T00:00:00+00:00', '--job-id', '444', '--raw', '--subdir', 'DAGS_FOLDER/7.3-Filesensor.py', '--cfg-path', '/tmp/tmpv_by1nmz', '--error-file', '/tmp/tmpwnpz6qkj']
[2024-08-13 15:05:25,242] {standard_task_runner.py:80} INFO - Job 444: Subtask creating_file
[2024-08-13 15:05:25,335] {task_command.py:371} INFO - Running <TaskInstance: 7.3-Filesensor.creating_file scheduled__2024-08-12T00:00:00+00:00 [running]> on host edb2a5494af7
[2024-08-13 15:05:25,430] {taskinstance.py:1591} INFO - Exporting the following env vars:
AIRFLOW_CTX_DAG_OWNER=***
AIRFLOW_CTX_DAG_ID=7.3-Filesensor
AIRFLOW_CTX_TASK_ID=creating_file
AIRFLOW_CTX_EXECUTION_DATE=2024-08-12T00:00:00+00:00
AIRFLOW_CTX_TRY_NUMBER=1
AIRFLOW_CTX_DAG_RUN_ID=scheduled__2024-08-12T00:00:00+00:00
[2024-08-13 15:05:25,432] {subprocess.py:62} INFO - Tmp dir root location: 
 /tmp
[2024-08-13 15:05:25,435] {subprocess.py:74} INFO - Running command: ['bash', '-c', 'sleep 10 && touch /tmp/file.txt']
[2024-08-13 15:05:25,449] {subprocess.py:85} INFO - Output:
[2024-08-13 15:05:35,459] {subprocess.py:96} INFO - Command exited with return code 0
[2024-08-13 15:05:35,489] {taskinstance.py:1420} INFO - Marking task as SUCCESS. dag_id=7.3-Filesensor, task_id=creating_file, execution_date=20240812T000000, start_date=20240813T150525, end_date=20240813T150535
[2024-08-13 15:05:35,545] {local_task_job.py:156} INFO - Task exited with return code 0
[2024-08-13 15:05:35,589] {local_task_job.py:273} INFO - 0 downstream tasks scheduled from follow-on schedule check
