[2024-08-12 14:44:29,558] {taskinstance.py:1179} INFO - Dependencies all met for <TaskInstance: 7.2-ExternalTaskSensor.waiting_dag scheduled__2024-08-11T00:00:00+00:00 [queued]>
[2024-08-12 14:44:29,568] {taskinstance.py:1179} INFO - Dependencies all met for <TaskInstance: 7.2-ExternalTaskSensor.waiting_dag scheduled__2024-08-11T00:00:00+00:00 [queued]>
[2024-08-12 14:44:29,568] {taskinstance.py:1376} INFO - 
--------------------------------------------------------------------------------
[2024-08-12 14:44:29,568] {taskinstance.py:1377} INFO - Starting attempt 1 of 1
[2024-08-12 14:44:29,568] {taskinstance.py:1378} INFO - 
--------------------------------------------------------------------------------
[2024-08-12 14:44:29,579] {taskinstance.py:1397} INFO - Executing <Task(ExternalTaskSensor): waiting_dag> on 2024-08-11 00:00:00+00:00
[2024-08-12 14:44:29,582] {standard_task_runner.py:52} INFO - Started process 1337 to run task
[2024-08-12 14:44:29,584] {standard_task_runner.py:79} INFO - Running: ['***', 'tasks', 'run', '7.2-ExternalTaskSensor', 'waiting_dag', 'scheduled__2024-08-11T00:00:00+00:00', '--job-id', '426', '--raw', '--subdir', 'DAGS_FOLDER/7.2-ExternalTaskSensor.py', '--cfg-path', '/tmp/tmpfhj_u5qe', '--error-file', '/tmp/tmpe2hoaqo_']
[2024-08-12 14:44:29,584] {standard_task_runner.py:80} INFO - Job 426: Subtask waiting_dag
[2024-08-12 14:44:29,626] {task_command.py:371} INFO - Running <TaskInstance: 7.2-ExternalTaskSensor.waiting_dag scheduled__2024-08-11T00:00:00+00:00 [running]> on host edb2a5494af7
[2024-08-12 14:44:29,673] {taskinstance.py:1591} INFO - Exporting the following env vars:
AIRFLOW_CTX_DAG_OWNER=***
AIRFLOW_CTX_DAG_ID=7.2-ExternalTaskSensor
AIRFLOW_CTX_TASK_ID=waiting_dag
AIRFLOW_CTX_EXECUTION_DATE=2024-08-11T00:00:00+00:00
AIRFLOW_CTX_TRY_NUMBER=1
AIRFLOW_CTX_DAG_RUN_ID=scheduled__2024-08-11T00:00:00+00:00
[2024-08-12 14:44:29,674] {external_task.py:188} INFO - Poking for tasks ['task1'] in dag 7.1-ExternalTaskSensor on 2024-08-11T00:00:00+00:00 ... 
[2024-08-12 14:44:39,685] {external_task.py:188} INFO - Poking for tasks ['task1'] in dag 7.1-ExternalTaskSensor on 2024-08-11T00:00:00+00:00 ... 
[2024-08-12 14:44:49,698] {external_task.py:188} INFO - Poking for tasks ['task1'] in dag 7.1-ExternalTaskSensor on 2024-08-11T00:00:00+00:00 ... 
[2024-08-12 14:44:59,717] {external_task.py:188} INFO - Poking for tasks ['task1'] in dag 7.1-ExternalTaskSensor on 2024-08-11T00:00:00+00:00 ... 
[2024-08-12 14:45:09,737] {external_task.py:188} INFO - Poking for tasks ['task1'] in dag 7.1-ExternalTaskSensor on 2024-08-11T00:00:00+00:00 ... 
[2024-08-12 14:45:19,750] {external_task.py:188} INFO - Poking for tasks ['task1'] in dag 7.1-ExternalTaskSensor on 2024-08-11T00:00:00+00:00 ... 
[2024-08-12 14:45:29,769] {external_task.py:188} INFO - Poking for tasks ['task1'] in dag 7.1-ExternalTaskSensor on 2024-08-11T00:00:00+00:00 ... 
[2024-08-12 14:45:39,786] {external_task.py:188} INFO - Poking for tasks ['task1'] in dag 7.1-ExternalTaskSensor on 2024-08-11T00:00:00+00:00 ... 
[2024-08-12 14:45:49,795] {external_task.py:188} INFO - Poking for tasks ['task1'] in dag 7.1-ExternalTaskSensor on 2024-08-11T00:00:00+00:00 ... 
[2024-08-12 14:45:59,803] {external_task.py:188} INFO - Poking for tasks ['task1'] in dag 7.1-ExternalTaskSensor on 2024-08-11T00:00:00+00:00 ... 
[2024-08-12 14:46:09,820] {external_task.py:188} INFO - Poking for tasks ['task1'] in dag 7.1-ExternalTaskSensor on 2024-08-11T00:00:00+00:00 ... 
[2024-08-12 14:46:19,840] {external_task.py:188} INFO - Poking for tasks ['task1'] in dag 7.1-ExternalTaskSensor on 2024-08-11T00:00:00+00:00 ... 
[2024-08-12 14:46:29,859] {external_task.py:188} INFO - Poking for tasks ['task1'] in dag 7.1-ExternalTaskSensor on 2024-08-11T00:00:00+00:00 ... 
[2024-08-12 14:46:39,877] {external_task.py:188} INFO - Poking for tasks ['task1'] in dag 7.1-ExternalTaskSensor on 2024-08-11T00:00:00+00:00 ... 
[2024-08-12 14:46:49,884] {external_task.py:188} INFO - Poking for tasks ['task1'] in dag 7.1-ExternalTaskSensor on 2024-08-11T00:00:00+00:00 ... 
[2024-08-12 14:46:59,902] {external_task.py:188} INFO - Poking for tasks ['task1'] in dag 7.1-ExternalTaskSensor on 2024-08-11T00:00:00+00:00 ... 
[2024-08-12 14:47:09,919] {external_task.py:188} INFO - Poking for tasks ['task1'] in dag 7.1-ExternalTaskSensor on 2024-08-11T00:00:00+00:00 ... 
[2024-08-12 14:47:19,936] {external_task.py:188} INFO - Poking for tasks ['task1'] in dag 7.1-ExternalTaskSensor on 2024-08-11T00:00:00+00:00 ... 
[2024-08-12 14:47:29,947] {external_task.py:188} INFO - Poking for tasks ['task1'] in dag 7.1-ExternalTaskSensor on 2024-08-11T00:00:00+00:00 ... 
[2024-08-12 14:47:39,964] {external_task.py:188} INFO - Poking for tasks ['task1'] in dag 7.1-ExternalTaskSensor on 2024-08-11T00:00:00+00:00 ... 
[2024-08-12 14:47:39,971] {base.py:301} INFO - Success criteria met. Exiting.
[2024-08-12 14:47:39,980] {taskinstance.py:1420} INFO - Marking task as SUCCESS. dag_id=7.2-ExternalTaskSensor, task_id=waiting_dag, execution_date=20240811T000000, start_date=20240812T144429, end_date=20240812T144739
[2024-08-12 14:47:40,029] {local_task_job.py:156} INFO - Task exited with return code 0
[2024-08-12 14:47:40,057] {local_task_job.py:273} INFO - 1 downstream tasks scheduled from follow-on schedule check
