[2024-08-12 14:47:20,999] {taskinstance.py:1179} INFO - Dependencies all met for <TaskInstance: 7.1-ExternalTaskSensor.task1 scheduled__2024-08-10T00:00:00+00:00 [queued]>
[2024-08-12 14:47:21,011] {taskinstance.py:1179} INFO - Dependencies all met for <TaskInstance: 7.1-ExternalTaskSensor.task1 scheduled__2024-08-10T00:00:00+00:00 [queued]>
[2024-08-12 14:47:21,011] {taskinstance.py:1376} INFO - 
--------------------------------------------------------------------------------
[2024-08-12 14:47:21,011] {taskinstance.py:1377} INFO - Starting attempt 1 of 1
[2024-08-12 14:47:21,011] {taskinstance.py:1378} INFO - 
--------------------------------------------------------------------------------
[2024-08-12 14:47:21,023] {taskinstance.py:1397} INFO - Executing <Task(BashOperator): task1> on 2024-08-10 00:00:00+00:00
[2024-08-12 14:47:21,026] {standard_task_runner.py:52} INFO - Started process 1484 to run task
[2024-08-12 14:47:21,029] {standard_task_runner.py:79} INFO - Running: ['***', 'tasks', 'run', '7.1-ExternalTaskSensor', 'task1', 'scheduled__2024-08-10T00:00:00+00:00', '--job-id', '427', '--raw', '--subdir', 'DAGS_FOLDER/7.1-ExternalTaskSensor.py', '--cfg-path', '/tmp/tmptocb2me3', '--error-file', '/tmp/tmppscy72fj']
[2024-08-12 14:47:21,030] {standard_task_runner.py:80} INFO - Job 427: Subtask task1
[2024-08-12 14:47:21,093] {task_command.py:371} INFO - Running <TaskInstance: 7.1-ExternalTaskSensor.task1 scheduled__2024-08-10T00:00:00+00:00 [running]> on host edb2a5494af7
[2024-08-12 14:47:21,190] {taskinstance.py:1591} INFO - Exporting the following env vars:
AIRFLOW_CTX_DAG_OWNER=***
AIRFLOW_CTX_DAG_ID=7.1-ExternalTaskSensor
AIRFLOW_CTX_TASK_ID=task1
AIRFLOW_CTX_EXECUTION_DATE=2024-08-10T00:00:00+00:00
AIRFLOW_CTX_TRY_NUMBER=1
AIRFLOW_CTX_DAG_RUN_ID=scheduled__2024-08-10T00:00:00+00:00
[2024-08-12 14:47:21,194] {subprocess.py:62} INFO - Tmp dir root location: 
 /tmp
[2024-08-12 14:47:21,194] {subprocess.py:74} INFO - Running command: ['bash', '-c', "sleep 10 && echo 'Task 1 Finished'"]
[2024-08-12 14:47:21,202] {subprocess.py:85} INFO - Output:
[2024-08-12 14:47:31,209] {subprocess.py:92} INFO - Task 1 Finished
[2024-08-12 14:47:31,209] {subprocess.py:96} INFO - Command exited with return code 0
[2024-08-12 14:47:31,233] {taskinstance.py:1420} INFO - Marking task as SUCCESS. dag_id=7.1-ExternalTaskSensor, task_id=task1, execution_date=20240810T000000, start_date=20240812T144721, end_date=20240812T144731
[2024-08-12 14:47:31,282] {local_task_job.py:156} INFO - Task exited with return code 0
[2024-08-12 14:47:31,301] {local_task_job.py:273} INFO - 0 downstream tasks scheduled from follow-on schedule check
