[2024-05-23 22:51:19,905] {taskinstance.py:1179} INFO - Dependencies all met for <TaskInstance: 6.1-monitoring.task2 scheduled__2024-05-22T00:00:00+00:00 [queued]>
[2024-05-23 22:51:19,913] {taskinstance.py:1179} INFO - Dependencies all met for <TaskInstance: 6.1-monitoring.task2 scheduled__2024-05-22T00:00:00+00:00 [queued]>
[2024-05-23 22:51:19,913] {taskinstance.py:1376} INFO - 
--------------------------------------------------------------------------------
[2024-05-23 22:51:19,913] {taskinstance.py:1377} INFO - Starting attempt 1 of 1
[2024-05-23 22:51:19,913] {taskinstance.py:1378} INFO - 
--------------------------------------------------------------------------------
[2024-05-23 22:51:19,922] {taskinstance.py:1397} INFO - Executing <Task(BashOperator): task2> on 2024-05-22 00:00:00+00:00
[2024-05-23 22:51:19,926] {standard_task_runner.py:52} INFO - Started process 77 to run task
[2024-05-23 22:51:19,928] {standard_task_runner.py:79} INFO - Running: ['***', 'tasks', 'run', '6.1-monitoring', 'task2', 'scheduled__2024-05-22T00:00:00+00:00', '--job-id', '328', '--raw', '--subdir', 'DAGS_FOLDER/6.1-monitoring.py', '--cfg-path', '/tmp/tmpwj4lj8po', '--error-file', '/tmp/tmpib88x2sr']
[2024-05-23 22:51:19,928] {standard_task_runner.py:80} INFO - Job 328: Subtask task2
[2024-05-23 22:51:19,972] {task_command.py:371} INFO - Running <TaskInstance: 6.1-monitoring.task2 scheduled__2024-05-22T00:00:00+00:00 [running]> on host c832426e9d7b
[2024-05-23 22:51:20,018] {taskinstance.py:1591} INFO - Exporting the following env vars:
AIRFLOW_CTX_DAG_OWNER=***
AIRFLOW_CTX_DAG_ID=6.1-monitoring
AIRFLOW_CTX_TASK_ID=task2
AIRFLOW_CTX_EXECUTION_DATE=2024-05-22T00:00:00+00:00
AIRFLOW_CTX_TRY_NUMBER=1
AIRFLOW_CTX_DAG_RUN_ID=scheduled__2024-05-22T00:00:00+00:00
[2024-05-23 22:51:20,019] {subprocess.py:62} INFO - Tmp dir root location: 
 /tmp
[2024-05-23 22:51:20,020] {subprocess.py:74} INFO - Running command: ['bash', '-c', "sleep 2 && echo 'Task 2'"]
[2024-05-23 22:51:20,026] {subprocess.py:85} INFO - Output:
[2024-05-23 22:51:22,029] {subprocess.py:92} INFO - Task 2
[2024-05-23 22:51:22,029] {subprocess.py:96} INFO - Command exited with return code 0
[2024-05-23 22:51:22,049] {taskinstance.py:1420} INFO - Marking task as SUCCESS. dag_id=6.1-monitoring, task_id=task2, execution_date=20240522T000000, start_date=20240523T225119, end_date=20240523T225122
[2024-05-23 22:51:22,074] {local_task_job.py:156} INFO - Task exited with return code 0
[2024-05-23 22:51:22,098] {local_task_job.py:273} INFO - 1 downstream tasks scheduled from follow-on schedule check
