[2024-09-30 17:10:01,550] {taskinstance.py:1179} INFO - Dependencies all met for <TaskInstance: 8.templating.t1 manual__2024-09-30T17:10:00.869793+00:00 [queued]>
[2024-09-30 17:10:01,558] {taskinstance.py:1179} INFO - Dependencies all met for <TaskInstance: 8.templating.t1 manual__2024-09-30T17:10:00.869793+00:00 [queued]>
[2024-09-30 17:10:01,558] {taskinstance.py:1376} INFO - 
--------------------------------------------------------------------------------
[2024-09-30 17:10:01,558] {taskinstance.py:1377} INFO - Starting attempt 1 of 1
[2024-09-30 17:10:01,558] {taskinstance.py:1378} INFO - 
--------------------------------------------------------------------------------
[2024-09-30 17:10:01,568] {taskinstance.py:1397} INFO - Executing <Task(BashOperator): t1> on 2024-09-30 17:10:00.869793+00:00
[2024-09-30 17:10:01,571] {standard_task_runner.py:52} INFO - Started process 4186 to run task
[2024-09-30 17:10:01,574] {standard_task_runner.py:79} INFO - Running: ['***', 'tasks', 'run', '8.templating', 't1', 'manual__2024-09-30T17:10:00.869793+00:00', '--job-id', '478', '--raw', '--subdir', 'DAGS_FOLDER/08-templating.py', '--cfg-path', '/tmp/tmprr9ge7mi', '--error-file', '/tmp/tmp133jlouz']
[2024-09-30 17:10:01,574] {standard_task_runner.py:80} INFO - Job 478: Subtask t1
[2024-09-30 17:10:01,619] {task_command.py:371} INFO - Running <TaskInstance: 8.templating.t1 manual__2024-09-30T17:10:00.869793+00:00 [running]> on host edb2a5494af7
[2024-09-30 17:10:01,644] {taskinstance.py:1909} ERROR - Task failed with exception
Traceback (most recent call last):
  File "/home/airflow/.local/lib/python3.7/site-packages/airflow/models/taskinstance.py", line 1471, in _run_raw_task
    self._execute_task_with_callbacks(context, test_mode)
  File "/home/airflow/.local/lib/python3.7/site-packages/airflow/models/taskinstance.py", line 1575, in _execute_task_with_callbacks
    task_orig = self.render_templates(context=context)
  File "/home/airflow/.local/lib/python3.7/site-packages/airflow/models/taskinstance.py", line 2232, in render_templates
    rendered_task = self.task.render_template_fields(context)
  File "/home/airflow/.local/lib/python3.7/site-packages/airflow/models/baseoperator.py", line 1188, in render_template_fields
    self._do_render_template_fields(self, self.template_fields, context, jinja_env, set())
  File "/home/airflow/.local/lib/python3.7/site-packages/airflow/utils/session.py", line 71, in wrapper
    return func(*args, session=session, **kwargs)
  File "/home/airflow/.local/lib/python3.7/site-packages/airflow/models/abstractoperator.py", line 347, in _do_render_template_fields
    seen_oids,
  File "/home/airflow/.local/lib/python3.7/site-packages/airflow/models/abstractoperator.py", line 390, in render_template
    return render_template_to_string(template, context)
  File "/home/airflow/.local/lib/python3.7/site-packages/airflow/utils/helpers.py", line 296, in render_template_to_string
    return render_template(template, context, native=False)
  File "/home/airflow/.local/lib/python3.7/site-packages/airflow/utils/helpers.py", line 291, in render_template
    return "".join(nodes)
  File "<template>", line 13, in root
  File "/home/airflow/.local/lib/python3.7/site-packages/jinja2/runtime.py", line 852, in _fail_with_undefined_error
    raise self._undefined_exception(self._undefined_message)
jinja2.exceptions.UndefinedError: 'filenames' is undefined
[2024-09-30 17:10:01,660] {taskinstance.py:1420} INFO - Marking task as FAILED. dag_id=8.templating, task_id=t1, execution_date=20240930T171000, start_date=20240930T171001, end_date=20240930T171001
[2024-09-30 17:10:01,670] {standard_task_runner.py:97} ERROR - Failed to execute job 478 for task t1 ('filenames' is undefined; 4186)
[2024-09-30 17:10:01,711] {local_task_job.py:156} INFO - Task exited with return code 1
[2024-09-30 17:10:01,732] {local_task_job.py:273} INFO - 0 downstream tasks scheduled from follow-on schedule check
