[2024-09-30 17:11:04,560] {taskinstance.py:1179} INFO - Dependencies all met for <TaskInstance: 8.templating.t1 manual__2024-09-30T17:10:00.869793+00:00 [queued]>
[2024-09-30 17:11:04,568] {taskinstance.py:1179} INFO - Dependencies all met for <TaskInstance: 8.templating.t1 manual__2024-09-30T17:10:00.869793+00:00 [queued]>
[2024-09-30 17:11:04,569] {taskinstance.py:1376} INFO - 
--------------------------------------------------------------------------------
[2024-09-30 17:11:04,569] {taskinstance.py:1377} INFO - Starting attempt 2 of 2
[2024-09-30 17:11:04,569] {taskinstance.py:1378} INFO - 
--------------------------------------------------------------------------------
[2024-09-30 17:11:04,578] {taskinstance.py:1397} INFO - Executing <Task(BashOperator): t1> on 2024-09-30 17:10:00.869793+00:00
[2024-09-30 17:11:04,581] {standard_task_runner.py:52} INFO - Started process 4234 to run task
[2024-09-30 17:11:04,583] {standard_task_runner.py:79} INFO - Running: ['***', 'tasks', 'run', '8.templating', 't1', 'manual__2024-09-30T17:10:00.869793+00:00', '--job-id', '479', '--raw', '--subdir', 'DAGS_FOLDER/08-templating.py', '--cfg-path', '/tmp/tmpmckn33bu', '--error-file', '/tmp/tmpammck8ic']
[2024-09-30 17:11:04,584] {standard_task_runner.py:80} INFO - Job 479: Subtask t1
[2024-09-30 17:11:04,627] {task_command.py:371} INFO - Running <TaskInstance: 8.templating.t1 manual__2024-09-30T17:10:00.869793+00:00 [running]> on host edb2a5494af7
[2024-09-30 17:11:04,675] {taskinstance.py:1591} INFO - Exporting the following env vars:
AIRFLOW_CTX_DAG_OWNER=***
AIRFLOW_CTX_DAG_ID=8.templating
AIRFLOW_CTX_TASK_ID=t1
AIRFLOW_CTX_EXECUTION_DATE=2024-09-30T17:10:00.869793+00:00
AIRFLOW_CTX_TRY_NUMBER=2
AIRFLOW_CTX_DAG_RUN_ID=manual__2024-09-30T17:10:00.869793+00:00
[2024-09-30 17:11:04,676] {subprocess.py:62} INFO - Tmp dir root location: 
 /tmp
[2024-09-30 17:11:04,676] {subprocess.py:74} INFO - Running command: ['bash', '-c', '\n\n    echo "2024-09-30"\n    echo "/tmp/file1.txt"\n\n    echo "2024-09-30"\n    echo "/tmp/file2.txt"\n']
[2024-09-30 17:11:04,684] {subprocess.py:85} INFO - Output:
[2024-09-30 17:11:04,686] {subprocess.py:92} INFO - 2024-09-30
[2024-09-30 17:11:04,686] {subprocess.py:92} INFO - /tmp/file1.txt
[2024-09-30 17:11:04,686] {subprocess.py:92} INFO - 2024-09-30
[2024-09-30 17:11:04,686] {subprocess.py:92} INFO - /tmp/file2.txt
[2024-09-30 17:11:04,686] {subprocess.py:96} INFO - Command exited with return code 0
[2024-09-30 17:11:04,709] {taskinstance.py:1420} INFO - Marking task as SUCCESS. dag_id=8.templating, task_id=t1, execution_date=20240930T171000, start_date=20240930T171104, end_date=20240930T171104
[2024-09-30 17:11:04,721] {local_task_job.py:156} INFO - Task exited with return code 0
[2024-09-30 17:11:04,741] {local_task_job.py:273} INFO - 0 downstream tasks scheduled from follow-on schedule check
