[2024-05-20 16:52:44,928] {taskinstance.py:1179} INFO - Dependencies all met for <TaskInstance: 6.1-monitoring.task3 scheduled__2024-05-19T00:00:00+00:00 [queued]>
[2024-05-20 16:52:44,936] {taskinstance.py:1179} INFO - Dependencies all met for <TaskInstance: 6.1-monitoring.task3 scheduled__2024-05-19T00:00:00+00:00 [queued]>
[2024-05-20 16:52:44,936] {taskinstance.py:1376} INFO - 
--------------------------------------------------------------------------------
[2024-05-20 16:52:44,936] {taskinstance.py:1377} INFO - Starting attempt 3 of 3
[2024-05-20 16:52:44,936] {taskinstance.py:1378} INFO - 
--------------------------------------------------------------------------------
[2024-05-20 16:52:44,945] {taskinstance.py:1397} INFO - Executing <Task(BashOperator): task3> on 2024-05-19 00:00:00+00:00
[2024-05-20 16:52:44,947] {standard_task_runner.py:52} INFO - Started process 3062 to run task
[2024-05-20 16:52:44,950] {standard_task_runner.py:79} INFO - Running: ['***', 'tasks', 'run', '6.1-monitoring', 'task3', 'scheduled__2024-05-19T00:00:00+00:00', '--job-id', '164', '--raw', '--subdir', 'DAGS_FOLDER/6.1-monitoring.py', '--cfg-path', '/tmp/tmpsg955slr', '--error-file', '/tmp/tmpl7e7jkkz']
[2024-05-20 16:52:44,952] {standard_task_runner.py:80} INFO - Job 164: Subtask task3
[2024-05-20 16:52:44,992] {task_command.py:371} INFO - Running <TaskInstance: 6.1-monitoring.task3 scheduled__2024-05-19T00:00:00+00:00 [running]> on host c832426e9d7b
[2024-05-20 16:52:45,037] {taskinstance.py:1591} INFO - Exporting the following env vars:
AIRFLOW_CTX_DAG_OWNER=***
AIRFLOW_CTX_DAG_ID=6.1-monitoring
AIRFLOW_CTX_TASK_ID=task3
AIRFLOW_CTX_EXECUTION_DATE=2024-05-19T00:00:00+00:00
AIRFLOW_CTX_TRY_NUMBER=3
AIRFLOW_CTX_DAG_RUN_ID=scheduled__2024-05-19T00:00:00+00:00
[2024-05-20 16:52:45,039] {subprocess.py:62} INFO - Tmp dir root location: 
 /tmp
[2024-05-20 16:52:45,039] {subprocess.py:74} INFO - Running command: ['bash', '-c', "sleep 2 && echo 'Task 3'"]
[2024-05-20 16:52:45,048] {subprocess.py:85} INFO - Output:
[2024-05-20 16:52:47,051] {subprocess.py:92} INFO - Task 3
[2024-05-20 16:52:47,051] {subprocess.py:96} INFO - Command exited with return code 0
[2024-05-20 16:52:47,073] {taskinstance.py:1420} INFO - Marking task as SUCCESS. dag_id=6.1-monitoring, task_id=task3, execution_date=20240519T000000, start_date=20240520T165244, end_date=20240520T165247
[2024-05-20 16:52:47,098] {local_task_job.py:156} INFO - Task exited with return code 0
[2024-05-20 16:52:47,124] {local_task_job.py:273} INFO - 1 downstream tasks scheduled from follow-on schedule check
[2024-05-20 16:54:29,708] {taskinstance.py:1179} INFO - Dependencies all met for <TaskInstance: 6.1-monitoring.task3 scheduled__2024-05-19T00:00:00+00:00 [queued]>
[2024-05-20 16:54:29,753] {taskinstance.py:1179} INFO - Dependencies all met for <TaskInstance: 6.1-monitoring.task3 scheduled__2024-05-19T00:00:00+00:00 [queued]>
[2024-05-20 16:54:29,753] {taskinstance.py:1376} INFO - 
--------------------------------------------------------------------------------
[2024-05-20 16:54:29,754] {taskinstance.py:1377} INFO - Starting attempt 3 of 3
[2024-05-20 16:54:29,755] {taskinstance.py:1378} INFO - 
--------------------------------------------------------------------------------
[2024-05-20 16:54:29,792] {taskinstance.py:1397} INFO - Executing <Task(BashOperator): task3> on 2024-05-19 00:00:00+00:00
[2024-05-20 16:54:29,801] {standard_task_runner.py:52} INFO - Started process 3600 to run task
[2024-05-20 16:54:29,813] {standard_task_runner.py:79} INFO - Running: ['***', 'tasks', 'run', '6.1-monitoring', 'task3', 'scheduled__2024-05-19T00:00:00+00:00', '--job-id', '306', '--raw', '--subdir', 'DAGS_FOLDER/6.1-monitoring.py', '--cfg-path', '/tmp/tmp2h83sa87', '--error-file', '/tmp/tmpp87mjmhe']
[2024-05-20 16:54:29,816] {standard_task_runner.py:80} INFO - Job 306: Subtask task3
[2024-05-20 16:54:29,954] {task_command.py:371} INFO - Running <TaskInstance: 6.1-monitoring.task3 scheduled__2024-05-19T00:00:00+00:00 [running]> on host c832426e9d7b
[2024-05-20 16:54:30,108] {taskinstance.py:1591} INFO - Exporting the following env vars:
AIRFLOW_CTX_DAG_OWNER=***
AIRFLOW_CTX_DAG_ID=6.1-monitoring
AIRFLOW_CTX_TASK_ID=task3
AIRFLOW_CTX_EXECUTION_DATE=2024-05-19T00:00:00+00:00
AIRFLOW_CTX_TRY_NUMBER=3
AIRFLOW_CTX_DAG_RUN_ID=scheduled__2024-05-19T00:00:00+00:00
[2024-05-20 16:54:30,112] {subprocess.py:62} INFO - Tmp dir root location: 
 /tmp
[2024-05-20 16:54:30,112] {subprocess.py:74} INFO - Running command: ['bash', '-c', "sleep 2 && echo 'Task 3'"]
[2024-05-20 16:54:30,128] {subprocess.py:85} INFO - Output:
[2024-05-20 16:54:32,132] {subprocess.py:92} INFO - Task 3
[2024-05-20 16:54:32,133] {subprocess.py:96} INFO - Command exited with return code 0
[2024-05-20 16:54:32,161] {taskinstance.py:1420} INFO - Marking task as SUCCESS. dag_id=6.1-monitoring, task_id=task3, execution_date=20240519T000000, start_date=20240520T165429, end_date=20240520T165432
[2024-05-20 16:54:32,210] {local_task_job.py:156} INFO - Task exited with return code 0
[2024-05-20 16:54:32,240] {local_task_job.py:273} INFO - 1 downstream tasks scheduled from follow-on schedule check
