[2024-05-20 16:37:50,708] {taskinstance.py:1179} INFO - Dependencies all met for <TaskInstance: 6.1-monitoring.task3 scheduled__2024-05-19T00:00:00+00:00 [queued]>
[2024-05-20 16:37:50,715] {taskinstance.py:1179} INFO - Dependencies all met for <TaskInstance: 6.1-monitoring.task3 scheduled__2024-05-19T00:00:00+00:00 [queued]>
[2024-05-20 16:37:50,715] {taskinstance.py:1376} INFO - 
--------------------------------------------------------------------------------
[2024-05-20 16:37:50,715] {taskinstance.py:1377} INFO - Starting attempt 1 of 1
[2024-05-20 16:37:50,715] {taskinstance.py:1378} INFO - 
--------------------------------------------------------------------------------
[2024-05-20 16:37:50,724] {taskinstance.py:1397} INFO - Executing <Task(BashOperator): task3> on 2024-05-19 00:00:00+00:00
[2024-05-20 16:37:50,727] {standard_task_runner.py:52} INFO - Started process 2262 to run task
[2024-05-20 16:37:50,729] {standard_task_runner.py:79} INFO - Running: ['***', 'tasks', 'run', '6.1-monitoring', 'task3', 'scheduled__2024-05-19T00:00:00+00:00', '--job-id', '147', '--raw', '--subdir', 'DAGS_FOLDER/6.1-monitoring.py', '--cfg-path', '/tmp/tmpbno9gesq', '--error-file', '/tmp/tmp6wv3hlpm']
[2024-05-20 16:37:50,730] {standard_task_runner.py:80} INFO - Job 147: Subtask task3
[2024-05-20 16:37:50,771] {task_command.py:371} INFO - Running <TaskInstance: 6.1-monitoring.task3 scheduled__2024-05-19T00:00:00+00:00 [running]> on host c832426e9d7b
[2024-05-20 16:37:50,817] {taskinstance.py:1591} INFO - Exporting the following env vars:
AIRFLOW_CTX_DAG_OWNER=***
AIRFLOW_CTX_DAG_ID=6.1-monitoring
AIRFLOW_CTX_TASK_ID=task3
AIRFLOW_CTX_EXECUTION_DATE=2024-05-19T00:00:00+00:00
AIRFLOW_CTX_TRY_NUMBER=1
AIRFLOW_CTX_DAG_RUN_ID=scheduled__2024-05-19T00:00:00+00:00
[2024-05-20 16:37:50,817] {subprocess.py:62} INFO - Tmp dir root location: 
 /tmp
[2024-05-20 16:37:50,818] {subprocess.py:74} INFO - Running command: ['bash', '-c', "sleep 2 && echo 'Task 3'"]
[2024-05-20 16:37:50,823] {subprocess.py:85} INFO - Output:
[2024-05-20 16:37:52,826] {subprocess.py:92} INFO - Task 3
[2024-05-20 16:37:52,827] {subprocess.py:96} INFO - Command exited with return code 0
[2024-05-20 16:37:52,851] {taskinstance.py:1420} INFO - Marking task as SUCCESS. dag_id=6.1-monitoring, task_id=task3, execution_date=20240519T000000, start_date=20240520T163750, end_date=20240520T163752
[2024-05-20 16:37:52,876] {local_task_job.py:156} INFO - Task exited with return code 0
[2024-05-20 16:37:52,906] {local_task_job.py:273} INFO - 1 downstream tasks scheduled from follow-on schedule check
[2024-05-20 16:53:16,649] {taskinstance.py:1179} INFO - Dependencies all met for <TaskInstance: 6.1-monitoring.task3 scheduled__2024-05-19T00:00:00+00:00 [queued]>
[2024-05-20 16:53:16,684] {taskinstance.py:1179} INFO - Dependencies all met for <TaskInstance: 6.1-monitoring.task3 scheduled__2024-05-19T00:00:00+00:00 [queued]>
[2024-05-20 16:53:16,687] {taskinstance.py:1376} INFO - 
--------------------------------------------------------------------------------
[2024-05-20 16:53:16,691] {taskinstance.py:1377} INFO - Starting attempt 1 of 1
[2024-05-20 16:53:16,691] {taskinstance.py:1378} INFO - 
--------------------------------------------------------------------------------
[2024-05-20 16:53:16,714] {taskinstance.py:1397} INFO - Executing <Task(BashOperator): task3> on 2024-05-19 00:00:00+00:00
[2024-05-20 16:53:16,721] {standard_task_runner.py:79} INFO - Running: ['***', 'tasks', 'run', '6.1-monitoring', 'task3', 'scheduled__2024-05-19T00:00:00+00:00', '--job-id', '191', '--raw', '--subdir', 'DAGS_FOLDER/6.1-monitoring.py', '--cfg-path', '/tmp/tmp3o6b8hjf', '--error-file', '/tmp/tmpf7lc3ah2']
[2024-05-20 16:53:16,724] {standard_task_runner.py:80} INFO - Job 191: Subtask task3
[2024-05-20 16:53:16,726] {standard_task_runner.py:52} INFO - Started process 3195 to run task
[2024-05-20 16:53:16,834] {task_command.py:371} INFO - Running <TaskInstance: 6.1-monitoring.task3 scheduled__2024-05-19T00:00:00+00:00 [running]> on host c832426e9d7b
[2024-05-20 16:53:16,995] {taskinstance.py:1591} INFO - Exporting the following env vars:
AIRFLOW_CTX_DAG_OWNER=***
AIRFLOW_CTX_DAG_ID=6.1-monitoring
AIRFLOW_CTX_TASK_ID=task3
AIRFLOW_CTX_EXECUTION_DATE=2024-05-19T00:00:00+00:00
AIRFLOW_CTX_TRY_NUMBER=1
AIRFLOW_CTX_DAG_RUN_ID=scheduled__2024-05-19T00:00:00+00:00
[2024-05-20 16:53:16,997] {subprocess.py:62} INFO - Tmp dir root location: 
 /tmp
[2024-05-20 16:53:16,998] {subprocess.py:74} INFO - Running command: ['bash', '-c', "sleep 2 && echo 'Task 3'"]
[2024-05-20 16:53:17,019] {subprocess.py:85} INFO - Output:
[2024-05-20 16:53:19,027] {subprocess.py:92} INFO - Task 3
[2024-05-20 16:53:19,028] {subprocess.py:96} INFO - Command exited with return code 0
[2024-05-20 16:53:19,049] {taskinstance.py:1420} INFO - Marking task as SUCCESS. dag_id=6.1-monitoring, task_id=task3, execution_date=20240519T000000, start_date=20240520T165316, end_date=20240520T165319
[2024-05-20 16:53:19,091] {local_task_job.py:156} INFO - Task exited with return code 0
[2024-05-20 16:53:19,126] {local_task_job.py:273} INFO - 1 downstream tasks scheduled from follow-on schedule check
