[2024-06-05 17:00:19,268] {processor.py:153} INFO - Started process (PID=43) to work on /opt/airflow/dags/1-bashoperator.py
[2024-06-05 17:00:19,269] {processor.py:641} INFO - Processing file /opt/airflow/dags/1-bashoperator.py for tasks to queue
[2024-06-05 17:00:19,270] {logging_mixin.py:115} INFO - [2024-06-05 17:00:19,270] {dagbag.py:508} INFO - Filling up the DagBag from /opt/airflow/dags/1-bashoperator.py
[2024-06-05 17:00:19,277] {processor.py:651} INFO - DAG(s) dict_keys(['bashoperator']) retrieved from /opt/airflow/dags/1-bashoperator.py
[2024-06-05 17:00:19,310] {logging_mixin.py:115} INFO - [2024-06-05 17:00:19,309] {dag.py:2420} INFO - Sync 1 DAGs
[2024-06-05 17:00:19,487] {logging_mixin.py:115} INFO - [2024-06-05 17:00:19,487] {dag.py:2972} INFO - Setting next_dagrun for bashoperator to 2024-05-15T00:00:00+00:00, run_after=2024-05-16T00:00:00+00:00
[2024-06-05 17:00:19,508] {processor.py:161} INFO - Processing /opt/airflow/dags/1-bashoperator.py took 0.243 seconds
[2024-06-05 17:00:50,202] {processor.py:153} INFO - Started process (PID=78) to work on /opt/airflow/dags/1-bashoperator.py
[2024-06-05 17:00:50,203] {processor.py:641} INFO - Processing file /opt/airflow/dags/1-bashoperator.py for tasks to queue
[2024-06-05 17:00:50,204] {logging_mixin.py:115} INFO - [2024-06-05 17:00:50,204] {dagbag.py:508} INFO - Filling up the DagBag from /opt/airflow/dags/1-bashoperator.py
[2024-06-05 17:00:50,208] {processor.py:651} INFO - DAG(s) dict_keys(['bashoperator']) retrieved from /opt/airflow/dags/1-bashoperator.py
[2024-06-05 17:00:50,231] {logging_mixin.py:115} INFO - [2024-06-05 17:00:50,230] {dag.py:2420} INFO - Sync 1 DAGs
[2024-06-05 17:00:50,347] {logging_mixin.py:115} INFO - [2024-06-05 17:00:50,347] {dag.py:2972} INFO - Setting next_dagrun for bashoperator to 2024-05-15T00:00:00+00:00, run_after=2024-05-16T00:00:00+00:00
[2024-06-05 17:00:50,357] {processor.py:161} INFO - Processing /opt/airflow/dags/1-bashoperator.py took 0.158 seconds
[2024-06-05 17:01:16,718] {processor.py:153} INFO - Started process (PID=43) to work on /opt/airflow/dags/1-bashoperator.py
[2024-06-05 17:01:16,719] {processor.py:641} INFO - Processing file /opt/airflow/dags/1-bashoperator.py for tasks to queue
[2024-06-05 17:01:16,720] {logging_mixin.py:115} INFO - [2024-06-05 17:01:16,720] {dagbag.py:508} INFO - Filling up the DagBag from /opt/airflow/dags/1-bashoperator.py
[2024-06-05 17:01:16,728] {processor.py:651} INFO - DAG(s) dict_keys(['bashoperator']) retrieved from /opt/airflow/dags/1-bashoperator.py
[2024-06-05 17:01:16,766] {logging_mixin.py:115} INFO - [2024-06-05 17:01:16,766] {dag.py:2420} INFO - Sync 1 DAGs
[2024-06-05 17:01:16,977] {logging_mixin.py:115} INFO - [2024-06-05 17:01:16,977] {dag.py:2972} INFO - Setting next_dagrun for bashoperator to 2024-05-15T00:00:00+00:00, run_after=2024-05-16T00:00:00+00:00
[2024-06-05 17:01:16,993] {processor.py:161} INFO - Processing /opt/airflow/dags/1-bashoperator.py took 0.278 seconds
[2024-06-05 17:01:47,637] {processor.py:153} INFO - Started process (PID=107) to work on /opt/airflow/dags/1-bashoperator.py
[2024-06-05 17:01:47,637] {processor.py:641} INFO - Processing file /opt/airflow/dags/1-bashoperator.py for tasks to queue
[2024-06-05 17:01:47,638] {logging_mixin.py:115} INFO - [2024-06-05 17:01:47,638] {dagbag.py:508} INFO - Filling up the DagBag from /opt/airflow/dags/1-bashoperator.py
[2024-06-05 17:01:47,643] {processor.py:651} INFO - DAG(s) dict_keys(['bashoperator']) retrieved from /opt/airflow/dags/1-bashoperator.py
[2024-06-05 17:01:47,665] {logging_mixin.py:115} INFO - [2024-06-05 17:01:47,665] {dag.py:2420} INFO - Sync 1 DAGs
[2024-06-05 17:01:47,788] {logging_mixin.py:115} INFO - [2024-06-05 17:01:47,788] {dag.py:2972} INFO - Setting next_dagrun for bashoperator to 2024-05-15T00:00:00+00:00, run_after=2024-05-16T00:00:00+00:00
[2024-06-05 17:01:47,801] {processor.py:161} INFO - Processing /opt/airflow/dags/1-bashoperator.py took 0.169 seconds
[2024-06-05 17:02:18,504] {processor.py:153} INFO - Started process (PID=142) to work on /opt/airflow/dags/1-bashoperator.py
[2024-06-05 17:02:18,504] {processor.py:641} INFO - Processing file /opt/airflow/dags/1-bashoperator.py for tasks to queue
[2024-06-05 17:02:18,504] {logging_mixin.py:115} INFO - [2024-06-05 17:02:18,504] {dagbag.py:508} INFO - Filling up the DagBag from /opt/airflow/dags/1-bashoperator.py
[2024-06-05 17:02:18,512] {processor.py:651} INFO - DAG(s) dict_keys(['bashoperator']) retrieved from /opt/airflow/dags/1-bashoperator.py
[2024-06-05 17:02:18,646] {logging_mixin.py:115} INFO - [2024-06-05 17:02:18,646] {dag.py:2420} INFO - Sync 1 DAGs
[2024-06-05 17:02:18,661] {logging_mixin.py:115} INFO - [2024-06-05 17:02:18,661] {dag.py:2972} INFO - Setting next_dagrun for bashoperator to 2024-05-15T00:00:00+00:00, run_after=2024-05-16T00:00:00+00:00
[2024-06-05 17:02:18,672] {processor.py:161} INFO - Processing /opt/airflow/dags/1-bashoperator.py took 0.171 seconds
[2024-06-05 17:02:49,147] {processor.py:153} INFO - Started process (PID=168) to work on /opt/airflow/dags/1-bashoperator.py
[2024-06-05 17:02:49,148] {processor.py:641} INFO - Processing file /opt/airflow/dags/1-bashoperator.py for tasks to queue
[2024-06-05 17:02:49,149] {logging_mixin.py:115} INFO - [2024-06-05 17:02:49,149] {dagbag.py:508} INFO - Filling up the DagBag from /opt/airflow/dags/1-bashoperator.py
[2024-06-05 17:02:49,154] {processor.py:651} INFO - DAG(s) dict_keys(['bashoperator']) retrieved from /opt/airflow/dags/1-bashoperator.py
[2024-06-05 17:02:49,174] {logging_mixin.py:115} INFO - [2024-06-05 17:02:49,174] {dag.py:2420} INFO - Sync 1 DAGs
[2024-06-05 17:02:49,194] {logging_mixin.py:115} INFO - [2024-06-05 17:02:49,194] {dag.py:2972} INFO - Setting next_dagrun for bashoperator to 2024-05-15T00:00:00+00:00, run_after=2024-05-16T00:00:00+00:00
[2024-06-05 17:02:49,208] {processor.py:161} INFO - Processing /opt/airflow/dags/1-bashoperator.py took 0.065 seconds
[2024-06-05 17:03:19,582] {processor.py:153} INFO - Started process (PID=203) to work on /opt/airflow/dags/1-bashoperator.py
[2024-06-05 17:03:19,583] {processor.py:641} INFO - Processing file /opt/airflow/dags/1-bashoperator.py for tasks to queue
[2024-06-05 17:03:19,583] {logging_mixin.py:115} INFO - [2024-06-05 17:03:19,583] {dagbag.py:508} INFO - Filling up the DagBag from /opt/airflow/dags/1-bashoperator.py
[2024-06-05 17:03:19,589] {processor.py:651} INFO - DAG(s) dict_keys(['bashoperator']) retrieved from /opt/airflow/dags/1-bashoperator.py
[2024-06-05 17:03:19,613] {logging_mixin.py:115} INFO - [2024-06-05 17:03:19,613] {dag.py:2420} INFO - Sync 1 DAGs
[2024-06-05 17:03:19,630] {logging_mixin.py:115} INFO - [2024-06-05 17:03:19,630] {dag.py:2972} INFO - Setting next_dagrun for bashoperator to 2024-05-15T00:00:00+00:00, run_after=2024-05-16T00:00:00+00:00
[2024-06-05 17:03:19,640] {processor.py:161} INFO - Processing /opt/airflow/dags/1-bashoperator.py took 0.060 seconds
[2024-06-05 17:03:50,007] {processor.py:153} INFO - Started process (PID=238) to work on /opt/airflow/dags/1-bashoperator.py
[2024-06-05 17:03:50,007] {processor.py:641} INFO - Processing file /opt/airflow/dags/1-bashoperator.py for tasks to queue
[2024-06-05 17:03:50,008] {logging_mixin.py:115} INFO - [2024-06-05 17:03:50,008] {dagbag.py:508} INFO - Filling up the DagBag from /opt/airflow/dags/1-bashoperator.py
[2024-06-05 17:03:50,012] {processor.py:651} INFO - DAG(s) dict_keys(['bashoperator']) retrieved from /opt/airflow/dags/1-bashoperator.py
[2024-06-05 17:03:50,032] {logging_mixin.py:115} INFO - [2024-06-05 17:03:50,032] {dag.py:2420} INFO - Sync 1 DAGs
[2024-06-05 17:03:50,053] {logging_mixin.py:115} INFO - [2024-06-05 17:03:50,053] {dag.py:2972} INFO - Setting next_dagrun for bashoperator to 2024-05-15T00:00:00+00:00, run_after=2024-05-16T00:00:00+00:00
[2024-06-05 17:03:50,067] {processor.py:161} INFO - Processing /opt/airflow/dags/1-bashoperator.py took 0.064 seconds
[2024-06-05 17:04:20,515] {processor.py:153} INFO - Started process (PID=273) to work on /opt/airflow/dags/1-bashoperator.py
[2024-06-05 17:04:20,515] {processor.py:641} INFO - Processing file /opt/airflow/dags/1-bashoperator.py for tasks to queue
[2024-06-05 17:04:20,515] {logging_mixin.py:115} INFO - [2024-06-05 17:04:20,515] {dagbag.py:508} INFO - Filling up the DagBag from /opt/airflow/dags/1-bashoperator.py
[2024-06-05 17:04:20,520] {processor.py:651} INFO - DAG(s) dict_keys(['bashoperator']) retrieved from /opt/airflow/dags/1-bashoperator.py
[2024-06-05 17:04:20,542] {logging_mixin.py:115} INFO - [2024-06-05 17:04:20,542] {dag.py:2420} INFO - Sync 1 DAGs
[2024-06-05 17:04:20,559] {logging_mixin.py:115} INFO - [2024-06-05 17:04:20,559] {dag.py:2972} INFO - Setting next_dagrun for bashoperator to 2024-05-15T00:00:00+00:00, run_after=2024-05-16T00:00:00+00:00
[2024-06-05 17:04:20,568] {processor.py:161} INFO - Processing /opt/airflow/dags/1-bashoperator.py took 0.055 seconds
[2024-06-05 17:04:51,006] {processor.py:153} INFO - Started process (PID=308) to work on /opt/airflow/dags/1-bashoperator.py
[2024-06-05 17:04:51,006] {processor.py:641} INFO - Processing file /opt/airflow/dags/1-bashoperator.py for tasks to queue
[2024-06-05 17:04:51,006] {logging_mixin.py:115} INFO - [2024-06-05 17:04:51,006] {dagbag.py:508} INFO - Filling up the DagBag from /opt/airflow/dags/1-bashoperator.py
[2024-06-05 17:04:51,011] {processor.py:651} INFO - DAG(s) dict_keys(['bashoperator']) retrieved from /opt/airflow/dags/1-bashoperator.py
[2024-06-05 17:04:51,033] {logging_mixin.py:115} INFO - [2024-06-05 17:04:51,033] {dag.py:2420} INFO - Sync 1 DAGs
[2024-06-05 17:04:51,051] {logging_mixin.py:115} INFO - [2024-06-05 17:04:51,051] {dag.py:2972} INFO - Setting next_dagrun for bashoperator to 2024-05-15T00:00:00+00:00, run_after=2024-05-16T00:00:00+00:00
[2024-06-05 17:04:51,067] {processor.py:161} INFO - Processing /opt/airflow/dags/1-bashoperator.py took 0.064 seconds
[2024-06-05 17:05:21,560] {processor.py:153} INFO - Started process (PID=334) to work on /opt/airflow/dags/1-bashoperator.py
[2024-06-05 17:05:21,561] {processor.py:641} INFO - Processing file /opt/airflow/dags/1-bashoperator.py for tasks to queue
[2024-06-05 17:05:21,561] {logging_mixin.py:115} INFO - [2024-06-05 17:05:21,561] {dagbag.py:508} INFO - Filling up the DagBag from /opt/airflow/dags/1-bashoperator.py
[2024-06-05 17:05:21,566] {processor.py:651} INFO - DAG(s) dict_keys(['bashoperator']) retrieved from /opt/airflow/dags/1-bashoperator.py
[2024-06-05 17:05:21,593] {logging_mixin.py:115} INFO - [2024-06-05 17:05:21,593] {dag.py:2420} INFO - Sync 1 DAGs
[2024-06-05 17:05:21,618] {logging_mixin.py:115} INFO - [2024-06-05 17:05:21,618] {dag.py:2972} INFO - Setting next_dagrun for bashoperator to 2024-05-15T00:00:00+00:00, run_after=2024-05-16T00:00:00+00:00
[2024-06-05 17:05:21,631] {processor.py:161} INFO - Processing /opt/airflow/dags/1-bashoperator.py took 0.073 seconds
[2024-06-05 17:05:52,004] {processor.py:153} INFO - Started process (PID=369) to work on /opt/airflow/dags/1-bashoperator.py
[2024-06-05 17:05:52,004] {processor.py:641} INFO - Processing file /opt/airflow/dags/1-bashoperator.py for tasks to queue
[2024-06-05 17:05:52,005] {logging_mixin.py:115} INFO - [2024-06-05 17:05:52,005] {dagbag.py:508} INFO - Filling up the DagBag from /opt/airflow/dags/1-bashoperator.py
[2024-06-05 17:05:52,009] {processor.py:651} INFO - DAG(s) dict_keys(['bashoperator']) retrieved from /opt/airflow/dags/1-bashoperator.py
[2024-06-05 17:05:52,033] {logging_mixin.py:115} INFO - [2024-06-05 17:05:52,033] {dag.py:2420} INFO - Sync 1 DAGs
[2024-06-05 17:05:52,052] {logging_mixin.py:115} INFO - [2024-06-05 17:05:52,052] {dag.py:2972} INFO - Setting next_dagrun for bashoperator to 2024-05-15T00:00:00+00:00, run_after=2024-05-16T00:00:00+00:00
[2024-06-05 17:05:52,063] {processor.py:161} INFO - Processing /opt/airflow/dags/1-bashoperator.py took 0.062 seconds
[2024-06-05 17:06:22,478] {processor.py:153} INFO - Started process (PID=404) to work on /opt/airflow/dags/1-bashoperator.py
[2024-06-05 17:06:22,479] {processor.py:641} INFO - Processing file /opt/airflow/dags/1-bashoperator.py for tasks to queue
[2024-06-05 17:06:22,479] {logging_mixin.py:115} INFO - [2024-06-05 17:06:22,479] {dagbag.py:508} INFO - Filling up the DagBag from /opt/airflow/dags/1-bashoperator.py
[2024-06-05 17:06:22,484] {processor.py:651} INFO - DAG(s) dict_keys(['bashoperator']) retrieved from /opt/airflow/dags/1-bashoperator.py
[2024-06-05 17:06:22,505] {logging_mixin.py:115} INFO - [2024-06-05 17:06:22,505] {dag.py:2420} INFO - Sync 1 DAGs
[2024-06-05 17:06:22,525] {logging_mixin.py:115} INFO - [2024-06-05 17:06:22,525] {dag.py:2972} INFO - Setting next_dagrun for bashoperator to 2024-05-15T00:00:00+00:00, run_after=2024-05-16T00:00:00+00:00
[2024-06-05 17:06:22,537] {processor.py:161} INFO - Processing /opt/airflow/dags/1-bashoperator.py took 0.062 seconds
[2024-06-05 17:06:52,981] {processor.py:153} INFO - Started process (PID=439) to work on /opt/airflow/dags/1-bashoperator.py
[2024-06-05 17:06:52,982] {processor.py:641} INFO - Processing file /opt/airflow/dags/1-bashoperator.py for tasks to queue
[2024-06-05 17:06:52,982] {logging_mixin.py:115} INFO - [2024-06-05 17:06:52,982] {dagbag.py:508} INFO - Filling up the DagBag from /opt/airflow/dags/1-bashoperator.py
[2024-06-05 17:06:52,987] {processor.py:651} INFO - DAG(s) dict_keys(['bashoperator']) retrieved from /opt/airflow/dags/1-bashoperator.py
[2024-06-05 17:06:53,007] {logging_mixin.py:115} INFO - [2024-06-05 17:06:53,007] {dag.py:2420} INFO - Sync 1 DAGs
[2024-06-05 17:06:53,024] {logging_mixin.py:115} INFO - [2024-06-05 17:06:53,024] {dag.py:2972} INFO - Setting next_dagrun for bashoperator to 2024-05-15T00:00:00+00:00, run_after=2024-05-16T00:00:00+00:00
[2024-06-05 17:06:53,034] {processor.py:161} INFO - Processing /opt/airflow/dags/1-bashoperator.py took 0.055 seconds
[2024-06-05 17:07:23,407] {processor.py:153} INFO - Started process (PID=465) to work on /opt/airflow/dags/1-bashoperator.py
[2024-06-05 17:07:23,407] {processor.py:641} INFO - Processing file /opt/airflow/dags/1-bashoperator.py for tasks to queue
[2024-06-05 17:07:23,408] {logging_mixin.py:115} INFO - [2024-06-05 17:07:23,408] {dagbag.py:508} INFO - Filling up the DagBag from /opt/airflow/dags/1-bashoperator.py
[2024-06-05 17:07:23,412] {processor.py:651} INFO - DAG(s) dict_keys(['bashoperator']) retrieved from /opt/airflow/dags/1-bashoperator.py
[2024-06-05 17:07:23,432] {logging_mixin.py:115} INFO - [2024-06-05 17:07:23,432] {dag.py:2420} INFO - Sync 1 DAGs
[2024-06-05 17:07:23,449] {logging_mixin.py:115} INFO - [2024-06-05 17:07:23,448] {dag.py:2972} INFO - Setting next_dagrun for bashoperator to 2024-05-15T00:00:00+00:00, run_after=2024-05-16T00:00:00+00:00
[2024-06-05 17:07:23,461] {processor.py:161} INFO - Processing /opt/airflow/dags/1-bashoperator.py took 0.056 seconds
[2024-06-05 17:07:53,836] {processor.py:153} INFO - Started process (PID=500) to work on /opt/airflow/dags/1-bashoperator.py
[2024-06-05 17:07:53,837] {processor.py:641} INFO - Processing file /opt/airflow/dags/1-bashoperator.py for tasks to queue
[2024-06-05 17:07:53,838] {logging_mixin.py:115} INFO - [2024-06-05 17:07:53,838] {dagbag.py:508} INFO - Filling up the DagBag from /opt/airflow/dags/1-bashoperator.py
[2024-06-05 17:07:53,842] {processor.py:651} INFO - DAG(s) dict_keys(['bashoperator']) retrieved from /opt/airflow/dags/1-bashoperator.py
[2024-06-05 17:07:53,861] {logging_mixin.py:115} INFO - [2024-06-05 17:07:53,861] {dag.py:2420} INFO - Sync 1 DAGs
[2024-06-05 17:07:53,875] {logging_mixin.py:115} INFO - [2024-06-05 17:07:53,875] {dag.py:2972} INFO - Setting next_dagrun for bashoperator to 2024-05-15T00:00:00+00:00, run_after=2024-05-16T00:00:00+00:00
[2024-06-05 17:07:53,887] {processor.py:161} INFO - Processing /opt/airflow/dags/1-bashoperator.py took 0.055 seconds
[2024-06-05 17:08:24,291] {processor.py:153} INFO - Started process (PID=535) to work on /opt/airflow/dags/1-bashoperator.py
[2024-06-05 17:08:24,291] {processor.py:641} INFO - Processing file /opt/airflow/dags/1-bashoperator.py for tasks to queue
[2024-06-05 17:08:24,292] {logging_mixin.py:115} INFO - [2024-06-05 17:08:24,292] {dagbag.py:508} INFO - Filling up the DagBag from /opt/airflow/dags/1-bashoperator.py
[2024-06-05 17:08:24,299] {processor.py:651} INFO - DAG(s) dict_keys(['bashoperator']) retrieved from /opt/airflow/dags/1-bashoperator.py
[2024-06-05 17:08:24,326] {logging_mixin.py:115} INFO - [2024-06-05 17:08:24,325] {dag.py:2420} INFO - Sync 1 DAGs
[2024-06-05 17:08:24,348] {logging_mixin.py:115} INFO - [2024-06-05 17:08:24,348] {dag.py:2972} INFO - Setting next_dagrun for bashoperator to 2024-05-15T00:00:00+00:00, run_after=2024-05-16T00:00:00+00:00
[2024-06-05 17:08:24,362] {processor.py:161} INFO - Processing /opt/airflow/dags/1-bashoperator.py took 0.074 seconds
[2024-06-05 17:08:54,721] {processor.py:153} INFO - Started process (PID=570) to work on /opt/airflow/dags/1-bashoperator.py
[2024-06-05 17:08:54,722] {processor.py:641} INFO - Processing file /opt/airflow/dags/1-bashoperator.py for tasks to queue
[2024-06-05 17:08:54,722] {logging_mixin.py:115} INFO - [2024-06-05 17:08:54,722] {dagbag.py:508} INFO - Filling up the DagBag from /opt/airflow/dags/1-bashoperator.py
[2024-06-05 17:08:54,728] {processor.py:651} INFO - DAG(s) dict_keys(['bashoperator']) retrieved from /opt/airflow/dags/1-bashoperator.py
[2024-06-05 17:08:54,750] {logging_mixin.py:115} INFO - [2024-06-05 17:08:54,750] {dag.py:2420} INFO - Sync 1 DAGs
[2024-06-05 17:08:54,772] {logging_mixin.py:115} INFO - [2024-06-05 17:08:54,772] {dag.py:2972} INFO - Setting next_dagrun for bashoperator to 2024-05-15T00:00:00+00:00, run_after=2024-05-16T00:00:00+00:00
[2024-06-05 17:08:54,787] {processor.py:161} INFO - Processing /opt/airflow/dags/1-bashoperator.py took 0.068 seconds
[2024-06-05 17:09:25,202] {processor.py:153} INFO - Started process (PID=603) to work on /opt/airflow/dags/1-bashoperator.py
[2024-06-05 17:09:25,203] {processor.py:641} INFO - Processing file /opt/airflow/dags/1-bashoperator.py for tasks to queue
[2024-06-05 17:09:25,203] {logging_mixin.py:115} INFO - [2024-06-05 17:09:25,203] {dagbag.py:508} INFO - Filling up the DagBag from /opt/airflow/dags/1-bashoperator.py
[2024-06-05 17:09:25,208] {processor.py:651} INFO - DAG(s) dict_keys(['bashoperator']) retrieved from /opt/airflow/dags/1-bashoperator.py
[2024-06-05 17:09:25,233] {logging_mixin.py:115} INFO - [2024-06-05 17:09:25,233] {dag.py:2420} INFO - Sync 1 DAGs
[2024-06-05 17:09:25,255] {logging_mixin.py:115} INFO - [2024-06-05 17:09:25,254] {dag.py:2972} INFO - Setting next_dagrun for bashoperator to 2024-05-15T00:00:00+00:00, run_after=2024-05-16T00:00:00+00:00
[2024-06-05 17:09:25,266] {processor.py:161} INFO - Processing /opt/airflow/dags/1-bashoperator.py took 0.070 seconds
[2024-06-05 17:09:55,698] {processor.py:153} INFO - Started process (PID=631) to work on /opt/airflow/dags/1-bashoperator.py
[2024-06-05 17:09:55,698] {processor.py:641} INFO - Processing file /opt/airflow/dags/1-bashoperator.py for tasks to queue
[2024-06-05 17:09:55,699] {logging_mixin.py:115} INFO - [2024-06-05 17:09:55,699] {dagbag.py:508} INFO - Filling up the DagBag from /opt/airflow/dags/1-bashoperator.py
[2024-06-05 17:09:55,704] {processor.py:651} INFO - DAG(s) dict_keys(['bashoperator']) retrieved from /opt/airflow/dags/1-bashoperator.py
[2024-06-05 17:09:55,728] {logging_mixin.py:115} INFO - [2024-06-05 17:09:55,728] {dag.py:2420} INFO - Sync 1 DAGs
[2024-06-05 17:09:55,749] {logging_mixin.py:115} INFO - [2024-06-05 17:09:55,749] {dag.py:2972} INFO - Setting next_dagrun for bashoperator to 2024-05-15T00:00:00+00:00, run_after=2024-05-16T00:00:00+00:00
[2024-06-05 17:09:55,759] {processor.py:161} INFO - Processing /opt/airflow/dags/1-bashoperator.py took 0.065 seconds
[2024-06-05 17:10:26,205] {processor.py:153} INFO - Started process (PID=665) to work on /opt/airflow/dags/1-bashoperator.py
[2024-06-05 17:10:26,206] {processor.py:641} INFO - Processing file /opt/airflow/dags/1-bashoperator.py for tasks to queue
[2024-06-05 17:10:26,206] {logging_mixin.py:115} INFO - [2024-06-05 17:10:26,206] {dagbag.py:508} INFO - Filling up the DagBag from /opt/airflow/dags/1-bashoperator.py
[2024-06-05 17:10:26,213] {processor.py:651} INFO - DAG(s) dict_keys(['bashoperator']) retrieved from /opt/airflow/dags/1-bashoperator.py
[2024-06-05 17:10:26,233] {logging_mixin.py:115} INFO - [2024-06-05 17:10:26,233] {dag.py:2420} INFO - Sync 1 DAGs
[2024-06-05 17:10:26,254] {logging_mixin.py:115} INFO - [2024-06-05 17:10:26,254] {dag.py:2972} INFO - Setting next_dagrun for bashoperator to 2024-05-15T00:00:00+00:00, run_after=2024-05-16T00:00:00+00:00
[2024-06-05 17:10:26,266] {processor.py:161} INFO - Processing /opt/airflow/dags/1-bashoperator.py took 0.064 seconds
[2024-06-05 17:10:56,616] {processor.py:153} INFO - Started process (PID=700) to work on /opt/airflow/dags/1-bashoperator.py
[2024-06-05 17:10:56,616] {processor.py:641} INFO - Processing file /opt/airflow/dags/1-bashoperator.py for tasks to queue
[2024-06-05 17:10:56,617] {logging_mixin.py:115} INFO - [2024-06-05 17:10:56,616] {dagbag.py:508} INFO - Filling up the DagBag from /opt/airflow/dags/1-bashoperator.py
[2024-06-05 17:10:56,622] {processor.py:651} INFO - DAG(s) dict_keys(['bashoperator']) retrieved from /opt/airflow/dags/1-bashoperator.py
[2024-06-05 17:10:56,652] {logging_mixin.py:115} INFO - [2024-06-05 17:10:56,651] {dag.py:2420} INFO - Sync 1 DAGs
[2024-06-05 17:10:56,683] {logging_mixin.py:115} INFO - [2024-06-05 17:10:56,683] {dag.py:2972} INFO - Setting next_dagrun for bashoperator to 2024-05-15T00:00:00+00:00, run_after=2024-05-16T00:00:00+00:00
[2024-06-05 17:10:56,696] {processor.py:161} INFO - Processing /opt/airflow/dags/1-bashoperator.py took 0.083 seconds
[2024-06-05 17:11:27,094] {processor.py:153} INFO - Started process (PID=734) to work on /opt/airflow/dags/1-bashoperator.py
[2024-06-05 17:11:27,094] {processor.py:641} INFO - Processing file /opt/airflow/dags/1-bashoperator.py for tasks to queue
[2024-06-05 17:11:27,095] {logging_mixin.py:115} INFO - [2024-06-05 17:11:27,095] {dagbag.py:508} INFO - Filling up the DagBag from /opt/airflow/dags/1-bashoperator.py
[2024-06-05 17:11:27,100] {processor.py:651} INFO - DAG(s) dict_keys(['bashoperator']) retrieved from /opt/airflow/dags/1-bashoperator.py
[2024-06-05 17:11:27,124] {logging_mixin.py:115} INFO - [2024-06-05 17:11:27,124] {dag.py:2420} INFO - Sync 1 DAGs
[2024-06-05 17:11:27,146] {logging_mixin.py:115} INFO - [2024-06-05 17:11:27,145] {dag.py:2972} INFO - Setting next_dagrun for bashoperator to 2024-05-15T00:00:00+00:00, run_after=2024-05-16T00:00:00+00:00
[2024-06-05 17:11:27,157] {processor.py:161} INFO - Processing /opt/airflow/dags/1-bashoperator.py took 0.066 seconds
[2024-06-05 17:11:57,467] {processor.py:153} INFO - Started process (PID=759) to work on /opt/airflow/dags/1-bashoperator.py
[2024-06-05 17:11:57,467] {processor.py:641} INFO - Processing file /opt/airflow/dags/1-bashoperator.py for tasks to queue
[2024-06-05 17:11:57,468] {logging_mixin.py:115} INFO - [2024-06-05 17:11:57,468] {dagbag.py:508} INFO - Filling up the DagBag from /opt/airflow/dags/1-bashoperator.py
[2024-06-05 17:11:57,472] {processor.py:651} INFO - DAG(s) dict_keys(['bashoperator']) retrieved from /opt/airflow/dags/1-bashoperator.py
[2024-06-05 17:11:57,492] {logging_mixin.py:115} INFO - [2024-06-05 17:11:57,492] {dag.py:2420} INFO - Sync 1 DAGs
[2024-06-05 17:11:57,511] {logging_mixin.py:115} INFO - [2024-06-05 17:11:57,511] {dag.py:2972} INFO - Setting next_dagrun for bashoperator to 2024-05-15T00:00:00+00:00, run_after=2024-05-16T00:00:00+00:00
[2024-06-05 17:11:57,522] {processor.py:161} INFO - Processing /opt/airflow/dags/1-bashoperator.py took 0.058 seconds
[2024-06-05 17:12:27,942] {processor.py:153} INFO - Started process (PID=794) to work on /opt/airflow/dags/1-bashoperator.py
[2024-06-05 17:12:27,942] {processor.py:641} INFO - Processing file /opt/airflow/dags/1-bashoperator.py for tasks to queue
[2024-06-05 17:12:27,943] {logging_mixin.py:115} INFO - [2024-06-05 17:12:27,943] {dagbag.py:508} INFO - Filling up the DagBag from /opt/airflow/dags/1-bashoperator.py
[2024-06-05 17:12:27,948] {processor.py:651} INFO - DAG(s) dict_keys(['bashoperator']) retrieved from /opt/airflow/dags/1-bashoperator.py
[2024-06-05 17:12:27,971] {logging_mixin.py:115} INFO - [2024-06-05 17:12:27,970] {dag.py:2420} INFO - Sync 1 DAGs
[2024-06-05 17:12:27,990] {logging_mixin.py:115} INFO - [2024-06-05 17:12:27,989] {dag.py:2972} INFO - Setting next_dagrun for bashoperator to 2024-05-15T00:00:00+00:00, run_after=2024-05-16T00:00:00+00:00
[2024-06-05 17:12:28,004] {processor.py:161} INFO - Processing /opt/airflow/dags/1-bashoperator.py took 0.065 seconds
[2024-06-05 17:12:58,398] {processor.py:153} INFO - Started process (PID=829) to work on /opt/airflow/dags/1-bashoperator.py
[2024-06-05 17:12:58,398] {processor.py:641} INFO - Processing file /opt/airflow/dags/1-bashoperator.py for tasks to queue
[2024-06-05 17:12:58,399] {logging_mixin.py:115} INFO - [2024-06-05 17:12:58,399] {dagbag.py:508} INFO - Filling up the DagBag from /opt/airflow/dags/1-bashoperator.py
[2024-06-05 17:12:58,404] {processor.py:651} INFO - DAG(s) dict_keys(['bashoperator']) retrieved from /opt/airflow/dags/1-bashoperator.py
[2024-06-05 17:12:58,430] {logging_mixin.py:115} INFO - [2024-06-05 17:12:58,430] {dag.py:2420} INFO - Sync 1 DAGs
[2024-06-05 17:12:58,449] {logging_mixin.py:115} INFO - [2024-06-05 17:12:58,449] {dag.py:2972} INFO - Setting next_dagrun for bashoperator to 2024-05-15T00:00:00+00:00, run_after=2024-05-16T00:00:00+00:00
[2024-06-05 17:12:58,461] {processor.py:161} INFO - Processing /opt/airflow/dags/1-bashoperator.py took 0.067 seconds
[2024-06-05 17:13:28,865] {processor.py:153} INFO - Started process (PID=863) to work on /opt/airflow/dags/1-bashoperator.py
[2024-06-05 17:13:28,866] {processor.py:641} INFO - Processing file /opt/airflow/dags/1-bashoperator.py for tasks to queue
[2024-06-05 17:13:28,866] {logging_mixin.py:115} INFO - [2024-06-05 17:13:28,866] {dagbag.py:508} INFO - Filling up the DagBag from /opt/airflow/dags/1-bashoperator.py
[2024-06-05 17:13:28,871] {processor.py:651} INFO - DAG(s) dict_keys(['bashoperator']) retrieved from /opt/airflow/dags/1-bashoperator.py
[2024-06-05 17:13:28,897] {logging_mixin.py:115} INFO - [2024-06-05 17:13:28,897] {dag.py:2420} INFO - Sync 1 DAGs
[2024-06-05 17:13:28,920] {logging_mixin.py:115} INFO - [2024-06-05 17:13:28,920] {dag.py:2972} INFO - Setting next_dagrun for bashoperator to 2024-05-15T00:00:00+00:00, run_after=2024-05-16T00:00:00+00:00
[2024-06-05 17:13:28,931] {processor.py:161} INFO - Processing /opt/airflow/dags/1-bashoperator.py took 0.068 seconds
[2024-06-05 17:13:59,348] {processor.py:153} INFO - Started process (PID=889) to work on /opt/airflow/dags/1-bashoperator.py
[2024-06-05 17:13:59,348] {processor.py:641} INFO - Processing file /opt/airflow/dags/1-bashoperator.py for tasks to queue
[2024-06-05 17:13:59,349] {logging_mixin.py:115} INFO - [2024-06-05 17:13:59,349] {dagbag.py:508} INFO - Filling up the DagBag from /opt/airflow/dags/1-bashoperator.py
[2024-06-05 17:13:59,354] {processor.py:651} INFO - DAG(s) dict_keys(['bashoperator']) retrieved from /opt/airflow/dags/1-bashoperator.py
[2024-06-05 17:13:59,382] {logging_mixin.py:115} INFO - [2024-06-05 17:13:59,382] {dag.py:2420} INFO - Sync 1 DAGs
[2024-06-05 17:13:59,413] {logging_mixin.py:115} INFO - [2024-06-05 17:13:59,413] {dag.py:2972} INFO - Setting next_dagrun for bashoperator to 2024-05-15T00:00:00+00:00, run_after=2024-05-16T00:00:00+00:00
[2024-06-05 17:13:59,427] {processor.py:161} INFO - Processing /opt/airflow/dags/1-bashoperator.py took 0.082 seconds
[2024-06-05 17:14:29,887] {processor.py:153} INFO - Started process (PID=924) to work on /opt/airflow/dags/1-bashoperator.py
[2024-06-05 17:14:29,888] {processor.py:641} INFO - Processing file /opt/airflow/dags/1-bashoperator.py for tasks to queue
[2024-06-05 17:14:29,891] {logging_mixin.py:115} INFO - [2024-06-05 17:14:29,891] {dagbag.py:508} INFO - Filling up the DagBag from /opt/airflow/dags/1-bashoperator.py
[2024-06-05 17:14:29,897] {processor.py:651} INFO - DAG(s) dict_keys(['bashoperator']) retrieved from /opt/airflow/dags/1-bashoperator.py
[2024-06-05 17:14:29,921] {logging_mixin.py:115} INFO - [2024-06-05 17:14:29,921] {dag.py:2420} INFO - Sync 1 DAGs
[2024-06-05 17:14:29,942] {logging_mixin.py:115} INFO - [2024-06-05 17:14:29,942] {dag.py:2972} INFO - Setting next_dagrun for bashoperator to 2024-05-15T00:00:00+00:00, run_after=2024-05-16T00:00:00+00:00
[2024-06-05 17:14:29,952] {processor.py:161} INFO - Processing /opt/airflow/dags/1-bashoperator.py took 0.069 seconds
[2024-06-05 17:15:00,343] {processor.py:153} INFO - Started process (PID=959) to work on /opt/airflow/dags/1-bashoperator.py
[2024-06-05 17:15:00,344] {processor.py:641} INFO - Processing file /opt/airflow/dags/1-bashoperator.py for tasks to queue
[2024-06-05 17:15:00,345] {logging_mixin.py:115} INFO - [2024-06-05 17:15:00,345] {dagbag.py:508} INFO - Filling up the DagBag from /opt/airflow/dags/1-bashoperator.py
[2024-06-05 17:15:00,350] {processor.py:651} INFO - DAG(s) dict_keys(['bashoperator']) retrieved from /opt/airflow/dags/1-bashoperator.py
[2024-06-05 17:15:00,372] {logging_mixin.py:115} INFO - [2024-06-05 17:15:00,372] {dag.py:2420} INFO - Sync 1 DAGs
[2024-06-05 17:15:00,392] {logging_mixin.py:115} INFO - [2024-06-05 17:15:00,392] {dag.py:2972} INFO - Setting next_dagrun for bashoperator to 2024-05-15T00:00:00+00:00, run_after=2024-05-16T00:00:00+00:00
[2024-06-05 17:15:00,412] {processor.py:161} INFO - Processing /opt/airflow/dags/1-bashoperator.py took 0.072 seconds
[2024-06-05 17:15:30,823] {processor.py:153} INFO - Started process (PID=994) to work on /opt/airflow/dags/1-bashoperator.py
[2024-06-05 17:15:30,827] {processor.py:641} INFO - Processing file /opt/airflow/dags/1-bashoperator.py for tasks to queue
[2024-06-05 17:15:30,828] {logging_mixin.py:115} INFO - [2024-06-05 17:15:30,828] {dagbag.py:508} INFO - Filling up the DagBag from /opt/airflow/dags/1-bashoperator.py
[2024-06-05 17:15:30,833] {processor.py:651} INFO - DAG(s) dict_keys(['bashoperator']) retrieved from /opt/airflow/dags/1-bashoperator.py
[2024-06-05 17:15:30,853] {logging_mixin.py:115} INFO - [2024-06-05 17:15:30,852] {dag.py:2420} INFO - Sync 1 DAGs
[2024-06-05 17:15:30,870] {logging_mixin.py:115} INFO - [2024-06-05 17:15:30,870] {dag.py:2972} INFO - Setting next_dagrun for bashoperator to 2024-05-15T00:00:00+00:00, run_after=2024-05-16T00:00:00+00:00
[2024-06-05 17:15:30,883] {processor.py:161} INFO - Processing /opt/airflow/dags/1-bashoperator.py took 0.062 seconds
[2024-06-05 17:16:01,268] {processor.py:153} INFO - Started process (PID=1019) to work on /opt/airflow/dags/1-bashoperator.py
[2024-06-05 17:16:01,269] {processor.py:641} INFO - Processing file /opt/airflow/dags/1-bashoperator.py for tasks to queue
[2024-06-05 17:16:01,269] {logging_mixin.py:115} INFO - [2024-06-05 17:16:01,269] {dagbag.py:508} INFO - Filling up the DagBag from /opt/airflow/dags/1-bashoperator.py
[2024-06-05 17:16:01,274] {processor.py:651} INFO - DAG(s) dict_keys(['bashoperator']) retrieved from /opt/airflow/dags/1-bashoperator.py
[2024-06-05 17:16:01,290] {logging_mixin.py:115} INFO - [2024-06-05 17:16:01,290] {dag.py:2420} INFO - Sync 1 DAGs
[2024-06-05 17:16:01,310] {logging_mixin.py:115} INFO - [2024-06-05 17:16:01,310] {dag.py:2972} INFO - Setting next_dagrun for bashoperator to 2024-05-15T00:00:00+00:00, run_after=2024-05-16T00:00:00+00:00
[2024-06-05 17:16:01,324] {processor.py:161} INFO - Processing /opt/airflow/dags/1-bashoperator.py took 0.058 seconds
[2024-06-05 17:16:31,790] {processor.py:153} INFO - Started process (PID=1054) to work on /opt/airflow/dags/1-bashoperator.py
[2024-06-05 17:16:31,791] {processor.py:641} INFO - Processing file /opt/airflow/dags/1-bashoperator.py for tasks to queue
[2024-06-05 17:16:31,791] {logging_mixin.py:115} INFO - [2024-06-05 17:16:31,791] {dagbag.py:508} INFO - Filling up the DagBag from /opt/airflow/dags/1-bashoperator.py
[2024-06-05 17:16:31,797] {processor.py:651} INFO - DAG(s) dict_keys(['bashoperator']) retrieved from /opt/airflow/dags/1-bashoperator.py
[2024-06-05 17:16:31,818] {logging_mixin.py:115} INFO - [2024-06-05 17:16:31,817] {dag.py:2420} INFO - Sync 1 DAGs
[2024-06-05 17:16:31,834] {logging_mixin.py:115} INFO - [2024-06-05 17:16:31,834] {dag.py:2972} INFO - Setting next_dagrun for bashoperator to 2024-05-15T00:00:00+00:00, run_after=2024-05-16T00:00:00+00:00
[2024-06-05 17:16:31,845] {processor.py:161} INFO - Processing /opt/airflow/dags/1-bashoperator.py took 0.058 seconds
[2024-06-05 17:17:02,171] {processor.py:153} INFO - Started process (PID=1089) to work on /opt/airflow/dags/1-bashoperator.py
[2024-06-05 17:17:02,172] {processor.py:641} INFO - Processing file /opt/airflow/dags/1-bashoperator.py for tasks to queue
[2024-06-05 17:17:02,172] {logging_mixin.py:115} INFO - [2024-06-05 17:17:02,172] {dagbag.py:508} INFO - Filling up the DagBag from /opt/airflow/dags/1-bashoperator.py
[2024-06-05 17:17:02,176] {processor.py:651} INFO - DAG(s) dict_keys(['bashoperator']) retrieved from /opt/airflow/dags/1-bashoperator.py
[2024-06-05 17:17:02,198] {logging_mixin.py:115} INFO - [2024-06-05 17:17:02,198] {dag.py:2420} INFO - Sync 1 DAGs
[2024-06-05 17:17:02,215] {logging_mixin.py:115} INFO - [2024-06-05 17:17:02,215] {dag.py:2972} INFO - Setting next_dagrun for bashoperator to 2024-05-15T00:00:00+00:00, run_after=2024-05-16T00:00:00+00:00
[2024-06-05 17:17:02,227] {processor.py:161} INFO - Processing /opt/airflow/dags/1-bashoperator.py took 0.059 seconds
[2024-06-05 17:17:32,719] {processor.py:153} INFO - Started process (PID=1124) to work on /opt/airflow/dags/1-bashoperator.py
[2024-06-05 17:17:32,720] {processor.py:641} INFO - Processing file /opt/airflow/dags/1-bashoperator.py for tasks to queue
[2024-06-05 17:17:32,720] {logging_mixin.py:115} INFO - [2024-06-05 17:17:32,720] {dagbag.py:508} INFO - Filling up the DagBag from /opt/airflow/dags/1-bashoperator.py
[2024-06-05 17:17:32,725] {processor.py:651} INFO - DAG(s) dict_keys(['bashoperator']) retrieved from /opt/airflow/dags/1-bashoperator.py
[2024-06-05 17:17:32,747] {logging_mixin.py:115} INFO - [2024-06-05 17:17:32,746] {dag.py:2420} INFO - Sync 1 DAGs
[2024-06-05 17:17:32,765] {logging_mixin.py:115} INFO - [2024-06-05 17:17:32,765] {dag.py:2972} INFO - Setting next_dagrun for bashoperator to 2024-05-15T00:00:00+00:00, run_after=2024-05-16T00:00:00+00:00
[2024-06-05 17:17:32,778] {processor.py:161} INFO - Processing /opt/airflow/dags/1-bashoperator.py took 0.062 seconds
[2024-06-05 17:18:03,195] {processor.py:153} INFO - Started process (PID=1159) to work on /opt/airflow/dags/1-bashoperator.py
[2024-06-05 17:18:03,196] {processor.py:641} INFO - Processing file /opt/airflow/dags/1-bashoperator.py for tasks to queue
[2024-06-05 17:18:03,197] {logging_mixin.py:115} INFO - [2024-06-05 17:18:03,196] {dagbag.py:508} INFO - Filling up the DagBag from /opt/airflow/dags/1-bashoperator.py
[2024-06-05 17:18:03,201] {processor.py:651} INFO - DAG(s) dict_keys(['bashoperator']) retrieved from /opt/airflow/dags/1-bashoperator.py
[2024-06-05 17:18:03,233] {logging_mixin.py:115} INFO - [2024-06-05 17:18:03,233] {dag.py:2420} INFO - Sync 1 DAGs
[2024-06-05 17:18:03,254] {logging_mixin.py:115} INFO - [2024-06-05 17:18:03,254] {dag.py:2972} INFO - Setting next_dagrun for bashoperator to 2024-05-15T00:00:00+00:00, run_after=2024-05-16T00:00:00+00:00
[2024-06-05 17:18:03,267] {processor.py:161} INFO - Processing /opt/airflow/dags/1-bashoperator.py took 0.074 seconds
[2024-06-05 17:18:33,651] {processor.py:153} INFO - Started process (PID=1184) to work on /opt/airflow/dags/1-bashoperator.py
[2024-06-05 17:18:33,651] {processor.py:641} INFO - Processing file /opt/airflow/dags/1-bashoperator.py for tasks to queue
[2024-06-05 17:18:33,651] {logging_mixin.py:115} INFO - [2024-06-05 17:18:33,651] {dagbag.py:508} INFO - Filling up the DagBag from /opt/airflow/dags/1-bashoperator.py
[2024-06-05 17:18:33,657] {processor.py:651} INFO - DAG(s) dict_keys(['bashoperator']) retrieved from /opt/airflow/dags/1-bashoperator.py
[2024-06-05 17:18:33,677] {logging_mixin.py:115} INFO - [2024-06-05 17:18:33,677] {dag.py:2420} INFO - Sync 1 DAGs
[2024-06-05 17:18:33,697] {logging_mixin.py:115} INFO - [2024-06-05 17:18:33,697] {dag.py:2972} INFO - Setting next_dagrun for bashoperator to 2024-05-15T00:00:00+00:00, run_after=2024-05-16T00:00:00+00:00
[2024-06-05 17:18:33,708] {processor.py:161} INFO - Processing /opt/airflow/dags/1-bashoperator.py took 0.060 seconds
[2024-06-05 17:19:04,087] {processor.py:153} INFO - Started process (PID=1219) to work on /opt/airflow/dags/1-bashoperator.py
[2024-06-05 17:19:04,087] {processor.py:641} INFO - Processing file /opt/airflow/dags/1-bashoperator.py for tasks to queue
[2024-06-05 17:19:04,088] {logging_mixin.py:115} INFO - [2024-06-05 17:19:04,088] {dagbag.py:508} INFO - Filling up the DagBag from /opt/airflow/dags/1-bashoperator.py
[2024-06-05 17:19:04,093] {processor.py:651} INFO - DAG(s) dict_keys(['bashoperator']) retrieved from /opt/airflow/dags/1-bashoperator.py
[2024-06-05 17:19:04,112] {logging_mixin.py:115} INFO - [2024-06-05 17:19:04,112] {dag.py:2420} INFO - Sync 1 DAGs
[2024-06-05 17:19:04,133] {logging_mixin.py:115} INFO - [2024-06-05 17:19:04,133] {dag.py:2972} INFO - Setting next_dagrun for bashoperator to 2024-05-15T00:00:00+00:00, run_after=2024-05-16T00:00:00+00:00
[2024-06-05 17:19:04,143] {processor.py:161} INFO - Processing /opt/airflow/dags/1-bashoperator.py took 0.060 seconds
[2024-06-05 17:19:34,532] {processor.py:153} INFO - Started process (PID=1254) to work on /opt/airflow/dags/1-bashoperator.py
[2024-06-05 17:19:34,532] {processor.py:641} INFO - Processing file /opt/airflow/dags/1-bashoperator.py for tasks to queue
[2024-06-05 17:19:34,533] {logging_mixin.py:115} INFO - [2024-06-05 17:19:34,533] {dagbag.py:508} INFO - Filling up the DagBag from /opt/airflow/dags/1-bashoperator.py
[2024-06-05 17:19:34,538] {processor.py:651} INFO - DAG(s) dict_keys(['bashoperator']) retrieved from /opt/airflow/dags/1-bashoperator.py
[2024-06-05 17:19:34,559] {logging_mixin.py:115} INFO - [2024-06-05 17:19:34,559] {dag.py:2420} INFO - Sync 1 DAGs
[2024-06-05 17:19:34,575] {logging_mixin.py:115} INFO - [2024-06-05 17:19:34,575] {dag.py:2972} INFO - Setting next_dagrun for bashoperator to 2024-05-15T00:00:00+00:00, run_after=2024-05-16T00:00:00+00:00
[2024-06-05 17:19:34,588] {processor.py:161} INFO - Processing /opt/airflow/dags/1-bashoperator.py took 0.059 seconds
[2024-06-05 17:20:05,004] {processor.py:153} INFO - Started process (PID=1289) to work on /opt/airflow/dags/1-bashoperator.py
[2024-06-05 17:20:05,005] {processor.py:641} INFO - Processing file /opt/airflow/dags/1-bashoperator.py for tasks to queue
[2024-06-05 17:20:05,006] {logging_mixin.py:115} INFO - [2024-06-05 17:20:05,005] {dagbag.py:508} INFO - Filling up the DagBag from /opt/airflow/dags/1-bashoperator.py
[2024-06-05 17:20:05,012] {processor.py:651} INFO - DAG(s) dict_keys(['bashoperator']) retrieved from /opt/airflow/dags/1-bashoperator.py
[2024-06-05 17:20:05,036] {logging_mixin.py:115} INFO - [2024-06-05 17:20:05,036] {dag.py:2420} INFO - Sync 1 DAGs
[2024-06-05 17:20:05,056] {logging_mixin.py:115} INFO - [2024-06-05 17:20:05,056] {dag.py:2972} INFO - Setting next_dagrun for bashoperator to 2024-05-15T00:00:00+00:00, run_after=2024-05-16T00:00:00+00:00
[2024-06-05 17:20:05,067] {processor.py:161} INFO - Processing /opt/airflow/dags/1-bashoperator.py took 0.067 seconds
[2024-06-05 17:20:35,477] {processor.py:153} INFO - Started process (PID=1315) to work on /opt/airflow/dags/1-bashoperator.py
[2024-06-05 17:20:35,478] {processor.py:641} INFO - Processing file /opt/airflow/dags/1-bashoperator.py for tasks to queue
[2024-06-05 17:20:35,480] {logging_mixin.py:115} INFO - [2024-06-05 17:20:35,480] {dagbag.py:508} INFO - Filling up the DagBag from /opt/airflow/dags/1-bashoperator.py
[2024-06-05 17:20:35,489] {processor.py:651} INFO - DAG(s) dict_keys(['bashoperator']) retrieved from /opt/airflow/dags/1-bashoperator.py
[2024-06-05 17:20:35,520] {logging_mixin.py:115} INFO - [2024-06-05 17:20:35,520] {dag.py:2420} INFO - Sync 1 DAGs
[2024-06-05 17:20:35,538] {logging_mixin.py:115} INFO - [2024-06-05 17:20:35,538] {dag.py:2972} INFO - Setting next_dagrun for bashoperator to 2024-05-15T00:00:00+00:00, run_after=2024-05-16T00:00:00+00:00
[2024-06-05 17:20:35,549] {processor.py:161} INFO - Processing /opt/airflow/dags/1-bashoperator.py took 0.075 seconds
[2024-06-05 17:21:05,889] {processor.py:153} INFO - Started process (PID=1350) to work on /opt/airflow/dags/1-bashoperator.py
[2024-06-05 17:21:05,890] {processor.py:641} INFO - Processing file /opt/airflow/dags/1-bashoperator.py for tasks to queue
[2024-06-05 17:21:05,891] {logging_mixin.py:115} INFO - [2024-06-05 17:21:05,891] {dagbag.py:508} INFO - Filling up the DagBag from /opt/airflow/dags/1-bashoperator.py
[2024-06-05 17:21:05,900] {processor.py:651} INFO - DAG(s) dict_keys(['bashoperator']) retrieved from /opt/airflow/dags/1-bashoperator.py
[2024-06-05 17:21:05,933] {logging_mixin.py:115} INFO - [2024-06-05 17:21:05,933] {dag.py:2420} INFO - Sync 1 DAGs
[2024-06-05 17:21:05,963] {logging_mixin.py:115} INFO - [2024-06-05 17:21:05,963] {dag.py:2972} INFO - Setting next_dagrun for bashoperator to 2024-05-15T00:00:00+00:00, run_after=2024-05-16T00:00:00+00:00
[2024-06-05 17:21:05,979] {processor.py:161} INFO - Processing /opt/airflow/dags/1-bashoperator.py took 0.095 seconds
[2024-06-05 17:21:36,280] {processor.py:153} INFO - Started process (PID=1385) to work on /opt/airflow/dags/1-bashoperator.py
[2024-06-05 17:21:36,281] {processor.py:641} INFO - Processing file /opt/airflow/dags/1-bashoperator.py for tasks to queue
[2024-06-05 17:21:36,282] {logging_mixin.py:115} INFO - [2024-06-05 17:21:36,282] {dagbag.py:508} INFO - Filling up the DagBag from /opt/airflow/dags/1-bashoperator.py
[2024-06-05 17:21:36,286] {processor.py:651} INFO - DAG(s) dict_keys(['bashoperator']) retrieved from /opt/airflow/dags/1-bashoperator.py
[2024-06-05 17:21:36,309] {logging_mixin.py:115} INFO - [2024-06-05 17:21:36,309] {dag.py:2420} INFO - Sync 1 DAGs
[2024-06-05 17:21:36,326] {logging_mixin.py:115} INFO - [2024-06-05 17:21:36,325] {dag.py:2972} INFO - Setting next_dagrun for bashoperator to 2024-05-15T00:00:00+00:00, run_after=2024-05-16T00:00:00+00:00
[2024-06-05 17:21:36,339] {processor.py:161} INFO - Processing /opt/airflow/dags/1-bashoperator.py took 0.064 seconds
[2024-06-05 17:22:06,751] {processor.py:153} INFO - Started process (PID=1420) to work on /opt/airflow/dags/1-bashoperator.py
[2024-06-05 17:22:06,752] {processor.py:641} INFO - Processing file /opt/airflow/dags/1-bashoperator.py for tasks to queue
[2024-06-05 17:22:06,752] {logging_mixin.py:115} INFO - [2024-06-05 17:22:06,752] {dagbag.py:508} INFO - Filling up the DagBag from /opt/airflow/dags/1-bashoperator.py
[2024-06-05 17:22:06,757] {processor.py:651} INFO - DAG(s) dict_keys(['bashoperator']) retrieved from /opt/airflow/dags/1-bashoperator.py
[2024-06-05 17:22:06,780] {logging_mixin.py:115} INFO - [2024-06-05 17:22:06,780] {dag.py:2420} INFO - Sync 1 DAGs
[2024-06-05 17:22:06,798] {logging_mixin.py:115} INFO - [2024-06-05 17:22:06,798] {dag.py:2972} INFO - Setting next_dagrun for bashoperator to 2024-05-15T00:00:00+00:00, run_after=2024-05-16T00:00:00+00:00
[2024-06-05 17:22:06,810] {processor.py:161} INFO - Processing /opt/airflow/dags/1-bashoperator.py took 0.061 seconds
[2024-06-05 17:22:37,194] {processor.py:153} INFO - Started process (PID=1446) to work on /opt/airflow/dags/1-bashoperator.py
[2024-06-05 17:22:37,194] {processor.py:641} INFO - Processing file /opt/airflow/dags/1-bashoperator.py for tasks to queue
[2024-06-05 17:22:37,195] {logging_mixin.py:115} INFO - [2024-06-05 17:22:37,195] {dagbag.py:508} INFO - Filling up the DagBag from /opt/airflow/dags/1-bashoperator.py
[2024-06-05 17:22:37,202] {processor.py:651} INFO - DAG(s) dict_keys(['bashoperator']) retrieved from /opt/airflow/dags/1-bashoperator.py
[2024-06-05 17:22:37,222] {logging_mixin.py:115} INFO - [2024-06-05 17:22:37,222] {dag.py:2420} INFO - Sync 1 DAGs
[2024-06-05 17:22:37,241] {logging_mixin.py:115} INFO - [2024-06-05 17:22:37,241] {dag.py:2972} INFO - Setting next_dagrun for bashoperator to 2024-05-15T00:00:00+00:00, run_after=2024-05-16T00:00:00+00:00
[2024-06-05 17:22:37,254] {processor.py:161} INFO - Processing /opt/airflow/dags/1-bashoperator.py took 0.062 seconds
[2024-06-05 17:23:07,624] {processor.py:153} INFO - Started process (PID=1481) to work on /opt/airflow/dags/1-bashoperator.py
[2024-06-05 17:23:07,625] {processor.py:641} INFO - Processing file /opt/airflow/dags/1-bashoperator.py for tasks to queue
[2024-06-05 17:23:07,628] {logging_mixin.py:115} INFO - [2024-06-05 17:23:07,628] {dagbag.py:508} INFO - Filling up the DagBag from /opt/airflow/dags/1-bashoperator.py
[2024-06-05 17:23:07,633] {processor.py:651} INFO - DAG(s) dict_keys(['bashoperator']) retrieved from /opt/airflow/dags/1-bashoperator.py
[2024-06-05 17:23:07,657] {logging_mixin.py:115} INFO - [2024-06-05 17:23:07,657] {dag.py:2420} INFO - Sync 1 DAGs
[2024-06-05 17:23:07,681] {logging_mixin.py:115} INFO - [2024-06-05 17:23:07,680] {dag.py:2972} INFO - Setting next_dagrun for bashoperator to 2024-05-15T00:00:00+00:00, run_after=2024-05-16T00:00:00+00:00
[2024-06-05 17:23:07,694] {processor.py:161} INFO - Processing /opt/airflow/dags/1-bashoperator.py took 0.073 seconds
[2024-06-05 17:23:38,066] {processor.py:153} INFO - Started process (PID=1516) to work on /opt/airflow/dags/1-bashoperator.py
[2024-06-05 17:23:38,067] {processor.py:641} INFO - Processing file /opt/airflow/dags/1-bashoperator.py for tasks to queue
[2024-06-05 17:23:38,067] {logging_mixin.py:115} INFO - [2024-06-05 17:23:38,067] {dagbag.py:508} INFO - Filling up the DagBag from /opt/airflow/dags/1-bashoperator.py
[2024-06-05 17:23:38,072] {processor.py:651} INFO - DAG(s) dict_keys(['bashoperator']) retrieved from /opt/airflow/dags/1-bashoperator.py
[2024-06-05 17:23:38,097] {logging_mixin.py:115} INFO - [2024-06-05 17:23:38,097] {dag.py:2420} INFO - Sync 1 DAGs
[2024-06-05 17:23:38,116] {logging_mixin.py:115} INFO - [2024-06-05 17:23:38,116] {dag.py:2972} INFO - Setting next_dagrun for bashoperator to 2024-05-15T00:00:00+00:00, run_after=2024-05-16T00:00:00+00:00
[2024-06-05 17:23:38,126] {processor.py:161} INFO - Processing /opt/airflow/dags/1-bashoperator.py took 0.062 seconds
[2024-06-05 17:24:08,528] {processor.py:153} INFO - Started process (PID=1551) to work on /opt/airflow/dags/1-bashoperator.py
[2024-06-05 17:24:08,529] {processor.py:641} INFO - Processing file /opt/airflow/dags/1-bashoperator.py for tasks to queue
[2024-06-05 17:24:08,530] {logging_mixin.py:115} INFO - [2024-06-05 17:24:08,530] {dagbag.py:508} INFO - Filling up the DagBag from /opt/airflow/dags/1-bashoperator.py
[2024-06-05 17:24:08,535] {processor.py:651} INFO - DAG(s) dict_keys(['bashoperator']) retrieved from /opt/airflow/dags/1-bashoperator.py
[2024-06-05 17:24:08,561] {logging_mixin.py:115} INFO - [2024-06-05 17:24:08,561] {dag.py:2420} INFO - Sync 1 DAGs
[2024-06-05 17:24:08,585] {logging_mixin.py:115} INFO - [2024-06-05 17:24:08,585] {dag.py:2972} INFO - Setting next_dagrun for bashoperator to 2024-05-15T00:00:00+00:00, run_after=2024-05-16T00:00:00+00:00
[2024-06-05 17:24:08,602] {processor.py:161} INFO - Processing /opt/airflow/dags/1-bashoperator.py took 0.077 seconds
[2024-06-05 17:24:39,061] {processor.py:153} INFO - Started process (PID=1586) to work on /opt/airflow/dags/1-bashoperator.py
[2024-06-05 17:24:39,062] {processor.py:641} INFO - Processing file /opt/airflow/dags/1-bashoperator.py for tasks to queue
[2024-06-05 17:24:39,063] {logging_mixin.py:115} INFO - [2024-06-05 17:24:39,063] {dagbag.py:508} INFO - Filling up the DagBag from /opt/airflow/dags/1-bashoperator.py
[2024-06-05 17:24:39,071] {processor.py:651} INFO - DAG(s) dict_keys(['bashoperator']) retrieved from /opt/airflow/dags/1-bashoperator.py
[2024-06-05 17:24:39,105] {logging_mixin.py:115} INFO - [2024-06-05 17:24:39,105] {dag.py:2420} INFO - Sync 1 DAGs
[2024-06-05 17:24:39,125] {logging_mixin.py:115} INFO - [2024-06-05 17:24:39,125] {dag.py:2972} INFO - Setting next_dagrun for bashoperator to 2024-05-15T00:00:00+00:00, run_after=2024-05-16T00:00:00+00:00
[2024-06-05 17:24:39,137] {processor.py:161} INFO - Processing /opt/airflow/dags/1-bashoperator.py took 0.080 seconds
[2024-06-05 17:25:09,603] {processor.py:153} INFO - Started process (PID=1611) to work on /opt/airflow/dags/1-bashoperator.py
[2024-06-05 17:25:09,604] {processor.py:641} INFO - Processing file /opt/airflow/dags/1-bashoperator.py for tasks to queue
[2024-06-05 17:25:09,604] {logging_mixin.py:115} INFO - [2024-06-05 17:25:09,604] {dagbag.py:508} INFO - Filling up the DagBag from /opt/airflow/dags/1-bashoperator.py
[2024-06-05 17:25:09,610] {processor.py:651} INFO - DAG(s) dict_keys(['bashoperator']) retrieved from /opt/airflow/dags/1-bashoperator.py
[2024-06-05 17:25:09,643] {logging_mixin.py:115} INFO - [2024-06-05 17:25:09,643] {dag.py:2420} INFO - Sync 1 DAGs
[2024-06-05 17:25:09,675] {logging_mixin.py:115} INFO - [2024-06-05 17:25:09,674] {dag.py:2972} INFO - Setting next_dagrun for bashoperator to 2024-05-15T00:00:00+00:00, run_after=2024-05-16T00:00:00+00:00
[2024-06-05 17:25:09,696] {processor.py:161} INFO - Processing /opt/airflow/dags/1-bashoperator.py took 0.096 seconds
[2024-06-05 17:25:40,164] {processor.py:153} INFO - Started process (PID=1646) to work on /opt/airflow/dags/1-bashoperator.py
[2024-06-05 17:25:40,165] {processor.py:641} INFO - Processing file /opt/airflow/dags/1-bashoperator.py for tasks to queue
[2024-06-05 17:25:40,166] {logging_mixin.py:115} INFO - [2024-06-05 17:25:40,165] {dagbag.py:508} INFO - Filling up the DagBag from /opt/airflow/dags/1-bashoperator.py
[2024-06-05 17:25:40,170] {processor.py:651} INFO - DAG(s) dict_keys(['bashoperator']) retrieved from /opt/airflow/dags/1-bashoperator.py
[2024-06-05 17:25:40,193] {logging_mixin.py:115} INFO - [2024-06-05 17:25:40,193] {dag.py:2420} INFO - Sync 1 DAGs
[2024-06-05 17:25:40,211] {logging_mixin.py:115} INFO - [2024-06-05 17:25:40,211] {dag.py:2972} INFO - Setting next_dagrun for bashoperator to 2024-05-15T00:00:00+00:00, run_after=2024-05-16T00:00:00+00:00
[2024-06-05 17:25:40,223] {processor.py:161} INFO - Processing /opt/airflow/dags/1-bashoperator.py took 0.062 seconds
[2024-06-05 17:26:10,673] {processor.py:153} INFO - Started process (PID=1681) to work on /opt/airflow/dags/1-bashoperator.py
[2024-06-05 17:26:10,674] {processor.py:641} INFO - Processing file /opt/airflow/dags/1-bashoperator.py for tasks to queue
[2024-06-05 17:26:10,678] {logging_mixin.py:115} INFO - [2024-06-05 17:26:10,678] {dagbag.py:508} INFO - Filling up the DagBag from /opt/airflow/dags/1-bashoperator.py
[2024-06-05 17:26:10,687] {processor.py:651} INFO - DAG(s) dict_keys(['bashoperator']) retrieved from /opt/airflow/dags/1-bashoperator.py
[2024-06-05 17:26:10,709] {logging_mixin.py:115} INFO - [2024-06-05 17:26:10,709] {dag.py:2420} INFO - Sync 1 DAGs
[2024-06-05 17:26:10,729] {logging_mixin.py:115} INFO - [2024-06-05 17:26:10,728] {dag.py:2972} INFO - Setting next_dagrun for bashoperator to 2024-05-15T00:00:00+00:00, run_after=2024-05-16T00:00:00+00:00
[2024-06-05 17:26:10,742] {processor.py:161} INFO - Processing /opt/airflow/dags/1-bashoperator.py took 0.071 seconds
[2024-06-05 17:26:41,242] {processor.py:153} INFO - Started process (PID=1716) to work on /opt/airflow/dags/1-bashoperator.py
[2024-06-05 17:26:41,243] {processor.py:641} INFO - Processing file /opt/airflow/dags/1-bashoperator.py for tasks to queue
[2024-06-05 17:26:41,243] {logging_mixin.py:115} INFO - [2024-06-05 17:26:41,243] {dagbag.py:508} INFO - Filling up the DagBag from /opt/airflow/dags/1-bashoperator.py
[2024-06-05 17:26:41,249] {processor.py:651} INFO - DAG(s) dict_keys(['bashoperator']) retrieved from /opt/airflow/dags/1-bashoperator.py
[2024-06-05 17:26:41,272] {logging_mixin.py:115} INFO - [2024-06-05 17:26:41,271] {dag.py:2420} INFO - Sync 1 DAGs
[2024-06-05 17:26:41,297] {logging_mixin.py:115} INFO - [2024-06-05 17:26:41,297] {dag.py:2972} INFO - Setting next_dagrun for bashoperator to 2024-05-15T00:00:00+00:00, run_after=2024-05-16T00:00:00+00:00
[2024-06-05 17:26:41,308] {processor.py:161} INFO - Processing /opt/airflow/dags/1-bashoperator.py took 0.068 seconds
[2024-06-05 17:27:11,645] {processor.py:153} INFO - Started process (PID=1742) to work on /opt/airflow/dags/1-bashoperator.py
[2024-06-05 17:27:11,646] {processor.py:641} INFO - Processing file /opt/airflow/dags/1-bashoperator.py for tasks to queue
[2024-06-05 17:27:11,646] {logging_mixin.py:115} INFO - [2024-06-05 17:27:11,646] {dagbag.py:508} INFO - Filling up the DagBag from /opt/airflow/dags/1-bashoperator.py
[2024-06-05 17:27:11,650] {processor.py:651} INFO - DAG(s) dict_keys(['bashoperator']) retrieved from /opt/airflow/dags/1-bashoperator.py
[2024-06-05 17:27:11,673] {logging_mixin.py:115} INFO - [2024-06-05 17:27:11,673] {dag.py:2420} INFO - Sync 1 DAGs
[2024-06-05 17:27:11,695] {logging_mixin.py:115} INFO - [2024-06-05 17:27:11,695] {dag.py:2972} INFO - Setting next_dagrun for bashoperator to 2024-05-15T00:00:00+00:00, run_after=2024-05-16T00:00:00+00:00
[2024-06-05 17:27:11,707] {processor.py:161} INFO - Processing /opt/airflow/dags/1-bashoperator.py took 0.065 seconds
[2024-06-05 17:27:42,086] {processor.py:153} INFO - Started process (PID=1777) to work on /opt/airflow/dags/1-bashoperator.py
[2024-06-05 17:27:42,086] {processor.py:641} INFO - Processing file /opt/airflow/dags/1-bashoperator.py for tasks to queue
[2024-06-05 17:27:42,086] {logging_mixin.py:115} INFO - [2024-06-05 17:27:42,086] {dagbag.py:508} INFO - Filling up the DagBag from /opt/airflow/dags/1-bashoperator.py
[2024-06-05 17:27:42,090] {processor.py:651} INFO - DAG(s) dict_keys(['bashoperator']) retrieved from /opt/airflow/dags/1-bashoperator.py
[2024-06-05 17:27:42,110] {logging_mixin.py:115} INFO - [2024-06-05 17:27:42,110] {dag.py:2420} INFO - Sync 1 DAGs
[2024-06-05 17:27:42,126] {logging_mixin.py:115} INFO - [2024-06-05 17:27:42,126] {dag.py:2972} INFO - Setting next_dagrun for bashoperator to 2024-05-15T00:00:00+00:00, run_after=2024-05-16T00:00:00+00:00
[2024-06-05 17:27:42,137] {processor.py:161} INFO - Processing /opt/airflow/dags/1-bashoperator.py took 0.054 seconds
[2024-06-05 17:28:12,521] {processor.py:153} INFO - Started process (PID=1812) to work on /opt/airflow/dags/1-bashoperator.py
[2024-06-05 17:28:12,522] {processor.py:641} INFO - Processing file /opt/airflow/dags/1-bashoperator.py for tasks to queue
[2024-06-05 17:28:12,523] {logging_mixin.py:115} INFO - [2024-06-05 17:28:12,523] {dagbag.py:508} INFO - Filling up the DagBag from /opt/airflow/dags/1-bashoperator.py
[2024-06-05 17:28:12,527] {processor.py:651} INFO - DAG(s) dict_keys(['bashoperator']) retrieved from /opt/airflow/dags/1-bashoperator.py
[2024-06-05 17:28:12,550] {logging_mixin.py:115} INFO - [2024-06-05 17:28:12,549] {dag.py:2420} INFO - Sync 1 DAGs
[2024-06-05 17:28:12,569] {logging_mixin.py:115} INFO - [2024-06-05 17:28:12,569] {dag.py:2972} INFO - Setting next_dagrun for bashoperator to 2024-05-15T00:00:00+00:00, run_after=2024-05-16T00:00:00+00:00
[2024-06-05 17:28:12,580] {processor.py:161} INFO - Processing /opt/airflow/dags/1-bashoperator.py took 0.061 seconds
[2024-06-05 17:28:43,014] {processor.py:153} INFO - Started process (PID=1847) to work on /opt/airflow/dags/1-bashoperator.py
[2024-06-05 17:28:43,014] {processor.py:641} INFO - Processing file /opt/airflow/dags/1-bashoperator.py for tasks to queue
[2024-06-05 17:28:43,015] {logging_mixin.py:115} INFO - [2024-06-05 17:28:43,015] {dagbag.py:508} INFO - Filling up the DagBag from /opt/airflow/dags/1-bashoperator.py
[2024-06-05 17:28:43,023] {processor.py:651} INFO - DAG(s) dict_keys(['bashoperator']) retrieved from /opt/airflow/dags/1-bashoperator.py
[2024-06-05 17:28:43,045] {logging_mixin.py:115} INFO - [2024-06-05 17:28:43,045] {dag.py:2420} INFO - Sync 1 DAGs
[2024-06-05 17:28:43,064] {logging_mixin.py:115} INFO - [2024-06-05 17:28:43,064] {dag.py:2972} INFO - Setting next_dagrun for bashoperator to 2024-05-15T00:00:00+00:00, run_after=2024-05-16T00:00:00+00:00
[2024-06-05 17:28:43,079] {processor.py:161} INFO - Processing /opt/airflow/dags/1-bashoperator.py took 0.068 seconds
[2024-06-05 17:29:13,529] {processor.py:153} INFO - Started process (PID=1873) to work on /opt/airflow/dags/1-bashoperator.py
[2024-06-05 17:29:13,530] {processor.py:641} INFO - Processing file /opt/airflow/dags/1-bashoperator.py for tasks to queue
[2024-06-05 17:29:13,530] {logging_mixin.py:115} INFO - [2024-06-05 17:29:13,530] {dagbag.py:508} INFO - Filling up the DagBag from /opt/airflow/dags/1-bashoperator.py
[2024-06-05 17:29:13,536] {processor.py:651} INFO - DAG(s) dict_keys(['bashoperator']) retrieved from /opt/airflow/dags/1-bashoperator.py
[2024-06-05 17:29:13,559] {logging_mixin.py:115} INFO - [2024-06-05 17:29:13,559] {dag.py:2420} INFO - Sync 1 DAGs
[2024-06-05 17:29:13,578] {logging_mixin.py:115} INFO - [2024-06-05 17:29:13,578] {dag.py:2972} INFO - Setting next_dagrun for bashoperator to 2024-05-15T00:00:00+00:00, run_after=2024-05-16T00:00:00+00:00
[2024-06-05 17:29:13,590] {processor.py:161} INFO - Processing /opt/airflow/dags/1-bashoperator.py took 0.063 seconds
[2024-06-05 17:29:44,045] {processor.py:153} INFO - Started process (PID=1907) to work on /opt/airflow/dags/1-bashoperator.py
[2024-06-05 17:29:44,046] {processor.py:641} INFO - Processing file /opt/airflow/dags/1-bashoperator.py for tasks to queue
[2024-06-05 17:29:44,047] {logging_mixin.py:115} INFO - [2024-06-05 17:29:44,047] {dagbag.py:508} INFO - Filling up the DagBag from /opt/airflow/dags/1-bashoperator.py
[2024-06-05 17:29:44,054] {processor.py:651} INFO - DAG(s) dict_keys(['bashoperator']) retrieved from /opt/airflow/dags/1-bashoperator.py
[2024-06-05 17:29:44,076] {logging_mixin.py:115} INFO - [2024-06-05 17:29:44,076] {dag.py:2420} INFO - Sync 1 DAGs
[2024-06-05 17:29:44,097] {logging_mixin.py:115} INFO - [2024-06-05 17:29:44,097] {dag.py:2972} INFO - Setting next_dagrun for bashoperator to 2024-05-15T00:00:00+00:00, run_after=2024-05-16T00:00:00+00:00
[2024-06-05 17:29:44,110] {processor.py:161} INFO - Processing /opt/airflow/dags/1-bashoperator.py took 0.067 seconds
[2024-06-05 17:30:14,508] {processor.py:153} INFO - Started process (PID=1942) to work on /opt/airflow/dags/1-bashoperator.py
[2024-06-05 17:30:14,509] {processor.py:641} INFO - Processing file /opt/airflow/dags/1-bashoperator.py for tasks to queue
[2024-06-05 17:30:14,509] {logging_mixin.py:115} INFO - [2024-06-05 17:30:14,509] {dagbag.py:508} INFO - Filling up the DagBag from /opt/airflow/dags/1-bashoperator.py
[2024-06-05 17:30:14,514] {processor.py:651} INFO - DAG(s) dict_keys(['bashoperator']) retrieved from /opt/airflow/dags/1-bashoperator.py
[2024-06-05 17:30:14,538] {logging_mixin.py:115} INFO - [2024-06-05 17:30:14,538] {dag.py:2420} INFO - Sync 1 DAGs
[2024-06-05 17:30:14,559] {logging_mixin.py:115} INFO - [2024-06-05 17:30:14,559] {dag.py:2972} INFO - Setting next_dagrun for bashoperator to 2024-05-15T00:00:00+00:00, run_after=2024-05-16T00:00:00+00:00
[2024-06-05 17:30:14,571] {processor.py:161} INFO - Processing /opt/airflow/dags/1-bashoperator.py took 0.066 seconds
[2024-06-05 17:30:44,966] {processor.py:153} INFO - Started process (PID=1977) to work on /opt/airflow/dags/1-bashoperator.py
[2024-06-05 17:30:44,966] {processor.py:641} INFO - Processing file /opt/airflow/dags/1-bashoperator.py for tasks to queue
[2024-06-05 17:30:44,967] {logging_mixin.py:115} INFO - [2024-06-05 17:30:44,967] {dagbag.py:508} INFO - Filling up the DagBag from /opt/airflow/dags/1-bashoperator.py
[2024-06-05 17:30:44,973] {processor.py:651} INFO - DAG(s) dict_keys(['bashoperator']) retrieved from /opt/airflow/dags/1-bashoperator.py
[2024-06-05 17:30:44,998] {logging_mixin.py:115} INFO - [2024-06-05 17:30:44,998] {dag.py:2420} INFO - Sync 1 DAGs
[2024-06-05 17:30:45,021] {logging_mixin.py:115} INFO - [2024-06-05 17:30:45,021] {dag.py:2972} INFO - Setting next_dagrun for bashoperator to 2024-05-15T00:00:00+00:00, run_after=2024-05-16T00:00:00+00:00
[2024-06-05 17:30:45,034] {processor.py:161} INFO - Processing /opt/airflow/dags/1-bashoperator.py took 0.071 seconds
[2024-06-05 17:31:15,395] {processor.py:153} INFO - Started process (PID=2003) to work on /opt/airflow/dags/1-bashoperator.py
[2024-06-05 17:31:15,396] {processor.py:641} INFO - Processing file /opt/airflow/dags/1-bashoperator.py for tasks to queue
[2024-06-05 17:31:15,398] {logging_mixin.py:115} INFO - [2024-06-05 17:31:15,397] {dagbag.py:508} INFO - Filling up the DagBag from /opt/airflow/dags/1-bashoperator.py
[2024-06-05 17:31:15,406] {processor.py:651} INFO - DAG(s) dict_keys(['bashoperator']) retrieved from /opt/airflow/dags/1-bashoperator.py
[2024-06-05 17:31:15,426] {logging_mixin.py:115} INFO - [2024-06-05 17:31:15,426] {dag.py:2420} INFO - Sync 1 DAGs
[2024-06-05 17:31:15,445] {logging_mixin.py:115} INFO - [2024-06-05 17:31:15,445] {dag.py:2972} INFO - Setting next_dagrun for bashoperator to 2024-05-15T00:00:00+00:00, run_after=2024-05-16T00:00:00+00:00
[2024-06-05 17:31:15,455] {processor.py:161} INFO - Processing /opt/airflow/dags/1-bashoperator.py took 0.062 seconds
[2024-06-05 17:31:45,802] {processor.py:153} INFO - Started process (PID=2038) to work on /opt/airflow/dags/1-bashoperator.py
[2024-06-05 17:31:45,802] {processor.py:641} INFO - Processing file /opt/airflow/dags/1-bashoperator.py for tasks to queue
[2024-06-05 17:31:45,803] {logging_mixin.py:115} INFO - [2024-06-05 17:31:45,803] {dagbag.py:508} INFO - Filling up the DagBag from /opt/airflow/dags/1-bashoperator.py
[2024-06-05 17:31:45,807] {processor.py:651} INFO - DAG(s) dict_keys(['bashoperator']) retrieved from /opt/airflow/dags/1-bashoperator.py
[2024-06-05 17:31:45,829] {logging_mixin.py:115} INFO - [2024-06-05 17:31:45,828] {dag.py:2420} INFO - Sync 1 DAGs
[2024-06-05 17:31:45,844] {logging_mixin.py:115} INFO - [2024-06-05 17:31:45,844] {dag.py:2972} INFO - Setting next_dagrun for bashoperator to 2024-05-15T00:00:00+00:00, run_after=2024-05-16T00:00:00+00:00
[2024-06-05 17:31:45,852] {processor.py:161} INFO - Processing /opt/airflow/dags/1-bashoperator.py took 0.053 seconds
[2024-06-05 17:32:16,195] {processor.py:153} INFO - Started process (PID=2073) to work on /opt/airflow/dags/1-bashoperator.py
[2024-06-05 17:32:16,195] {processor.py:641} INFO - Processing file /opt/airflow/dags/1-bashoperator.py for tasks to queue
[2024-06-05 17:32:16,196] {logging_mixin.py:115} INFO - [2024-06-05 17:32:16,195] {dagbag.py:508} INFO - Filling up the DagBag from /opt/airflow/dags/1-bashoperator.py
[2024-06-05 17:32:16,199] {processor.py:651} INFO - DAG(s) dict_keys(['bashoperator']) retrieved from /opt/airflow/dags/1-bashoperator.py
[2024-06-05 17:32:16,216] {logging_mixin.py:115} INFO - [2024-06-05 17:32:16,215] {dag.py:2420} INFO - Sync 1 DAGs
[2024-06-05 17:32:16,233] {logging_mixin.py:115} INFO - [2024-06-05 17:32:16,232] {dag.py:2972} INFO - Setting next_dagrun for bashoperator to 2024-05-15T00:00:00+00:00, run_after=2024-05-16T00:00:00+00:00
[2024-06-05 17:32:16,243] {processor.py:161} INFO - Processing /opt/airflow/dags/1-bashoperator.py took 0.051 seconds
