[2024-06-05 17:00:19,194] {processor.py:153} INFO - Started process (PID=42) to work on /opt/airflow/dags/2-pythonoperator.py
[2024-06-05 17:00:19,195] {processor.py:641} INFO - Processing file /opt/airflow/dags/2-pythonoperator.py for tasks to queue
[2024-06-05 17:00:19,196] {logging_mixin.py:115} INFO - [2024-06-05 17:00:19,195] {dagbag.py:508} INFO - Filling up the DagBag from /opt/airflow/dags/2-pythonoperator.py
[2024-06-05 17:00:19,207] {processor.py:651} INFO - DAG(s) dict_keys(['python_operator']) retrieved from /opt/airflow/dags/2-pythonoperator.py
[2024-06-05 17:00:19,232] {logging_mixin.py:115} INFO - [2024-06-05 17:00:19,232] {dag.py:2420} INFO - Sync 1 DAGs
[2024-06-05 17:00:19,410] {logging_mixin.py:115} INFO - [2024-06-05 17:00:19,409] {dag.py:2972} INFO - Setting next_dagrun for python_operator to None, run_after=None
[2024-06-05 17:00:19,425] {processor.py:161} INFO - Processing /opt/airflow/dags/2-pythonoperator.py took 0.235 seconds
[2024-06-05 17:00:50,199] {processor.py:153} INFO - Started process (PID=77) to work on /opt/airflow/dags/2-pythonoperator.py
[2024-06-05 17:00:50,199] {processor.py:641} INFO - Processing file /opt/airflow/dags/2-pythonoperator.py for tasks to queue
[2024-06-05 17:00:50,200] {logging_mixin.py:115} INFO - [2024-06-05 17:00:50,200] {dagbag.py:508} INFO - Filling up the DagBag from /opt/airflow/dags/2-pythonoperator.py
[2024-06-05 17:00:50,206] {processor.py:651} INFO - DAG(s) dict_keys(['python_operator']) retrieved from /opt/airflow/dags/2-pythonoperator.py
[2024-06-05 17:00:50,234] {logging_mixin.py:115} INFO - [2024-06-05 17:00:50,234] {dag.py:2420} INFO - Sync 1 DAGs
[2024-06-05 17:00:50,349] {logging_mixin.py:115} INFO - [2024-06-05 17:00:50,349] {dag.py:2972} INFO - Setting next_dagrun for python_operator to None, run_after=None
[2024-06-05 17:00:50,360] {processor.py:161} INFO - Processing /opt/airflow/dags/2-pythonoperator.py took 0.163 seconds
[2024-06-05 17:01:16,457] {processor.py:153} INFO - Started process (PID=42) to work on /opt/airflow/dags/2-pythonoperator.py
[2024-06-05 17:01:16,459] {processor.py:641} INFO - Processing file /opt/airflow/dags/2-pythonoperator.py for tasks to queue
[2024-06-05 17:01:16,460] {logging_mixin.py:115} INFO - [2024-06-05 17:01:16,460] {dagbag.py:508} INFO - Filling up the DagBag from /opt/airflow/dags/2-pythonoperator.py
[2024-06-05 17:01:16,465] {processor.py:651} INFO - DAG(s) dict_keys(['python_operator']) retrieved from /opt/airflow/dags/2-pythonoperator.py
[2024-06-05 17:01:16,488] {logging_mixin.py:115} INFO - [2024-06-05 17:01:16,488] {dag.py:2420} INFO - Sync 1 DAGs
[2024-06-05 17:01:16,676] {logging_mixin.py:115} INFO - [2024-06-05 17:01:16,676] {dag.py:2972} INFO - Setting next_dagrun for python_operator to None, run_after=None
[2024-06-05 17:01:16,713] {processor.py:161} INFO - Processing /opt/airflow/dags/2-pythonoperator.py took 0.258 seconds
[2024-06-05 17:01:47,470] {processor.py:153} INFO - Started process (PID=106) to work on /opt/airflow/dags/2-pythonoperator.py
[2024-06-05 17:01:47,471] {processor.py:641} INFO - Processing file /opt/airflow/dags/2-pythonoperator.py for tasks to queue
[2024-06-05 17:01:47,472] {logging_mixin.py:115} INFO - [2024-06-05 17:01:47,472] {dagbag.py:508} INFO - Filling up the DagBag from /opt/airflow/dags/2-pythonoperator.py
[2024-06-05 17:01:47,478] {processor.py:651} INFO - DAG(s) dict_keys(['python_operator']) retrieved from /opt/airflow/dags/2-pythonoperator.py
[2024-06-05 17:01:47,500] {logging_mixin.py:115} INFO - [2024-06-05 17:01:47,500] {dag.py:2420} INFO - Sync 1 DAGs
[2024-06-05 17:01:47,626] {logging_mixin.py:115} INFO - [2024-06-05 17:01:47,626] {dag.py:2972} INFO - Setting next_dagrun for python_operator to None, run_after=None
[2024-06-05 17:01:47,640] {processor.py:161} INFO - Processing /opt/airflow/dags/2-pythonoperator.py took 0.172 seconds
[2024-06-05 17:02:18,498] {processor.py:153} INFO - Started process (PID=141) to work on /opt/airflow/dags/2-pythonoperator.py
[2024-06-05 17:02:18,498] {processor.py:641} INFO - Processing file /opt/airflow/dags/2-pythonoperator.py for tasks to queue
[2024-06-05 17:02:18,499] {logging_mixin.py:115} INFO - [2024-06-05 17:02:18,499] {dagbag.py:508} INFO - Filling up the DagBag from /opt/airflow/dags/2-pythonoperator.py
[2024-06-05 17:02:18,507] {processor.py:651} INFO - DAG(s) dict_keys(['python_operator']) retrieved from /opt/airflow/dags/2-pythonoperator.py
[2024-06-05 17:02:18,639] {logging_mixin.py:115} INFO - [2024-06-05 17:02:18,638] {dag.py:2420} INFO - Sync 1 DAGs
[2024-06-05 17:02:18,653] {logging_mixin.py:115} INFO - [2024-06-05 17:02:18,653] {dag.py:2972} INFO - Setting next_dagrun for python_operator to None, run_after=None
[2024-06-05 17:02:18,664] {processor.py:161} INFO - Processing /opt/airflow/dags/2-pythonoperator.py took 0.169 seconds
[2024-06-05 17:02:49,139] {processor.py:153} INFO - Started process (PID=167) to work on /opt/airflow/dags/2-pythonoperator.py
[2024-06-05 17:02:49,140] {processor.py:641} INFO - Processing file /opt/airflow/dags/2-pythonoperator.py for tasks to queue
[2024-06-05 17:02:49,140] {logging_mixin.py:115} INFO - [2024-06-05 17:02:49,140] {dagbag.py:508} INFO - Filling up the DagBag from /opt/airflow/dags/2-pythonoperator.py
[2024-06-05 17:02:49,146] {processor.py:651} INFO - DAG(s) dict_keys(['python_operator']) retrieved from /opt/airflow/dags/2-pythonoperator.py
[2024-06-05 17:02:49,167] {logging_mixin.py:115} INFO - [2024-06-05 17:02:49,166] {dag.py:2420} INFO - Sync 1 DAGs
[2024-06-05 17:02:49,186] {logging_mixin.py:115} INFO - [2024-06-05 17:02:49,186] {dag.py:2972} INFO - Setting next_dagrun for python_operator to None, run_after=None
[2024-06-05 17:02:49,198] {processor.py:161} INFO - Processing /opt/airflow/dags/2-pythonoperator.py took 0.062 seconds
[2024-06-05 17:03:19,516] {processor.py:153} INFO - Started process (PID=202) to work on /opt/airflow/dags/2-pythonoperator.py
[2024-06-05 17:03:19,517] {processor.py:641} INFO - Processing file /opt/airflow/dags/2-pythonoperator.py for tasks to queue
[2024-06-05 17:03:19,518] {logging_mixin.py:115} INFO - [2024-06-05 17:03:19,518] {dagbag.py:508} INFO - Filling up the DagBag from /opt/airflow/dags/2-pythonoperator.py
[2024-06-05 17:03:19,523] {processor.py:651} INFO - DAG(s) dict_keys(['python_operator']) retrieved from /opt/airflow/dags/2-pythonoperator.py
[2024-06-05 17:03:19,544] {logging_mixin.py:115} INFO - [2024-06-05 17:03:19,544] {dag.py:2420} INFO - Sync 1 DAGs
[2024-06-05 17:03:19,562] {logging_mixin.py:115} INFO - [2024-06-05 17:03:19,562] {dag.py:2972} INFO - Setting next_dagrun for python_operator to None, run_after=None
[2024-06-05 17:03:19,572] {processor.py:161} INFO - Processing /opt/airflow/dags/2-pythonoperator.py took 0.058 seconds
[2024-06-05 17:03:49,953] {processor.py:153} INFO - Started process (PID=237) to work on /opt/airflow/dags/2-pythonoperator.py
[2024-06-05 17:03:49,954] {processor.py:641} INFO - Processing file /opt/airflow/dags/2-pythonoperator.py for tasks to queue
[2024-06-05 17:03:49,955] {logging_mixin.py:115} INFO - [2024-06-05 17:03:49,955] {dagbag.py:508} INFO - Filling up the DagBag from /opt/airflow/dags/2-pythonoperator.py
[2024-06-05 17:03:49,966] {processor.py:651} INFO - DAG(s) dict_keys(['python_operator']) retrieved from /opt/airflow/dags/2-pythonoperator.py
[2024-06-05 17:03:49,986] {logging_mixin.py:115} INFO - [2024-06-05 17:03:49,985] {dag.py:2420} INFO - Sync 1 DAGs
[2024-06-05 17:03:50,004] {logging_mixin.py:115} INFO - [2024-06-05 17:03:50,004] {dag.py:2972} INFO - Setting next_dagrun for python_operator to None, run_after=None
[2024-06-05 17:03:50,016] {processor.py:161} INFO - Processing /opt/airflow/dags/2-pythonoperator.py took 0.066 seconds
[2024-06-05 17:04:20,449] {processor.py:153} INFO - Started process (PID=272) to work on /opt/airflow/dags/2-pythonoperator.py
[2024-06-05 17:04:20,449] {processor.py:641} INFO - Processing file /opt/airflow/dags/2-pythonoperator.py for tasks to queue
[2024-06-05 17:04:20,450] {logging_mixin.py:115} INFO - [2024-06-05 17:04:20,450] {dagbag.py:508} INFO - Filling up the DagBag from /opt/airflow/dags/2-pythonoperator.py
[2024-06-05 17:04:20,456] {processor.py:651} INFO - DAG(s) dict_keys(['python_operator']) retrieved from /opt/airflow/dags/2-pythonoperator.py
[2024-06-05 17:04:20,477] {logging_mixin.py:115} INFO - [2024-06-05 17:04:20,477] {dag.py:2420} INFO - Sync 1 DAGs
[2024-06-05 17:04:20,494] {logging_mixin.py:115} INFO - [2024-06-05 17:04:20,494] {dag.py:2972} INFO - Setting next_dagrun for python_operator to None, run_after=None
[2024-06-05 17:04:20,504] {processor.py:161} INFO - Processing /opt/airflow/dags/2-pythonoperator.py took 0.057 seconds
[2024-06-05 17:04:50,997] {processor.py:153} INFO - Started process (PID=307) to work on /opt/airflow/dags/2-pythonoperator.py
[2024-06-05 17:04:50,998] {processor.py:641} INFO - Processing file /opt/airflow/dags/2-pythonoperator.py for tasks to queue
[2024-06-05 17:04:50,998] {logging_mixin.py:115} INFO - [2024-06-05 17:04:50,998] {dagbag.py:508} INFO - Filling up the DagBag from /opt/airflow/dags/2-pythonoperator.py
[2024-06-05 17:04:51,011] {processor.py:651} INFO - DAG(s) dict_keys(['python_operator']) retrieved from /opt/airflow/dags/2-pythonoperator.py
[2024-06-05 17:04:51,033] {logging_mixin.py:115} INFO - [2024-06-05 17:04:51,033] {dag.py:2420} INFO - Sync 1 DAGs
[2024-06-05 17:04:51,054] {logging_mixin.py:115} INFO - [2024-06-05 17:04:51,054] {dag.py:2972} INFO - Setting next_dagrun for python_operator to None, run_after=None
[2024-06-05 17:04:51,064] {processor.py:161} INFO - Processing /opt/airflow/dags/2-pythonoperator.py took 0.070 seconds
[2024-06-05 17:05:21,496] {processor.py:153} INFO - Started process (PID=333) to work on /opt/airflow/dags/2-pythonoperator.py
[2024-06-05 17:05:21,496] {processor.py:641} INFO - Processing file /opt/airflow/dags/2-pythonoperator.py for tasks to queue
[2024-06-05 17:05:21,497] {logging_mixin.py:115} INFO - [2024-06-05 17:05:21,497] {dagbag.py:508} INFO - Filling up the DagBag from /opt/airflow/dags/2-pythonoperator.py
[2024-06-05 17:05:21,503] {processor.py:651} INFO - DAG(s) dict_keys(['python_operator']) retrieved from /opt/airflow/dags/2-pythonoperator.py
[2024-06-05 17:05:21,523] {logging_mixin.py:115} INFO - [2024-06-05 17:05:21,523] {dag.py:2420} INFO - Sync 1 DAGs
[2024-06-05 17:05:21,539] {logging_mixin.py:115} INFO - [2024-06-05 17:05:21,539] {dag.py:2972} INFO - Setting next_dagrun for python_operator to None, run_after=None
[2024-06-05 17:05:21,547] {processor.py:161} INFO - Processing /opt/airflow/dags/2-pythonoperator.py took 0.054 seconds
[2024-06-05 17:05:52,001] {processor.py:153} INFO - Started process (PID=368) to work on /opt/airflow/dags/2-pythonoperator.py
[2024-06-05 17:05:52,002] {processor.py:641} INFO - Processing file /opt/airflow/dags/2-pythonoperator.py for tasks to queue
[2024-06-05 17:05:52,002] {logging_mixin.py:115} INFO - [2024-06-05 17:05:52,002] {dagbag.py:508} INFO - Filling up the DagBag from /opt/airflow/dags/2-pythonoperator.py
[2024-06-05 17:05:52,008] {processor.py:651} INFO - DAG(s) dict_keys(['python_operator']) retrieved from /opt/airflow/dags/2-pythonoperator.py
[2024-06-05 17:05:52,034] {logging_mixin.py:115} INFO - [2024-06-05 17:05:52,033] {dag.py:2420} INFO - Sync 1 DAGs
[2024-06-05 17:05:52,052] {logging_mixin.py:115} INFO - [2024-06-05 17:05:52,052] {dag.py:2972} INFO - Setting next_dagrun for python_operator to None, run_after=None
[2024-06-05 17:05:52,062] {processor.py:161} INFO - Processing /opt/airflow/dags/2-pythonoperator.py took 0.063 seconds
[2024-06-05 17:06:22,466] {processor.py:153} INFO - Started process (PID=403) to work on /opt/airflow/dags/2-pythonoperator.py
[2024-06-05 17:06:22,467] {processor.py:641} INFO - Processing file /opt/airflow/dags/2-pythonoperator.py for tasks to queue
[2024-06-05 17:06:22,467] {logging_mixin.py:115} INFO - [2024-06-05 17:06:22,467] {dagbag.py:508} INFO - Filling up the DagBag from /opt/airflow/dags/2-pythonoperator.py
[2024-06-05 17:06:22,474] {processor.py:651} INFO - DAG(s) dict_keys(['python_operator']) retrieved from /opt/airflow/dags/2-pythonoperator.py
[2024-06-05 17:06:22,497] {logging_mixin.py:115} INFO - [2024-06-05 17:06:22,497] {dag.py:2420} INFO - Sync 1 DAGs
[2024-06-05 17:06:22,515] {logging_mixin.py:115} INFO - [2024-06-05 17:06:22,515] {dag.py:2972} INFO - Setting next_dagrun for python_operator to None, run_after=None
[2024-06-05 17:06:22,529] {processor.py:161} INFO - Processing /opt/airflow/dags/2-pythonoperator.py took 0.065 seconds
[2024-06-05 17:06:52,916] {processor.py:153} INFO - Started process (PID=438) to work on /opt/airflow/dags/2-pythonoperator.py
[2024-06-05 17:06:52,916] {processor.py:641} INFO - Processing file /opt/airflow/dags/2-pythonoperator.py for tasks to queue
[2024-06-05 17:06:52,917] {logging_mixin.py:115} INFO - [2024-06-05 17:06:52,917] {dagbag.py:508} INFO - Filling up the DagBag from /opt/airflow/dags/2-pythonoperator.py
[2024-06-05 17:06:52,924] {processor.py:651} INFO - DAG(s) dict_keys(['python_operator']) retrieved from /opt/airflow/dags/2-pythonoperator.py
[2024-06-05 17:06:52,944] {logging_mixin.py:115} INFO - [2024-06-05 17:06:52,944] {dag.py:2420} INFO - Sync 1 DAGs
[2024-06-05 17:06:52,960] {logging_mixin.py:115} INFO - [2024-06-05 17:06:52,960] {dag.py:2972} INFO - Setting next_dagrun for python_operator to None, run_after=None
[2024-06-05 17:06:52,969] {processor.py:161} INFO - Processing /opt/airflow/dags/2-pythonoperator.py took 0.056 seconds
[2024-06-05 17:07:23,398] {processor.py:153} INFO - Started process (PID=464) to work on /opt/airflow/dags/2-pythonoperator.py
[2024-06-05 17:07:23,399] {processor.py:641} INFO - Processing file /opt/airflow/dags/2-pythonoperator.py for tasks to queue
[2024-06-05 17:07:23,400] {logging_mixin.py:115} INFO - [2024-06-05 17:07:23,400] {dagbag.py:508} INFO - Filling up the DagBag from /opt/airflow/dags/2-pythonoperator.py
[2024-06-05 17:07:23,405] {processor.py:651} INFO - DAG(s) dict_keys(['python_operator']) retrieved from /opt/airflow/dags/2-pythonoperator.py
[2024-06-05 17:07:23,423] {logging_mixin.py:115} INFO - [2024-06-05 17:07:23,423] {dag.py:2420} INFO - Sync 1 DAGs
[2024-06-05 17:07:23,438] {logging_mixin.py:115} INFO - [2024-06-05 17:07:23,438] {dag.py:2972} INFO - Setting next_dagrun for python_operator to None, run_after=None
[2024-06-05 17:07:23,446] {processor.py:161} INFO - Processing /opt/airflow/dags/2-pythonoperator.py took 0.050 seconds
[2024-06-05 17:07:53,830] {processor.py:153} INFO - Started process (PID=499) to work on /opt/airflow/dags/2-pythonoperator.py
[2024-06-05 17:07:53,830] {processor.py:641} INFO - Processing file /opt/airflow/dags/2-pythonoperator.py for tasks to queue
[2024-06-05 17:07:53,831] {logging_mixin.py:115} INFO - [2024-06-05 17:07:53,831] {dagbag.py:508} INFO - Filling up the DagBag from /opt/airflow/dags/2-pythonoperator.py
[2024-06-05 17:07:53,837] {processor.py:651} INFO - DAG(s) dict_keys(['python_operator']) retrieved from /opt/airflow/dags/2-pythonoperator.py
[2024-06-05 17:07:53,861] {logging_mixin.py:115} INFO - [2024-06-05 17:07:53,861] {dag.py:2420} INFO - Sync 1 DAGs
[2024-06-05 17:07:53,875] {logging_mixin.py:115} INFO - [2024-06-05 17:07:53,875] {dag.py:2972} INFO - Setting next_dagrun for python_operator to None, run_after=None
[2024-06-05 17:07:53,886] {processor.py:161} INFO - Processing /opt/airflow/dags/2-pythonoperator.py took 0.058 seconds
[2024-06-05 17:08:24,280] {processor.py:153} INFO - Started process (PID=534) to work on /opt/airflow/dags/2-pythonoperator.py
[2024-06-05 17:08:24,281] {processor.py:641} INFO - Processing file /opt/airflow/dags/2-pythonoperator.py for tasks to queue
[2024-06-05 17:08:24,282] {logging_mixin.py:115} INFO - [2024-06-05 17:08:24,282] {dagbag.py:508} INFO - Filling up the DagBag from /opt/airflow/dags/2-pythonoperator.py
[2024-06-05 17:08:24,292] {processor.py:651} INFO - DAG(s) dict_keys(['python_operator']) retrieved from /opt/airflow/dags/2-pythonoperator.py
[2024-06-05 17:08:24,322] {logging_mixin.py:115} INFO - [2024-06-05 17:08:24,322] {dag.py:2420} INFO - Sync 1 DAGs
[2024-06-05 17:08:24,342] {logging_mixin.py:115} INFO - [2024-06-05 17:08:24,342] {dag.py:2972} INFO - Setting next_dagrun for python_operator to None, run_after=None
[2024-06-05 17:08:24,354] {processor.py:161} INFO - Processing /opt/airflow/dags/2-pythonoperator.py took 0.077 seconds
[2024-06-05 17:08:54,677] {processor.py:153} INFO - Started process (PID=569) to work on /opt/airflow/dags/2-pythonoperator.py
[2024-06-05 17:08:54,678] {processor.py:641} INFO - Processing file /opt/airflow/dags/2-pythonoperator.py for tasks to queue
[2024-06-05 17:08:54,681] {logging_mixin.py:115} INFO - [2024-06-05 17:08:54,681] {dagbag.py:508} INFO - Filling up the DagBag from /opt/airflow/dags/2-pythonoperator.py
[2024-06-05 17:08:54,687] {processor.py:651} INFO - DAG(s) dict_keys(['python_operator']) retrieved from /opt/airflow/dags/2-pythonoperator.py
[2024-06-05 17:08:54,707] {logging_mixin.py:115} INFO - [2024-06-05 17:08:54,707] {dag.py:2420} INFO - Sync 1 DAGs
[2024-06-05 17:08:54,725] {logging_mixin.py:115} INFO - [2024-06-05 17:08:54,725] {dag.py:2972} INFO - Setting next_dagrun for python_operator to None, run_after=None
[2024-06-05 17:08:54,737] {processor.py:161} INFO - Processing /opt/airflow/dags/2-pythonoperator.py took 0.064 seconds
[2024-06-05 17:09:25,189] {processor.py:153} INFO - Started process (PID=602) to work on /opt/airflow/dags/2-pythonoperator.py
[2024-06-05 17:09:25,189] {processor.py:641} INFO - Processing file /opt/airflow/dags/2-pythonoperator.py for tasks to queue
[2024-06-05 17:09:25,190] {logging_mixin.py:115} INFO - [2024-06-05 17:09:25,190] {dagbag.py:508} INFO - Filling up the DagBag from /opt/airflow/dags/2-pythonoperator.py
[2024-06-05 17:09:25,195] {processor.py:651} INFO - DAG(s) dict_keys(['python_operator']) retrieved from /opt/airflow/dags/2-pythonoperator.py
[2024-06-05 17:09:25,221] {logging_mixin.py:115} INFO - [2024-06-05 17:09:25,221] {dag.py:2420} INFO - Sync 1 DAGs
[2024-06-05 17:09:25,248] {logging_mixin.py:115} INFO - [2024-06-05 17:09:25,248] {dag.py:2972} INFO - Setting next_dagrun for python_operator to None, run_after=None
[2024-06-05 17:09:25,259] {processor.py:161} INFO - Processing /opt/airflow/dags/2-pythonoperator.py took 0.073 seconds
[2024-06-05 17:09:55,631] {processor.py:153} INFO - Started process (PID=630) to work on /opt/airflow/dags/2-pythonoperator.py
[2024-06-05 17:09:55,631] {processor.py:641} INFO - Processing file /opt/airflow/dags/2-pythonoperator.py for tasks to queue
[2024-06-05 17:09:55,632] {logging_mixin.py:115} INFO - [2024-06-05 17:09:55,632] {dagbag.py:508} INFO - Filling up the DagBag from /opt/airflow/dags/2-pythonoperator.py
[2024-06-05 17:09:55,640] {processor.py:651} INFO - DAG(s) dict_keys(['python_operator']) retrieved from /opt/airflow/dags/2-pythonoperator.py
[2024-06-05 17:09:55,659] {logging_mixin.py:115} INFO - [2024-06-05 17:09:55,659] {dag.py:2420} INFO - Sync 1 DAGs
[2024-06-05 17:09:55,674] {logging_mixin.py:115} INFO - [2024-06-05 17:09:55,674] {dag.py:2972} INFO - Setting next_dagrun for python_operator to None, run_after=None
[2024-06-05 17:09:55,684] {processor.py:161} INFO - Processing /opt/airflow/dags/2-pythonoperator.py took 0.055 seconds
[2024-06-05 17:10:26,129] {processor.py:153} INFO - Started process (PID=664) to work on /opt/airflow/dags/2-pythonoperator.py
[2024-06-05 17:10:26,130] {processor.py:641} INFO - Processing file /opt/airflow/dags/2-pythonoperator.py for tasks to queue
[2024-06-05 17:10:26,130] {logging_mixin.py:115} INFO - [2024-06-05 17:10:26,130] {dagbag.py:508} INFO - Filling up the DagBag from /opt/airflow/dags/2-pythonoperator.py
[2024-06-05 17:10:26,135] {processor.py:651} INFO - DAG(s) dict_keys(['python_operator']) retrieved from /opt/airflow/dags/2-pythonoperator.py
[2024-06-05 17:10:26,154] {logging_mixin.py:115} INFO - [2024-06-05 17:10:26,154] {dag.py:2420} INFO - Sync 1 DAGs
[2024-06-05 17:10:26,169] {logging_mixin.py:115} INFO - [2024-06-05 17:10:26,169] {dag.py:2972} INFO - Setting next_dagrun for python_operator to None, run_after=None
[2024-06-05 17:10:26,184] {processor.py:161} INFO - Processing /opt/airflow/dags/2-pythonoperator.py took 0.057 seconds
[2024-06-05 17:10:56,558] {processor.py:153} INFO - Started process (PID=699) to work on /opt/airflow/dags/2-pythonoperator.py
[2024-06-05 17:10:56,561] {processor.py:641} INFO - Processing file /opt/airflow/dags/2-pythonoperator.py for tasks to queue
[2024-06-05 17:10:56,562] {logging_mixin.py:115} INFO - [2024-06-05 17:10:56,562] {dagbag.py:508} INFO - Filling up the DagBag from /opt/airflow/dags/2-pythonoperator.py
[2024-06-05 17:10:56,567] {processor.py:651} INFO - DAG(s) dict_keys(['python_operator']) retrieved from /opt/airflow/dags/2-pythonoperator.py
[2024-06-05 17:10:56,585] {logging_mixin.py:115} INFO - [2024-06-05 17:10:56,585] {dag.py:2420} INFO - Sync 1 DAGs
[2024-06-05 17:10:56,603] {logging_mixin.py:115} INFO - [2024-06-05 17:10:56,603] {dag.py:2972} INFO - Setting next_dagrun for python_operator to None, run_after=None
[2024-06-05 17:10:56,612] {processor.py:161} INFO - Processing /opt/airflow/dags/2-pythonoperator.py took 0.056 seconds
[2024-06-05 17:11:27,028] {processor.py:153} INFO - Started process (PID=733) to work on /opt/airflow/dags/2-pythonoperator.py
[2024-06-05 17:11:27,028] {processor.py:641} INFO - Processing file /opt/airflow/dags/2-pythonoperator.py for tasks to queue
[2024-06-05 17:11:27,028] {logging_mixin.py:115} INFO - [2024-06-05 17:11:27,028] {dagbag.py:508} INFO - Filling up the DagBag from /opt/airflow/dags/2-pythonoperator.py
[2024-06-05 17:11:27,033] {processor.py:651} INFO - DAG(s) dict_keys(['python_operator']) retrieved from /opt/airflow/dags/2-pythonoperator.py
[2024-06-05 17:11:27,053] {logging_mixin.py:115} INFO - [2024-06-05 17:11:27,053] {dag.py:2420} INFO - Sync 1 DAGs
[2024-06-05 17:11:27,071] {logging_mixin.py:115} INFO - [2024-06-05 17:11:27,071] {dag.py:2972} INFO - Setting next_dagrun for python_operator to None, run_after=None
[2024-06-05 17:11:27,081] {processor.py:161} INFO - Processing /opt/airflow/dags/2-pythonoperator.py took 0.056 seconds
[2024-06-05 17:11:57,420] {processor.py:153} INFO - Started process (PID=758) to work on /opt/airflow/dags/2-pythonoperator.py
[2024-06-05 17:11:57,422] {processor.py:641} INFO - Processing file /opt/airflow/dags/2-pythonoperator.py for tasks to queue
[2024-06-05 17:11:57,422] {logging_mixin.py:115} INFO - [2024-06-05 17:11:57,422] {dagbag.py:508} INFO - Filling up the DagBag from /opt/airflow/dags/2-pythonoperator.py
[2024-06-05 17:11:57,427] {processor.py:651} INFO - DAG(s) dict_keys(['python_operator']) retrieved from /opt/airflow/dags/2-pythonoperator.py
[2024-06-05 17:11:57,451] {logging_mixin.py:115} INFO - [2024-06-05 17:11:57,451] {dag.py:2420} INFO - Sync 1 DAGs
[2024-06-05 17:11:57,472] {logging_mixin.py:115} INFO - [2024-06-05 17:11:57,472] {dag.py:2972} INFO - Setting next_dagrun for python_operator to None, run_after=None
[2024-06-05 17:11:57,484] {processor.py:161} INFO - Processing /opt/airflow/dags/2-pythonoperator.py took 0.066 seconds
[2024-06-05 17:12:27,885] {processor.py:153} INFO - Started process (PID=793) to work on /opt/airflow/dags/2-pythonoperator.py
[2024-06-05 17:12:27,886] {processor.py:641} INFO - Processing file /opt/airflow/dags/2-pythonoperator.py for tasks to queue
[2024-06-05 17:12:27,886] {logging_mixin.py:115} INFO - [2024-06-05 17:12:27,886] {dagbag.py:508} INFO - Filling up the DagBag from /opt/airflow/dags/2-pythonoperator.py
[2024-06-05 17:12:27,895] {processor.py:651} INFO - DAG(s) dict_keys(['python_operator']) retrieved from /opt/airflow/dags/2-pythonoperator.py
[2024-06-05 17:12:27,915] {logging_mixin.py:115} INFO - [2024-06-05 17:12:27,915] {dag.py:2420} INFO - Sync 1 DAGs
[2024-06-05 17:12:27,932] {logging_mixin.py:115} INFO - [2024-06-05 17:12:27,932] {dag.py:2972} INFO - Setting next_dagrun for python_operator to None, run_after=None
[2024-06-05 17:12:27,944] {processor.py:161} INFO - Processing /opt/airflow/dags/2-pythonoperator.py took 0.061 seconds
[2024-06-05 17:12:58,393] {processor.py:153} INFO - Started process (PID=828) to work on /opt/airflow/dags/2-pythonoperator.py
[2024-06-05 17:12:58,394] {processor.py:641} INFO - Processing file /opt/airflow/dags/2-pythonoperator.py for tasks to queue
[2024-06-05 17:12:58,394] {logging_mixin.py:115} INFO - [2024-06-05 17:12:58,394] {dagbag.py:508} INFO - Filling up the DagBag from /opt/airflow/dags/2-pythonoperator.py
[2024-06-05 17:12:58,401] {processor.py:651} INFO - DAG(s) dict_keys(['python_operator']) retrieved from /opt/airflow/dags/2-pythonoperator.py
[2024-06-05 17:12:58,423] {logging_mixin.py:115} INFO - [2024-06-05 17:12:58,423] {dag.py:2420} INFO - Sync 1 DAGs
[2024-06-05 17:12:58,441] {logging_mixin.py:115} INFO - [2024-06-05 17:12:58,441] {dag.py:2972} INFO - Setting next_dagrun for python_operator to None, run_after=None
[2024-06-05 17:12:58,451] {processor.py:161} INFO - Processing /opt/airflow/dags/2-pythonoperator.py took 0.060 seconds
[2024-06-05 17:13:28,863] {processor.py:153} INFO - Started process (PID=862) to work on /opt/airflow/dags/2-pythonoperator.py
[2024-06-05 17:13:28,863] {processor.py:641} INFO - Processing file /opt/airflow/dags/2-pythonoperator.py for tasks to queue
[2024-06-05 17:13:28,864] {logging_mixin.py:115} INFO - [2024-06-05 17:13:28,864] {dagbag.py:508} INFO - Filling up the DagBag from /opt/airflow/dags/2-pythonoperator.py
[2024-06-05 17:13:28,871] {processor.py:651} INFO - DAG(s) dict_keys(['python_operator']) retrieved from /opt/airflow/dags/2-pythonoperator.py
[2024-06-05 17:13:28,892] {logging_mixin.py:115} INFO - [2024-06-05 17:13:28,892] {dag.py:2420} INFO - Sync 1 DAGs
[2024-06-05 17:13:28,912] {logging_mixin.py:115} INFO - [2024-06-05 17:13:28,912] {dag.py:2972} INFO - Setting next_dagrun for python_operator to None, run_after=None
[2024-06-05 17:13:28,927] {processor.py:161} INFO - Processing /opt/airflow/dags/2-pythonoperator.py took 0.066 seconds
[2024-06-05 17:13:59,345] {processor.py:153} INFO - Started process (PID=888) to work on /opt/airflow/dags/2-pythonoperator.py
[2024-06-05 17:13:59,345] {processor.py:641} INFO - Processing file /opt/airflow/dags/2-pythonoperator.py for tasks to queue
[2024-06-05 17:13:59,346] {logging_mixin.py:115} INFO - [2024-06-05 17:13:59,346] {dagbag.py:508} INFO - Filling up the DagBag from /opt/airflow/dags/2-pythonoperator.py
[2024-06-05 17:13:59,352] {processor.py:651} INFO - DAG(s) dict_keys(['python_operator']) retrieved from /opt/airflow/dags/2-pythonoperator.py
[2024-06-05 17:13:59,378] {logging_mixin.py:115} INFO - [2024-06-05 17:13:59,378] {dag.py:2420} INFO - Sync 1 DAGs
[2024-06-05 17:13:59,402] {logging_mixin.py:115} INFO - [2024-06-05 17:13:59,402] {dag.py:2972} INFO - Setting next_dagrun for python_operator to None, run_after=None
[2024-06-05 17:13:59,415] {processor.py:161} INFO - Processing /opt/airflow/dags/2-pythonoperator.py took 0.073 seconds
[2024-06-05 17:14:29,880] {processor.py:153} INFO - Started process (PID=923) to work on /opt/airflow/dags/2-pythonoperator.py
[2024-06-05 17:14:29,881] {processor.py:641} INFO - Processing file /opt/airflow/dags/2-pythonoperator.py for tasks to queue
[2024-06-05 17:14:29,881] {logging_mixin.py:115} INFO - [2024-06-05 17:14:29,881] {dagbag.py:508} INFO - Filling up the DagBag from /opt/airflow/dags/2-pythonoperator.py
[2024-06-05 17:14:29,890] {processor.py:651} INFO - DAG(s) dict_keys(['python_operator']) retrieved from /opt/airflow/dags/2-pythonoperator.py
[2024-06-05 17:14:29,916] {logging_mixin.py:115} INFO - [2024-06-05 17:14:29,916] {dag.py:2420} INFO - Sync 1 DAGs
[2024-06-05 17:14:29,935] {logging_mixin.py:115} INFO - [2024-06-05 17:14:29,935] {dag.py:2972} INFO - Setting next_dagrun for python_operator to None, run_after=None
[2024-06-05 17:14:29,944] {processor.py:161} INFO - Processing /opt/airflow/dags/2-pythonoperator.py took 0.067 seconds
[2024-06-05 17:15:00,279] {processor.py:153} INFO - Started process (PID=958) to work on /opt/airflow/dags/2-pythonoperator.py
[2024-06-05 17:15:00,282] {processor.py:641} INFO - Processing file /opt/airflow/dags/2-pythonoperator.py for tasks to queue
[2024-06-05 17:15:00,283] {logging_mixin.py:115} INFO - [2024-06-05 17:15:00,283] {dagbag.py:508} INFO - Filling up the DagBag from /opt/airflow/dags/2-pythonoperator.py
[2024-06-05 17:15:00,289] {processor.py:651} INFO - DAG(s) dict_keys(['python_operator']) retrieved from /opt/airflow/dags/2-pythonoperator.py
[2024-06-05 17:15:00,311] {logging_mixin.py:115} INFO - [2024-06-05 17:15:00,311] {dag.py:2420} INFO - Sync 1 DAGs
[2024-06-05 17:15:00,336] {logging_mixin.py:115} INFO - [2024-06-05 17:15:00,336] {dag.py:2972} INFO - Setting next_dagrun for python_operator to None, run_after=None
[2024-06-05 17:15:00,353] {processor.py:161} INFO - Processing /opt/airflow/dags/2-pythonoperator.py took 0.076 seconds
[2024-06-05 17:15:30,747] {processor.py:153} INFO - Started process (PID=993) to work on /opt/airflow/dags/2-pythonoperator.py
[2024-06-05 17:15:30,748] {processor.py:641} INFO - Processing file /opt/airflow/dags/2-pythonoperator.py for tasks to queue
[2024-06-05 17:15:30,749] {logging_mixin.py:115} INFO - [2024-06-05 17:15:30,749] {dagbag.py:508} INFO - Filling up the DagBag from /opt/airflow/dags/2-pythonoperator.py
[2024-06-05 17:15:30,758] {processor.py:651} INFO - DAG(s) dict_keys(['python_operator']) retrieved from /opt/airflow/dags/2-pythonoperator.py
[2024-06-05 17:15:30,779] {logging_mixin.py:115} INFO - [2024-06-05 17:15:30,779] {dag.py:2420} INFO - Sync 1 DAGs
[2024-06-05 17:15:30,796] {logging_mixin.py:115} INFO - [2024-06-05 17:15:30,796] {dag.py:2972} INFO - Setting next_dagrun for python_operator to None, run_after=None
[2024-06-05 17:15:30,807] {processor.py:161} INFO - Processing /opt/airflow/dags/2-pythonoperator.py took 0.063 seconds
[2024-06-05 17:16:01,264] {processor.py:153} INFO - Started process (PID=1018) to work on /opt/airflow/dags/2-pythonoperator.py
[2024-06-05 17:16:01,264] {processor.py:641} INFO - Processing file /opt/airflow/dags/2-pythonoperator.py for tasks to queue
[2024-06-05 17:16:01,265] {logging_mixin.py:115} INFO - [2024-06-05 17:16:01,265] {dagbag.py:508} INFO - Filling up the DagBag from /opt/airflow/dags/2-pythonoperator.py
[2024-06-05 17:16:01,270] {processor.py:651} INFO - DAG(s) dict_keys(['python_operator']) retrieved from /opt/airflow/dags/2-pythonoperator.py
[2024-06-05 17:16:01,290] {logging_mixin.py:115} INFO - [2024-06-05 17:16:01,290] {dag.py:2420} INFO - Sync 1 DAGs
[2024-06-05 17:16:01,311] {logging_mixin.py:115} INFO - [2024-06-05 17:16:01,310] {dag.py:2972} INFO - Setting next_dagrun for python_operator to None, run_after=None
[2024-06-05 17:16:01,327] {processor.py:161} INFO - Processing /opt/airflow/dags/2-pythonoperator.py took 0.066 seconds
[2024-06-05 17:16:31,704] {processor.py:153} INFO - Started process (PID=1053) to work on /opt/airflow/dags/2-pythonoperator.py
[2024-06-05 17:16:31,704] {processor.py:641} INFO - Processing file /opt/airflow/dags/2-pythonoperator.py for tasks to queue
[2024-06-05 17:16:31,705] {logging_mixin.py:115} INFO - [2024-06-05 17:16:31,705] {dagbag.py:508} INFO - Filling up the DagBag from /opt/airflow/dags/2-pythonoperator.py
[2024-06-05 17:16:31,712] {processor.py:651} INFO - DAG(s) dict_keys(['python_operator']) retrieved from /opt/airflow/dags/2-pythonoperator.py
[2024-06-05 17:16:31,733] {logging_mixin.py:115} INFO - [2024-06-05 17:16:31,733] {dag.py:2420} INFO - Sync 1 DAGs
[2024-06-05 17:16:31,753] {logging_mixin.py:115} INFO - [2024-06-05 17:16:31,753] {dag.py:2972} INFO - Setting next_dagrun for python_operator to None, run_after=None
[2024-06-05 17:16:31,771] {processor.py:161} INFO - Processing /opt/airflow/dags/2-pythonoperator.py took 0.070 seconds
[2024-06-05 17:17:02,100] {processor.py:153} INFO - Started process (PID=1088) to work on /opt/airflow/dags/2-pythonoperator.py
[2024-06-05 17:17:02,101] {processor.py:641} INFO - Processing file /opt/airflow/dags/2-pythonoperator.py for tasks to queue
[2024-06-05 17:17:02,101] {logging_mixin.py:115} INFO - [2024-06-05 17:17:02,101] {dagbag.py:508} INFO - Filling up the DagBag from /opt/airflow/dags/2-pythonoperator.py
[2024-06-05 17:17:02,106] {processor.py:651} INFO - DAG(s) dict_keys(['python_operator']) retrieved from /opt/airflow/dags/2-pythonoperator.py
[2024-06-05 17:17:02,130] {logging_mixin.py:115} INFO - [2024-06-05 17:17:02,130] {dag.py:2420} INFO - Sync 1 DAGs
[2024-06-05 17:17:02,148] {logging_mixin.py:115} INFO - [2024-06-05 17:17:02,148] {dag.py:2972} INFO - Setting next_dagrun for python_operator to None, run_after=None
[2024-06-05 17:17:02,158] {processor.py:161} INFO - Processing /opt/airflow/dags/2-pythonoperator.py took 0.061 seconds
[2024-06-05 17:17:32,640] {processor.py:153} INFO - Started process (PID=1123) to work on /opt/airflow/dags/2-pythonoperator.py
[2024-06-05 17:17:32,641] {processor.py:641} INFO - Processing file /opt/airflow/dags/2-pythonoperator.py for tasks to queue
[2024-06-05 17:17:32,642] {logging_mixin.py:115} INFO - [2024-06-05 17:17:32,641] {dagbag.py:508} INFO - Filling up the DagBag from /opt/airflow/dags/2-pythonoperator.py
[2024-06-05 17:17:32,647] {processor.py:651} INFO - DAG(s) dict_keys(['python_operator']) retrieved from /opt/airflow/dags/2-pythonoperator.py
[2024-06-05 17:17:32,669] {logging_mixin.py:115} INFO - [2024-06-05 17:17:32,669] {dag.py:2420} INFO - Sync 1 DAGs
[2024-06-05 17:17:32,687] {logging_mixin.py:115} INFO - [2024-06-05 17:17:32,687] {dag.py:2972} INFO - Setting next_dagrun for python_operator to None, run_after=None
[2024-06-05 17:17:32,701] {processor.py:161} INFO - Processing /opt/airflow/dags/2-pythonoperator.py took 0.063 seconds
[2024-06-05 17:18:03,122] {processor.py:153} INFO - Started process (PID=1158) to work on /opt/airflow/dags/2-pythonoperator.py
[2024-06-05 17:18:03,122] {processor.py:641} INFO - Processing file /opt/airflow/dags/2-pythonoperator.py for tasks to queue
[2024-06-05 17:18:03,123] {logging_mixin.py:115} INFO - [2024-06-05 17:18:03,123] {dagbag.py:508} INFO - Filling up the DagBag from /opt/airflow/dags/2-pythonoperator.py
[2024-06-05 17:18:03,129] {processor.py:651} INFO - DAG(s) dict_keys(['python_operator']) retrieved from /opt/airflow/dags/2-pythonoperator.py
[2024-06-05 17:18:03,152] {logging_mixin.py:115} INFO - [2024-06-05 17:18:03,152] {dag.py:2420} INFO - Sync 1 DAGs
[2024-06-05 17:18:03,171] {logging_mixin.py:115} INFO - [2024-06-05 17:18:03,171] {dag.py:2972} INFO - Setting next_dagrun for python_operator to None, run_after=None
[2024-06-05 17:18:03,182] {processor.py:161} INFO - Processing /opt/airflow/dags/2-pythonoperator.py took 0.062 seconds
[2024-06-05 17:18:33,583] {processor.py:153} INFO - Started process (PID=1183) to work on /opt/airflow/dags/2-pythonoperator.py
[2024-06-05 17:18:33,583] {processor.py:641} INFO - Processing file /opt/airflow/dags/2-pythonoperator.py for tasks to queue
[2024-06-05 17:18:33,584] {logging_mixin.py:115} INFO - [2024-06-05 17:18:33,584] {dagbag.py:508} INFO - Filling up the DagBag from /opt/airflow/dags/2-pythonoperator.py
[2024-06-05 17:18:33,590] {processor.py:651} INFO - DAG(s) dict_keys(['python_operator']) retrieved from /opt/airflow/dags/2-pythonoperator.py
[2024-06-05 17:18:33,614] {logging_mixin.py:115} INFO - [2024-06-05 17:18:33,614] {dag.py:2420} INFO - Sync 1 DAGs
[2024-06-05 17:18:33,631] {logging_mixin.py:115} INFO - [2024-06-05 17:18:33,631] {dag.py:2972} INFO - Setting next_dagrun for python_operator to None, run_after=None
[2024-06-05 17:18:33,642] {processor.py:161} INFO - Processing /opt/airflow/dags/2-pythonoperator.py took 0.062 seconds
[2024-06-05 17:19:04,083] {processor.py:153} INFO - Started process (PID=1218) to work on /opt/airflow/dags/2-pythonoperator.py
[2024-06-05 17:19:04,083] {processor.py:641} INFO - Processing file /opt/airflow/dags/2-pythonoperator.py for tasks to queue
[2024-06-05 17:19:04,084] {logging_mixin.py:115} INFO - [2024-06-05 17:19:04,084] {dagbag.py:508} INFO - Filling up the DagBag from /opt/airflow/dags/2-pythonoperator.py
[2024-06-05 17:19:04,090] {processor.py:651} INFO - DAG(s) dict_keys(['python_operator']) retrieved from /opt/airflow/dags/2-pythonoperator.py
[2024-06-05 17:19:04,112] {logging_mixin.py:115} INFO - [2024-06-05 17:19:04,112] {dag.py:2420} INFO - Sync 1 DAGs
[2024-06-05 17:19:04,130] {logging_mixin.py:115} INFO - [2024-06-05 17:19:04,130] {dag.py:2972} INFO - Setting next_dagrun for python_operator to None, run_after=None
[2024-06-05 17:19:04,139] {processor.py:161} INFO - Processing /opt/airflow/dags/2-pythonoperator.py took 0.058 seconds
[2024-06-05 17:19:34,527] {processor.py:153} INFO - Started process (PID=1253) to work on /opt/airflow/dags/2-pythonoperator.py
[2024-06-05 17:19:34,528] {processor.py:641} INFO - Processing file /opt/airflow/dags/2-pythonoperator.py for tasks to queue
[2024-06-05 17:19:34,528] {logging_mixin.py:115} INFO - [2024-06-05 17:19:34,528] {dagbag.py:508} INFO - Filling up the DagBag from /opt/airflow/dags/2-pythonoperator.py
[2024-06-05 17:19:34,533] {processor.py:651} INFO - DAG(s) dict_keys(['python_operator']) retrieved from /opt/airflow/dags/2-pythonoperator.py
[2024-06-05 17:19:34,554] {logging_mixin.py:115} INFO - [2024-06-05 17:19:34,554] {dag.py:2420} INFO - Sync 1 DAGs
[2024-06-05 17:19:34,570] {logging_mixin.py:115} INFO - [2024-06-05 17:19:34,570] {dag.py:2972} INFO - Setting next_dagrun for python_operator to None, run_after=None
[2024-06-05 17:19:34,579] {processor.py:161} INFO - Processing /opt/airflow/dags/2-pythonoperator.py took 0.055 seconds
[2024-06-05 17:20:04,950] {processor.py:153} INFO - Started process (PID=1288) to work on /opt/airflow/dags/2-pythonoperator.py
[2024-06-05 17:20:04,951] {processor.py:641} INFO - Processing file /opt/airflow/dags/2-pythonoperator.py for tasks to queue
[2024-06-05 17:20:04,951] {logging_mixin.py:115} INFO - [2024-06-05 17:20:04,951] {dagbag.py:508} INFO - Filling up the DagBag from /opt/airflow/dags/2-pythonoperator.py
[2024-06-05 17:20:04,957] {processor.py:651} INFO - DAG(s) dict_keys(['python_operator']) retrieved from /opt/airflow/dags/2-pythonoperator.py
[2024-06-05 17:20:04,979] {logging_mixin.py:115} INFO - [2024-06-05 17:20:04,979] {dag.py:2420} INFO - Sync 1 DAGs
[2024-06-05 17:20:04,995] {logging_mixin.py:115} INFO - [2024-06-05 17:20:04,995] {dag.py:2972} INFO - Setting next_dagrun for python_operator to None, run_after=None
[2024-06-05 17:20:05,008] {processor.py:161} INFO - Processing /opt/airflow/dags/2-pythonoperator.py took 0.060 seconds
[2024-06-05 17:20:35,409] {processor.py:153} INFO - Started process (PID=1314) to work on /opt/airflow/dags/2-pythonoperator.py
[2024-06-05 17:20:35,410] {processor.py:641} INFO - Processing file /opt/airflow/dags/2-pythonoperator.py for tasks to queue
[2024-06-05 17:20:35,410] {logging_mixin.py:115} INFO - [2024-06-05 17:20:35,410] {dagbag.py:508} INFO - Filling up the DagBag from /opt/airflow/dags/2-pythonoperator.py
[2024-06-05 17:20:35,420] {processor.py:651} INFO - DAG(s) dict_keys(['python_operator']) retrieved from /opt/airflow/dags/2-pythonoperator.py
[2024-06-05 17:20:35,441] {logging_mixin.py:115} INFO - [2024-06-05 17:20:35,441] {dag.py:2420} INFO - Sync 1 DAGs
[2024-06-05 17:20:35,462] {logging_mixin.py:115} INFO - [2024-06-05 17:20:35,461] {dag.py:2972} INFO - Setting next_dagrun for python_operator to None, run_after=None
[2024-06-05 17:20:35,476] {processor.py:161} INFO - Processing /opt/airflow/dags/2-pythonoperator.py took 0.070 seconds
[2024-06-05 17:21:05,812] {processor.py:153} INFO - Started process (PID=1349) to work on /opt/airflow/dags/2-pythonoperator.py
[2024-06-05 17:21:05,812] {processor.py:641} INFO - Processing file /opt/airflow/dags/2-pythonoperator.py for tasks to queue
[2024-06-05 17:21:05,813] {logging_mixin.py:115} INFO - [2024-06-05 17:21:05,813] {dagbag.py:508} INFO - Filling up the DagBag from /opt/airflow/dags/2-pythonoperator.py
[2024-06-05 17:21:05,820] {processor.py:651} INFO - DAG(s) dict_keys(['python_operator']) retrieved from /opt/airflow/dags/2-pythonoperator.py
[2024-06-05 17:21:05,839] {logging_mixin.py:115} INFO - [2024-06-05 17:21:05,839] {dag.py:2420} INFO - Sync 1 DAGs
[2024-06-05 17:21:05,856] {logging_mixin.py:115} INFO - [2024-06-05 17:21:05,856] {dag.py:2972} INFO - Setting next_dagrun for python_operator to None, run_after=None
[2024-06-05 17:21:05,870] {processor.py:161} INFO - Processing /opt/airflow/dags/2-pythonoperator.py took 0.061 seconds
[2024-06-05 17:21:36,270] {processor.py:153} INFO - Started process (PID=1384) to work on /opt/airflow/dags/2-pythonoperator.py
[2024-06-05 17:21:36,270] {processor.py:641} INFO - Processing file /opt/airflow/dags/2-pythonoperator.py for tasks to queue
[2024-06-05 17:21:36,270] {logging_mixin.py:115} INFO - [2024-06-05 17:21:36,270] {dagbag.py:508} INFO - Filling up the DagBag from /opt/airflow/dags/2-pythonoperator.py
[2024-06-05 17:21:36,276] {processor.py:651} INFO - DAG(s) dict_keys(['python_operator']) retrieved from /opt/airflow/dags/2-pythonoperator.py
[2024-06-05 17:21:36,299] {logging_mixin.py:115} INFO - [2024-06-05 17:21:36,299] {dag.py:2420} INFO - Sync 1 DAGs
[2024-06-05 17:21:36,317] {logging_mixin.py:115} INFO - [2024-06-05 17:21:36,317] {dag.py:2972} INFO - Setting next_dagrun for python_operator to None, run_after=None
[2024-06-05 17:21:36,325] {processor.py:161} INFO - Processing /opt/airflow/dags/2-pythonoperator.py took 0.058 seconds
[2024-06-05 17:22:06,747] {processor.py:153} INFO - Started process (PID=1419) to work on /opt/airflow/dags/2-pythonoperator.py
[2024-06-05 17:22:06,748] {processor.py:641} INFO - Processing file /opt/airflow/dags/2-pythonoperator.py for tasks to queue
[2024-06-05 17:22:06,748] {logging_mixin.py:115} INFO - [2024-06-05 17:22:06,748] {dagbag.py:508} INFO - Filling up the DagBag from /opt/airflow/dags/2-pythonoperator.py
[2024-06-05 17:22:06,753] {processor.py:651} INFO - DAG(s) dict_keys(['python_operator']) retrieved from /opt/airflow/dags/2-pythonoperator.py
[2024-06-05 17:22:06,781] {logging_mixin.py:115} INFO - [2024-06-05 17:22:06,781] {dag.py:2420} INFO - Sync 1 DAGs
[2024-06-05 17:22:06,798] {logging_mixin.py:115} INFO - [2024-06-05 17:22:06,798] {dag.py:2972} INFO - Setting next_dagrun for python_operator to None, run_after=None
[2024-06-05 17:22:06,807] {processor.py:161} INFO - Processing /opt/airflow/dags/2-pythonoperator.py took 0.063 seconds
[2024-06-05 17:22:37,189] {processor.py:153} INFO - Started process (PID=1445) to work on /opt/airflow/dags/2-pythonoperator.py
[2024-06-05 17:22:37,189] {processor.py:641} INFO - Processing file /opt/airflow/dags/2-pythonoperator.py for tasks to queue
[2024-06-05 17:22:37,190] {logging_mixin.py:115} INFO - [2024-06-05 17:22:37,190] {dagbag.py:508} INFO - Filling up the DagBag from /opt/airflow/dags/2-pythonoperator.py
[2024-06-05 17:22:37,196] {processor.py:651} INFO - DAG(s) dict_keys(['python_operator']) retrieved from /opt/airflow/dags/2-pythonoperator.py
[2024-06-05 17:22:37,217] {logging_mixin.py:115} INFO - [2024-06-05 17:22:37,217] {dag.py:2420} INFO - Sync 1 DAGs
[2024-06-05 17:22:37,234] {logging_mixin.py:115} INFO - [2024-06-05 17:22:37,234] {dag.py:2972} INFO - Setting next_dagrun for python_operator to None, run_after=None
[2024-06-05 17:22:37,246] {processor.py:161} INFO - Processing /opt/airflow/dags/2-pythonoperator.py took 0.060 seconds
[2024-06-05 17:23:07,619] {processor.py:153} INFO - Started process (PID=1480) to work on /opt/airflow/dags/2-pythonoperator.py
[2024-06-05 17:23:07,620] {processor.py:641} INFO - Processing file /opt/airflow/dags/2-pythonoperator.py for tasks to queue
[2024-06-05 17:23:07,620] {logging_mixin.py:115} INFO - [2024-06-05 17:23:07,620] {dagbag.py:508} INFO - Filling up the DagBag from /opt/airflow/dags/2-pythonoperator.py
[2024-06-05 17:23:07,625] {processor.py:651} INFO - DAG(s) dict_keys(['python_operator']) retrieved from /opt/airflow/dags/2-pythonoperator.py
[2024-06-05 17:23:07,646] {logging_mixin.py:115} INFO - [2024-06-05 17:23:07,646] {dag.py:2420} INFO - Sync 1 DAGs
[2024-06-05 17:23:07,664] {logging_mixin.py:115} INFO - [2024-06-05 17:23:07,664] {dag.py:2972} INFO - Setting next_dagrun for python_operator to None, run_after=None
[2024-06-05 17:23:07,675] {processor.py:161} INFO - Processing /opt/airflow/dags/2-pythonoperator.py took 0.058 seconds
[2024-06-05 17:23:38,066] {processor.py:153} INFO - Started process (PID=1515) to work on /opt/airflow/dags/2-pythonoperator.py
[2024-06-05 17:23:38,067] {processor.py:641} INFO - Processing file /opt/airflow/dags/2-pythonoperator.py for tasks to queue
[2024-06-05 17:23:38,068] {logging_mixin.py:115} INFO - [2024-06-05 17:23:38,068] {dagbag.py:508} INFO - Filling up the DagBag from /opt/airflow/dags/2-pythonoperator.py
[2024-06-05 17:23:38,078] {processor.py:651} INFO - DAG(s) dict_keys(['python_operator']) retrieved from /opt/airflow/dags/2-pythonoperator.py
[2024-06-05 17:23:38,097] {logging_mixin.py:115} INFO - [2024-06-05 17:23:38,097] {dag.py:2420} INFO - Sync 1 DAGs
[2024-06-05 17:23:38,115] {logging_mixin.py:115} INFO - [2024-06-05 17:23:38,115] {dag.py:2972} INFO - Setting next_dagrun for python_operator to None, run_after=None
[2024-06-05 17:23:38,126] {processor.py:161} INFO - Processing /opt/airflow/dags/2-pythonoperator.py took 0.061 seconds
[2024-06-05 17:24:08,453] {processor.py:153} INFO - Started process (PID=1550) to work on /opt/airflow/dags/2-pythonoperator.py
[2024-06-05 17:24:08,454] {processor.py:641} INFO - Processing file /opt/airflow/dags/2-pythonoperator.py for tasks to queue
[2024-06-05 17:24:08,455] {logging_mixin.py:115} INFO - [2024-06-05 17:24:08,455] {dagbag.py:508} INFO - Filling up the DagBag from /opt/airflow/dags/2-pythonoperator.py
[2024-06-05 17:24:08,461] {processor.py:651} INFO - DAG(s) dict_keys(['python_operator']) retrieved from /opt/airflow/dags/2-pythonoperator.py
[2024-06-05 17:24:08,485] {logging_mixin.py:115} INFO - [2024-06-05 17:24:08,485] {dag.py:2420} INFO - Sync 1 DAGs
[2024-06-05 17:24:08,507] {logging_mixin.py:115} INFO - [2024-06-05 17:24:08,507] {dag.py:2972} INFO - Setting next_dagrun for python_operator to None, run_after=None
[2024-06-05 17:24:08,515] {processor.py:161} INFO - Processing /opt/airflow/dags/2-pythonoperator.py took 0.066 seconds
[2024-06-05 17:24:38,995] {processor.py:153} INFO - Started process (PID=1585) to work on /opt/airflow/dags/2-pythonoperator.py
[2024-06-05 17:24:38,995] {processor.py:641} INFO - Processing file /opt/airflow/dags/2-pythonoperator.py for tasks to queue
[2024-06-05 17:24:38,996] {logging_mixin.py:115} INFO - [2024-06-05 17:24:38,996] {dagbag.py:508} INFO - Filling up the DagBag from /opt/airflow/dags/2-pythonoperator.py
[2024-06-05 17:24:39,004] {processor.py:651} INFO - DAG(s) dict_keys(['python_operator']) retrieved from /opt/airflow/dags/2-pythonoperator.py
[2024-06-05 17:24:39,031] {logging_mixin.py:115} INFO - [2024-06-05 17:24:39,031] {dag.py:2420} INFO - Sync 1 DAGs
[2024-06-05 17:24:39,051] {logging_mixin.py:115} INFO - [2024-06-05 17:24:39,051] {dag.py:2972} INFO - Setting next_dagrun for python_operator to None, run_after=None
[2024-06-05 17:24:39,069] {processor.py:161} INFO - Processing /opt/airflow/dags/2-pythonoperator.py took 0.078 seconds
[2024-06-05 17:25:09,592] {processor.py:153} INFO - Started process (PID=1610) to work on /opt/airflow/dags/2-pythonoperator.py
[2024-06-05 17:25:09,593] {processor.py:641} INFO - Processing file /opt/airflow/dags/2-pythonoperator.py for tasks to queue
[2024-06-05 17:25:09,594] {logging_mixin.py:115} INFO - [2024-06-05 17:25:09,594] {dagbag.py:508} INFO - Filling up the DagBag from /opt/airflow/dags/2-pythonoperator.py
[2024-06-05 17:25:09,603] {processor.py:651} INFO - DAG(s) dict_keys(['python_operator']) retrieved from /opt/airflow/dags/2-pythonoperator.py
[2024-06-05 17:25:09,631] {logging_mixin.py:115} INFO - [2024-06-05 17:25:09,631] {dag.py:2420} INFO - Sync 1 DAGs
[2024-06-05 17:25:09,654] {logging_mixin.py:115} INFO - [2024-06-05 17:25:09,654] {dag.py:2972} INFO - Setting next_dagrun for python_operator to None, run_after=None
[2024-06-05 17:25:09,676] {processor.py:161} INFO - Processing /opt/airflow/dags/2-pythonoperator.py took 0.088 seconds
[2024-06-05 17:25:40,152] {processor.py:153} INFO - Started process (PID=1645) to work on /opt/airflow/dags/2-pythonoperator.py
[2024-06-05 17:25:40,152] {processor.py:641} INFO - Processing file /opt/airflow/dags/2-pythonoperator.py for tasks to queue
[2024-06-05 17:25:40,153] {logging_mixin.py:115} INFO - [2024-06-05 17:25:40,153] {dagbag.py:508} INFO - Filling up the DagBag from /opt/airflow/dags/2-pythonoperator.py
[2024-06-05 17:25:40,159] {processor.py:651} INFO - DAG(s) dict_keys(['python_operator']) retrieved from /opt/airflow/dags/2-pythonoperator.py
[2024-06-05 17:25:40,180] {logging_mixin.py:115} INFO - [2024-06-05 17:25:40,180] {dag.py:2420} INFO - Sync 1 DAGs
[2024-06-05 17:25:40,199] {logging_mixin.py:115} INFO - [2024-06-05 17:25:40,199] {dag.py:2972} INFO - Setting next_dagrun for python_operator to None, run_after=None
[2024-06-05 17:25:40,210] {processor.py:161} INFO - Processing /opt/airflow/dags/2-pythonoperator.py took 0.061 seconds
[2024-06-05 17:26:10,599] {processor.py:153} INFO - Started process (PID=1680) to work on /opt/airflow/dags/2-pythonoperator.py
[2024-06-05 17:26:10,600] {processor.py:641} INFO - Processing file /opt/airflow/dags/2-pythonoperator.py for tasks to queue
[2024-06-05 17:26:10,601] {logging_mixin.py:115} INFO - [2024-06-05 17:26:10,600] {dagbag.py:508} INFO - Filling up the DagBag from /opt/airflow/dags/2-pythonoperator.py
[2024-06-05 17:26:10,609] {processor.py:651} INFO - DAG(s) dict_keys(['python_operator']) retrieved from /opt/airflow/dags/2-pythonoperator.py
[2024-06-05 17:26:10,632] {logging_mixin.py:115} INFO - [2024-06-05 17:26:10,632] {dag.py:2420} INFO - Sync 1 DAGs
[2024-06-05 17:26:10,655] {logging_mixin.py:115} INFO - [2024-06-05 17:26:10,655] {dag.py:2972} INFO - Setting next_dagrun for python_operator to None, run_after=None
[2024-06-05 17:26:10,668] {processor.py:161} INFO - Processing /opt/airflow/dags/2-pythonoperator.py took 0.073 seconds
[2024-06-05 17:26:41,150] {processor.py:153} INFO - Started process (PID=1715) to work on /opt/airflow/dags/2-pythonoperator.py
[2024-06-05 17:26:41,151] {processor.py:641} INFO - Processing file /opt/airflow/dags/2-pythonoperator.py for tasks to queue
[2024-06-05 17:26:41,152] {logging_mixin.py:115} INFO - [2024-06-05 17:26:41,152] {dagbag.py:508} INFO - Filling up the DagBag from /opt/airflow/dags/2-pythonoperator.py
[2024-06-05 17:26:41,163] {processor.py:651} INFO - DAG(s) dict_keys(['python_operator']) retrieved from /opt/airflow/dags/2-pythonoperator.py
[2024-06-05 17:26:41,187] {logging_mixin.py:115} INFO - [2024-06-05 17:26:41,187] {dag.py:2420} INFO - Sync 1 DAGs
[2024-06-05 17:26:41,207] {logging_mixin.py:115} INFO - [2024-06-05 17:26:41,207] {dag.py:2972} INFO - Setting next_dagrun for python_operator to None, run_after=None
[2024-06-05 17:26:41,229] {processor.py:161} INFO - Processing /opt/airflow/dags/2-pythonoperator.py took 0.082 seconds
[2024-06-05 17:27:11,570] {processor.py:153} INFO - Started process (PID=1741) to work on /opt/airflow/dags/2-pythonoperator.py
[2024-06-05 17:27:11,571] {processor.py:641} INFO - Processing file /opt/airflow/dags/2-pythonoperator.py for tasks to queue
[2024-06-05 17:27:11,571] {logging_mixin.py:115} INFO - [2024-06-05 17:27:11,571] {dagbag.py:508} INFO - Filling up the DagBag from /opt/airflow/dags/2-pythonoperator.py
[2024-06-05 17:27:11,578] {processor.py:651} INFO - DAG(s) dict_keys(['python_operator']) retrieved from /opt/airflow/dags/2-pythonoperator.py
[2024-06-05 17:27:11,604] {logging_mixin.py:115} INFO - [2024-06-05 17:27:11,603] {dag.py:2420} INFO - Sync 1 DAGs
[2024-06-05 17:27:11,622] {logging_mixin.py:115} INFO - [2024-06-05 17:27:11,622] {dag.py:2972} INFO - Setting next_dagrun for python_operator to None, run_after=None
[2024-06-05 17:27:11,634] {processor.py:161} INFO - Processing /opt/airflow/dags/2-pythonoperator.py took 0.068 seconds
[2024-06-05 17:27:42,024] {processor.py:153} INFO - Started process (PID=1776) to work on /opt/airflow/dags/2-pythonoperator.py
[2024-06-05 17:27:42,024] {processor.py:641} INFO - Processing file /opt/airflow/dags/2-pythonoperator.py for tasks to queue
[2024-06-05 17:27:42,024] {logging_mixin.py:115} INFO - [2024-06-05 17:27:42,024] {dagbag.py:508} INFO - Filling up the DagBag from /opt/airflow/dags/2-pythonoperator.py
[2024-06-05 17:27:42,030] {processor.py:651} INFO - DAG(s) dict_keys(['python_operator']) retrieved from /opt/airflow/dags/2-pythonoperator.py
[2024-06-05 17:27:42,047] {logging_mixin.py:115} INFO - [2024-06-05 17:27:42,047] {dag.py:2420} INFO - Sync 1 DAGs
[2024-06-05 17:27:42,063] {logging_mixin.py:115} INFO - [2024-06-05 17:27:42,063] {dag.py:2972} INFO - Setting next_dagrun for python_operator to None, run_after=None
[2024-06-05 17:27:42,072] {processor.py:161} INFO - Processing /opt/airflow/dags/2-pythonoperator.py took 0.051 seconds
[2024-06-05 17:28:12,517] {processor.py:153} INFO - Started process (PID=1811) to work on /opt/airflow/dags/2-pythonoperator.py
[2024-06-05 17:28:12,518] {processor.py:641} INFO - Processing file /opt/airflow/dags/2-pythonoperator.py for tasks to queue
[2024-06-05 17:28:12,518] {logging_mixin.py:115} INFO - [2024-06-05 17:28:12,518] {dagbag.py:508} INFO - Filling up the DagBag from /opt/airflow/dags/2-pythonoperator.py
[2024-06-05 17:28:12,525] {processor.py:651} INFO - DAG(s) dict_keys(['python_operator']) retrieved from /opt/airflow/dags/2-pythonoperator.py
[2024-06-05 17:28:12,546] {logging_mixin.py:115} INFO - [2024-06-05 17:28:12,546] {dag.py:2420} INFO - Sync 1 DAGs
[2024-06-05 17:28:12,563] {logging_mixin.py:115} INFO - [2024-06-05 17:28:12,563] {dag.py:2972} INFO - Setting next_dagrun for python_operator to None, run_after=None
[2024-06-05 17:28:12,573] {processor.py:161} INFO - Processing /opt/airflow/dags/2-pythonoperator.py took 0.060 seconds
[2024-06-05 17:28:42,999] {processor.py:153} INFO - Started process (PID=1846) to work on /opt/airflow/dags/2-pythonoperator.py
[2024-06-05 17:28:43,000] {processor.py:641} INFO - Processing file /opt/airflow/dags/2-pythonoperator.py for tasks to queue
[2024-06-05 17:28:43,001] {logging_mixin.py:115} INFO - [2024-06-05 17:28:43,001] {dagbag.py:508} INFO - Filling up the DagBag from /opt/airflow/dags/2-pythonoperator.py
[2024-06-05 17:28:43,009] {processor.py:651} INFO - DAG(s) dict_keys(['python_operator']) retrieved from /opt/airflow/dags/2-pythonoperator.py
[2024-06-05 17:28:43,035] {logging_mixin.py:115} INFO - [2024-06-05 17:28:43,034] {dag.py:2420} INFO - Sync 1 DAGs
[2024-06-05 17:28:43,054] {logging_mixin.py:115} INFO - [2024-06-05 17:28:43,054] {dag.py:2972} INFO - Setting next_dagrun for python_operator to None, run_after=None
[2024-06-05 17:28:43,067] {processor.py:161} INFO - Processing /opt/airflow/dags/2-pythonoperator.py took 0.071 seconds
[2024-06-05 17:29:13,454] {processor.py:153} INFO - Started process (PID=1872) to work on /opt/airflow/dags/2-pythonoperator.py
[2024-06-05 17:29:13,455] {processor.py:641} INFO - Processing file /opt/airflow/dags/2-pythonoperator.py for tasks to queue
[2024-06-05 17:29:13,455] {logging_mixin.py:115} INFO - [2024-06-05 17:29:13,455] {dagbag.py:508} INFO - Filling up the DagBag from /opt/airflow/dags/2-pythonoperator.py
[2024-06-05 17:29:13,464] {processor.py:651} INFO - DAG(s) dict_keys(['python_operator']) retrieved from /opt/airflow/dags/2-pythonoperator.py
[2024-06-05 17:29:13,486] {logging_mixin.py:115} INFO - [2024-06-05 17:29:13,486] {dag.py:2420} INFO - Sync 1 DAGs
[2024-06-05 17:29:13,508] {logging_mixin.py:115} INFO - [2024-06-05 17:29:13,508] {dag.py:2972} INFO - Setting next_dagrun for python_operator to None, run_after=None
[2024-06-05 17:29:13,518] {processor.py:161} INFO - Processing /opt/airflow/dags/2-pythonoperator.py took 0.067 seconds
[2024-06-05 17:29:43,972] {processor.py:153} INFO - Started process (PID=1906) to work on /opt/airflow/dags/2-pythonoperator.py
[2024-06-05 17:29:43,973] {processor.py:641} INFO - Processing file /opt/airflow/dags/2-pythonoperator.py for tasks to queue
[2024-06-05 17:29:43,973] {logging_mixin.py:115} INFO - [2024-06-05 17:29:43,973] {dagbag.py:508} INFO - Filling up the DagBag from /opt/airflow/dags/2-pythonoperator.py
[2024-06-05 17:29:43,980] {processor.py:651} INFO - DAG(s) dict_keys(['python_operator']) retrieved from /opt/airflow/dags/2-pythonoperator.py
[2024-06-05 17:29:44,000] {logging_mixin.py:115} INFO - [2024-06-05 17:29:44,000] {dag.py:2420} INFO - Sync 1 DAGs
[2024-06-05 17:29:44,020] {logging_mixin.py:115} INFO - [2024-06-05 17:29:44,020] {dag.py:2972} INFO - Setting next_dagrun for python_operator to None, run_after=None
[2024-06-05 17:29:44,031] {processor.py:161} INFO - Processing /opt/airflow/dags/2-pythonoperator.py took 0.062 seconds
[2024-06-05 17:30:14,506] {processor.py:153} INFO - Started process (PID=1941) to work on /opt/airflow/dags/2-pythonoperator.py
[2024-06-05 17:30:14,506] {processor.py:641} INFO - Processing file /opt/airflow/dags/2-pythonoperator.py for tasks to queue
[2024-06-05 17:30:14,507] {logging_mixin.py:115} INFO - [2024-06-05 17:30:14,507] {dagbag.py:508} INFO - Filling up the DagBag from /opt/airflow/dags/2-pythonoperator.py
[2024-06-05 17:30:14,513] {processor.py:651} INFO - DAG(s) dict_keys(['python_operator']) retrieved from /opt/airflow/dags/2-pythonoperator.py
[2024-06-05 17:30:14,538] {logging_mixin.py:115} INFO - [2024-06-05 17:30:14,538] {dag.py:2420} INFO - Sync 1 DAGs
[2024-06-05 17:30:14,557] {logging_mixin.py:115} INFO - [2024-06-05 17:30:14,557] {dag.py:2972} INFO - Setting next_dagrun for python_operator to None, run_after=None
[2024-06-05 17:30:14,569] {processor.py:161} INFO - Processing /opt/airflow/dags/2-pythonoperator.py took 0.066 seconds
[2024-06-05 17:30:44,955] {processor.py:153} INFO - Started process (PID=1976) to work on /opt/airflow/dags/2-pythonoperator.py
[2024-06-05 17:30:44,956] {processor.py:641} INFO - Processing file /opt/airflow/dags/2-pythonoperator.py for tasks to queue
[2024-06-05 17:30:44,956] {logging_mixin.py:115} INFO - [2024-06-05 17:30:44,956] {dagbag.py:508} INFO - Filling up the DagBag from /opt/airflow/dags/2-pythonoperator.py
[2024-06-05 17:30:44,961] {processor.py:651} INFO - DAG(s) dict_keys(['python_operator']) retrieved from /opt/airflow/dags/2-pythonoperator.py
[2024-06-05 17:30:44,982] {logging_mixin.py:115} INFO - [2024-06-05 17:30:44,982] {dag.py:2420} INFO - Sync 1 DAGs
[2024-06-05 17:30:44,999] {logging_mixin.py:115} INFO - [2024-06-05 17:30:44,999] {dag.py:2972} INFO - Setting next_dagrun for python_operator to None, run_after=None
[2024-06-05 17:30:45,011] {processor.py:161} INFO - Processing /opt/airflow/dags/2-pythonoperator.py took 0.060 seconds
[2024-06-05 17:31:15,393] {processor.py:153} INFO - Started process (PID=2002) to work on /opt/airflow/dags/2-pythonoperator.py
[2024-06-05 17:31:15,393] {processor.py:641} INFO - Processing file /opt/airflow/dags/2-pythonoperator.py for tasks to queue
[2024-06-05 17:31:15,394] {logging_mixin.py:115} INFO - [2024-06-05 17:31:15,394] {dagbag.py:508} INFO - Filling up the DagBag from /opt/airflow/dags/2-pythonoperator.py
[2024-06-05 17:31:15,402] {processor.py:651} INFO - DAG(s) dict_keys(['python_operator']) retrieved from /opt/airflow/dags/2-pythonoperator.py
[2024-06-05 17:31:15,421] {logging_mixin.py:115} INFO - [2024-06-05 17:31:15,421] {dag.py:2420} INFO - Sync 1 DAGs
[2024-06-05 17:31:15,439] {logging_mixin.py:115} INFO - [2024-06-05 17:31:15,439] {dag.py:2972} INFO - Setting next_dagrun for python_operator to None, run_after=None
[2024-06-05 17:31:15,449] {processor.py:161} INFO - Processing /opt/airflow/dags/2-pythonoperator.py took 0.059 seconds
[2024-06-05 17:31:45,750] {processor.py:153} INFO - Started process (PID=2037) to work on /opt/airflow/dags/2-pythonoperator.py
[2024-06-05 17:31:45,751] {processor.py:641} INFO - Processing file /opt/airflow/dags/2-pythonoperator.py for tasks to queue
[2024-06-05 17:31:45,751] {logging_mixin.py:115} INFO - [2024-06-05 17:31:45,751] {dagbag.py:508} INFO - Filling up the DagBag from /opt/airflow/dags/2-pythonoperator.py
[2024-06-05 17:31:45,756] {processor.py:651} INFO - DAG(s) dict_keys(['python_operator']) retrieved from /opt/airflow/dags/2-pythonoperator.py
[2024-06-05 17:31:45,773] {logging_mixin.py:115} INFO - [2024-06-05 17:31:45,773] {dag.py:2420} INFO - Sync 1 DAGs
[2024-06-05 17:31:45,788] {logging_mixin.py:115} INFO - [2024-06-05 17:31:45,788] {dag.py:2972} INFO - Setting next_dagrun for python_operator to None, run_after=None
[2024-06-05 17:31:45,798] {processor.py:161} INFO - Processing /opt/airflow/dags/2-pythonoperator.py took 0.050 seconds
[2024-06-05 17:32:16,193] {processor.py:153} INFO - Started process (PID=2072) to work on /opt/airflow/dags/2-pythonoperator.py
[2024-06-05 17:32:16,193] {processor.py:641} INFO - Processing file /opt/airflow/dags/2-pythonoperator.py for tasks to queue
[2024-06-05 17:32:16,194] {logging_mixin.py:115} INFO - [2024-06-05 17:32:16,193] {dagbag.py:508} INFO - Filling up the DagBag from /opt/airflow/dags/2-pythonoperator.py
[2024-06-05 17:32:16,198] {processor.py:651} INFO - DAG(s) dict_keys(['python_operator']) retrieved from /opt/airflow/dags/2-pythonoperator.py
[2024-06-05 17:32:16,216] {logging_mixin.py:115} INFO - [2024-06-05 17:32:16,215] {dag.py:2420} INFO - Sync 1 DAGs
[2024-06-05 17:32:16,232] {logging_mixin.py:115} INFO - [2024-06-05 17:32:16,232] {dag.py:2972} INFO - Setting next_dagrun for python_operator to None, run_after=None
[2024-06-05 17:32:16,241] {processor.py:161} INFO - Processing /opt/airflow/dags/2-pythonoperator.py took 0.051 seconds
