[2024-06-05 17:00:19,036] {processor.py:153} INFO - Started process (PID=41) to work on /opt/airflow/dags/3-dependencies.py
[2024-06-05 17:00:19,036] {processor.py:641} INFO - Processing file /opt/airflow/dags/3-dependencies.py for tasks to queue
[2024-06-05 17:00:19,036] {logging_mixin.py:115} INFO - [2024-06-05 17:00:19,036] {dagbag.py:508} INFO - Filling up the DagBag from /opt/airflow/dags/3-dependencies.py
[2024-06-05 17:00:19,042] {processor.py:651} INFO - DAG(s) dict_keys(['dependencies']) retrieved from /opt/airflow/dags/3-dependencies.py
[2024-06-05 17:00:19,067] {logging_mixin.py:115} INFO - [2024-06-05 17:00:19,066] {dag.py:2420} INFO - Sync 1 DAGs
[2024-06-05 17:00:19,238] {logging_mixin.py:115} INFO - [2024-06-05 17:00:19,238] {dag.py:2972} INFO - Setting next_dagrun for dependencies to 2024-05-20T00:00:00+00:00, run_after=2024-05-20T00:00:00+00:00
[2024-06-05 17:00:19,251] {processor.py:161} INFO - Processing /opt/airflow/dags/3-dependencies.py took 0.218 seconds
[2024-06-05 17:00:50,038] {processor.py:153} INFO - Started process (PID=76) to work on /opt/airflow/dags/3-dependencies.py
[2024-06-05 17:00:50,039] {processor.py:641} INFO - Processing file /opt/airflow/dags/3-dependencies.py for tasks to queue
[2024-06-05 17:00:50,039] {logging_mixin.py:115} INFO - [2024-06-05 17:00:50,039] {dagbag.py:508} INFO - Filling up the DagBag from /opt/airflow/dags/3-dependencies.py
[2024-06-05 17:00:50,049] {processor.py:651} INFO - DAG(s) dict_keys(['dependencies']) retrieved from /opt/airflow/dags/3-dependencies.py
[2024-06-05 17:00:50,164] {logging_mixin.py:115} INFO - [2024-06-05 17:00:50,163] {dag.py:2420} INFO - Sync 1 DAGs
[2024-06-05 17:00:50,177] {logging_mixin.py:115} INFO - [2024-06-05 17:00:50,177] {dag.py:2972} INFO - Setting next_dagrun for dependencies to 2024-05-20T00:00:00+00:00, run_after=2024-05-20T00:00:00+00:00
[2024-06-05 17:00:50,185] {processor.py:161} INFO - Processing /opt/airflow/dags/3-dependencies.py took 0.150 seconds
[2024-06-05 17:01:16,449] {processor.py:153} INFO - Started process (PID=41) to work on /opt/airflow/dags/3-dependencies.py
[2024-06-05 17:01:16,449] {processor.py:641} INFO - Processing file /opt/airflow/dags/3-dependencies.py for tasks to queue
[2024-06-05 17:01:16,450] {logging_mixin.py:115} INFO - [2024-06-05 17:01:16,450] {dagbag.py:508} INFO - Filling up the DagBag from /opt/airflow/dags/3-dependencies.py
[2024-06-05 17:01:16,456] {processor.py:651} INFO - DAG(s) dict_keys(['dependencies']) retrieved from /opt/airflow/dags/3-dependencies.py
[2024-06-05 17:01:16,477] {logging_mixin.py:115} INFO - [2024-06-05 17:01:16,477] {dag.py:2420} INFO - Sync 1 DAGs
[2024-06-05 17:01:16,662] {logging_mixin.py:115} INFO - [2024-06-05 17:01:16,662] {dag.py:2972} INFO - Setting next_dagrun for dependencies to 2024-05-20T00:00:00+00:00, run_after=2024-05-20T00:00:00+00:00
[2024-06-05 17:01:16,681] {processor.py:161} INFO - Processing /opt/airflow/dags/3-dependencies.py took 0.235 seconds
[2024-06-05 17:01:47,451] {processor.py:153} INFO - Started process (PID=105) to work on /opt/airflow/dags/3-dependencies.py
[2024-06-05 17:01:47,451] {processor.py:641} INFO - Processing file /opt/airflow/dags/3-dependencies.py for tasks to queue
[2024-06-05 17:01:47,452] {logging_mixin.py:115} INFO - [2024-06-05 17:01:47,452] {dagbag.py:508} INFO - Filling up the DagBag from /opt/airflow/dags/3-dependencies.py
[2024-06-05 17:01:47,458] {processor.py:651} INFO - DAG(s) dict_keys(['dependencies']) retrieved from /opt/airflow/dags/3-dependencies.py
[2024-06-05 17:01:47,588] {logging_mixin.py:115} INFO - [2024-06-05 17:01:47,587] {dag.py:2420} INFO - Sync 1 DAGs
[2024-06-05 17:01:47,601] {logging_mixin.py:115} INFO - [2024-06-05 17:01:47,601] {dag.py:2972} INFO - Setting next_dagrun for dependencies to 2024-05-20T00:00:00+00:00, run_after=2024-05-20T00:00:00+00:00
[2024-06-05 17:01:47,612] {processor.py:161} INFO - Processing /opt/airflow/dags/3-dependencies.py took 0.163 seconds
[2024-06-05 17:02:18,321] {processor.py:153} INFO - Started process (PID=140) to work on /opt/airflow/dags/3-dependencies.py
[2024-06-05 17:02:18,322] {processor.py:641} INFO - Processing file /opt/airflow/dags/3-dependencies.py for tasks to queue
[2024-06-05 17:02:18,322] {logging_mixin.py:115} INFO - [2024-06-05 17:02:18,322] {dagbag.py:508} INFO - Filling up the DagBag from /opt/airflow/dags/3-dependencies.py
[2024-06-05 17:02:18,334] {processor.py:651} INFO - DAG(s) dict_keys(['dependencies']) retrieved from /opt/airflow/dags/3-dependencies.py
[2024-06-05 17:02:18,463] {logging_mixin.py:115} INFO - [2024-06-05 17:02:18,463] {dag.py:2420} INFO - Sync 1 DAGs
[2024-06-05 17:02:18,478] {logging_mixin.py:115} INFO - [2024-06-05 17:02:18,478] {dag.py:2972} INFO - Setting next_dagrun for dependencies to 2024-05-20T00:00:00+00:00, run_after=2024-05-20T00:00:00+00:00
[2024-06-05 17:02:18,489] {processor.py:161} INFO - Processing /opt/airflow/dags/3-dependencies.py took 0.171 seconds
[2024-06-05 17:02:49,060] {processor.py:153} INFO - Started process (PID=166) to work on /opt/airflow/dags/3-dependencies.py
[2024-06-05 17:02:49,060] {processor.py:641} INFO - Processing file /opt/airflow/dags/3-dependencies.py for tasks to queue
[2024-06-05 17:02:49,061] {logging_mixin.py:115} INFO - [2024-06-05 17:02:49,061] {dagbag.py:508} INFO - Filling up the DagBag from /opt/airflow/dags/3-dependencies.py
[2024-06-05 17:02:49,074] {processor.py:651} INFO - DAG(s) dict_keys(['dependencies']) retrieved from /opt/airflow/dags/3-dependencies.py
[2024-06-05 17:02:49,096] {logging_mixin.py:115} INFO - [2024-06-05 17:02:49,096] {dag.py:2420} INFO - Sync 1 DAGs
[2024-06-05 17:02:49,118] {logging_mixin.py:115} INFO - [2024-06-05 17:02:49,118] {dag.py:2972} INFO - Setting next_dagrun for dependencies to 2024-05-20T00:00:00+00:00, run_after=2024-05-20T00:00:00+00:00
[2024-06-05 17:02:49,131] {processor.py:161} INFO - Processing /opt/airflow/dags/3-dependencies.py took 0.075 seconds
[2024-06-05 17:03:19,511] {processor.py:153} INFO - Started process (PID=201) to work on /opt/airflow/dags/3-dependencies.py
[2024-06-05 17:03:19,511] {processor.py:641} INFO - Processing file /opt/airflow/dags/3-dependencies.py for tasks to queue
[2024-06-05 17:03:19,512] {logging_mixin.py:115} INFO - [2024-06-05 17:03:19,512] {dagbag.py:508} INFO - Filling up the DagBag from /opt/airflow/dags/3-dependencies.py
[2024-06-05 17:03:19,520] {processor.py:651} INFO - DAG(s) dict_keys(['dependencies']) retrieved from /opt/airflow/dags/3-dependencies.py
[2024-06-05 17:03:19,541] {logging_mixin.py:115} INFO - [2024-06-05 17:03:19,541] {dag.py:2420} INFO - Sync 1 DAGs
[2024-06-05 17:03:19,558] {logging_mixin.py:115} INFO - [2024-06-05 17:03:19,558] {dag.py:2972} INFO - Setting next_dagrun for dependencies to 2024-05-20T00:00:00+00:00, run_after=2024-05-20T00:00:00+00:00
[2024-06-05 17:03:19,569] {processor.py:161} INFO - Processing /opt/airflow/dags/3-dependencies.py took 0.060 seconds
[2024-06-05 17:03:49,936] {processor.py:153} INFO - Started process (PID=236) to work on /opt/airflow/dags/3-dependencies.py
[2024-06-05 17:03:49,937] {processor.py:641} INFO - Processing file /opt/airflow/dags/3-dependencies.py for tasks to queue
[2024-06-05 17:03:49,938] {logging_mixin.py:115} INFO - [2024-06-05 17:03:49,938] {dagbag.py:508} INFO - Filling up the DagBag from /opt/airflow/dags/3-dependencies.py
[2024-06-05 17:03:49,945] {processor.py:651} INFO - DAG(s) dict_keys(['dependencies']) retrieved from /opt/airflow/dags/3-dependencies.py
[2024-06-05 17:03:49,966] {logging_mixin.py:115} INFO - [2024-06-05 17:03:49,966] {dag.py:2420} INFO - Sync 1 DAGs
[2024-06-05 17:03:49,982] {logging_mixin.py:115} INFO - [2024-06-05 17:03:49,982] {dag.py:2972} INFO - Setting next_dagrun for dependencies to 2024-05-20T00:00:00+00:00, run_after=2024-05-20T00:00:00+00:00
[2024-06-05 17:03:49,993] {processor.py:161} INFO - Processing /opt/airflow/dags/3-dependencies.py took 0.060 seconds
[2024-06-05 17:04:20,375] {processor.py:153} INFO - Started process (PID=271) to work on /opt/airflow/dags/3-dependencies.py
[2024-06-05 17:04:20,376] {processor.py:641} INFO - Processing file /opt/airflow/dags/3-dependencies.py for tasks to queue
[2024-06-05 17:04:20,376] {logging_mixin.py:115} INFO - [2024-06-05 17:04:20,376] {dagbag.py:508} INFO - Filling up the DagBag from /opt/airflow/dags/3-dependencies.py
[2024-06-05 17:04:20,384] {processor.py:651} INFO - DAG(s) dict_keys(['dependencies']) retrieved from /opt/airflow/dags/3-dependencies.py
[2024-06-05 17:04:20,407] {logging_mixin.py:115} INFO - [2024-06-05 17:04:20,407] {dag.py:2420} INFO - Sync 1 DAGs
[2024-06-05 17:04:20,426] {logging_mixin.py:115} INFO - [2024-06-05 17:04:20,426] {dag.py:2972} INFO - Setting next_dagrun for dependencies to 2024-05-20T00:00:00+00:00, run_after=2024-05-20T00:00:00+00:00
[2024-06-05 17:04:20,437] {processor.py:161} INFO - Processing /opt/airflow/dags/3-dependencies.py took 0.064 seconds
[2024-06-05 17:04:50,917] {processor.py:153} INFO - Started process (PID=306) to work on /opt/airflow/dags/3-dependencies.py
[2024-06-05 17:04:50,918] {processor.py:641} INFO - Processing file /opt/airflow/dags/3-dependencies.py for tasks to queue
[2024-06-05 17:04:50,918] {logging_mixin.py:115} INFO - [2024-06-05 17:04:50,918] {dagbag.py:508} INFO - Filling up the DagBag from /opt/airflow/dags/3-dependencies.py
[2024-06-05 17:04:50,928] {processor.py:651} INFO - DAG(s) dict_keys(['dependencies']) retrieved from /opt/airflow/dags/3-dependencies.py
[2024-06-05 17:04:50,952] {logging_mixin.py:115} INFO - [2024-06-05 17:04:50,952] {dag.py:2420} INFO - Sync 1 DAGs
[2024-06-05 17:04:50,973] {logging_mixin.py:115} INFO - [2024-06-05 17:04:50,973] {dag.py:2972} INFO - Setting next_dagrun for dependencies to 2024-05-20T00:00:00+00:00, run_after=2024-05-20T00:00:00+00:00
[2024-06-05 17:04:50,989] {processor.py:161} INFO - Processing /opt/airflow/dags/3-dependencies.py took 0.075 seconds
[2024-06-05 17:05:21,414] {processor.py:153} INFO - Started process (PID=332) to work on /opt/airflow/dags/3-dependencies.py
[2024-06-05 17:05:21,414] {processor.py:641} INFO - Processing file /opt/airflow/dags/3-dependencies.py for tasks to queue
[2024-06-05 17:05:21,415] {logging_mixin.py:115} INFO - [2024-06-05 17:05:21,415] {dagbag.py:508} INFO - Filling up the DagBag from /opt/airflow/dags/3-dependencies.py
[2024-06-05 17:05:21,423] {processor.py:651} INFO - DAG(s) dict_keys(['dependencies']) retrieved from /opt/airflow/dags/3-dependencies.py
[2024-06-05 17:05:21,444] {logging_mixin.py:115} INFO - [2024-06-05 17:05:21,444] {dag.py:2420} INFO - Sync 1 DAGs
[2024-06-05 17:05:21,460] {logging_mixin.py:115} INFO - [2024-06-05 17:05:21,460] {dag.py:2972} INFO - Setting next_dagrun for dependencies to 2024-05-20T00:00:00+00:00, run_after=2024-05-20T00:00:00+00:00
[2024-06-05 17:05:21,485] {processor.py:161} INFO - Processing /opt/airflow/dags/3-dependencies.py took 0.074 seconds
[2024-06-05 17:05:51,930] {processor.py:153} INFO - Started process (PID=367) to work on /opt/airflow/dags/3-dependencies.py
[2024-06-05 17:05:51,931] {processor.py:641} INFO - Processing file /opt/airflow/dags/3-dependencies.py for tasks to queue
[2024-06-05 17:05:51,931] {logging_mixin.py:115} INFO - [2024-06-05 17:05:51,931] {dagbag.py:508} INFO - Filling up the DagBag from /opt/airflow/dags/3-dependencies.py
[2024-06-05 17:05:51,938] {processor.py:651} INFO - DAG(s) dict_keys(['dependencies']) retrieved from /opt/airflow/dags/3-dependencies.py
[2024-06-05 17:05:51,957] {logging_mixin.py:115} INFO - [2024-06-05 17:05:51,957] {dag.py:2420} INFO - Sync 1 DAGs
[2024-06-05 17:05:51,976] {logging_mixin.py:115} INFO - [2024-06-05 17:05:51,976] {dag.py:2972} INFO - Setting next_dagrun for dependencies to 2024-05-20T00:00:00+00:00, run_after=2024-05-20T00:00:00+00:00
[2024-06-05 17:05:51,987] {processor.py:161} INFO - Processing /opt/airflow/dags/3-dependencies.py took 0.061 seconds
[2024-06-05 17:06:22,405] {processor.py:153} INFO - Started process (PID=402) to work on /opt/airflow/dags/3-dependencies.py
[2024-06-05 17:06:22,406] {processor.py:641} INFO - Processing file /opt/airflow/dags/3-dependencies.py for tasks to queue
[2024-06-05 17:06:22,407] {logging_mixin.py:115} INFO - [2024-06-05 17:06:22,406] {dagbag.py:508} INFO - Filling up the DagBag from /opt/airflow/dags/3-dependencies.py
[2024-06-05 17:06:22,413] {processor.py:651} INFO - DAG(s) dict_keys(['dependencies']) retrieved from /opt/airflow/dags/3-dependencies.py
[2024-06-05 17:06:22,433] {logging_mixin.py:115} INFO - [2024-06-05 17:06:22,432] {dag.py:2420} INFO - Sync 1 DAGs
[2024-06-05 17:06:22,452] {logging_mixin.py:115} INFO - [2024-06-05 17:06:22,451] {dag.py:2972} INFO - Setting next_dagrun for dependencies to 2024-05-20T00:00:00+00:00, run_after=2024-05-20T00:00:00+00:00
[2024-06-05 17:06:22,464] {processor.py:161} INFO - Processing /opt/airflow/dags/3-dependencies.py took 0.063 seconds
[2024-06-05 17:06:52,842] {processor.py:153} INFO - Started process (PID=437) to work on /opt/airflow/dags/3-dependencies.py
[2024-06-05 17:06:52,843] {processor.py:641} INFO - Processing file /opt/airflow/dags/3-dependencies.py for tasks to queue
[2024-06-05 17:06:52,843] {logging_mixin.py:115} INFO - [2024-06-05 17:06:52,843] {dagbag.py:508} INFO - Filling up the DagBag from /opt/airflow/dags/3-dependencies.py
[2024-06-05 17:06:52,853] {processor.py:651} INFO - DAG(s) dict_keys(['dependencies']) retrieved from /opt/airflow/dags/3-dependencies.py
[2024-06-05 17:06:52,879] {logging_mixin.py:115} INFO - [2024-06-05 17:06:52,879] {dag.py:2420} INFO - Sync 1 DAGs
[2024-06-05 17:06:52,895] {logging_mixin.py:115} INFO - [2024-06-05 17:06:52,895] {dag.py:2972} INFO - Setting next_dagrun for dependencies to 2024-05-20T00:00:00+00:00, run_after=2024-05-20T00:00:00+00:00
[2024-06-05 17:06:52,904] {processor.py:161} INFO - Processing /opt/airflow/dags/3-dependencies.py took 0.065 seconds
[2024-06-05 17:07:23,332] {processor.py:153} INFO - Started process (PID=463) to work on /opt/airflow/dags/3-dependencies.py
[2024-06-05 17:07:23,333] {processor.py:641} INFO - Processing file /opt/airflow/dags/3-dependencies.py for tasks to queue
[2024-06-05 17:07:23,333] {logging_mixin.py:115} INFO - [2024-06-05 17:07:23,333] {dagbag.py:508} INFO - Filling up the DagBag from /opt/airflow/dags/3-dependencies.py
[2024-06-05 17:07:23,340] {processor.py:651} INFO - DAG(s) dict_keys(['dependencies']) retrieved from /opt/airflow/dags/3-dependencies.py
[2024-06-05 17:07:23,366] {logging_mixin.py:115} INFO - [2024-06-05 17:07:23,366] {dag.py:2420} INFO - Sync 1 DAGs
[2024-06-05 17:07:23,385] {logging_mixin.py:115} INFO - [2024-06-05 17:07:23,385] {dag.py:2972} INFO - Setting next_dagrun for dependencies to 2024-05-20T00:00:00+00:00, run_after=2024-05-20T00:00:00+00:00
[2024-06-05 17:07:23,396] {processor.py:161} INFO - Processing /opt/airflow/dags/3-dependencies.py took 0.066 seconds
[2024-06-05 17:07:53,760] {processor.py:153} INFO - Started process (PID=498) to work on /opt/airflow/dags/3-dependencies.py
[2024-06-05 17:07:53,761] {processor.py:641} INFO - Processing file /opt/airflow/dags/3-dependencies.py for tasks to queue
[2024-06-05 17:07:53,761] {logging_mixin.py:115} INFO - [2024-06-05 17:07:53,761] {dagbag.py:508} INFO - Filling up the DagBag from /opt/airflow/dags/3-dependencies.py
[2024-06-05 17:07:53,768] {processor.py:651} INFO - DAG(s) dict_keys(['dependencies']) retrieved from /opt/airflow/dags/3-dependencies.py
[2024-06-05 17:07:53,789] {logging_mixin.py:115} INFO - [2024-06-05 17:07:53,788] {dag.py:2420} INFO - Sync 1 DAGs
[2024-06-05 17:07:53,803] {logging_mixin.py:115} INFO - [2024-06-05 17:07:53,803] {dag.py:2972} INFO - Setting next_dagrun for dependencies to 2024-05-20T00:00:00+00:00, run_after=2024-05-20T00:00:00+00:00
[2024-06-05 17:07:53,814] {processor.py:161} INFO - Processing /opt/airflow/dags/3-dependencies.py took 0.056 seconds
[2024-06-05 17:08:24,207] {processor.py:153} INFO - Started process (PID=533) to work on /opt/airflow/dags/3-dependencies.py
[2024-06-05 17:08:24,207] {processor.py:641} INFO - Processing file /opt/airflow/dags/3-dependencies.py for tasks to queue
[2024-06-05 17:08:24,208] {logging_mixin.py:115} INFO - [2024-06-05 17:08:24,208] {dagbag.py:508} INFO - Filling up the DagBag from /opt/airflow/dags/3-dependencies.py
[2024-06-05 17:08:24,215] {processor.py:651} INFO - DAG(s) dict_keys(['dependencies']) retrieved from /opt/airflow/dags/3-dependencies.py
[2024-06-05 17:08:24,235] {logging_mixin.py:115} INFO - [2024-06-05 17:08:24,235] {dag.py:2420} INFO - Sync 1 DAGs
[2024-06-05 17:08:24,250] {logging_mixin.py:115} INFO - [2024-06-05 17:08:24,250] {dag.py:2972} INFO - Setting next_dagrun for dependencies to 2024-05-20T00:00:00+00:00, run_after=2024-05-20T00:00:00+00:00
[2024-06-05 17:08:24,265] {processor.py:161} INFO - Processing /opt/airflow/dags/3-dependencies.py took 0.061 seconds
[2024-06-05 17:08:54,651] {processor.py:153} INFO - Started process (PID=568) to work on /opt/airflow/dags/3-dependencies.py
[2024-06-05 17:08:54,652] {processor.py:641} INFO - Processing file /opt/airflow/dags/3-dependencies.py for tasks to queue
[2024-06-05 17:08:54,652] {logging_mixin.py:115} INFO - [2024-06-05 17:08:54,652] {dagbag.py:508} INFO - Filling up the DagBag from /opt/airflow/dags/3-dependencies.py
[2024-06-05 17:08:54,660] {processor.py:651} INFO - DAG(s) dict_keys(['dependencies']) retrieved from /opt/airflow/dags/3-dependencies.py
[2024-06-05 17:08:54,682] {logging_mixin.py:115} INFO - [2024-06-05 17:08:54,682] {dag.py:2420} INFO - Sync 1 DAGs
[2024-06-05 17:08:54,698] {logging_mixin.py:115} INFO - [2024-06-05 17:08:54,698] {dag.py:2972} INFO - Setting next_dagrun for dependencies to 2024-05-20T00:00:00+00:00, run_after=2024-05-20T00:00:00+00:00
[2024-06-05 17:08:54,708] {processor.py:161} INFO - Processing /opt/airflow/dags/3-dependencies.py took 0.060 seconds
[2024-06-05 17:09:25,110] {processor.py:153} INFO - Started process (PID=601) to work on /opt/airflow/dags/3-dependencies.py
[2024-06-05 17:09:25,111] {processor.py:641} INFO - Processing file /opt/airflow/dags/3-dependencies.py for tasks to queue
[2024-06-05 17:09:25,111] {logging_mixin.py:115} INFO - [2024-06-05 17:09:25,111] {dagbag.py:508} INFO - Filling up the DagBag from /opt/airflow/dags/3-dependencies.py
[2024-06-05 17:09:25,118] {processor.py:651} INFO - DAG(s) dict_keys(['dependencies']) retrieved from /opt/airflow/dags/3-dependencies.py
[2024-06-05 17:09:25,145] {logging_mixin.py:115} INFO - [2024-06-05 17:09:25,145] {dag.py:2420} INFO - Sync 1 DAGs
[2024-06-05 17:09:25,168] {logging_mixin.py:115} INFO - [2024-06-05 17:09:25,168] {dag.py:2972} INFO - Setting next_dagrun for dependencies to 2024-05-20T00:00:00+00:00, run_after=2024-05-20T00:00:00+00:00
[2024-06-05 17:09:25,179] {processor.py:161} INFO - Processing /opt/airflow/dags/3-dependencies.py took 0.071 seconds
[2024-06-05 17:09:55,564] {processor.py:153} INFO - Started process (PID=629) to work on /opt/airflow/dags/3-dependencies.py
[2024-06-05 17:09:55,564] {processor.py:641} INFO - Processing file /opt/airflow/dags/3-dependencies.py for tasks to queue
[2024-06-05 17:09:55,565] {logging_mixin.py:115} INFO - [2024-06-05 17:09:55,565] {dagbag.py:508} INFO - Filling up the DagBag from /opt/airflow/dags/3-dependencies.py
[2024-06-05 17:09:55,572] {processor.py:651} INFO - DAG(s) dict_keys(['dependencies']) retrieved from /opt/airflow/dags/3-dependencies.py
[2024-06-05 17:09:55,590] {logging_mixin.py:115} INFO - [2024-06-05 17:09:55,590] {dag.py:2420} INFO - Sync 1 DAGs
[2024-06-05 17:09:55,606] {logging_mixin.py:115} INFO - [2024-06-05 17:09:55,606] {dag.py:2972} INFO - Setting next_dagrun for dependencies to 2024-05-20T00:00:00+00:00, run_after=2024-05-20T00:00:00+00:00
[2024-06-05 17:09:55,616] {processor.py:161} INFO - Processing /opt/airflow/dags/3-dependencies.py took 0.054 seconds
[2024-06-05 17:10:26,066] {processor.py:153} INFO - Started process (PID=663) to work on /opt/airflow/dags/3-dependencies.py
[2024-06-05 17:10:26,067] {processor.py:641} INFO - Processing file /opt/airflow/dags/3-dependencies.py for tasks to queue
[2024-06-05 17:10:26,068] {logging_mixin.py:115} INFO - [2024-06-05 17:10:26,067] {dagbag.py:508} INFO - Filling up the DagBag from /opt/airflow/dags/3-dependencies.py
[2024-06-05 17:10:26,074] {processor.py:651} INFO - DAG(s) dict_keys(['dependencies']) retrieved from /opt/airflow/dags/3-dependencies.py
[2024-06-05 17:10:26,092] {logging_mixin.py:115} INFO - [2024-06-05 17:10:26,092] {dag.py:2420} INFO - Sync 1 DAGs
[2024-06-05 17:10:26,107] {logging_mixin.py:115} INFO - [2024-06-05 17:10:26,107] {dag.py:2972} INFO - Setting next_dagrun for dependencies to 2024-05-20T00:00:00+00:00, run_after=2024-05-20T00:00:00+00:00
[2024-06-05 17:10:26,118] {processor.py:161} INFO - Processing /opt/airflow/dags/3-dependencies.py took 0.055 seconds
[2024-06-05 17:10:56,550] {processor.py:153} INFO - Started process (PID=698) to work on /opt/airflow/dags/3-dependencies.py
[2024-06-05 17:10:56,550] {processor.py:641} INFO - Processing file /opt/airflow/dags/3-dependencies.py for tasks to queue
[2024-06-05 17:10:56,550] {logging_mixin.py:115} INFO - [2024-06-05 17:10:56,550] {dagbag.py:508} INFO - Filling up the DagBag from /opt/airflow/dags/3-dependencies.py
[2024-06-05 17:10:56,558] {processor.py:651} INFO - DAG(s) dict_keys(['dependencies']) retrieved from /opt/airflow/dags/3-dependencies.py
[2024-06-05 17:10:56,578] {logging_mixin.py:115} INFO - [2024-06-05 17:10:56,578] {dag.py:2420} INFO - Sync 1 DAGs
[2024-06-05 17:10:56,596] {logging_mixin.py:115} INFO - [2024-06-05 17:10:56,596] {dag.py:2972} INFO - Setting next_dagrun for dependencies to 2024-05-20T00:00:00+00:00, run_after=2024-05-20T00:00:00+00:00
[2024-06-05 17:10:56,604] {processor.py:161} INFO - Processing /opt/airflow/dags/3-dependencies.py took 0.057 seconds
[2024-06-05 17:11:27,026] {processor.py:153} INFO - Started process (PID=732) to work on /opt/airflow/dags/3-dependencies.py
[2024-06-05 17:11:27,026] {processor.py:641} INFO - Processing file /opt/airflow/dags/3-dependencies.py for tasks to queue
[2024-06-05 17:11:27,027] {logging_mixin.py:115} INFO - [2024-06-05 17:11:27,027] {dagbag.py:508} INFO - Filling up the DagBag from /opt/airflow/dags/3-dependencies.py
[2024-06-05 17:11:27,034] {processor.py:651} INFO - DAG(s) dict_keys(['dependencies']) retrieved from /opt/airflow/dags/3-dependencies.py
[2024-06-05 17:11:27,050] {logging_mixin.py:115} INFO - [2024-06-05 17:11:27,050] {dag.py:2420} INFO - Sync 1 DAGs
[2024-06-05 17:11:27,068] {logging_mixin.py:115} INFO - [2024-06-05 17:11:27,068] {dag.py:2972} INFO - Setting next_dagrun for dependencies to 2024-05-20T00:00:00+00:00, run_after=2024-05-20T00:00:00+00:00
[2024-06-05 17:11:27,083] {processor.py:161} INFO - Processing /opt/airflow/dags/3-dependencies.py took 0.060 seconds
[2024-06-05 17:11:57,398] {processor.py:153} INFO - Started process (PID=757) to work on /opt/airflow/dags/3-dependencies.py
[2024-06-05 17:11:57,399] {processor.py:641} INFO - Processing file /opt/airflow/dags/3-dependencies.py for tasks to queue
[2024-06-05 17:11:57,400] {logging_mixin.py:115} INFO - [2024-06-05 17:11:57,400] {dagbag.py:508} INFO - Filling up the DagBag from /opt/airflow/dags/3-dependencies.py
[2024-06-05 17:11:57,407] {processor.py:651} INFO - DAG(s) dict_keys(['dependencies']) retrieved from /opt/airflow/dags/3-dependencies.py
[2024-06-05 17:11:57,427] {logging_mixin.py:115} INFO - [2024-06-05 17:11:57,427] {dag.py:2420} INFO - Sync 1 DAGs
[2024-06-05 17:11:57,444] {logging_mixin.py:115} INFO - [2024-06-05 17:11:57,444] {dag.py:2972} INFO - Setting next_dagrun for dependencies to 2024-05-20T00:00:00+00:00, run_after=2024-05-20T00:00:00+00:00
[2024-06-05 17:11:57,454] {processor.py:161} INFO - Processing /opt/airflow/dags/3-dependencies.py took 0.061 seconds
[2024-06-05 17:12:27,864] {processor.py:153} INFO - Started process (PID=792) to work on /opt/airflow/dags/3-dependencies.py
[2024-06-05 17:12:27,864] {processor.py:641} INFO - Processing file /opt/airflow/dags/3-dependencies.py for tasks to queue
[2024-06-05 17:12:27,865] {logging_mixin.py:115} INFO - [2024-06-05 17:12:27,865] {dagbag.py:508} INFO - Filling up the DagBag from /opt/airflow/dags/3-dependencies.py
[2024-06-05 17:12:27,877] {processor.py:651} INFO - DAG(s) dict_keys(['dependencies']) retrieved from /opt/airflow/dags/3-dependencies.py
[2024-06-05 17:12:27,899] {logging_mixin.py:115} INFO - [2024-06-05 17:12:27,898] {dag.py:2420} INFO - Sync 1 DAGs
[2024-06-05 17:12:27,917] {logging_mixin.py:115} INFO - [2024-06-05 17:12:27,917] {dag.py:2972} INFO - Setting next_dagrun for dependencies to 2024-05-20T00:00:00+00:00, run_after=2024-05-20T00:00:00+00:00
[2024-06-05 17:12:27,928] {processor.py:161} INFO - Processing /opt/airflow/dags/3-dependencies.py took 0.067 seconds
[2024-06-05 17:12:58,311] {processor.py:153} INFO - Started process (PID=827) to work on /opt/airflow/dags/3-dependencies.py
[2024-06-05 17:12:58,312] {processor.py:641} INFO - Processing file /opt/airflow/dags/3-dependencies.py for tasks to queue
[2024-06-05 17:12:58,312] {logging_mixin.py:115} INFO - [2024-06-05 17:12:58,312] {dagbag.py:508} INFO - Filling up the DagBag from /opt/airflow/dags/3-dependencies.py
[2024-06-05 17:12:58,320] {processor.py:651} INFO - DAG(s) dict_keys(['dependencies']) retrieved from /opt/airflow/dags/3-dependencies.py
[2024-06-05 17:12:58,341] {logging_mixin.py:115} INFO - [2024-06-05 17:12:58,341] {dag.py:2420} INFO - Sync 1 DAGs
[2024-06-05 17:12:58,364] {logging_mixin.py:115} INFO - [2024-06-05 17:12:58,364] {dag.py:2972} INFO - Setting next_dagrun for dependencies to 2024-05-20T00:00:00+00:00, run_after=2024-05-20T00:00:00+00:00
[2024-06-05 17:12:58,379] {processor.py:161} INFO - Processing /opt/airflow/dags/3-dependencies.py took 0.071 seconds
[2024-06-05 17:13:28,792] {processor.py:153} INFO - Started process (PID=861) to work on /opt/airflow/dags/3-dependencies.py
[2024-06-05 17:13:28,793] {processor.py:641} INFO - Processing file /opt/airflow/dags/3-dependencies.py for tasks to queue
[2024-06-05 17:13:28,793] {logging_mixin.py:115} INFO - [2024-06-05 17:13:28,793] {dagbag.py:508} INFO - Filling up the DagBag from /opt/airflow/dags/3-dependencies.py
[2024-06-05 17:13:28,801] {processor.py:651} INFO - DAG(s) dict_keys(['dependencies']) retrieved from /opt/airflow/dags/3-dependencies.py
[2024-06-05 17:13:28,820] {logging_mixin.py:115} INFO - [2024-06-05 17:13:28,820] {dag.py:2420} INFO - Sync 1 DAGs
[2024-06-05 17:13:28,837] {logging_mixin.py:115} INFO - [2024-06-05 17:13:28,837] {dag.py:2972} INFO - Setting next_dagrun for dependencies to 2024-05-20T00:00:00+00:00, run_after=2024-05-20T00:00:00+00:00
[2024-06-05 17:13:28,848] {processor.py:161} INFO - Processing /opt/airflow/dags/3-dependencies.py took 0.058 seconds
[2024-06-05 17:13:59,254] {processor.py:153} INFO - Started process (PID=887) to work on /opt/airflow/dags/3-dependencies.py
[2024-06-05 17:13:59,255] {processor.py:641} INFO - Processing file /opt/airflow/dags/3-dependencies.py for tasks to queue
[2024-06-05 17:13:59,256] {logging_mixin.py:115} INFO - [2024-06-05 17:13:59,256] {dagbag.py:508} INFO - Filling up the DagBag from /opt/airflow/dags/3-dependencies.py
[2024-06-05 17:13:59,266] {processor.py:651} INFO - DAG(s) dict_keys(['dependencies']) retrieved from /opt/airflow/dags/3-dependencies.py
[2024-06-05 17:13:59,299] {logging_mixin.py:115} INFO - [2024-06-05 17:13:59,299] {dag.py:2420} INFO - Sync 1 DAGs
[2024-06-05 17:13:59,319] {logging_mixin.py:115} INFO - [2024-06-05 17:13:59,319] {dag.py:2972} INFO - Setting next_dagrun for dependencies to 2024-05-20T00:00:00+00:00, run_after=2024-05-20T00:00:00+00:00
[2024-06-05 17:13:59,331] {processor.py:161} INFO - Processing /opt/airflow/dags/3-dependencies.py took 0.080 seconds
[2024-06-05 17:14:29,791] {processor.py:153} INFO - Started process (PID=922) to work on /opt/airflow/dags/3-dependencies.py
[2024-06-05 17:14:29,792] {processor.py:641} INFO - Processing file /opt/airflow/dags/3-dependencies.py for tasks to queue
[2024-06-05 17:14:29,792] {logging_mixin.py:115} INFO - [2024-06-05 17:14:29,792] {dagbag.py:508} INFO - Filling up the DagBag from /opt/airflow/dags/3-dependencies.py
[2024-06-05 17:14:29,800] {processor.py:651} INFO - DAG(s) dict_keys(['dependencies']) retrieved from /opt/airflow/dags/3-dependencies.py
[2024-06-05 17:14:29,823] {logging_mixin.py:115} INFO - [2024-06-05 17:14:29,823] {dag.py:2420} INFO - Sync 1 DAGs
[2024-06-05 17:14:29,849] {logging_mixin.py:115} INFO - [2024-06-05 17:14:29,849] {dag.py:2972} INFO - Setting next_dagrun for dependencies to 2024-05-20T00:00:00+00:00, run_after=2024-05-20T00:00:00+00:00
[2024-06-05 17:14:29,863] {processor.py:161} INFO - Processing /opt/airflow/dags/3-dependencies.py took 0.075 seconds
[2024-06-05 17:15:00,270] {processor.py:153} INFO - Started process (PID=957) to work on /opt/airflow/dags/3-dependencies.py
[2024-06-05 17:15:00,270] {processor.py:641} INFO - Processing file /opt/airflow/dags/3-dependencies.py for tasks to queue
[2024-06-05 17:15:00,271] {logging_mixin.py:115} INFO - [2024-06-05 17:15:00,271] {dagbag.py:508} INFO - Filling up the DagBag from /opt/airflow/dags/3-dependencies.py
[2024-06-05 17:15:00,278] {processor.py:651} INFO - DAG(s) dict_keys(['dependencies']) retrieved from /opt/airflow/dags/3-dependencies.py
[2024-06-05 17:15:00,297] {logging_mixin.py:115} INFO - [2024-06-05 17:15:00,296] {dag.py:2420} INFO - Sync 1 DAGs
[2024-06-05 17:15:00,316] {logging_mixin.py:115} INFO - [2024-06-05 17:15:00,316] {dag.py:2972} INFO - Setting next_dagrun for dependencies to 2024-05-20T00:00:00+00:00, run_after=2024-05-20T00:00:00+00:00
[2024-06-05 17:15:00,328] {processor.py:161} INFO - Processing /opt/airflow/dags/3-dependencies.py took 0.061 seconds
[2024-06-05 17:15:30,744] {processor.py:153} INFO - Started process (PID=992) to work on /opt/airflow/dags/3-dependencies.py
[2024-06-05 17:15:30,744] {processor.py:641} INFO - Processing file /opt/airflow/dags/3-dependencies.py for tasks to queue
[2024-06-05 17:15:30,744] {logging_mixin.py:115} INFO - [2024-06-05 17:15:30,744] {dagbag.py:508} INFO - Filling up the DagBag from /opt/airflow/dags/3-dependencies.py
[2024-06-05 17:15:30,754] {processor.py:651} INFO - DAG(s) dict_keys(['dependencies']) retrieved from /opt/airflow/dags/3-dependencies.py
[2024-06-05 17:15:30,781] {logging_mixin.py:115} INFO - [2024-06-05 17:15:30,780] {dag.py:2420} INFO - Sync 1 DAGs
[2024-06-05 17:15:30,805] {logging_mixin.py:115} INFO - [2024-06-05 17:15:30,805] {dag.py:2972} INFO - Setting next_dagrun for dependencies to 2024-05-20T00:00:00+00:00, run_after=2024-05-20T00:00:00+00:00
[2024-06-05 17:15:30,818] {processor.py:161} INFO - Processing /opt/airflow/dags/3-dependencies.py took 0.078 seconds
[2024-06-05 17:16:01,199] {processor.py:153} INFO - Started process (PID=1017) to work on /opt/airflow/dags/3-dependencies.py
[2024-06-05 17:16:01,200] {processor.py:641} INFO - Processing file /opt/airflow/dags/3-dependencies.py for tasks to queue
[2024-06-05 17:16:01,200] {logging_mixin.py:115} INFO - [2024-06-05 17:16:01,200] {dagbag.py:508} INFO - Filling up the DagBag from /opt/airflow/dags/3-dependencies.py
[2024-06-05 17:16:01,208] {processor.py:651} INFO - DAG(s) dict_keys(['dependencies']) retrieved from /opt/airflow/dags/3-dependencies.py
[2024-06-05 17:16:01,225] {logging_mixin.py:115} INFO - [2024-06-05 17:16:01,225] {dag.py:2420} INFO - Sync 1 DAGs
[2024-06-05 17:16:01,242] {logging_mixin.py:115} INFO - [2024-06-05 17:16:01,242] {dag.py:2972} INFO - Setting next_dagrun for dependencies to 2024-05-20T00:00:00+00:00, run_after=2024-05-20T00:00:00+00:00
[2024-06-05 17:16:01,252] {processor.py:161} INFO - Processing /opt/airflow/dags/3-dependencies.py took 0.056 seconds
[2024-06-05 17:16:31,627] {processor.py:153} INFO - Started process (PID=1052) to work on /opt/airflow/dags/3-dependencies.py
[2024-06-05 17:16:31,628] {processor.py:641} INFO - Processing file /opt/airflow/dags/3-dependencies.py for tasks to queue
[2024-06-05 17:16:31,628] {logging_mixin.py:115} INFO - [2024-06-05 17:16:31,628] {dagbag.py:508} INFO - Filling up the DagBag from /opt/airflow/dags/3-dependencies.py
[2024-06-05 17:16:31,635] {processor.py:651} INFO - DAG(s) dict_keys(['dependencies']) retrieved from /opt/airflow/dags/3-dependencies.py
[2024-06-05 17:16:31,658] {logging_mixin.py:115} INFO - [2024-06-05 17:16:31,658] {dag.py:2420} INFO - Sync 1 DAGs
[2024-06-05 17:16:31,679] {logging_mixin.py:115} INFO - [2024-06-05 17:16:31,679] {dag.py:2972} INFO - Setting next_dagrun for dependencies to 2024-05-20T00:00:00+00:00, run_after=2024-05-20T00:00:00+00:00
[2024-06-05 17:16:31,695] {processor.py:161} INFO - Processing /opt/airflow/dags/3-dependencies.py took 0.071 seconds
[2024-06-05 17:17:02,095] {processor.py:153} INFO - Started process (PID=1087) to work on /opt/airflow/dags/3-dependencies.py
[2024-06-05 17:17:02,096] {processor.py:641} INFO - Processing file /opt/airflow/dags/3-dependencies.py for tasks to queue
[2024-06-05 17:17:02,097] {logging_mixin.py:115} INFO - [2024-06-05 17:17:02,097] {dagbag.py:508} INFO - Filling up the DagBag from /opt/airflow/dags/3-dependencies.py
[2024-06-05 17:17:02,104] {processor.py:651} INFO - DAG(s) dict_keys(['dependencies']) retrieved from /opt/airflow/dags/3-dependencies.py
[2024-06-05 17:17:02,128] {logging_mixin.py:115} INFO - [2024-06-05 17:17:02,128] {dag.py:2420} INFO - Sync 1 DAGs
[2024-06-05 17:17:02,148] {logging_mixin.py:115} INFO - [2024-06-05 17:17:02,147] {dag.py:2972} INFO - Setting next_dagrun for dependencies to 2024-05-20T00:00:00+00:00, run_after=2024-05-20T00:00:00+00:00
[2024-06-05 17:17:02,157] {processor.py:161} INFO - Processing /opt/airflow/dags/3-dependencies.py took 0.066 seconds
[2024-06-05 17:17:32,562] {processor.py:153} INFO - Started process (PID=1122) to work on /opt/airflow/dags/3-dependencies.py
[2024-06-05 17:17:32,562] {processor.py:641} INFO - Processing file /opt/airflow/dags/3-dependencies.py for tasks to queue
[2024-06-05 17:17:32,564] {logging_mixin.py:115} INFO - [2024-06-05 17:17:32,563] {dagbag.py:508} INFO - Filling up the DagBag from /opt/airflow/dags/3-dependencies.py
[2024-06-05 17:17:32,573] {processor.py:651} INFO - DAG(s) dict_keys(['dependencies']) retrieved from /opt/airflow/dags/3-dependencies.py
[2024-06-05 17:17:32,595] {logging_mixin.py:115} INFO - [2024-06-05 17:17:32,595] {dag.py:2420} INFO - Sync 1 DAGs
[2024-06-05 17:17:32,612] {logging_mixin.py:115} INFO - [2024-06-05 17:17:32,612] {dag.py:2972} INFO - Setting next_dagrun for dependencies to 2024-05-20T00:00:00+00:00, run_after=2024-05-20T00:00:00+00:00
[2024-06-05 17:17:32,624] {processor.py:161} INFO - Processing /opt/airflow/dags/3-dependencies.py took 0.065 seconds
[2024-06-05 17:18:03,114] {processor.py:153} INFO - Started process (PID=1157) to work on /opt/airflow/dags/3-dependencies.py
[2024-06-05 17:18:03,115] {processor.py:641} INFO - Processing file /opt/airflow/dags/3-dependencies.py for tasks to queue
[2024-06-05 17:18:03,116] {logging_mixin.py:115} INFO - [2024-06-05 17:18:03,116] {dagbag.py:508} INFO - Filling up the DagBag from /opt/airflow/dags/3-dependencies.py
[2024-06-05 17:18:03,124] {processor.py:651} INFO - DAG(s) dict_keys(['dependencies']) retrieved from /opt/airflow/dags/3-dependencies.py
[2024-06-05 17:18:03,151] {logging_mixin.py:115} INFO - [2024-06-05 17:18:03,151] {dag.py:2420} INFO - Sync 1 DAGs
[2024-06-05 17:18:03,170] {logging_mixin.py:115} INFO - [2024-06-05 17:18:03,170] {dag.py:2972} INFO - Setting next_dagrun for dependencies to 2024-05-20T00:00:00+00:00, run_after=2024-05-20T00:00:00+00:00
[2024-06-05 17:18:03,180] {processor.py:161} INFO - Processing /opt/airflow/dags/3-dependencies.py took 0.071 seconds
[2024-06-05 17:18:33,575] {processor.py:153} INFO - Started process (PID=1182) to work on /opt/airflow/dags/3-dependencies.py
[2024-06-05 17:18:33,575] {processor.py:641} INFO - Processing file /opt/airflow/dags/3-dependencies.py for tasks to queue
[2024-06-05 17:18:33,576] {logging_mixin.py:115} INFO - [2024-06-05 17:18:33,576] {dagbag.py:508} INFO - Filling up the DagBag from /opt/airflow/dags/3-dependencies.py
[2024-06-05 17:18:33,584] {processor.py:651} INFO - DAG(s) dict_keys(['dependencies']) retrieved from /opt/airflow/dags/3-dependencies.py
[2024-06-05 17:18:33,607] {logging_mixin.py:115} INFO - [2024-06-05 17:18:33,606] {dag.py:2420} INFO - Sync 1 DAGs
[2024-06-05 17:18:33,624] {logging_mixin.py:115} INFO - [2024-06-05 17:18:33,624] {dag.py:2972} INFO - Setting next_dagrun for dependencies to 2024-05-20T00:00:00+00:00, run_after=2024-05-20T00:00:00+00:00
[2024-06-05 17:18:33,636] {processor.py:161} INFO - Processing /opt/airflow/dags/3-dependencies.py took 0.063 seconds
[2024-06-05 17:19:04,013] {processor.py:153} INFO - Started process (PID=1217) to work on /opt/airflow/dags/3-dependencies.py
[2024-06-05 17:19:04,014] {processor.py:641} INFO - Processing file /opt/airflow/dags/3-dependencies.py for tasks to queue
[2024-06-05 17:19:04,014] {logging_mixin.py:115} INFO - [2024-06-05 17:19:04,014] {dagbag.py:508} INFO - Filling up the DagBag from /opt/airflow/dags/3-dependencies.py
[2024-06-05 17:19:04,021] {processor.py:651} INFO - DAG(s) dict_keys(['dependencies']) retrieved from /opt/airflow/dags/3-dependencies.py
[2024-06-05 17:19:04,041] {logging_mixin.py:115} INFO - [2024-06-05 17:19:04,041] {dag.py:2420} INFO - Sync 1 DAGs
[2024-06-05 17:19:04,059] {logging_mixin.py:115} INFO - [2024-06-05 17:19:04,059] {dag.py:2972} INFO - Setting next_dagrun for dependencies to 2024-05-20T00:00:00+00:00, run_after=2024-05-20T00:00:00+00:00
[2024-06-05 17:19:04,069] {processor.py:161} INFO - Processing /opt/airflow/dags/3-dependencies.py took 0.058 seconds
[2024-06-05 17:19:34,462] {processor.py:153} INFO - Started process (PID=1252) to work on /opt/airflow/dags/3-dependencies.py
[2024-06-05 17:19:34,462] {processor.py:641} INFO - Processing file /opt/airflow/dags/3-dependencies.py for tasks to queue
[2024-06-05 17:19:34,462] {logging_mixin.py:115} INFO - [2024-06-05 17:19:34,462] {dagbag.py:508} INFO - Filling up the DagBag from /opt/airflow/dags/3-dependencies.py
[2024-06-05 17:19:34,469] {processor.py:651} INFO - DAG(s) dict_keys(['dependencies']) retrieved from /opt/airflow/dags/3-dependencies.py
[2024-06-05 17:19:34,489] {logging_mixin.py:115} INFO - [2024-06-05 17:19:34,489] {dag.py:2420} INFO - Sync 1 DAGs
[2024-06-05 17:19:34,506] {logging_mixin.py:115} INFO - [2024-06-05 17:19:34,505] {dag.py:2972} INFO - Setting next_dagrun for dependencies to 2024-05-20T00:00:00+00:00, run_after=2024-05-20T00:00:00+00:00
[2024-06-05 17:19:34,515] {processor.py:161} INFO - Processing /opt/airflow/dags/3-dependencies.py took 0.056 seconds
[2024-06-05 17:20:04,925] {processor.py:153} INFO - Started process (PID=1287) to work on /opt/airflow/dags/3-dependencies.py
[2024-06-05 17:20:04,925] {processor.py:641} INFO - Processing file /opt/airflow/dags/3-dependencies.py for tasks to queue
[2024-06-05 17:20:04,926] {logging_mixin.py:115} INFO - [2024-06-05 17:20:04,926] {dagbag.py:508} INFO - Filling up the DagBag from /opt/airflow/dags/3-dependencies.py
[2024-06-05 17:20:04,934] {processor.py:651} INFO - DAG(s) dict_keys(['dependencies']) retrieved from /opt/airflow/dags/3-dependencies.py
[2024-06-05 17:20:04,959] {logging_mixin.py:115} INFO - [2024-06-05 17:20:04,959] {dag.py:2420} INFO - Sync 1 DAGs
[2024-06-05 17:20:04,979] {logging_mixin.py:115} INFO - [2024-06-05 17:20:04,979] {dag.py:2972} INFO - Setting next_dagrun for dependencies to 2024-05-20T00:00:00+00:00, run_after=2024-05-20T00:00:00+00:00
[2024-06-05 17:20:04,989] {processor.py:161} INFO - Processing /opt/airflow/dags/3-dependencies.py took 0.069 seconds
[2024-06-05 17:20:35,397] {processor.py:153} INFO - Started process (PID=1313) to work on /opt/airflow/dags/3-dependencies.py
[2024-06-05 17:20:35,398] {processor.py:641} INFO - Processing file /opt/airflow/dags/3-dependencies.py for tasks to queue
[2024-06-05 17:20:35,398] {logging_mixin.py:115} INFO - [2024-06-05 17:20:35,398] {dagbag.py:508} INFO - Filling up the DagBag from /opt/airflow/dags/3-dependencies.py
[2024-06-05 17:20:35,405] {processor.py:651} INFO - DAG(s) dict_keys(['dependencies']) retrieved from /opt/airflow/dags/3-dependencies.py
[2024-06-05 17:20:35,429] {logging_mixin.py:115} INFO - [2024-06-05 17:20:35,428] {dag.py:2420} INFO - Sync 1 DAGs
[2024-06-05 17:20:35,447] {logging_mixin.py:115} INFO - [2024-06-05 17:20:35,447] {dag.py:2972} INFO - Setting next_dagrun for dependencies to 2024-05-20T00:00:00+00:00, run_after=2024-05-20T00:00:00+00:00
[2024-06-05 17:20:35,460] {processor.py:161} INFO - Processing /opt/airflow/dags/3-dependencies.py took 0.066 seconds
[2024-06-05 17:21:05,801] {processor.py:153} INFO - Started process (PID=1348) to work on /opt/airflow/dags/3-dependencies.py
[2024-06-05 17:21:05,802] {processor.py:641} INFO - Processing file /opt/airflow/dags/3-dependencies.py for tasks to queue
[2024-06-05 17:21:05,803] {logging_mixin.py:115} INFO - [2024-06-05 17:21:05,803] {dagbag.py:508} INFO - Filling up the DagBag from /opt/airflow/dags/3-dependencies.py
[2024-06-05 17:21:05,811] {processor.py:651} INFO - DAG(s) dict_keys(['dependencies']) retrieved from /opt/airflow/dags/3-dependencies.py
[2024-06-05 17:21:05,834] {logging_mixin.py:115} INFO - [2024-06-05 17:21:05,834] {dag.py:2420} INFO - Sync 1 DAGs
[2024-06-05 17:21:05,851] {logging_mixin.py:115} INFO - [2024-06-05 17:21:05,850] {dag.py:2972} INFO - Setting next_dagrun for dependencies to 2024-05-20T00:00:00+00:00, run_after=2024-05-20T00:00:00+00:00
[2024-06-05 17:21:05,862] {processor.py:161} INFO - Processing /opt/airflow/dags/3-dependencies.py took 0.063 seconds
[2024-06-05 17:21:36,203] {processor.py:153} INFO - Started process (PID=1383) to work on /opt/airflow/dags/3-dependencies.py
[2024-06-05 17:21:36,203] {processor.py:641} INFO - Processing file /opt/airflow/dags/3-dependencies.py for tasks to queue
[2024-06-05 17:21:36,204] {logging_mixin.py:115} INFO - [2024-06-05 17:21:36,204] {dagbag.py:508} INFO - Filling up the DagBag from /opt/airflow/dags/3-dependencies.py
[2024-06-05 17:21:36,212] {processor.py:651} INFO - DAG(s) dict_keys(['dependencies']) retrieved from /opt/airflow/dags/3-dependencies.py
[2024-06-05 17:21:36,232] {logging_mixin.py:115} INFO - [2024-06-05 17:21:36,232] {dag.py:2420} INFO - Sync 1 DAGs
[2024-06-05 17:21:36,252] {logging_mixin.py:115} INFO - [2024-06-05 17:21:36,252] {dag.py:2972} INFO - Setting next_dagrun for dependencies to 2024-05-20T00:00:00+00:00, run_after=2024-05-20T00:00:00+00:00
[2024-06-05 17:21:36,264] {processor.py:161} INFO - Processing /opt/airflow/dags/3-dependencies.py took 0.066 seconds
[2024-06-05 17:22:06,659] {processor.py:153} INFO - Started process (PID=1418) to work on /opt/airflow/dags/3-dependencies.py
[2024-06-05 17:22:06,660] {processor.py:641} INFO - Processing file /opt/airflow/dags/3-dependencies.py for tasks to queue
[2024-06-05 17:22:06,661] {logging_mixin.py:115} INFO - [2024-06-05 17:22:06,661] {dagbag.py:508} INFO - Filling up the DagBag from /opt/airflow/dags/3-dependencies.py
[2024-06-05 17:22:06,670] {processor.py:651} INFO - DAG(s) dict_keys(['dependencies']) retrieved from /opt/airflow/dags/3-dependencies.py
[2024-06-05 17:22:06,697] {logging_mixin.py:115} INFO - [2024-06-05 17:22:06,697] {dag.py:2420} INFO - Sync 1 DAGs
[2024-06-05 17:22:06,721] {logging_mixin.py:115} INFO - [2024-06-05 17:22:06,720] {dag.py:2972} INFO - Setting next_dagrun for dependencies to 2024-05-20T00:00:00+00:00, run_after=2024-05-20T00:00:00+00:00
[2024-06-05 17:22:06,734] {processor.py:161} INFO - Processing /opt/airflow/dags/3-dependencies.py took 0.077 seconds
[2024-06-05 17:22:37,122] {processor.py:153} INFO - Started process (PID=1444) to work on /opt/airflow/dags/3-dependencies.py
[2024-06-05 17:22:37,123] {processor.py:641} INFO - Processing file /opt/airflow/dags/3-dependencies.py for tasks to queue
[2024-06-05 17:22:37,124] {logging_mixin.py:115} INFO - [2024-06-05 17:22:37,124] {dagbag.py:508} INFO - Filling up the DagBag from /opt/airflow/dags/3-dependencies.py
[2024-06-05 17:22:37,132] {processor.py:651} INFO - DAG(s) dict_keys(['dependencies']) retrieved from /opt/airflow/dags/3-dependencies.py
[2024-06-05 17:22:37,153] {logging_mixin.py:115} INFO - [2024-06-05 17:22:37,153] {dag.py:2420} INFO - Sync 1 DAGs
[2024-06-05 17:22:37,171] {logging_mixin.py:115} INFO - [2024-06-05 17:22:37,171] {dag.py:2972} INFO - Setting next_dagrun for dependencies to 2024-05-20T00:00:00+00:00, run_after=2024-05-20T00:00:00+00:00
[2024-06-05 17:22:37,181] {processor.py:161} INFO - Processing /opt/airflow/dags/3-dependencies.py took 0.062 seconds
[2024-06-05 17:23:07,554] {processor.py:153} INFO - Started process (PID=1479) to work on /opt/airflow/dags/3-dependencies.py
[2024-06-05 17:23:07,555] {processor.py:641} INFO - Processing file /opt/airflow/dags/3-dependencies.py for tasks to queue
[2024-06-05 17:23:07,555] {logging_mixin.py:115} INFO - [2024-06-05 17:23:07,555] {dagbag.py:508} INFO - Filling up the DagBag from /opt/airflow/dags/3-dependencies.py
[2024-06-05 17:23:07,561] {processor.py:651} INFO - DAG(s) dict_keys(['dependencies']) retrieved from /opt/airflow/dags/3-dependencies.py
[2024-06-05 17:23:07,581] {logging_mixin.py:115} INFO - [2024-06-05 17:23:07,581] {dag.py:2420} INFO - Sync 1 DAGs
[2024-06-05 17:23:07,598] {logging_mixin.py:115} INFO - [2024-06-05 17:23:07,598] {dag.py:2972} INFO - Setting next_dagrun for dependencies to 2024-05-20T00:00:00+00:00, run_after=2024-05-20T00:00:00+00:00
[2024-06-05 17:23:07,607] {processor.py:161} INFO - Processing /opt/airflow/dags/3-dependencies.py took 0.055 seconds
[2024-06-05 17:23:37,994] {processor.py:153} INFO - Started process (PID=1514) to work on /opt/airflow/dags/3-dependencies.py
[2024-06-05 17:23:37,995] {processor.py:641} INFO - Processing file /opt/airflow/dags/3-dependencies.py for tasks to queue
[2024-06-05 17:23:37,996] {logging_mixin.py:115} INFO - [2024-06-05 17:23:37,996] {dagbag.py:508} INFO - Filling up the DagBag from /opt/airflow/dags/3-dependencies.py
[2024-06-05 17:23:38,008] {processor.py:651} INFO - DAG(s) dict_keys(['dependencies']) retrieved from /opt/airflow/dags/3-dependencies.py
[2024-06-05 17:23:38,027] {logging_mixin.py:115} INFO - [2024-06-05 17:23:38,027] {dag.py:2420} INFO - Sync 1 DAGs
[2024-06-05 17:23:38,043] {logging_mixin.py:115} INFO - [2024-06-05 17:23:38,043] {dag.py:2972} INFO - Setting next_dagrun for dependencies to 2024-05-20T00:00:00+00:00, run_after=2024-05-20T00:00:00+00:00
[2024-06-05 17:23:38,052] {processor.py:161} INFO - Processing /opt/airflow/dags/3-dependencies.py took 0.062 seconds
[2024-06-05 17:24:08,445] {processor.py:153} INFO - Started process (PID=1549) to work on /opt/airflow/dags/3-dependencies.py
[2024-06-05 17:24:08,446] {processor.py:641} INFO - Processing file /opt/airflow/dags/3-dependencies.py for tasks to queue
[2024-06-05 17:24:08,446] {logging_mixin.py:115} INFO - [2024-06-05 17:24:08,446] {dagbag.py:508} INFO - Filling up the DagBag from /opt/airflow/dags/3-dependencies.py
[2024-06-05 17:24:08,456] {processor.py:651} INFO - DAG(s) dict_keys(['dependencies']) retrieved from /opt/airflow/dags/3-dependencies.py
[2024-06-05 17:24:08,480] {logging_mixin.py:115} INFO - [2024-06-05 17:24:08,480] {dag.py:2420} INFO - Sync 1 DAGs
[2024-06-05 17:24:08,503] {logging_mixin.py:115} INFO - [2024-06-05 17:24:08,502] {dag.py:2972} INFO - Setting next_dagrun for dependencies to 2024-05-20T00:00:00+00:00, run_after=2024-05-20T00:00:00+00:00
[2024-06-05 17:24:08,512] {processor.py:161} INFO - Processing /opt/airflow/dags/3-dependencies.py took 0.069 seconds
[2024-06-05 17:24:38,982] {processor.py:153} INFO - Started process (PID=1584) to work on /opt/airflow/dags/3-dependencies.py
[2024-06-05 17:24:38,984] {processor.py:641} INFO - Processing file /opt/airflow/dags/3-dependencies.py for tasks to queue
[2024-06-05 17:24:38,985] {logging_mixin.py:115} INFO - [2024-06-05 17:24:38,985] {dagbag.py:508} INFO - Filling up the DagBag from /opt/airflow/dags/3-dependencies.py
[2024-06-05 17:24:38,993] {processor.py:651} INFO - DAG(s) dict_keys(['dependencies']) retrieved from /opt/airflow/dags/3-dependencies.py
[2024-06-05 17:24:39,019] {logging_mixin.py:115} INFO - [2024-06-05 17:24:39,019] {dag.py:2420} INFO - Sync 1 DAGs
[2024-06-05 17:24:39,038] {logging_mixin.py:115} INFO - [2024-06-05 17:24:39,038] {dag.py:2972} INFO - Setting next_dagrun for dependencies to 2024-05-20T00:00:00+00:00, run_after=2024-05-20T00:00:00+00:00
[2024-06-05 17:24:39,046] {processor.py:161} INFO - Processing /opt/airflow/dags/3-dependencies.py took 0.067 seconds
[2024-06-05 17:25:09,513] {processor.py:153} INFO - Started process (PID=1609) to work on /opt/airflow/dags/3-dependencies.py
[2024-06-05 17:25:09,513] {processor.py:641} INFO - Processing file /opt/airflow/dags/3-dependencies.py for tasks to queue
[2024-06-05 17:25:09,514] {logging_mixin.py:115} INFO - [2024-06-05 17:25:09,514] {dagbag.py:508} INFO - Filling up the DagBag from /opt/airflow/dags/3-dependencies.py
[2024-06-05 17:25:09,522] {processor.py:651} INFO - DAG(s) dict_keys(['dependencies']) retrieved from /opt/airflow/dags/3-dependencies.py
[2024-06-05 17:25:09,547] {logging_mixin.py:115} INFO - [2024-06-05 17:25:09,547] {dag.py:2420} INFO - Sync 1 DAGs
[2024-06-05 17:25:09,566] {logging_mixin.py:115} INFO - [2024-06-05 17:25:09,566] {dag.py:2972} INFO - Setting next_dagrun for dependencies to 2024-05-20T00:00:00+00:00, run_after=2024-05-20T00:00:00+00:00
[2024-06-05 17:25:09,576] {processor.py:161} INFO - Processing /opt/airflow/dags/3-dependencies.py took 0.067 seconds
[2024-06-05 17:25:40,086] {processor.py:153} INFO - Started process (PID=1644) to work on /opt/airflow/dags/3-dependencies.py
[2024-06-05 17:25:40,087] {processor.py:641} INFO - Processing file /opt/airflow/dags/3-dependencies.py for tasks to queue
[2024-06-05 17:25:40,087] {logging_mixin.py:115} INFO - [2024-06-05 17:25:40,087] {dagbag.py:508} INFO - Filling up the DagBag from /opt/airflow/dags/3-dependencies.py
[2024-06-05 17:25:40,096] {processor.py:651} INFO - DAG(s) dict_keys(['dependencies']) retrieved from /opt/airflow/dags/3-dependencies.py
[2024-06-05 17:25:40,122] {logging_mixin.py:115} INFO - [2024-06-05 17:25:40,122] {dag.py:2420} INFO - Sync 1 DAGs
[2024-06-05 17:25:40,140] {logging_mixin.py:115} INFO - [2024-06-05 17:25:40,140] {dag.py:2972} INFO - Setting next_dagrun for dependencies to 2024-05-20T00:00:00+00:00, run_after=2024-05-20T00:00:00+00:00
[2024-06-05 17:25:40,153] {processor.py:161} INFO - Processing /opt/airflow/dags/3-dependencies.py took 0.069 seconds
[2024-06-05 17:26:10,587] {processor.py:153} INFO - Started process (PID=1679) to work on /opt/airflow/dags/3-dependencies.py
[2024-06-05 17:26:10,588] {processor.py:641} INFO - Processing file /opt/airflow/dags/3-dependencies.py for tasks to queue
[2024-06-05 17:26:10,588] {logging_mixin.py:115} INFO - [2024-06-05 17:26:10,588] {dagbag.py:508} INFO - Filling up the DagBag from /opt/airflow/dags/3-dependencies.py
[2024-06-05 17:26:10,602] {processor.py:651} INFO - DAG(s) dict_keys(['dependencies']) retrieved from /opt/airflow/dags/3-dependencies.py
[2024-06-05 17:26:10,626] {logging_mixin.py:115} INFO - [2024-06-05 17:26:10,626] {dag.py:2420} INFO - Sync 1 DAGs
[2024-06-05 17:26:10,645] {logging_mixin.py:115} INFO - [2024-06-05 17:26:10,645] {dag.py:2972} INFO - Setting next_dagrun for dependencies to 2024-05-20T00:00:00+00:00, run_after=2024-05-20T00:00:00+00:00
[2024-06-05 17:26:10,659] {processor.py:161} INFO - Processing /opt/airflow/dags/3-dependencies.py took 0.076 seconds
[2024-06-05 17:26:41,072] {processor.py:153} INFO - Started process (PID=1714) to work on /opt/airflow/dags/3-dependencies.py
[2024-06-05 17:26:41,072] {processor.py:641} INFO - Processing file /opt/airflow/dags/3-dependencies.py for tasks to queue
[2024-06-05 17:26:41,072] {logging_mixin.py:115} INFO - [2024-06-05 17:26:41,072] {dagbag.py:508} INFO - Filling up the DagBag from /opt/airflow/dags/3-dependencies.py
[2024-06-05 17:26:41,080] {processor.py:651} INFO - DAG(s) dict_keys(['dependencies']) retrieved from /opt/airflow/dags/3-dependencies.py
[2024-06-05 17:26:41,101] {logging_mixin.py:115} INFO - [2024-06-05 17:26:41,101] {dag.py:2420} INFO - Sync 1 DAGs
[2024-06-05 17:26:41,123] {logging_mixin.py:115} INFO - [2024-06-05 17:26:41,122] {dag.py:2972} INFO - Setting next_dagrun for dependencies to 2024-05-20T00:00:00+00:00, run_after=2024-05-20T00:00:00+00:00
[2024-06-05 17:26:41,136] {processor.py:161} INFO - Processing /opt/airflow/dags/3-dependencies.py took 0.067 seconds
[2024-06-05 17:27:11,561] {processor.py:153} INFO - Started process (PID=1740) to work on /opt/airflow/dags/3-dependencies.py
[2024-06-05 17:27:11,561] {processor.py:641} INFO - Processing file /opt/airflow/dags/3-dependencies.py for tasks to queue
[2024-06-05 17:27:11,562] {logging_mixin.py:115} INFO - [2024-06-05 17:27:11,562] {dagbag.py:508} INFO - Filling up the DagBag from /opt/airflow/dags/3-dependencies.py
[2024-06-05 17:27:11,573] {processor.py:651} INFO - DAG(s) dict_keys(['dependencies']) retrieved from /opt/airflow/dags/3-dependencies.py
[2024-06-05 17:27:11,599] {logging_mixin.py:115} INFO - [2024-06-05 17:27:11,599] {dag.py:2420} INFO - Sync 1 DAGs
[2024-06-05 17:27:11,616] {logging_mixin.py:115} INFO - [2024-06-05 17:27:11,616] {dag.py:2972} INFO - Setting next_dagrun for dependencies to 2024-05-20T00:00:00+00:00, run_after=2024-05-20T00:00:00+00:00
[2024-06-05 17:27:11,629] {processor.py:161} INFO - Processing /opt/airflow/dags/3-dependencies.py took 0.072 seconds
[2024-06-05 17:27:42,024] {processor.py:153} INFO - Started process (PID=1775) to work on /opt/airflow/dags/3-dependencies.py
[2024-06-05 17:27:42,024] {processor.py:641} INFO - Processing file /opt/airflow/dags/3-dependencies.py for tasks to queue
[2024-06-05 17:27:42,024] {logging_mixin.py:115} INFO - [2024-06-05 17:27:42,024] {dagbag.py:508} INFO - Filling up the DagBag from /opt/airflow/dags/3-dependencies.py
[2024-06-05 17:27:42,031] {processor.py:651} INFO - DAG(s) dict_keys(['dependencies']) retrieved from /opt/airflow/dags/3-dependencies.py
[2024-06-05 17:27:42,047] {logging_mixin.py:115} INFO - [2024-06-05 17:27:42,047] {dag.py:2420} INFO - Sync 1 DAGs
[2024-06-05 17:27:42,063] {logging_mixin.py:115} INFO - [2024-06-05 17:27:42,063] {dag.py:2972} INFO - Setting next_dagrun for dependencies to 2024-05-20T00:00:00+00:00, run_after=2024-05-20T00:00:00+00:00
[2024-06-05 17:27:42,074] {processor.py:161} INFO - Processing /opt/airflow/dags/3-dependencies.py took 0.054 seconds
[2024-06-05 17:28:12,451] {processor.py:153} INFO - Started process (PID=1810) to work on /opt/airflow/dags/3-dependencies.py
[2024-06-05 17:28:12,451] {processor.py:641} INFO - Processing file /opt/airflow/dags/3-dependencies.py for tasks to queue
[2024-06-05 17:28:12,452] {logging_mixin.py:115} INFO - [2024-06-05 17:28:12,452] {dagbag.py:508} INFO - Filling up the DagBag from /opt/airflow/dags/3-dependencies.py
[2024-06-05 17:28:12,460] {processor.py:651} INFO - DAG(s) dict_keys(['dependencies']) retrieved from /opt/airflow/dags/3-dependencies.py
[2024-06-05 17:28:12,479] {logging_mixin.py:115} INFO - [2024-06-05 17:28:12,479] {dag.py:2420} INFO - Sync 1 DAGs
[2024-06-05 17:28:12,493] {logging_mixin.py:115} INFO - [2024-06-05 17:28:12,493] {dag.py:2972} INFO - Setting next_dagrun for dependencies to 2024-05-20T00:00:00+00:00, run_after=2024-05-20T00:00:00+00:00
[2024-06-05 17:28:12,504] {processor.py:161} INFO - Processing /opt/airflow/dags/3-dependencies.py took 0.056 seconds
[2024-06-05 17:28:42,922] {processor.py:153} INFO - Started process (PID=1845) to work on /opt/airflow/dags/3-dependencies.py
[2024-06-05 17:28:42,923] {processor.py:641} INFO - Processing file /opt/airflow/dags/3-dependencies.py for tasks to queue
[2024-06-05 17:28:42,924] {logging_mixin.py:115} INFO - [2024-06-05 17:28:42,924] {dagbag.py:508} INFO - Filling up the DagBag from /opt/airflow/dags/3-dependencies.py
[2024-06-05 17:28:42,934] {processor.py:651} INFO - DAG(s) dict_keys(['dependencies']) retrieved from /opt/airflow/dags/3-dependencies.py
[2024-06-05 17:28:42,960] {logging_mixin.py:115} INFO - [2024-06-05 17:28:42,960] {dag.py:2420} INFO - Sync 1 DAGs
[2024-06-05 17:28:42,981] {logging_mixin.py:115} INFO - [2024-06-05 17:28:42,981] {dag.py:2972} INFO - Setting next_dagrun for dependencies to 2024-05-20T00:00:00+00:00, run_after=2024-05-20T00:00:00+00:00
[2024-06-05 17:28:42,997] {processor.py:161} INFO - Processing /opt/airflow/dags/3-dependencies.py took 0.080 seconds
[2024-06-05 17:29:13,377] {processor.py:153} INFO - Started process (PID=1871) to work on /opt/airflow/dags/3-dependencies.py
[2024-06-05 17:29:13,377] {processor.py:641} INFO - Processing file /opt/airflow/dags/3-dependencies.py for tasks to queue
[2024-06-05 17:29:13,377] {logging_mixin.py:115} INFO - [2024-06-05 17:29:13,377] {dagbag.py:508} INFO - Filling up the DagBag from /opt/airflow/dags/3-dependencies.py
[2024-06-05 17:29:13,384] {processor.py:651} INFO - DAG(s) dict_keys(['dependencies']) retrieved from /opt/airflow/dags/3-dependencies.py
[2024-06-05 17:29:13,404] {logging_mixin.py:115} INFO - [2024-06-05 17:29:13,403] {dag.py:2420} INFO - Sync 1 DAGs
[2024-06-05 17:29:13,421] {logging_mixin.py:115} INFO - [2024-06-05 17:29:13,421] {dag.py:2972} INFO - Setting next_dagrun for dependencies to 2024-05-20T00:00:00+00:00, run_after=2024-05-20T00:00:00+00:00
[2024-06-05 17:29:13,435] {processor.py:161} INFO - Processing /opt/airflow/dags/3-dependencies.py took 0.061 seconds
[2024-06-05 17:29:43,904] {processor.py:153} INFO - Started process (PID=1905) to work on /opt/airflow/dags/3-dependencies.py
[2024-06-05 17:29:43,904] {processor.py:641} INFO - Processing file /opt/airflow/dags/3-dependencies.py for tasks to queue
[2024-06-05 17:29:43,905] {logging_mixin.py:115} INFO - [2024-06-05 17:29:43,905] {dagbag.py:508} INFO - Filling up the DagBag from /opt/airflow/dags/3-dependencies.py
[2024-06-05 17:29:43,912] {processor.py:651} INFO - DAG(s) dict_keys(['dependencies']) retrieved from /opt/airflow/dags/3-dependencies.py
[2024-06-05 17:29:43,930] {logging_mixin.py:115} INFO - [2024-06-05 17:29:43,930] {dag.py:2420} INFO - Sync 1 DAGs
[2024-06-05 17:29:43,948] {logging_mixin.py:115} INFO - [2024-06-05 17:29:43,948] {dag.py:2972} INFO - Setting next_dagrun for dependencies to 2024-05-20T00:00:00+00:00, run_after=2024-05-20T00:00:00+00:00
[2024-06-05 17:29:43,960] {processor.py:161} INFO - Processing /opt/airflow/dags/3-dependencies.py took 0.059 seconds
[2024-06-05 17:30:14,426] {processor.py:153} INFO - Started process (PID=1940) to work on /opt/airflow/dags/3-dependencies.py
[2024-06-05 17:30:14,427] {processor.py:641} INFO - Processing file /opt/airflow/dags/3-dependencies.py for tasks to queue
[2024-06-05 17:30:14,428] {logging_mixin.py:115} INFO - [2024-06-05 17:30:14,427] {dagbag.py:508} INFO - Filling up the DagBag from /opt/airflow/dags/3-dependencies.py
[2024-06-05 17:30:14,436] {processor.py:651} INFO - DAG(s) dict_keys(['dependencies']) retrieved from /opt/airflow/dags/3-dependencies.py
[2024-06-05 17:30:14,457] {logging_mixin.py:115} INFO - [2024-06-05 17:30:14,457] {dag.py:2420} INFO - Sync 1 DAGs
[2024-06-05 17:30:14,478] {logging_mixin.py:115} INFO - [2024-06-05 17:30:14,478] {dag.py:2972} INFO - Setting next_dagrun for dependencies to 2024-05-20T00:00:00+00:00, run_after=2024-05-20T00:00:00+00:00
[2024-06-05 17:30:14,491] {processor.py:161} INFO - Processing /opt/airflow/dags/3-dependencies.py took 0.068 seconds
[2024-06-05 17:30:44,887] {processor.py:153} INFO - Started process (PID=1975) to work on /opt/airflow/dags/3-dependencies.py
[2024-06-05 17:30:44,888] {processor.py:641} INFO - Processing file /opt/airflow/dags/3-dependencies.py for tasks to queue
[2024-06-05 17:30:44,888] {logging_mixin.py:115} INFO - [2024-06-05 17:30:44,888] {dagbag.py:508} INFO - Filling up the DagBag from /opt/airflow/dags/3-dependencies.py
[2024-06-05 17:30:44,896] {processor.py:651} INFO - DAG(s) dict_keys(['dependencies']) retrieved from /opt/airflow/dags/3-dependencies.py
[2024-06-05 17:30:44,917] {logging_mixin.py:115} INFO - [2024-06-05 17:30:44,917] {dag.py:2420} INFO - Sync 1 DAGs
[2024-06-05 17:30:44,936] {logging_mixin.py:115} INFO - [2024-06-05 17:30:44,936] {dag.py:2972} INFO - Setting next_dagrun for dependencies to 2024-05-20T00:00:00+00:00, run_after=2024-05-20T00:00:00+00:00
[2024-06-05 17:30:44,948] {processor.py:161} INFO - Processing /opt/airflow/dags/3-dependencies.py took 0.064 seconds
[2024-06-05 17:31:15,324] {processor.py:153} INFO - Started process (PID=2001) to work on /opt/airflow/dags/3-dependencies.py
[2024-06-05 17:31:15,324] {processor.py:641} INFO - Processing file /opt/airflow/dags/3-dependencies.py for tasks to queue
[2024-06-05 17:31:15,325] {logging_mixin.py:115} INFO - [2024-06-05 17:31:15,325] {dagbag.py:508} INFO - Filling up the DagBag from /opt/airflow/dags/3-dependencies.py
[2024-06-05 17:31:15,331] {processor.py:651} INFO - DAG(s) dict_keys(['dependencies']) retrieved from /opt/airflow/dags/3-dependencies.py
[2024-06-05 17:31:15,353] {logging_mixin.py:115} INFO - [2024-06-05 17:31:15,353] {dag.py:2420} INFO - Sync 1 DAGs
[2024-06-05 17:31:15,369] {logging_mixin.py:115} INFO - [2024-06-05 17:31:15,369] {dag.py:2972} INFO - Setting next_dagrun for dependencies to 2024-05-20T00:00:00+00:00, run_after=2024-05-20T00:00:00+00:00
[2024-06-05 17:31:15,379] {processor.py:161} INFO - Processing /opt/airflow/dags/3-dependencies.py took 0.057 seconds
[2024-06-05 17:31:45,736] {processor.py:153} INFO - Started process (PID=2036) to work on /opt/airflow/dags/3-dependencies.py
[2024-06-05 17:31:45,737] {processor.py:641} INFO - Processing file /opt/airflow/dags/3-dependencies.py for tasks to queue
[2024-06-05 17:31:45,738] {logging_mixin.py:115} INFO - [2024-06-05 17:31:45,737] {dagbag.py:508} INFO - Filling up the DagBag from /opt/airflow/dags/3-dependencies.py
[2024-06-05 17:31:45,745] {processor.py:651} INFO - DAG(s) dict_keys(['dependencies']) retrieved from /opt/airflow/dags/3-dependencies.py
[2024-06-05 17:31:45,764] {logging_mixin.py:115} INFO - [2024-06-05 17:31:45,764] {dag.py:2420} INFO - Sync 1 DAGs
[2024-06-05 17:31:45,781] {logging_mixin.py:115} INFO - [2024-06-05 17:31:45,781] {dag.py:2972} INFO - Setting next_dagrun for dependencies to 2024-05-20T00:00:00+00:00, run_after=2024-05-20T00:00:00+00:00
[2024-06-05 17:31:45,790] {processor.py:161} INFO - Processing /opt/airflow/dags/3-dependencies.py took 0.056 seconds
[2024-06-05 17:32:16,123] {processor.py:153} INFO - Started process (PID=2071) to work on /opt/airflow/dags/3-dependencies.py
[2024-06-05 17:32:16,124] {processor.py:641} INFO - Processing file /opt/airflow/dags/3-dependencies.py for tasks to queue
[2024-06-05 17:32:16,124] {logging_mixin.py:115} INFO - [2024-06-05 17:32:16,124] {dagbag.py:508} INFO - Filling up the DagBag from /opt/airflow/dags/3-dependencies.py
[2024-06-05 17:32:16,135] {processor.py:651} INFO - DAG(s) dict_keys(['dependencies']) retrieved from /opt/airflow/dags/3-dependencies.py
[2024-06-05 17:32:16,156] {logging_mixin.py:115} INFO - [2024-06-05 17:32:16,156] {dag.py:2420} INFO - Sync 1 DAGs
[2024-06-05 17:32:16,174] {logging_mixin.py:115} INFO - [2024-06-05 17:32:16,174] {dag.py:2972} INFO - Setting next_dagrun for dependencies to 2024-05-20T00:00:00+00:00, run_after=2024-05-20T00:00:00+00:00
[2024-06-05 17:32:16,181] {processor.py:161} INFO - Processing /opt/airflow/dags/3-dependencies.py took 0.061 seconds
