[2024-06-05 17:00:18,967] {processor.py:153} INFO - Started process (PID=40) to work on /opt/airflow/dags/4-customoperator.py
[2024-06-05 17:00:18,968] {processor.py:641} INFO - Processing file /opt/airflow/dags/4-customoperator.py for tasks to queue
[2024-06-05 17:00:18,968] {logging_mixin.py:115} INFO - [2024-06-05 17:00:18,968] {dagbag.py:508} INFO - Filling up the DagBag from /opt/airflow/dags/4-customoperator.py
[2024-06-05 17:00:18,972] {processor.py:651} INFO - DAG(s) dict_keys(['custom_operator']) retrieved from /opt/airflow/dags/4-customoperator.py
[2024-06-05 17:00:18,995] {logging_mixin.py:115} INFO - [2024-06-05 17:00:18,994] {dag.py:2420} INFO - Sync 1 DAGs
[2024-06-05 17:00:19,154] {logging_mixin.py:115} INFO - [2024-06-05 17:00:19,154] {dag.py:2972} INFO - Setting next_dagrun for custom_operator to None, run_after=None
[2024-06-05 17:00:19,170] {processor.py:161} INFO - Processing /opt/airflow/dags/4-customoperator.py took 0.205 seconds
[2024-06-05 17:00:49,868] {processor.py:153} INFO - Started process (PID=75) to work on /opt/airflow/dags/4-customoperator.py
[2024-06-05 17:00:49,869] {processor.py:641} INFO - Processing file /opt/airflow/dags/4-customoperator.py for tasks to queue
[2024-06-05 17:00:49,870] {logging_mixin.py:115} INFO - [2024-06-05 17:00:49,870] {dagbag.py:508} INFO - Filling up the DagBag from /opt/airflow/dags/4-customoperator.py
[2024-06-05 17:00:49,874] {processor.py:651} INFO - DAG(s) dict_keys(['custom_operator']) retrieved from /opt/airflow/dags/4-customoperator.py
[2024-06-05 17:00:49,894] {logging_mixin.py:115} INFO - [2024-06-05 17:00:49,894] {dag.py:2420} INFO - Sync 1 DAGs
[2024-06-05 17:00:50,012] {logging_mixin.py:115} INFO - [2024-06-05 17:00:50,012] {dag.py:2972} INFO - Setting next_dagrun for custom_operator to None, run_after=None
[2024-06-05 17:00:50,021] {processor.py:161} INFO - Processing /opt/airflow/dags/4-customoperator.py took 0.158 seconds
[2024-06-05 17:01:16,262] {processor.py:153} INFO - Started process (PID=40) to work on /opt/airflow/dags/4-customoperator.py
[2024-06-05 17:01:16,262] {processor.py:641} INFO - Processing file /opt/airflow/dags/4-customoperator.py for tasks to queue
[2024-06-05 17:01:16,263] {logging_mixin.py:115} INFO - [2024-06-05 17:01:16,263] {dagbag.py:508} INFO - Filling up the DagBag from /opt/airflow/dags/4-customoperator.py
[2024-06-05 17:01:16,266] {processor.py:651} INFO - DAG(s) dict_keys(['custom_operator']) retrieved from /opt/airflow/dags/4-customoperator.py
[2024-06-05 17:01:16,287] {logging_mixin.py:115} INFO - [2024-06-05 17:01:16,287] {dag.py:2420} INFO - Sync 1 DAGs
[2024-06-05 17:01:16,425] {logging_mixin.py:115} INFO - [2024-06-05 17:01:16,425] {dag.py:2972} INFO - Setting next_dagrun for custom_operator to None, run_after=None
[2024-06-05 17:01:16,434] {processor.py:161} INFO - Processing /opt/airflow/dags/4-customoperator.py took 0.174 seconds
[2024-06-05 17:01:47,280] {processor.py:153} INFO - Started process (PID=104) to work on /opt/airflow/dags/4-customoperator.py
[2024-06-05 17:01:47,280] {processor.py:641} INFO - Processing file /opt/airflow/dags/4-customoperator.py for tasks to queue
[2024-06-05 17:01:47,281] {logging_mixin.py:115} INFO - [2024-06-05 17:01:47,281] {dagbag.py:508} INFO - Filling up the DagBag from /opt/airflow/dags/4-customoperator.py
[2024-06-05 17:01:47,287] {processor.py:651} INFO - DAG(s) dict_keys(['custom_operator']) retrieved from /opt/airflow/dags/4-customoperator.py
[2024-06-05 17:01:47,309] {logging_mixin.py:115} INFO - [2024-06-05 17:01:47,309] {dag.py:2420} INFO - Sync 1 DAGs
[2024-06-05 17:01:47,444] {logging_mixin.py:115} INFO - [2024-06-05 17:01:47,444] {dag.py:2972} INFO - Setting next_dagrun for custom_operator to None, run_after=None
[2024-06-05 17:01:47,453] {processor.py:161} INFO - Processing /opt/airflow/dags/4-customoperator.py took 0.176 seconds
[2024-06-05 17:02:18,318] {processor.py:153} INFO - Started process (PID=139) to work on /opt/airflow/dags/4-customoperator.py
[2024-06-05 17:02:18,318] {processor.py:641} INFO - Processing file /opt/airflow/dags/4-customoperator.py for tasks to queue
[2024-06-05 17:02:18,318] {logging_mixin.py:115} INFO - [2024-06-05 17:02:18,318] {dagbag.py:508} INFO - Filling up the DagBag from /opt/airflow/dags/4-customoperator.py
[2024-06-05 17:02:18,325] {processor.py:651} INFO - DAG(s) dict_keys(['custom_operator']) retrieved from /opt/airflow/dags/4-customoperator.py
[2024-06-05 17:02:18,455] {logging_mixin.py:115} INFO - [2024-06-05 17:02:18,455] {dag.py:2420} INFO - Sync 1 DAGs
[2024-06-05 17:02:18,470] {logging_mixin.py:115} INFO - [2024-06-05 17:02:18,470] {dag.py:2972} INFO - Setting next_dagrun for custom_operator to None, run_after=None
[2024-06-05 17:02:18,480] {processor.py:161} INFO - Processing /opt/airflow/dags/4-customoperator.py took 0.165 seconds
[2024-06-05 17:02:49,055] {processor.py:153} INFO - Started process (PID=165) to work on /opt/airflow/dags/4-customoperator.py
[2024-06-05 17:02:49,056] {processor.py:641} INFO - Processing file /opt/airflow/dags/4-customoperator.py for tasks to queue
[2024-06-05 17:02:49,056] {logging_mixin.py:115} INFO - [2024-06-05 17:02:49,056] {dagbag.py:508} INFO - Filling up the DagBag from /opt/airflow/dags/4-customoperator.py
[2024-06-05 17:02:49,061] {processor.py:651} INFO - DAG(s) dict_keys(['custom_operator']) retrieved from /opt/airflow/dags/4-customoperator.py
[2024-06-05 17:02:49,087] {logging_mixin.py:115} INFO - [2024-06-05 17:02:49,087] {dag.py:2420} INFO - Sync 1 DAGs
[2024-06-05 17:02:49,109] {logging_mixin.py:115} INFO - [2024-06-05 17:02:49,109] {dag.py:2972} INFO - Setting next_dagrun for custom_operator to None, run_after=None
[2024-06-05 17:02:49,124] {processor.py:161} INFO - Processing /opt/airflow/dags/4-customoperator.py took 0.071 seconds
[2024-06-05 17:03:19,441] {processor.py:153} INFO - Started process (PID=200) to work on /opt/airflow/dags/4-customoperator.py
[2024-06-05 17:03:19,441] {processor.py:641} INFO - Processing file /opt/airflow/dags/4-customoperator.py for tasks to queue
[2024-06-05 17:03:19,442] {logging_mixin.py:115} INFO - [2024-06-05 17:03:19,442] {dagbag.py:508} INFO - Filling up the DagBag from /opt/airflow/dags/4-customoperator.py
[2024-06-05 17:03:19,446] {processor.py:651} INFO - DAG(s) dict_keys(['custom_operator']) retrieved from /opt/airflow/dags/4-customoperator.py
[2024-06-05 17:03:19,469] {logging_mixin.py:115} INFO - [2024-06-05 17:03:19,469] {dag.py:2420} INFO - Sync 1 DAGs
[2024-06-05 17:03:19,487] {logging_mixin.py:115} INFO - [2024-06-05 17:03:19,487] {dag.py:2972} INFO - Setting next_dagrun for custom_operator to None, run_after=None
[2024-06-05 17:03:19,498] {processor.py:161} INFO - Processing /opt/airflow/dags/4-customoperator.py took 0.061 seconds
[2024-06-05 17:03:49,868] {processor.py:153} INFO - Started process (PID=235) to work on /opt/airflow/dags/4-customoperator.py
[2024-06-05 17:03:49,870] {processor.py:641} INFO - Processing file /opt/airflow/dags/4-customoperator.py for tasks to queue
[2024-06-05 17:03:49,871] {logging_mixin.py:115} INFO - [2024-06-05 17:03:49,871] {dagbag.py:508} INFO - Filling up the DagBag from /opt/airflow/dags/4-customoperator.py
[2024-06-05 17:03:49,878] {processor.py:651} INFO - DAG(s) dict_keys(['custom_operator']) retrieved from /opt/airflow/dags/4-customoperator.py
[2024-06-05 17:03:49,904] {logging_mixin.py:115} INFO - [2024-06-05 17:03:49,904] {dag.py:2420} INFO - Sync 1 DAGs
[2024-06-05 17:03:49,926] {logging_mixin.py:115} INFO - [2024-06-05 17:03:49,926] {dag.py:2972} INFO - Setting next_dagrun for custom_operator to None, run_after=None
[2024-06-05 17:03:49,939] {processor.py:161} INFO - Processing /opt/airflow/dags/4-customoperator.py took 0.075 seconds
[2024-06-05 17:04:20,373] {processor.py:153} INFO - Started process (PID=270) to work on /opt/airflow/dags/4-customoperator.py
[2024-06-05 17:04:20,373] {processor.py:641} INFO - Processing file /opt/airflow/dags/4-customoperator.py for tasks to queue
[2024-06-05 17:04:20,374] {logging_mixin.py:115} INFO - [2024-06-05 17:04:20,374] {dagbag.py:508} INFO - Filling up the DagBag from /opt/airflow/dags/4-customoperator.py
[2024-06-05 17:04:20,378] {processor.py:651} INFO - DAG(s) dict_keys(['custom_operator']) retrieved from /opt/airflow/dags/4-customoperator.py
[2024-06-05 17:04:20,402] {logging_mixin.py:115} INFO - [2024-06-05 17:04:20,402] {dag.py:2420} INFO - Sync 1 DAGs
[2024-06-05 17:04:20,424] {logging_mixin.py:115} INFO - [2024-06-05 17:04:20,424] {dag.py:2972} INFO - Setting next_dagrun for custom_operator to None, run_after=None
[2024-06-05 17:04:20,434] {processor.py:161} INFO - Processing /opt/airflow/dags/4-customoperator.py took 0.064 seconds
[2024-06-05 17:04:50,915] {processor.py:153} INFO - Started process (PID=305) to work on /opt/airflow/dags/4-customoperator.py
[2024-06-05 17:04:50,915] {processor.py:641} INFO - Processing file /opt/airflow/dags/4-customoperator.py for tasks to queue
[2024-06-05 17:04:50,916] {logging_mixin.py:115} INFO - [2024-06-05 17:04:50,916] {dagbag.py:508} INFO - Filling up the DagBag from /opt/airflow/dags/4-customoperator.py
[2024-06-05 17:04:50,922] {processor.py:651} INFO - DAG(s) dict_keys(['custom_operator']) retrieved from /opt/airflow/dags/4-customoperator.py
[2024-06-05 17:04:50,950] {logging_mixin.py:115} INFO - [2024-06-05 17:04:50,950] {dag.py:2420} INFO - Sync 1 DAGs
[2024-06-05 17:04:50,968] {logging_mixin.py:115} INFO - [2024-06-05 17:04:50,967] {dag.py:2972} INFO - Setting next_dagrun for custom_operator to None, run_after=None
[2024-06-05 17:04:50,978] {processor.py:161} INFO - Processing /opt/airflow/dags/4-customoperator.py took 0.068 seconds
[2024-06-05 17:05:21,410] {processor.py:153} INFO - Started process (PID=331) to work on /opt/airflow/dags/4-customoperator.py
[2024-06-05 17:05:21,410] {processor.py:641} INFO - Processing file /opt/airflow/dags/4-customoperator.py for tasks to queue
[2024-06-05 17:05:21,411] {logging_mixin.py:115} INFO - [2024-06-05 17:05:21,411] {dagbag.py:508} INFO - Filling up the DagBag from /opt/airflow/dags/4-customoperator.py
[2024-06-05 17:05:21,414] {processor.py:651} INFO - DAG(s) dict_keys(['custom_operator']) retrieved from /opt/airflow/dags/4-customoperator.py
[2024-06-05 17:05:21,435] {logging_mixin.py:115} INFO - [2024-06-05 17:05:21,435] {dag.py:2420} INFO - Sync 1 DAGs
[2024-06-05 17:05:21,451] {logging_mixin.py:115} INFO - [2024-06-05 17:05:21,451] {dag.py:2972} INFO - Setting next_dagrun for custom_operator to None, run_after=None
[2024-06-05 17:05:21,483] {processor.py:161} INFO - Processing /opt/airflow/dags/4-customoperator.py took 0.076 seconds
[2024-06-05 17:05:51,856] {processor.py:153} INFO - Started process (PID=366) to work on /opt/airflow/dags/4-customoperator.py
[2024-06-05 17:05:51,856] {processor.py:641} INFO - Processing file /opt/airflow/dags/4-customoperator.py for tasks to queue
[2024-06-05 17:05:51,856] {logging_mixin.py:115} INFO - [2024-06-05 17:05:51,856] {dagbag.py:508} INFO - Filling up the DagBag from /opt/airflow/dags/4-customoperator.py
[2024-06-05 17:05:51,860] {processor.py:651} INFO - DAG(s) dict_keys(['custom_operator']) retrieved from /opt/airflow/dags/4-customoperator.py
[2024-06-05 17:05:51,882] {logging_mixin.py:115} INFO - [2024-06-05 17:05:51,882] {dag.py:2420} INFO - Sync 1 DAGs
[2024-06-05 17:05:51,897] {logging_mixin.py:115} INFO - [2024-06-05 17:05:51,897] {dag.py:2972} INFO - Setting next_dagrun for custom_operator to None, run_after=None
[2024-06-05 17:05:51,910] {processor.py:161} INFO - Processing /opt/airflow/dags/4-customoperator.py took 0.057 seconds
[2024-06-05 17:06:22,399] {processor.py:153} INFO - Started process (PID=401) to work on /opt/airflow/dags/4-customoperator.py
[2024-06-05 17:06:22,399] {processor.py:641} INFO - Processing file /opt/airflow/dags/4-customoperator.py for tasks to queue
[2024-06-05 17:06:22,400] {logging_mixin.py:115} INFO - [2024-06-05 17:06:22,400] {dagbag.py:508} INFO - Filling up the DagBag from /opt/airflow/dags/4-customoperator.py
[2024-06-05 17:06:22,406] {processor.py:651} INFO - DAG(s) dict_keys(['custom_operator']) retrieved from /opt/airflow/dags/4-customoperator.py
[2024-06-05 17:06:22,425] {logging_mixin.py:115} INFO - [2024-06-05 17:06:22,425] {dag.py:2420} INFO - Sync 1 DAGs
[2024-06-05 17:06:22,443] {logging_mixin.py:115} INFO - [2024-06-05 17:06:22,443] {dag.py:2972} INFO - Setting next_dagrun for custom_operator to None, run_after=None
[2024-06-05 17:06:22,454] {processor.py:161} INFO - Processing /opt/airflow/dags/4-customoperator.py took 0.057 seconds
[2024-06-05 17:06:52,840] {processor.py:153} INFO - Started process (PID=436) to work on /opt/airflow/dags/4-customoperator.py
[2024-06-05 17:06:52,841] {processor.py:641} INFO - Processing file /opt/airflow/dags/4-customoperator.py for tasks to queue
[2024-06-05 17:06:52,841] {logging_mixin.py:115} INFO - [2024-06-05 17:06:52,841] {dagbag.py:508} INFO - Filling up the DagBag from /opt/airflow/dags/4-customoperator.py
[2024-06-05 17:06:52,846] {processor.py:651} INFO - DAG(s) dict_keys(['custom_operator']) retrieved from /opt/airflow/dags/4-customoperator.py
[2024-06-05 17:06:52,876] {logging_mixin.py:115} INFO - [2024-06-05 17:06:52,876] {dag.py:2420} INFO - Sync 1 DAGs
[2024-06-05 17:06:52,893] {logging_mixin.py:115} INFO - [2024-06-05 17:06:52,892] {dag.py:2972} INFO - Setting next_dagrun for custom_operator to None, run_after=None
[2024-06-05 17:06:52,904] {processor.py:161} INFO - Processing /opt/airflow/dags/4-customoperator.py took 0.067 seconds
[2024-06-05 17:07:23,330] {processor.py:153} INFO - Started process (PID=462) to work on /opt/airflow/dags/4-customoperator.py
[2024-06-05 17:07:23,331] {processor.py:641} INFO - Processing file /opt/airflow/dags/4-customoperator.py for tasks to queue
[2024-06-05 17:07:23,331] {logging_mixin.py:115} INFO - [2024-06-05 17:07:23,331] {dagbag.py:508} INFO - Filling up the DagBag from /opt/airflow/dags/4-customoperator.py
[2024-06-05 17:07:23,334] {processor.py:651} INFO - DAG(s) dict_keys(['custom_operator']) retrieved from /opt/airflow/dags/4-customoperator.py
[2024-06-05 17:07:23,354] {logging_mixin.py:115} INFO - [2024-06-05 17:07:23,353] {dag.py:2420} INFO - Sync 1 DAGs
[2024-06-05 17:07:23,374] {logging_mixin.py:115} INFO - [2024-06-05 17:07:23,374] {dag.py:2972} INFO - Setting next_dagrun for custom_operator to None, run_after=None
[2024-06-05 17:07:23,385] {processor.py:161} INFO - Processing /opt/airflow/dags/4-customoperator.py took 0.057 seconds
[2024-06-05 17:07:53,695] {processor.py:153} INFO - Started process (PID=497) to work on /opt/airflow/dags/4-customoperator.py
[2024-06-05 17:07:53,695] {processor.py:641} INFO - Processing file /opt/airflow/dags/4-customoperator.py for tasks to queue
[2024-06-05 17:07:53,696] {logging_mixin.py:115} INFO - [2024-06-05 17:07:53,696] {dagbag.py:508} INFO - Filling up the DagBag from /opt/airflow/dags/4-customoperator.py
[2024-06-05 17:07:53,702] {processor.py:651} INFO - DAG(s) dict_keys(['custom_operator']) retrieved from /opt/airflow/dags/4-customoperator.py
[2024-06-05 17:07:53,723] {logging_mixin.py:115} INFO - [2024-06-05 17:07:53,723] {dag.py:2420} INFO - Sync 1 DAGs
[2024-06-05 17:07:53,739] {logging_mixin.py:115} INFO - [2024-06-05 17:07:53,739] {dag.py:2972} INFO - Setting next_dagrun for custom_operator to None, run_after=None
[2024-06-05 17:07:53,747] {processor.py:161} INFO - Processing /opt/airflow/dags/4-customoperator.py took 0.055 seconds
[2024-06-05 17:08:24,210] {processor.py:153} INFO - Started process (PID=532) to work on /opt/airflow/dags/4-customoperator.py
[2024-06-05 17:08:24,213] {processor.py:641} INFO - Processing file /opt/airflow/dags/4-customoperator.py for tasks to queue
[2024-06-05 17:08:24,213] {logging_mixin.py:115} INFO - [2024-06-05 17:08:24,213] {dagbag.py:508} INFO - Filling up the DagBag from /opt/airflow/dags/4-customoperator.py
[2024-06-05 17:08:24,216] {processor.py:651} INFO - DAG(s) dict_keys(['custom_operator']) retrieved from /opt/airflow/dags/4-customoperator.py
[2024-06-05 17:08:24,241] {logging_mixin.py:115} INFO - [2024-06-05 17:08:24,241] {dag.py:2420} INFO - Sync 1 DAGs
[2024-06-05 17:08:24,264] {logging_mixin.py:115} INFO - [2024-06-05 17:08:24,263] {dag.py:2972} INFO - Setting next_dagrun for custom_operator to None, run_after=None
[2024-06-05 17:08:24,276] {processor.py:161} INFO - Processing /opt/airflow/dags/4-customoperator.py took 0.069 seconds
[2024-06-05 17:08:54,596] {processor.py:153} INFO - Started process (PID=567) to work on /opt/airflow/dags/4-customoperator.py
[2024-06-05 17:08:54,596] {processor.py:641} INFO - Processing file /opt/airflow/dags/4-customoperator.py for tasks to queue
[2024-06-05 17:08:54,597] {logging_mixin.py:115} INFO - [2024-06-05 17:08:54,597] {dagbag.py:508} INFO - Filling up the DagBag from /opt/airflow/dags/4-customoperator.py
[2024-06-05 17:08:54,604] {processor.py:651} INFO - DAG(s) dict_keys(['custom_operator']) retrieved from /opt/airflow/dags/4-customoperator.py
[2024-06-05 17:08:54,621] {logging_mixin.py:115} INFO - [2024-06-05 17:08:54,621] {dag.py:2420} INFO - Sync 1 DAGs
[2024-06-05 17:08:54,642] {logging_mixin.py:115} INFO - [2024-06-05 17:08:54,642] {dag.py:2972} INFO - Setting next_dagrun for custom_operator to None, run_after=None
[2024-06-05 17:08:54,656] {processor.py:161} INFO - Processing /opt/airflow/dags/4-customoperator.py took 0.063 seconds
[2024-06-05 17:09:25,107] {processor.py:153} INFO - Started process (PID=600) to work on /opt/airflow/dags/4-customoperator.py
[2024-06-05 17:09:25,107] {processor.py:641} INFO - Processing file /opt/airflow/dags/4-customoperator.py for tasks to queue
[2024-06-05 17:09:25,108] {logging_mixin.py:115} INFO - [2024-06-05 17:09:25,108] {dagbag.py:508} INFO - Filling up the DagBag from /opt/airflow/dags/4-customoperator.py
[2024-06-05 17:09:25,112] {processor.py:651} INFO - DAG(s) dict_keys(['custom_operator']) retrieved from /opt/airflow/dags/4-customoperator.py
[2024-06-05 17:09:25,138] {logging_mixin.py:115} INFO - [2024-06-05 17:09:25,138] {dag.py:2420} INFO - Sync 1 DAGs
[2024-06-05 17:09:25,161] {logging_mixin.py:115} INFO - [2024-06-05 17:09:25,160] {dag.py:2972} INFO - Setting next_dagrun for custom_operator to None, run_after=None
[2024-06-05 17:09:25,173] {processor.py:161} INFO - Processing /opt/airflow/dags/4-customoperator.py took 0.069 seconds
[2024-06-05 17:09:55,562] {processor.py:153} INFO - Started process (PID=628) to work on /opt/airflow/dags/4-customoperator.py
[2024-06-05 17:09:55,562] {processor.py:641} INFO - Processing file /opt/airflow/dags/4-customoperator.py for tasks to queue
[2024-06-05 17:09:55,563] {logging_mixin.py:115} INFO - [2024-06-05 17:09:55,563] {dagbag.py:508} INFO - Filling up the DagBag from /opt/airflow/dags/4-customoperator.py
[2024-06-05 17:09:55,568] {processor.py:651} INFO - DAG(s) dict_keys(['custom_operator']) retrieved from /opt/airflow/dags/4-customoperator.py
[2024-06-05 17:09:55,590] {logging_mixin.py:115} INFO - [2024-06-05 17:09:55,590] {dag.py:2420} INFO - Sync 1 DAGs
[2024-06-05 17:09:55,606] {logging_mixin.py:115} INFO - [2024-06-05 17:09:55,606] {dag.py:2972} INFO - Setting next_dagrun for custom_operator to None, run_after=None
[2024-06-05 17:09:55,617] {processor.py:161} INFO - Processing /opt/airflow/dags/4-customoperator.py took 0.058 seconds
[2024-06-05 17:10:26,062] {processor.py:153} INFO - Started process (PID=662) to work on /opt/airflow/dags/4-customoperator.py
[2024-06-05 17:10:26,063] {processor.py:641} INFO - Processing file /opt/airflow/dags/4-customoperator.py for tasks to queue
[2024-06-05 17:10:26,067] {logging_mixin.py:115} INFO - [2024-06-05 17:10:26,067] {dagbag.py:508} INFO - Filling up the DagBag from /opt/airflow/dags/4-customoperator.py
[2024-06-05 17:10:26,071] {processor.py:651} INFO - DAG(s) dict_keys(['custom_operator']) retrieved from /opt/airflow/dags/4-customoperator.py
[2024-06-05 17:10:26,090] {logging_mixin.py:115} INFO - [2024-06-05 17:10:26,090] {dag.py:2420} INFO - Sync 1 DAGs
[2024-06-05 17:10:26,106] {logging_mixin.py:115} INFO - [2024-06-05 17:10:26,106] {dag.py:2972} INFO - Setting next_dagrun for custom_operator to None, run_after=None
[2024-06-05 17:10:26,119] {processor.py:161} INFO - Processing /opt/airflow/dags/4-customoperator.py took 0.059 seconds
[2024-06-05 17:10:56,494] {processor.py:153} INFO - Started process (PID=697) to work on /opt/airflow/dags/4-customoperator.py
[2024-06-05 17:10:56,495] {processor.py:641} INFO - Processing file /opt/airflow/dags/4-customoperator.py for tasks to queue
[2024-06-05 17:10:56,495] {logging_mixin.py:115} INFO - [2024-06-05 17:10:56,495] {dagbag.py:508} INFO - Filling up the DagBag from /opt/airflow/dags/4-customoperator.py
[2024-06-05 17:10:56,498] {processor.py:651} INFO - DAG(s) dict_keys(['custom_operator']) retrieved from /opt/airflow/dags/4-customoperator.py
[2024-06-05 17:10:56,513] {logging_mixin.py:115} INFO - [2024-06-05 17:10:56,513] {dag.py:2420} INFO - Sync 1 DAGs
[2024-06-05 17:10:56,530] {logging_mixin.py:115} INFO - [2024-06-05 17:10:56,530] {dag.py:2972} INFO - Setting next_dagrun for custom_operator to None, run_after=None
[2024-06-05 17:10:56,539] {processor.py:161} INFO - Processing /opt/airflow/dags/4-customoperator.py took 0.047 seconds
[2024-06-05 17:11:26,953] {processor.py:153} INFO - Started process (PID=731) to work on /opt/airflow/dags/4-customoperator.py
[2024-06-05 17:11:26,953] {processor.py:641} INFO - Processing file /opt/airflow/dags/4-customoperator.py for tasks to queue
[2024-06-05 17:11:26,954] {logging_mixin.py:115} INFO - [2024-06-05 17:11:26,954] {dagbag.py:508} INFO - Filling up the DagBag from /opt/airflow/dags/4-customoperator.py
[2024-06-05 17:11:26,957] {processor.py:651} INFO - DAG(s) dict_keys(['custom_operator']) retrieved from /opt/airflow/dags/4-customoperator.py
[2024-06-05 17:11:26,984] {logging_mixin.py:115} INFO - [2024-06-05 17:11:26,984] {dag.py:2420} INFO - Sync 1 DAGs
[2024-06-05 17:11:27,003] {logging_mixin.py:115} INFO - [2024-06-05 17:11:27,002] {dag.py:2972} INFO - Setting next_dagrun for custom_operator to None, run_after=None
[2024-06-05 17:11:27,012] {processor.py:161} INFO - Processing /opt/airflow/dags/4-customoperator.py took 0.061 seconds
[2024-06-05 17:11:57,328] {processor.py:153} INFO - Started process (PID=756) to work on /opt/airflow/dags/4-customoperator.py
[2024-06-05 17:11:57,332] {processor.py:641} INFO - Processing file /opt/airflow/dags/4-customoperator.py for tasks to queue
[2024-06-05 17:11:57,333] {logging_mixin.py:115} INFO - [2024-06-05 17:11:57,333] {dagbag.py:508} INFO - Filling up the DagBag from /opt/airflow/dags/4-customoperator.py
[2024-06-05 17:11:57,337] {processor.py:651} INFO - DAG(s) dict_keys(['custom_operator']) retrieved from /opt/airflow/dags/4-customoperator.py
[2024-06-05 17:11:57,361] {logging_mixin.py:115} INFO - [2024-06-05 17:11:57,361] {dag.py:2420} INFO - Sync 1 DAGs
[2024-06-05 17:11:57,385] {logging_mixin.py:115} INFO - [2024-06-05 17:11:57,385] {dag.py:2972} INFO - Setting next_dagrun for custom_operator to None, run_after=None
[2024-06-05 17:11:57,401] {processor.py:161} INFO - Processing /opt/airflow/dags/4-customoperator.py took 0.077 seconds
[2024-06-05 17:12:27,787] {processor.py:153} INFO - Started process (PID=791) to work on /opt/airflow/dags/4-customoperator.py
[2024-06-05 17:12:27,788] {processor.py:641} INFO - Processing file /opt/airflow/dags/4-customoperator.py for tasks to queue
[2024-06-05 17:12:27,788] {logging_mixin.py:115} INFO - [2024-06-05 17:12:27,788] {dagbag.py:508} INFO - Filling up the DagBag from /opt/airflow/dags/4-customoperator.py
[2024-06-05 17:12:27,792] {processor.py:651} INFO - DAG(s) dict_keys(['custom_operator']) retrieved from /opt/airflow/dags/4-customoperator.py
[2024-06-05 17:12:27,826] {logging_mixin.py:115} INFO - [2024-06-05 17:12:27,826] {dag.py:2420} INFO - Sync 1 DAGs
[2024-06-05 17:12:27,849] {logging_mixin.py:115} INFO - [2024-06-05 17:12:27,848] {dag.py:2972} INFO - Setting next_dagrun for custom_operator to None, run_after=None
[2024-06-05 17:12:27,863] {processor.py:161} INFO - Processing /opt/airflow/dags/4-customoperator.py took 0.078 seconds
[2024-06-05 17:12:58,316] {processor.py:153} INFO - Started process (PID=826) to work on /opt/airflow/dags/4-customoperator.py
[2024-06-05 17:12:58,317] {processor.py:641} INFO - Processing file /opt/airflow/dags/4-customoperator.py for tasks to queue
[2024-06-05 17:12:58,318] {logging_mixin.py:115} INFO - [2024-06-05 17:12:58,318] {dagbag.py:508} INFO - Filling up the DagBag from /opt/airflow/dags/4-customoperator.py
[2024-06-05 17:12:58,325] {processor.py:651} INFO - DAG(s) dict_keys(['custom_operator']) retrieved from /opt/airflow/dags/4-customoperator.py
[2024-06-05 17:12:58,347] {logging_mixin.py:115} INFO - [2024-06-05 17:12:58,347] {dag.py:2420} INFO - Sync 1 DAGs
[2024-06-05 17:12:58,370] {logging_mixin.py:115} INFO - [2024-06-05 17:12:58,370] {dag.py:2972} INFO - Setting next_dagrun for custom_operator to None, run_after=None
[2024-06-05 17:12:58,380] {processor.py:161} INFO - Processing /opt/airflow/dags/4-customoperator.py took 0.068 seconds
[2024-06-05 17:13:28,792] {processor.py:153} INFO - Started process (PID=860) to work on /opt/airflow/dags/4-customoperator.py
[2024-06-05 17:13:28,793] {processor.py:641} INFO - Processing file /opt/airflow/dags/4-customoperator.py for tasks to queue
[2024-06-05 17:13:28,794] {logging_mixin.py:115} INFO - [2024-06-05 17:13:28,794] {dagbag.py:508} INFO - Filling up the DagBag from /opt/airflow/dags/4-customoperator.py
[2024-06-05 17:13:28,799] {processor.py:651} INFO - DAG(s) dict_keys(['custom_operator']) retrieved from /opt/airflow/dags/4-customoperator.py
[2024-06-05 17:13:28,820] {logging_mixin.py:115} INFO - [2024-06-05 17:13:28,820] {dag.py:2420} INFO - Sync 1 DAGs
[2024-06-05 17:13:28,837] {logging_mixin.py:115} INFO - [2024-06-05 17:13:28,837] {dag.py:2972} INFO - Setting next_dagrun for custom_operator to None, run_after=None
[2024-06-05 17:13:28,848] {processor.py:161} INFO - Processing /opt/airflow/dags/4-customoperator.py took 0.059 seconds
[2024-06-05 17:13:59,181] {processor.py:153} INFO - Started process (PID=886) to work on /opt/airflow/dags/4-customoperator.py
[2024-06-05 17:13:59,182] {processor.py:641} INFO - Processing file /opt/airflow/dags/4-customoperator.py for tasks to queue
[2024-06-05 17:13:59,182] {logging_mixin.py:115} INFO - [2024-06-05 17:13:59,182] {dagbag.py:508} INFO - Filling up the DagBag from /opt/airflow/dags/4-customoperator.py
[2024-06-05 17:13:59,188] {processor.py:651} INFO - DAG(s) dict_keys(['custom_operator']) retrieved from /opt/airflow/dags/4-customoperator.py
[2024-06-05 17:13:59,210] {logging_mixin.py:115} INFO - [2024-06-05 17:13:59,210] {dag.py:2420} INFO - Sync 1 DAGs
[2024-06-05 17:13:59,229] {logging_mixin.py:115} INFO - [2024-06-05 17:13:59,229] {dag.py:2972} INFO - Setting next_dagrun for custom_operator to None, run_after=None
[2024-06-05 17:13:59,243] {processor.py:161} INFO - Processing /opt/airflow/dags/4-customoperator.py took 0.066 seconds
[2024-06-05 17:14:29,694] {processor.py:153} INFO - Started process (PID=921) to work on /opt/airflow/dags/4-customoperator.py
[2024-06-05 17:14:29,695] {processor.py:641} INFO - Processing file /opt/airflow/dags/4-customoperator.py for tasks to queue
[2024-06-05 17:14:29,695] {logging_mixin.py:115} INFO - [2024-06-05 17:14:29,695] {dagbag.py:508} INFO - Filling up the DagBag from /opt/airflow/dags/4-customoperator.py
[2024-06-05 17:14:29,700] {processor.py:651} INFO - DAG(s) dict_keys(['custom_operator']) retrieved from /opt/airflow/dags/4-customoperator.py
[2024-06-05 17:14:29,733] {logging_mixin.py:115} INFO - [2024-06-05 17:14:29,733] {dag.py:2420} INFO - Sync 1 DAGs
[2024-06-05 17:14:29,758] {logging_mixin.py:115} INFO - [2024-06-05 17:14:29,757] {dag.py:2972} INFO - Setting next_dagrun for custom_operator to None, run_after=None
[2024-06-05 17:14:29,774] {processor.py:161} INFO - Processing /opt/airflow/dags/4-customoperator.py took 0.083 seconds
[2024-06-05 17:15:00,192] {processor.py:153} INFO - Started process (PID=956) to work on /opt/airflow/dags/4-customoperator.py
[2024-06-05 17:15:00,195] {processor.py:641} INFO - Processing file /opt/airflow/dags/4-customoperator.py for tasks to queue
[2024-06-05 17:15:00,195] {logging_mixin.py:115} INFO - [2024-06-05 17:15:00,195] {dagbag.py:508} INFO - Filling up the DagBag from /opt/airflow/dags/4-customoperator.py
[2024-06-05 17:15:00,205] {processor.py:651} INFO - DAG(s) dict_keys(['custom_operator']) retrieved from /opt/airflow/dags/4-customoperator.py
[2024-06-05 17:15:00,228] {logging_mixin.py:115} INFO - [2024-06-05 17:15:00,227] {dag.py:2420} INFO - Sync 1 DAGs
[2024-06-05 17:15:00,247] {logging_mixin.py:115} INFO - [2024-06-05 17:15:00,246] {dag.py:2972} INFO - Setting next_dagrun for custom_operator to None, run_after=None
[2024-06-05 17:15:00,258] {processor.py:161} INFO - Processing /opt/airflow/dags/4-customoperator.py took 0.070 seconds
[2024-06-05 17:15:30,658] {processor.py:153} INFO - Started process (PID=991) to work on /opt/airflow/dags/4-customoperator.py
[2024-06-05 17:15:30,659] {processor.py:641} INFO - Processing file /opt/airflow/dags/4-customoperator.py for tasks to queue
[2024-06-05 17:15:30,660] {logging_mixin.py:115} INFO - [2024-06-05 17:15:30,660] {dagbag.py:508} INFO - Filling up the DagBag from /opt/airflow/dags/4-customoperator.py
[2024-06-05 17:15:30,666] {processor.py:651} INFO - DAG(s) dict_keys(['custom_operator']) retrieved from /opt/airflow/dags/4-customoperator.py
[2024-06-05 17:15:30,692] {logging_mixin.py:115} INFO - [2024-06-05 17:15:30,692] {dag.py:2420} INFO - Sync 1 DAGs
[2024-06-05 17:15:30,714] {logging_mixin.py:115} INFO - [2024-06-05 17:15:30,714] {dag.py:2972} INFO - Setting next_dagrun for custom_operator to None, run_after=None
[2024-06-05 17:15:30,727] {processor.py:161} INFO - Processing /opt/airflow/dags/4-customoperator.py took 0.073 seconds
[2024-06-05 17:16:01,126] {processor.py:153} INFO - Started process (PID=1016) to work on /opt/airflow/dags/4-customoperator.py
[2024-06-05 17:16:01,127] {processor.py:641} INFO - Processing file /opt/airflow/dags/4-customoperator.py for tasks to queue
[2024-06-05 17:16:01,128] {logging_mixin.py:115} INFO - [2024-06-05 17:16:01,128] {dagbag.py:508} INFO - Filling up the DagBag from /opt/airflow/dags/4-customoperator.py
[2024-06-05 17:16:01,134] {processor.py:651} INFO - DAG(s) dict_keys(['custom_operator']) retrieved from /opt/airflow/dags/4-customoperator.py
[2024-06-05 17:16:01,154] {logging_mixin.py:115} INFO - [2024-06-05 17:16:01,154] {dag.py:2420} INFO - Sync 1 DAGs
[2024-06-05 17:16:01,172] {logging_mixin.py:115} INFO - [2024-06-05 17:16:01,172] {dag.py:2972} INFO - Setting next_dagrun for custom_operator to None, run_after=None
[2024-06-05 17:16:01,185] {processor.py:161} INFO - Processing /opt/airflow/dags/4-customoperator.py took 0.063 seconds
[2024-06-05 17:16:31,622] {processor.py:153} INFO - Started process (PID=1051) to work on /opt/airflow/dags/4-customoperator.py
[2024-06-05 17:16:31,622] {processor.py:641} INFO - Processing file /opt/airflow/dags/4-customoperator.py for tasks to queue
[2024-06-05 17:16:31,623] {logging_mixin.py:115} INFO - [2024-06-05 17:16:31,623] {dagbag.py:508} INFO - Filling up the DagBag from /opt/airflow/dags/4-customoperator.py
[2024-06-05 17:16:31,630] {processor.py:651} INFO - DAG(s) dict_keys(['custom_operator']) retrieved from /opt/airflow/dags/4-customoperator.py
[2024-06-05 17:16:31,656] {logging_mixin.py:115} INFO - [2024-06-05 17:16:31,656] {dag.py:2420} INFO - Sync 1 DAGs
[2024-06-05 17:16:31,677] {logging_mixin.py:115} INFO - [2024-06-05 17:16:31,677] {dag.py:2972} INFO - Setting next_dagrun for custom_operator to None, run_after=None
[2024-06-05 17:16:31,691] {processor.py:161} INFO - Processing /opt/airflow/dags/4-customoperator.py took 0.072 seconds
[2024-06-05 17:17:02,009] {processor.py:153} INFO - Started process (PID=1086) to work on /opt/airflow/dags/4-customoperator.py
[2024-06-05 17:17:02,009] {processor.py:641} INFO - Processing file /opt/airflow/dags/4-customoperator.py for tasks to queue
[2024-06-05 17:17:02,010] {logging_mixin.py:115} INFO - [2024-06-05 17:17:02,010] {dagbag.py:508} INFO - Filling up the DagBag from /opt/airflow/dags/4-customoperator.py
[2024-06-05 17:17:02,015] {processor.py:651} INFO - DAG(s) dict_keys(['custom_operator']) retrieved from /opt/airflow/dags/4-customoperator.py
[2024-06-05 17:17:02,041] {logging_mixin.py:115} INFO - [2024-06-05 17:17:02,041] {dag.py:2420} INFO - Sync 1 DAGs
[2024-06-05 17:17:02,070] {logging_mixin.py:115} INFO - [2024-06-05 17:17:02,069] {dag.py:2972} INFO - Setting next_dagrun for custom_operator to None, run_after=None
[2024-06-05 17:17:02,083] {processor.py:161} INFO - Processing /opt/airflow/dags/4-customoperator.py took 0.078 seconds
[2024-06-05 17:17:32,558] {processor.py:153} INFO - Started process (PID=1121) to work on /opt/airflow/dags/4-customoperator.py
[2024-06-05 17:17:32,559] {processor.py:641} INFO - Processing file /opt/airflow/dags/4-customoperator.py for tasks to queue
[2024-06-05 17:17:32,560] {logging_mixin.py:115} INFO - [2024-06-05 17:17:32,559] {dagbag.py:508} INFO - Filling up the DagBag from /opt/airflow/dags/4-customoperator.py
[2024-06-05 17:17:32,565] {processor.py:651} INFO - DAG(s) dict_keys(['custom_operator']) retrieved from /opt/airflow/dags/4-customoperator.py
[2024-06-05 17:17:32,592] {logging_mixin.py:115} INFO - [2024-06-05 17:17:32,592] {dag.py:2420} INFO - Sync 1 DAGs
[2024-06-05 17:17:32,615] {logging_mixin.py:115} INFO - [2024-06-05 17:17:32,615] {dag.py:2972} INFO - Setting next_dagrun for custom_operator to None, run_after=None
[2024-06-05 17:17:32,629] {processor.py:161} INFO - Processing /opt/airflow/dags/4-customoperator.py took 0.075 seconds
[2024-06-05 17:18:03,023] {processor.py:153} INFO - Started process (PID=1156) to work on /opt/airflow/dags/4-customoperator.py
[2024-06-05 17:18:03,023] {processor.py:641} INFO - Processing file /opt/airflow/dags/4-customoperator.py for tasks to queue
[2024-06-05 17:18:03,024] {logging_mixin.py:115} INFO - [2024-06-05 17:18:03,024] {dagbag.py:508} INFO - Filling up the DagBag from /opt/airflow/dags/4-customoperator.py
[2024-06-05 17:18:03,029] {processor.py:651} INFO - DAG(s) dict_keys(['custom_operator']) retrieved from /opt/airflow/dags/4-customoperator.py
[2024-06-05 17:18:03,058] {logging_mixin.py:115} INFO - [2024-06-05 17:18:03,058] {dag.py:2420} INFO - Sync 1 DAGs
[2024-06-05 17:18:03,081] {logging_mixin.py:115} INFO - [2024-06-05 17:18:03,081] {dag.py:2972} INFO - Setting next_dagrun for custom_operator to None, run_after=None
[2024-06-05 17:18:03,095] {processor.py:161} INFO - Processing /opt/airflow/dags/4-customoperator.py took 0.074 seconds
[2024-06-05 17:18:33,507] {processor.py:153} INFO - Started process (PID=1181) to work on /opt/airflow/dags/4-customoperator.py
[2024-06-05 17:18:33,508] {processor.py:641} INFO - Processing file /opt/airflow/dags/4-customoperator.py for tasks to queue
[2024-06-05 17:18:33,509] {logging_mixin.py:115} INFO - [2024-06-05 17:18:33,509] {dagbag.py:508} INFO - Filling up the DagBag from /opt/airflow/dags/4-customoperator.py
[2024-06-05 17:18:33,513] {processor.py:651} INFO - DAG(s) dict_keys(['custom_operator']) retrieved from /opt/airflow/dags/4-customoperator.py
[2024-06-05 17:18:33,536] {logging_mixin.py:115} INFO - [2024-06-05 17:18:33,536] {dag.py:2420} INFO - Sync 1 DAGs
[2024-06-05 17:18:33,557] {logging_mixin.py:115} INFO - [2024-06-05 17:18:33,557] {dag.py:2972} INFO - Setting next_dagrun for custom_operator to None, run_after=None
[2024-06-05 17:18:33,568] {processor.py:161} INFO - Processing /opt/airflow/dags/4-customoperator.py took 0.063 seconds
[2024-06-05 17:19:03,945] {processor.py:153} INFO - Started process (PID=1216) to work on /opt/airflow/dags/4-customoperator.py
[2024-06-05 17:19:03,946] {processor.py:641} INFO - Processing file /opt/airflow/dags/4-customoperator.py for tasks to queue
[2024-06-05 17:19:03,947] {logging_mixin.py:115} INFO - [2024-06-05 17:19:03,946] {dagbag.py:508} INFO - Filling up the DagBag from /opt/airflow/dags/4-customoperator.py
[2024-06-05 17:19:03,951] {processor.py:651} INFO - DAG(s) dict_keys(['custom_operator']) retrieved from /opt/airflow/dags/4-customoperator.py
[2024-06-05 17:19:03,970] {logging_mixin.py:115} INFO - [2024-06-05 17:19:03,970] {dag.py:2420} INFO - Sync 1 DAGs
[2024-06-05 17:19:03,987] {logging_mixin.py:115} INFO - [2024-06-05 17:19:03,987] {dag.py:2972} INFO - Setting next_dagrun for custom_operator to None, run_after=None
[2024-06-05 17:19:03,998] {processor.py:161} INFO - Processing /opt/airflow/dags/4-customoperator.py took 0.056 seconds
[2024-06-05 17:19:34,398] {processor.py:153} INFO - Started process (PID=1251) to work on /opt/airflow/dags/4-customoperator.py
[2024-06-05 17:19:34,399] {processor.py:641} INFO - Processing file /opt/airflow/dags/4-customoperator.py for tasks to queue
[2024-06-05 17:19:34,399] {logging_mixin.py:115} INFO - [2024-06-05 17:19:34,399] {dagbag.py:508} INFO - Filling up the DagBag from /opt/airflow/dags/4-customoperator.py
[2024-06-05 17:19:34,403] {processor.py:651} INFO - DAG(s) dict_keys(['custom_operator']) retrieved from /opt/airflow/dags/4-customoperator.py
[2024-06-05 17:19:34,423] {logging_mixin.py:115} INFO - [2024-06-05 17:19:34,423] {dag.py:2420} INFO - Sync 1 DAGs
[2024-06-05 17:19:34,440] {logging_mixin.py:115} INFO - [2024-06-05 17:19:34,440] {dag.py:2972} INFO - Setting next_dagrun for custom_operator to None, run_after=None
[2024-06-05 17:19:34,448] {processor.py:161} INFO - Processing /opt/airflow/dags/4-customoperator.py took 0.052 seconds
[2024-06-05 17:20:04,874] {processor.py:153} INFO - Started process (PID=1286) to work on /opt/airflow/dags/4-customoperator.py
[2024-06-05 17:20:04,874] {processor.py:641} INFO - Processing file /opt/airflow/dags/4-customoperator.py for tasks to queue
[2024-06-05 17:20:04,875] {logging_mixin.py:115} INFO - [2024-06-05 17:20:04,875] {dagbag.py:508} INFO - Filling up the DagBag from /opt/airflow/dags/4-customoperator.py
[2024-06-05 17:20:04,879] {processor.py:651} INFO - DAG(s) dict_keys(['custom_operator']) retrieved from /opt/airflow/dags/4-customoperator.py
[2024-06-05 17:20:04,902] {logging_mixin.py:115} INFO - [2024-06-05 17:20:04,902] {dag.py:2420} INFO - Sync 1 DAGs
[2024-06-05 17:20:04,923] {logging_mixin.py:115} INFO - [2024-06-05 17:20:04,922] {dag.py:2972} INFO - Setting next_dagrun for custom_operator to None, run_after=None
[2024-06-05 17:20:04,934] {processor.py:161} INFO - Processing /opt/airflow/dags/4-customoperator.py took 0.064 seconds
[2024-06-05 17:20:35,324] {processor.py:153} INFO - Started process (PID=1312) to work on /opt/airflow/dags/4-customoperator.py
[2024-06-05 17:20:35,325] {processor.py:641} INFO - Processing file /opt/airflow/dags/4-customoperator.py for tasks to queue
[2024-06-05 17:20:35,325] {logging_mixin.py:115} INFO - [2024-06-05 17:20:35,325] {dagbag.py:508} INFO - Filling up the DagBag from /opt/airflow/dags/4-customoperator.py
[2024-06-05 17:20:35,329] {processor.py:651} INFO - DAG(s) dict_keys(['custom_operator']) retrieved from /opt/airflow/dags/4-customoperator.py
[2024-06-05 17:20:35,353] {logging_mixin.py:115} INFO - [2024-06-05 17:20:35,353] {dag.py:2420} INFO - Sync 1 DAGs
[2024-06-05 17:20:35,373] {logging_mixin.py:115} INFO - [2024-06-05 17:20:35,372] {dag.py:2972} INFO - Setting next_dagrun for custom_operator to None, run_after=None
[2024-06-05 17:20:35,384] {processor.py:161} INFO - Processing /opt/airflow/dags/4-customoperator.py took 0.063 seconds
[2024-06-05 17:21:05,735] {processor.py:153} INFO - Started process (PID=1347) to work on /opt/airflow/dags/4-customoperator.py
[2024-06-05 17:21:05,735] {processor.py:641} INFO - Processing file /opt/airflow/dags/4-customoperator.py for tasks to queue
[2024-06-05 17:21:05,736] {logging_mixin.py:115} INFO - [2024-06-05 17:21:05,736] {dagbag.py:508} INFO - Filling up the DagBag from /opt/airflow/dags/4-customoperator.py
[2024-06-05 17:21:05,741] {processor.py:651} INFO - DAG(s) dict_keys(['custom_operator']) retrieved from /opt/airflow/dags/4-customoperator.py
[2024-06-05 17:21:05,765] {logging_mixin.py:115} INFO - [2024-06-05 17:21:05,765] {dag.py:2420} INFO - Sync 1 DAGs
[2024-06-05 17:21:05,784] {logging_mixin.py:115} INFO - [2024-06-05 17:21:05,783] {dag.py:2972} INFO - Setting next_dagrun for custom_operator to None, run_after=None
[2024-06-05 17:21:05,797] {processor.py:161} INFO - Processing /opt/airflow/dags/4-customoperator.py took 0.064 seconds
[2024-06-05 17:21:36,197] {processor.py:153} INFO - Started process (PID=1382) to work on /opt/airflow/dags/4-customoperator.py
[2024-06-05 17:21:36,197] {processor.py:641} INFO - Processing file /opt/airflow/dags/4-customoperator.py for tasks to queue
[2024-06-05 17:21:36,198] {logging_mixin.py:115} INFO - [2024-06-05 17:21:36,198] {dagbag.py:508} INFO - Filling up the DagBag from /opt/airflow/dags/4-customoperator.py
[2024-06-05 17:21:36,205] {processor.py:651} INFO - DAG(s) dict_keys(['custom_operator']) retrieved from /opt/airflow/dags/4-customoperator.py
[2024-06-05 17:21:36,228] {logging_mixin.py:115} INFO - [2024-06-05 17:21:36,228] {dag.py:2420} INFO - Sync 1 DAGs
[2024-06-05 17:21:36,246] {logging_mixin.py:115} INFO - [2024-06-05 17:21:36,245] {dag.py:2972} INFO - Setting next_dagrun for custom_operator to None, run_after=None
[2024-06-05 17:21:36,256] {processor.py:161} INFO - Processing /opt/airflow/dags/4-customoperator.py took 0.062 seconds
[2024-06-05 17:22:06,657] {processor.py:153} INFO - Started process (PID=1417) to work on /opt/airflow/dags/4-customoperator.py
[2024-06-05 17:22:06,657] {processor.py:641} INFO - Processing file /opt/airflow/dags/4-customoperator.py for tasks to queue
[2024-06-05 17:22:06,658] {logging_mixin.py:115} INFO - [2024-06-05 17:22:06,658] {dagbag.py:508} INFO - Filling up the DagBag from /opt/airflow/dags/4-customoperator.py
[2024-06-05 17:22:06,663] {processor.py:651} INFO - DAG(s) dict_keys(['custom_operator']) retrieved from /opt/airflow/dags/4-customoperator.py
[2024-06-05 17:22:06,694] {logging_mixin.py:115} INFO - [2024-06-05 17:22:06,694] {dag.py:2420} INFO - Sync 1 DAGs
[2024-06-05 17:22:06,725] {logging_mixin.py:115} INFO - [2024-06-05 17:22:06,725] {dag.py:2972} INFO - Setting next_dagrun for custom_operator to None, run_after=None
[2024-06-05 17:22:06,738] {processor.py:161} INFO - Processing /opt/airflow/dags/4-customoperator.py took 0.084 seconds
[2024-06-05 17:22:37,120] {processor.py:153} INFO - Started process (PID=1443) to work on /opt/airflow/dags/4-customoperator.py
[2024-06-05 17:22:37,120] {processor.py:641} INFO - Processing file /opt/airflow/dags/4-customoperator.py for tasks to queue
[2024-06-05 17:22:37,121] {logging_mixin.py:115} INFO - [2024-06-05 17:22:37,121] {dagbag.py:508} INFO - Filling up the DagBag from /opt/airflow/dags/4-customoperator.py
[2024-06-05 17:22:37,125] {processor.py:651} INFO - DAG(s) dict_keys(['custom_operator']) retrieved from /opt/airflow/dags/4-customoperator.py
[2024-06-05 17:22:37,145] {logging_mixin.py:115} INFO - [2024-06-05 17:22:37,145] {dag.py:2420} INFO - Sync 1 DAGs
[2024-06-05 17:22:37,164] {logging_mixin.py:115} INFO - [2024-06-05 17:22:37,164] {dag.py:2972} INFO - Setting next_dagrun for custom_operator to None, run_after=None
[2024-06-05 17:22:37,176] {processor.py:161} INFO - Processing /opt/airflow/dags/4-customoperator.py took 0.058 seconds
[2024-06-05 17:23:07,487] {processor.py:153} INFO - Started process (PID=1478) to work on /opt/airflow/dags/4-customoperator.py
[2024-06-05 17:23:07,487] {processor.py:641} INFO - Processing file /opt/airflow/dags/4-customoperator.py for tasks to queue
[2024-06-05 17:23:07,488] {logging_mixin.py:115} INFO - [2024-06-05 17:23:07,488] {dagbag.py:508} INFO - Filling up the DagBag from /opt/airflow/dags/4-customoperator.py
[2024-06-05 17:23:07,492] {processor.py:651} INFO - DAG(s) dict_keys(['custom_operator']) retrieved from /opt/airflow/dags/4-customoperator.py
[2024-06-05 17:23:07,514] {logging_mixin.py:115} INFO - [2024-06-05 17:23:07,514] {dag.py:2420} INFO - Sync 1 DAGs
[2024-06-05 17:23:07,531] {logging_mixin.py:115} INFO - [2024-06-05 17:23:07,530] {dag.py:2972} INFO - Setting next_dagrun for custom_operator to None, run_after=None
[2024-06-05 17:23:07,541] {processor.py:161} INFO - Processing /opt/airflow/dags/4-customoperator.py took 0.057 seconds
[2024-06-05 17:23:37,923] {processor.py:153} INFO - Started process (PID=1513) to work on /opt/airflow/dags/4-customoperator.py
[2024-06-05 17:23:37,923] {processor.py:641} INFO - Processing file /opt/airflow/dags/4-customoperator.py for tasks to queue
[2024-06-05 17:23:37,924] {logging_mixin.py:115} INFO - [2024-06-05 17:23:37,924] {dagbag.py:508} INFO - Filling up the DagBag from /opt/airflow/dags/4-customoperator.py
[2024-06-05 17:23:37,928] {processor.py:651} INFO - DAG(s) dict_keys(['custom_operator']) retrieved from /opt/airflow/dags/4-customoperator.py
[2024-06-05 17:23:37,951] {logging_mixin.py:115} INFO - [2024-06-05 17:23:37,951] {dag.py:2420} INFO - Sync 1 DAGs
[2024-06-05 17:23:37,966] {logging_mixin.py:115} INFO - [2024-06-05 17:23:37,966] {dag.py:2972} INFO - Setting next_dagrun for custom_operator to None, run_after=None
[2024-06-05 17:23:37,977] {processor.py:161} INFO - Processing /opt/airflow/dags/4-customoperator.py took 0.056 seconds
[2024-06-05 17:24:08,370] {processor.py:153} INFO - Started process (PID=1548) to work on /opt/airflow/dags/4-customoperator.py
[2024-06-05 17:24:08,371] {processor.py:641} INFO - Processing file /opt/airflow/dags/4-customoperator.py for tasks to queue
[2024-06-05 17:24:08,372] {logging_mixin.py:115} INFO - [2024-06-05 17:24:08,372] {dagbag.py:508} INFO - Filling up the DagBag from /opt/airflow/dags/4-customoperator.py
[2024-06-05 17:24:08,377] {processor.py:651} INFO - DAG(s) dict_keys(['custom_operator']) retrieved from /opt/airflow/dags/4-customoperator.py
[2024-06-05 17:24:08,404] {logging_mixin.py:115} INFO - [2024-06-05 17:24:08,404] {dag.py:2420} INFO - Sync 1 DAGs
[2024-06-05 17:24:08,423] {logging_mixin.py:115} INFO - [2024-06-05 17:24:08,423] {dag.py:2972} INFO - Setting next_dagrun for custom_operator to None, run_after=None
[2024-06-05 17:24:08,438] {processor.py:161} INFO - Processing /opt/airflow/dags/4-customoperator.py took 0.071 seconds
[2024-06-05 17:24:38,907] {processor.py:153} INFO - Started process (PID=1583) to work on /opt/airflow/dags/4-customoperator.py
[2024-06-05 17:24:38,908] {processor.py:641} INFO - Processing file /opt/airflow/dags/4-customoperator.py for tasks to queue
[2024-06-05 17:24:38,908] {logging_mixin.py:115} INFO - [2024-06-05 17:24:38,908] {dagbag.py:508} INFO - Filling up the DagBag from /opt/airflow/dags/4-customoperator.py
[2024-06-05 17:24:38,914] {processor.py:651} INFO - DAG(s) dict_keys(['custom_operator']) retrieved from /opt/airflow/dags/4-customoperator.py
[2024-06-05 17:24:38,941] {logging_mixin.py:115} INFO - [2024-06-05 17:24:38,940] {dag.py:2420} INFO - Sync 1 DAGs
[2024-06-05 17:24:38,965] {logging_mixin.py:115} INFO - [2024-06-05 17:24:38,965] {dag.py:2972} INFO - Setting next_dagrun for custom_operator to None, run_after=None
[2024-06-05 17:24:38,978] {processor.py:161} INFO - Processing /opt/airflow/dags/4-customoperator.py took 0.076 seconds
[2024-06-05 17:25:09,510] {processor.py:153} INFO - Started process (PID=1608) to work on /opt/airflow/dags/4-customoperator.py
[2024-06-05 17:25:09,511] {processor.py:641} INFO - Processing file /opt/airflow/dags/4-customoperator.py for tasks to queue
[2024-06-05 17:25:09,511] {logging_mixin.py:115} INFO - [2024-06-05 17:25:09,511] {dagbag.py:508} INFO - Filling up the DagBag from /opt/airflow/dags/4-customoperator.py
[2024-06-05 17:25:09,517] {processor.py:651} INFO - DAG(s) dict_keys(['custom_operator']) retrieved from /opt/airflow/dags/4-customoperator.py
[2024-06-05 17:25:09,554] {logging_mixin.py:115} INFO - [2024-06-05 17:25:09,554] {dag.py:2420} INFO - Sync 1 DAGs
[2024-06-05 17:25:09,574] {logging_mixin.py:115} INFO - [2024-06-05 17:25:09,574] {dag.py:2972} INFO - Setting next_dagrun for custom_operator to None, run_after=None
[2024-06-05 17:25:09,588] {processor.py:161} INFO - Processing /opt/airflow/dags/4-customoperator.py took 0.082 seconds
[2024-06-05 17:25:40,083] {processor.py:153} INFO - Started process (PID=1643) to work on /opt/airflow/dags/4-customoperator.py
[2024-06-05 17:25:40,083] {processor.py:641} INFO - Processing file /opt/airflow/dags/4-customoperator.py for tasks to queue
[2024-06-05 17:25:40,084] {logging_mixin.py:115} INFO - [2024-06-05 17:25:40,084] {dagbag.py:508} INFO - Filling up the DagBag from /opt/airflow/dags/4-customoperator.py
[2024-06-05 17:25:40,087] {processor.py:651} INFO - DAG(s) dict_keys(['custom_operator']) retrieved from /opt/airflow/dags/4-customoperator.py
[2024-06-05 17:25:40,108] {logging_mixin.py:115} INFO - [2024-06-05 17:25:40,108] {dag.py:2420} INFO - Sync 1 DAGs
[2024-06-05 17:25:40,127] {logging_mixin.py:115} INFO - [2024-06-05 17:25:40,126] {dag.py:2972} INFO - Setting next_dagrun for custom_operator to None, run_after=None
[2024-06-05 17:25:40,138] {processor.py:161} INFO - Processing /opt/airflow/dags/4-customoperator.py took 0.058 seconds
[2024-06-05 17:26:10,521] {processor.py:153} INFO - Started process (PID=1678) to work on /opt/airflow/dags/4-customoperator.py
[2024-06-05 17:26:10,522] {processor.py:641} INFO - Processing file /opt/airflow/dags/4-customoperator.py for tasks to queue
[2024-06-05 17:26:10,523] {logging_mixin.py:115} INFO - [2024-06-05 17:26:10,522] {dagbag.py:508} INFO - Filling up the DagBag from /opt/airflow/dags/4-customoperator.py
[2024-06-05 17:26:10,526] {processor.py:651} INFO - DAG(s) dict_keys(['custom_operator']) retrieved from /opt/airflow/dags/4-customoperator.py
[2024-06-05 17:26:10,547] {logging_mixin.py:115} INFO - [2024-06-05 17:26:10,547] {dag.py:2420} INFO - Sync 1 DAGs
[2024-06-05 17:26:10,565] {logging_mixin.py:115} INFO - [2024-06-05 17:26:10,565] {dag.py:2972} INFO - Setting next_dagrun for custom_operator to None, run_after=None
[2024-06-05 17:26:10,580] {processor.py:161} INFO - Processing /opt/airflow/dags/4-customoperator.py took 0.063 seconds
[2024-06-05 17:26:41,069] {processor.py:153} INFO - Started process (PID=1713) to work on /opt/airflow/dags/4-customoperator.py
[2024-06-05 17:26:41,069] {processor.py:641} INFO - Processing file /opt/airflow/dags/4-customoperator.py for tasks to queue
[2024-06-05 17:26:41,069] {logging_mixin.py:115} INFO - [2024-06-05 17:26:41,069] {dagbag.py:508} INFO - Filling up the DagBag from /opt/airflow/dags/4-customoperator.py
[2024-06-05 17:26:41,073] {processor.py:651} INFO - DAG(s) dict_keys(['custom_operator']) retrieved from /opt/airflow/dags/4-customoperator.py
[2024-06-05 17:26:41,100] {logging_mixin.py:115} INFO - [2024-06-05 17:26:41,100] {dag.py:2420} INFO - Sync 1 DAGs
[2024-06-05 17:26:41,122] {logging_mixin.py:115} INFO - [2024-06-05 17:26:41,122] {dag.py:2972} INFO - Setting next_dagrun for custom_operator to None, run_after=None
[2024-06-05 17:26:41,137] {processor.py:161} INFO - Processing /opt/airflow/dags/4-customoperator.py took 0.071 seconds
[2024-06-05 17:27:11,485] {processor.py:153} INFO - Started process (PID=1739) to work on /opt/airflow/dags/4-customoperator.py
[2024-06-05 17:27:11,486] {processor.py:641} INFO - Processing file /opt/airflow/dags/4-customoperator.py for tasks to queue
[2024-06-05 17:27:11,486] {logging_mixin.py:115} INFO - [2024-06-05 17:27:11,486] {dagbag.py:508} INFO - Filling up the DagBag from /opt/airflow/dags/4-customoperator.py
[2024-06-05 17:27:11,493] {processor.py:651} INFO - DAG(s) dict_keys(['custom_operator']) retrieved from /opt/airflow/dags/4-customoperator.py
[2024-06-05 17:27:11,517] {logging_mixin.py:115} INFO - [2024-06-05 17:27:11,517] {dag.py:2420} INFO - Sync 1 DAGs
[2024-06-05 17:27:11,537] {logging_mixin.py:115} INFO - [2024-06-05 17:27:11,537] {dag.py:2972} INFO - Setting next_dagrun for custom_operator to None, run_after=None
[2024-06-05 17:27:11,550] {processor.py:161} INFO - Processing /opt/airflow/dags/4-customoperator.py took 0.069 seconds
[2024-06-05 17:27:41,962] {processor.py:153} INFO - Started process (PID=1774) to work on /opt/airflow/dags/4-customoperator.py
[2024-06-05 17:27:41,962] {processor.py:641} INFO - Processing file /opt/airflow/dags/4-customoperator.py for tasks to queue
[2024-06-05 17:27:41,963] {logging_mixin.py:115} INFO - [2024-06-05 17:27:41,963] {dagbag.py:508} INFO - Filling up the DagBag from /opt/airflow/dags/4-customoperator.py
[2024-06-05 17:27:41,967] {processor.py:651} INFO - DAG(s) dict_keys(['custom_operator']) retrieved from /opt/airflow/dags/4-customoperator.py
[2024-06-05 17:27:41,985] {logging_mixin.py:115} INFO - [2024-06-05 17:27:41,985] {dag.py:2420} INFO - Sync 1 DAGs
[2024-06-05 17:27:42,002] {logging_mixin.py:115} INFO - [2024-06-05 17:27:42,002] {dag.py:2972} INFO - Setting next_dagrun for custom_operator to None, run_after=None
[2024-06-05 17:27:42,010] {processor.py:161} INFO - Processing /opt/airflow/dags/4-customoperator.py took 0.052 seconds
[2024-06-05 17:28:12,449] {processor.py:153} INFO - Started process (PID=1809) to work on /opt/airflow/dags/4-customoperator.py
[2024-06-05 17:28:12,450] {processor.py:641} INFO - Processing file /opt/airflow/dags/4-customoperator.py for tasks to queue
[2024-06-05 17:28:12,451] {logging_mixin.py:115} INFO - [2024-06-05 17:28:12,451] {dagbag.py:508} INFO - Filling up the DagBag from /opt/airflow/dags/4-customoperator.py
[2024-06-05 17:28:12,455] {processor.py:651} INFO - DAG(s) dict_keys(['custom_operator']) retrieved from /opt/airflow/dags/4-customoperator.py
[2024-06-05 17:28:12,479] {logging_mixin.py:115} INFO - [2024-06-05 17:28:12,479] {dag.py:2420} INFO - Sync 1 DAGs
[2024-06-05 17:28:12,493] {logging_mixin.py:115} INFO - [2024-06-05 17:28:12,493] {dag.py:2972} INFO - Setting next_dagrun for custom_operator to None, run_after=None
[2024-06-05 17:28:12,505] {processor.py:161} INFO - Processing /opt/airflow/dags/4-customoperator.py took 0.059 seconds
[2024-06-05 17:28:42,917] {processor.py:153} INFO - Started process (PID=1844) to work on /opt/airflow/dags/4-customoperator.py
[2024-06-05 17:28:42,917] {processor.py:641} INFO - Processing file /opt/airflow/dags/4-customoperator.py for tasks to queue
[2024-06-05 17:28:42,918] {logging_mixin.py:115} INFO - [2024-06-05 17:28:42,918] {dagbag.py:508} INFO - Filling up the DagBag from /opt/airflow/dags/4-customoperator.py
[2024-06-05 17:28:42,922] {processor.py:651} INFO - DAG(s) dict_keys(['custom_operator']) retrieved from /opt/airflow/dags/4-customoperator.py
[2024-06-05 17:28:42,950] {logging_mixin.py:115} INFO - [2024-06-05 17:28:42,950] {dag.py:2420} INFO - Sync 1 DAGs
[2024-06-05 17:28:42,971] {logging_mixin.py:115} INFO - [2024-06-05 17:28:42,971] {dag.py:2972} INFO - Setting next_dagrun for custom_operator to None, run_after=None
[2024-06-05 17:28:42,983] {processor.py:161} INFO - Processing /opt/airflow/dags/4-customoperator.py took 0.070 seconds
[2024-06-05 17:29:13,374] {processor.py:153} INFO - Started process (PID=1870) to work on /opt/airflow/dags/4-customoperator.py
[2024-06-05 17:29:13,375] {processor.py:641} INFO - Processing file /opt/airflow/dags/4-customoperator.py for tasks to queue
[2024-06-05 17:29:13,376] {logging_mixin.py:115} INFO - [2024-06-05 17:29:13,375] {dagbag.py:508} INFO - Filling up the DagBag from /opt/airflow/dags/4-customoperator.py
[2024-06-05 17:29:13,382] {processor.py:651} INFO - DAG(s) dict_keys(['custom_operator']) retrieved from /opt/airflow/dags/4-customoperator.py
[2024-06-05 17:29:13,406] {logging_mixin.py:115} INFO - [2024-06-05 17:29:13,406] {dag.py:2420} INFO - Sync 1 DAGs
[2024-06-05 17:29:13,423] {logging_mixin.py:115} INFO - [2024-06-05 17:29:13,422] {dag.py:2972} INFO - Setting next_dagrun for custom_operator to None, run_after=None
[2024-06-05 17:29:13,440] {processor.py:161} INFO - Processing /opt/airflow/dags/4-customoperator.py took 0.070 seconds
[2024-06-05 17:29:43,903] {processor.py:153} INFO - Started process (PID=1904) to work on /opt/airflow/dags/4-customoperator.py
[2024-06-05 17:29:43,904] {processor.py:641} INFO - Processing file /opt/airflow/dags/4-customoperator.py for tasks to queue
[2024-06-05 17:29:43,905] {logging_mixin.py:115} INFO - [2024-06-05 17:29:43,905] {dagbag.py:508} INFO - Filling up the DagBag from /opt/airflow/dags/4-customoperator.py
[2024-06-05 17:29:43,908] {processor.py:651} INFO - DAG(s) dict_keys(['custom_operator']) retrieved from /opt/airflow/dags/4-customoperator.py
[2024-06-05 17:29:43,931] {logging_mixin.py:115} INFO - [2024-06-05 17:29:43,931] {dag.py:2420} INFO - Sync 1 DAGs
[2024-06-05 17:29:43,949] {logging_mixin.py:115} INFO - [2024-06-05 17:29:43,948] {dag.py:2972} INFO - Setting next_dagrun for custom_operator to None, run_after=None
[2024-06-05 17:29:43,961] {processor.py:161} INFO - Processing /opt/airflow/dags/4-customoperator.py took 0.062 seconds
[2024-06-05 17:30:14,352] {processor.py:153} INFO - Started process (PID=1939) to work on /opt/airflow/dags/4-customoperator.py
[2024-06-05 17:30:14,353] {processor.py:641} INFO - Processing file /opt/airflow/dags/4-customoperator.py for tasks to queue
[2024-06-05 17:30:14,353] {logging_mixin.py:115} INFO - [2024-06-05 17:30:14,353] {dagbag.py:508} INFO - Filling up the DagBag from /opt/airflow/dags/4-customoperator.py
[2024-06-05 17:30:14,357] {processor.py:651} INFO - DAG(s) dict_keys(['custom_operator']) retrieved from /opt/airflow/dags/4-customoperator.py
[2024-06-05 17:30:14,379] {logging_mixin.py:115} INFO - [2024-06-05 17:30:14,379] {dag.py:2420} INFO - Sync 1 DAGs
[2024-06-05 17:30:14,400] {logging_mixin.py:115} INFO - [2024-06-05 17:30:14,400] {dag.py:2972} INFO - Setting next_dagrun for custom_operator to None, run_after=None
[2024-06-05 17:30:14,412] {processor.py:161} INFO - Processing /opt/airflow/dags/4-customoperator.py took 0.064 seconds
[2024-06-05 17:30:44,884] {processor.py:153} INFO - Started process (PID=1974) to work on /opt/airflow/dags/4-customoperator.py
[2024-06-05 17:30:44,884] {processor.py:641} INFO - Processing file /opt/airflow/dags/4-customoperator.py for tasks to queue
[2024-06-05 17:30:44,884] {logging_mixin.py:115} INFO - [2024-06-05 17:30:44,884] {dagbag.py:508} INFO - Filling up the DagBag from /opt/airflow/dags/4-customoperator.py
[2024-06-05 17:30:44,889] {processor.py:651} INFO - DAG(s) dict_keys(['custom_operator']) retrieved from /opt/airflow/dags/4-customoperator.py
[2024-06-05 17:30:44,910] {logging_mixin.py:115} INFO - [2024-06-05 17:30:44,910] {dag.py:2420} INFO - Sync 1 DAGs
[2024-06-05 17:30:44,928] {logging_mixin.py:115} INFO - [2024-06-05 17:30:44,928] {dag.py:2972} INFO - Setting next_dagrun for custom_operator to None, run_after=None
[2024-06-05 17:30:44,940] {processor.py:161} INFO - Processing /opt/airflow/dags/4-customoperator.py took 0.060 seconds
[2024-06-05 17:31:15,262] {processor.py:153} INFO - Started process (PID=2000) to work on /opt/airflow/dags/4-customoperator.py
[2024-06-05 17:31:15,262] {processor.py:641} INFO - Processing file /opt/airflow/dags/4-customoperator.py for tasks to queue
[2024-06-05 17:31:15,262] {logging_mixin.py:115} INFO - [2024-06-05 17:31:15,262] {dagbag.py:508} INFO - Filling up the DagBag from /opt/airflow/dags/4-customoperator.py
[2024-06-05 17:31:15,266] {processor.py:651} INFO - DAG(s) dict_keys(['custom_operator']) retrieved from /opt/airflow/dags/4-customoperator.py
[2024-06-05 17:31:15,287] {logging_mixin.py:115} INFO - [2024-06-05 17:31:15,287] {dag.py:2420} INFO - Sync 1 DAGs
[2024-06-05 17:31:15,305] {logging_mixin.py:115} INFO - [2024-06-05 17:31:15,305] {dag.py:2972} INFO - Setting next_dagrun for custom_operator to None, run_after=None
[2024-06-05 17:31:15,315] {processor.py:161} INFO - Processing /opt/airflow/dags/4-customoperator.py took 0.055 seconds
[2024-06-05 17:31:45,679] {processor.py:153} INFO - Started process (PID=2035) to work on /opt/airflow/dags/4-customoperator.py
[2024-06-05 17:31:45,681] {processor.py:641} INFO - Processing file /opt/airflow/dags/4-customoperator.py for tasks to queue
[2024-06-05 17:31:45,682] {logging_mixin.py:115} INFO - [2024-06-05 17:31:45,682] {dagbag.py:508} INFO - Filling up the DagBag from /opt/airflow/dags/4-customoperator.py
[2024-06-05 17:31:45,687] {processor.py:651} INFO - DAG(s) dict_keys(['custom_operator']) retrieved from /opt/airflow/dags/4-customoperator.py
[2024-06-05 17:31:45,704] {logging_mixin.py:115} INFO - [2024-06-05 17:31:45,704] {dag.py:2420} INFO - Sync 1 DAGs
[2024-06-05 17:31:45,723] {logging_mixin.py:115} INFO - [2024-06-05 17:31:45,723] {dag.py:2972} INFO - Setting next_dagrun for custom_operator to None, run_after=None
[2024-06-05 17:31:45,734] {processor.py:161} INFO - Processing /opt/airflow/dags/4-customoperator.py took 0.057 seconds
[2024-06-05 17:32:16,058] {processor.py:153} INFO - Started process (PID=2070) to work on /opt/airflow/dags/4-customoperator.py
[2024-06-05 17:32:16,058] {processor.py:641} INFO - Processing file /opt/airflow/dags/4-customoperator.py for tasks to queue
[2024-06-05 17:32:16,059] {logging_mixin.py:115} INFO - [2024-06-05 17:32:16,059] {dagbag.py:508} INFO - Filling up the DagBag from /opt/airflow/dags/4-customoperator.py
[2024-06-05 17:32:16,062] {processor.py:651} INFO - DAG(s) dict_keys(['custom_operator']) retrieved from /opt/airflow/dags/4-customoperator.py
[2024-06-05 17:32:16,083] {logging_mixin.py:115} INFO - [2024-06-05 17:32:16,083] {dag.py:2420} INFO - Sync 1 DAGs
[2024-06-05 17:32:16,100] {logging_mixin.py:115} INFO - [2024-06-05 17:32:16,100] {dag.py:2972} INFO - Setting next_dagrun for custom_operator to None, run_after=None
[2024-06-05 17:32:16,110] {processor.py:161} INFO - Processing /opt/airflow/dags/4-customoperator.py took 0.055 seconds
