[2024-06-05 17:00:18,798] {processor.py:153} INFO - Started process (PID=39) to work on /opt/airflow/dags/5.1-orchestration.py
[2024-06-05 17:00:18,800] {processor.py:641} INFO - Processing file /opt/airflow/dags/5.1-orchestration.py for tasks to queue
[2024-06-05 17:00:18,800] {logging_mixin.py:115} INFO - [2024-06-05 17:00:18,800] {dagbag.py:508} INFO - Filling up the DagBag from /opt/airflow/dags/5.1-orchestration.py
[2024-06-05 17:00:18,812] {processor.py:651} INFO - DAG(s) dict_keys(['5.1-orchestration']) retrieved from /opt/airflow/dags/5.1-orchestration.py
[2024-06-05 17:00:18,839] {logging_mixin.py:115} INFO - [2024-06-05 17:00:18,839] {dag.py:2420} INFO - Sync 1 DAGs
[2024-06-05 17:00:19,008] {logging_mixin.py:115} INFO - [2024-06-05 17:00:19,007] {dag.py:2972} INFO - Setting next_dagrun for 5.1-orchestration to 2024-05-20T00:00:00+00:00, run_after=2024-05-21T00:00:00+00:00
[2024-06-05 17:00:19,020] {processor.py:161} INFO - Processing /opt/airflow/dags/5.1-orchestration.py took 0.225 seconds
[2024-06-05 17:00:49,862] {processor.py:153} INFO - Started process (PID=74) to work on /opt/airflow/dags/5.1-orchestration.py
[2024-06-05 17:00:49,862] {processor.py:641} INFO - Processing file /opt/airflow/dags/5.1-orchestration.py for tasks to queue
[2024-06-05 17:00:49,863] {logging_mixin.py:115} INFO - [2024-06-05 17:00:49,863] {dagbag.py:508} INFO - Filling up the DagBag from /opt/airflow/dags/5.1-orchestration.py
[2024-06-05 17:00:49,871] {processor.py:651} INFO - DAG(s) dict_keys(['5.1-orchestration']) retrieved from /opt/airflow/dags/5.1-orchestration.py
[2024-06-05 17:00:49,893] {logging_mixin.py:115} INFO - [2024-06-05 17:00:49,893] {dag.py:2420} INFO - Sync 1 DAGs
[2024-06-05 17:00:50,013] {logging_mixin.py:115} INFO - [2024-06-05 17:00:50,013] {dag.py:2972} INFO - Setting next_dagrun for 5.1-orchestration to 2024-05-20T00:00:00+00:00, run_after=2024-05-21T00:00:00+00:00
[2024-06-05 17:00:50,023] {processor.py:161} INFO - Processing /opt/airflow/dags/5.1-orchestration.py took 0.164 seconds
[2024-06-05 17:01:16,261] {processor.py:153} INFO - Started process (PID=39) to work on /opt/airflow/dags/5.1-orchestration.py
[2024-06-05 17:01:16,261] {processor.py:641} INFO - Processing file /opt/airflow/dags/5.1-orchestration.py for tasks to queue
[2024-06-05 17:01:16,262] {logging_mixin.py:115} INFO - [2024-06-05 17:01:16,262] {dagbag.py:508} INFO - Filling up the DagBag from /opt/airflow/dags/5.1-orchestration.py
[2024-06-05 17:01:16,270] {processor.py:651} INFO - DAG(s) dict_keys(['5.1-orchestration']) retrieved from /opt/airflow/dags/5.1-orchestration.py
[2024-06-05 17:01:16,288] {logging_mixin.py:115} INFO - [2024-06-05 17:01:16,288] {dag.py:2420} INFO - Sync 1 DAGs
[2024-06-05 17:01:16,430] {logging_mixin.py:115} INFO - [2024-06-05 17:01:16,430] {dag.py:2972} INFO - Setting next_dagrun for 5.1-orchestration to 2024-05-20T00:00:00+00:00, run_after=2024-05-21T00:00:00+00:00
[2024-06-05 17:01:16,440] {processor.py:161} INFO - Processing /opt/airflow/dags/5.1-orchestration.py took 0.182 seconds
[2024-06-05 17:01:47,270] {processor.py:153} INFO - Started process (PID=103) to work on /opt/airflow/dags/5.1-orchestration.py
[2024-06-05 17:01:47,270] {processor.py:641} INFO - Processing file /opt/airflow/dags/5.1-orchestration.py for tasks to queue
[2024-06-05 17:01:47,271] {logging_mixin.py:115} INFO - [2024-06-05 17:01:47,271] {dagbag.py:508} INFO - Filling up the DagBag from /opt/airflow/dags/5.1-orchestration.py
[2024-06-05 17:01:47,278] {processor.py:651} INFO - DAG(s) dict_keys(['5.1-orchestration']) retrieved from /opt/airflow/dags/5.1-orchestration.py
[2024-06-05 17:01:47,301] {logging_mixin.py:115} INFO - [2024-06-05 17:01:47,300] {dag.py:2420} INFO - Sync 1 DAGs
[2024-06-05 17:01:47,423] {logging_mixin.py:115} INFO - [2024-06-05 17:01:47,423] {dag.py:2972} INFO - Setting next_dagrun for 5.1-orchestration to 2024-05-20T00:00:00+00:00, run_after=2024-05-21T00:00:00+00:00
[2024-06-05 17:01:47,436] {processor.py:161} INFO - Processing /opt/airflow/dags/5.1-orchestration.py took 0.170 seconds
[2024-06-05 17:02:18,152] {processor.py:153} INFO - Started process (PID=138) to work on /opt/airflow/dags/5.1-orchestration.py
[2024-06-05 17:02:18,152] {processor.py:641} INFO - Processing file /opt/airflow/dags/5.1-orchestration.py for tasks to queue
[2024-06-05 17:02:18,153] {logging_mixin.py:115} INFO - [2024-06-05 17:02:18,153] {dagbag.py:508} INFO - Filling up the DagBag from /opt/airflow/dags/5.1-orchestration.py
[2024-06-05 17:02:18,168] {processor.py:651} INFO - DAG(s) dict_keys(['5.1-orchestration']) retrieved from /opt/airflow/dags/5.1-orchestration.py
[2024-06-05 17:02:18,278] {logging_mixin.py:115} INFO - [2024-06-05 17:02:18,278] {dag.py:2420} INFO - Sync 1 DAGs
[2024-06-05 17:02:18,292] {logging_mixin.py:115} INFO - [2024-06-05 17:02:18,292] {dag.py:2972} INFO - Setting next_dagrun for 5.1-orchestration to 2024-05-20T00:00:00+00:00, run_after=2024-05-21T00:00:00+00:00
[2024-06-05 17:02:18,302] {processor.py:161} INFO - Processing /opt/airflow/dags/5.1-orchestration.py took 0.153 seconds
[2024-06-05 17:02:48,984] {processor.py:153} INFO - Started process (PID=164) to work on /opt/airflow/dags/5.1-orchestration.py
[2024-06-05 17:02:48,985] {processor.py:641} INFO - Processing file /opt/airflow/dags/5.1-orchestration.py for tasks to queue
[2024-06-05 17:02:48,986] {logging_mixin.py:115} INFO - [2024-06-05 17:02:48,986] {dagbag.py:508} INFO - Filling up the DagBag from /opt/airflow/dags/5.1-orchestration.py
[2024-06-05 17:02:48,994] {processor.py:651} INFO - DAG(s) dict_keys(['5.1-orchestration']) retrieved from /opt/airflow/dags/5.1-orchestration.py
[2024-06-05 17:02:49,013] {logging_mixin.py:115} INFO - [2024-06-05 17:02:49,013] {dag.py:2420} INFO - Sync 1 DAGs
[2024-06-05 17:02:49,030] {logging_mixin.py:115} INFO - [2024-06-05 17:02:49,030] {dag.py:2972} INFO - Setting next_dagrun for 5.1-orchestration to 2024-05-20T00:00:00+00:00, run_after=2024-05-21T00:00:00+00:00
[2024-06-05 17:02:49,041] {processor.py:161} INFO - Processing /opt/airflow/dags/5.1-orchestration.py took 0.059 seconds
[2024-06-05 17:03:19,440] {processor.py:153} INFO - Started process (PID=199) to work on /opt/airflow/dags/5.1-orchestration.py
[2024-06-05 17:03:19,441] {processor.py:641} INFO - Processing file /opt/airflow/dags/5.1-orchestration.py for tasks to queue
[2024-06-05 17:03:19,442] {logging_mixin.py:115} INFO - [2024-06-05 17:03:19,442] {dagbag.py:508} INFO - Filling up the DagBag from /opt/airflow/dags/5.1-orchestration.py
[2024-06-05 17:03:19,453] {processor.py:651} INFO - DAG(s) dict_keys(['5.1-orchestration']) retrieved from /opt/airflow/dags/5.1-orchestration.py
[2024-06-05 17:03:19,475] {logging_mixin.py:115} INFO - [2024-06-05 17:03:19,475] {dag.py:2420} INFO - Sync 1 DAGs
[2024-06-05 17:03:19,494] {logging_mixin.py:115} INFO - [2024-06-05 17:03:19,494] {dag.py:2972} INFO - Setting next_dagrun for 5.1-orchestration to 2024-05-20T00:00:00+00:00, run_after=2024-05-21T00:00:00+00:00
[2024-06-05 17:03:19,503] {processor.py:161} INFO - Processing /opt/airflow/dags/5.1-orchestration.py took 0.067 seconds
[2024-06-05 17:03:49,858] {processor.py:153} INFO - Started process (PID=234) to work on /opt/airflow/dags/5.1-orchestration.py
[2024-06-05 17:03:49,858] {processor.py:641} INFO - Processing file /opt/airflow/dags/5.1-orchestration.py for tasks to queue
[2024-06-05 17:03:49,858] {logging_mixin.py:115} INFO - [2024-06-05 17:03:49,858] {dagbag.py:508} INFO - Filling up the DagBag from /opt/airflow/dags/5.1-orchestration.py
[2024-06-05 17:03:49,865] {processor.py:651} INFO - DAG(s) dict_keys(['5.1-orchestration']) retrieved from /opt/airflow/dags/5.1-orchestration.py
[2024-06-05 17:03:49,893] {logging_mixin.py:115} INFO - [2024-06-05 17:03:49,893] {dag.py:2420} INFO - Sync 1 DAGs
[2024-06-05 17:03:49,913] {logging_mixin.py:115} INFO - [2024-06-05 17:03:49,913] {dag.py:2972} INFO - Setting next_dagrun for 5.1-orchestration to 2024-05-20T00:00:00+00:00, run_after=2024-05-21T00:00:00+00:00
[2024-06-05 17:03:49,923] {processor.py:161} INFO - Processing /opt/airflow/dags/5.1-orchestration.py took 0.068 seconds
[2024-06-05 17:04:20,304] {processor.py:153} INFO - Started process (PID=269) to work on /opt/airflow/dags/5.1-orchestration.py
[2024-06-05 17:04:20,304] {processor.py:641} INFO - Processing file /opt/airflow/dags/5.1-orchestration.py for tasks to queue
[2024-06-05 17:04:20,305] {logging_mixin.py:115} INFO - [2024-06-05 17:04:20,305] {dagbag.py:508} INFO - Filling up the DagBag from /opt/airflow/dags/5.1-orchestration.py
[2024-06-05 17:04:20,313] {processor.py:651} INFO - DAG(s) dict_keys(['5.1-orchestration']) retrieved from /opt/airflow/dags/5.1-orchestration.py
[2024-06-05 17:04:20,333] {logging_mixin.py:115} INFO - [2024-06-05 17:04:20,333] {dag.py:2420} INFO - Sync 1 DAGs
[2024-06-05 17:04:20,350] {logging_mixin.py:115} INFO - [2024-06-05 17:04:20,350] {dag.py:2972} INFO - Setting next_dagrun for 5.1-orchestration to 2024-05-20T00:00:00+00:00, run_after=2024-05-21T00:00:00+00:00
[2024-06-05 17:04:20,359] {processor.py:161} INFO - Processing /opt/airflow/dags/5.1-orchestration.py took 0.058 seconds
[2024-06-05 17:04:50,835] {processor.py:153} INFO - Started process (PID=304) to work on /opt/airflow/dags/5.1-orchestration.py
[2024-06-05 17:04:50,836] {processor.py:641} INFO - Processing file /opt/airflow/dags/5.1-orchestration.py for tasks to queue
[2024-06-05 17:04:50,836] {logging_mixin.py:115} INFO - [2024-06-05 17:04:50,836] {dagbag.py:508} INFO - Filling up the DagBag from /opt/airflow/dags/5.1-orchestration.py
[2024-06-05 17:04:50,844] {processor.py:651} INFO - DAG(s) dict_keys(['5.1-orchestration']) retrieved from /opt/airflow/dags/5.1-orchestration.py
[2024-06-05 17:04:50,866] {logging_mixin.py:115} INFO - [2024-06-05 17:04:50,866] {dag.py:2420} INFO - Sync 1 DAGs
[2024-06-05 17:04:50,886] {logging_mixin.py:115} INFO - [2024-06-05 17:04:50,886] {dag.py:2972} INFO - Setting next_dagrun for 5.1-orchestration to 2024-05-20T00:00:00+00:00, run_after=2024-05-21T00:00:00+00:00
[2024-06-05 17:04:50,899] {processor.py:161} INFO - Processing /opt/airflow/dags/5.1-orchestration.py took 0.067 seconds
[2024-06-05 17:05:21,321] {processor.py:153} INFO - Started process (PID=330) to work on /opt/airflow/dags/5.1-orchestration.py
[2024-06-05 17:05:21,321] {processor.py:641} INFO - Processing file /opt/airflow/dags/5.1-orchestration.py for tasks to queue
[2024-06-05 17:05:21,322] {logging_mixin.py:115} INFO - [2024-06-05 17:05:21,322] {dagbag.py:508} INFO - Filling up the DagBag from /opt/airflow/dags/5.1-orchestration.py
[2024-06-05 17:05:21,328] {processor.py:651} INFO - DAG(s) dict_keys(['5.1-orchestration']) retrieved from /opt/airflow/dags/5.1-orchestration.py
[2024-06-05 17:05:21,347] {logging_mixin.py:115} INFO - [2024-06-05 17:05:21,347] {dag.py:2420} INFO - Sync 1 DAGs
[2024-06-05 17:05:21,364] {logging_mixin.py:115} INFO - [2024-06-05 17:05:21,364] {dag.py:2972} INFO - Setting next_dagrun for 5.1-orchestration to 2024-05-20T00:00:00+00:00, run_after=2024-05-21T00:00:00+00:00
[2024-06-05 17:05:21,396] {processor.py:161} INFO - Processing /opt/airflow/dags/5.1-orchestration.py took 0.078 seconds
[2024-06-05 17:05:51,856] {processor.py:153} INFO - Started process (PID=365) to work on /opt/airflow/dags/5.1-orchestration.py
[2024-06-05 17:05:51,856] {processor.py:641} INFO - Processing file /opt/airflow/dags/5.1-orchestration.py for tasks to queue
[2024-06-05 17:05:51,857] {logging_mixin.py:115} INFO - [2024-06-05 17:05:51,856] {dagbag.py:508} INFO - Filling up the DagBag from /opt/airflow/dags/5.1-orchestration.py
[2024-06-05 17:05:51,865] {processor.py:651} INFO - DAG(s) dict_keys(['5.1-orchestration']) retrieved from /opt/airflow/dags/5.1-orchestration.py
[2024-06-05 17:05:51,885] {logging_mixin.py:115} INFO - [2024-06-05 17:05:51,885] {dag.py:2420} INFO - Sync 1 DAGs
[2024-06-05 17:05:51,901] {logging_mixin.py:115} INFO - [2024-06-05 17:05:51,901] {dag.py:2972} INFO - Setting next_dagrun for 5.1-orchestration to 2024-05-20T00:00:00+00:00, run_after=2024-05-21T00:00:00+00:00
[2024-06-05 17:05:51,913] {processor.py:161} INFO - Processing /opt/airflow/dags/5.1-orchestration.py took 0.061 seconds
[2024-06-05 17:06:22,306] {processor.py:153} INFO - Started process (PID=400) to work on /opt/airflow/dags/5.1-orchestration.py
[2024-06-05 17:06:22,306] {processor.py:641} INFO - Processing file /opt/airflow/dags/5.1-orchestration.py for tasks to queue
[2024-06-05 17:06:22,307] {logging_mixin.py:115} INFO - [2024-06-05 17:06:22,307] {dagbag.py:508} INFO - Filling up the DagBag from /opt/airflow/dags/5.1-orchestration.py
[2024-06-05 17:06:22,314] {processor.py:651} INFO - DAG(s) dict_keys(['5.1-orchestration']) retrieved from /opt/airflow/dags/5.1-orchestration.py
[2024-06-05 17:06:22,349] {logging_mixin.py:115} INFO - [2024-06-05 17:06:22,348] {dag.py:2420} INFO - Sync 1 DAGs
[2024-06-05 17:06:22,374] {logging_mixin.py:115} INFO - [2024-06-05 17:06:22,374] {dag.py:2972} INFO - Setting next_dagrun for 5.1-orchestration to 2024-05-20T00:00:00+00:00, run_after=2024-05-21T00:00:00+00:00
[2024-06-05 17:06:22,385] {processor.py:161} INFO - Processing /opt/airflow/dags/5.1-orchestration.py took 0.082 seconds
[2024-06-05 17:06:52,779] {processor.py:153} INFO - Started process (PID=435) to work on /opt/airflow/dags/5.1-orchestration.py
[2024-06-05 17:06:52,779] {processor.py:641} INFO - Processing file /opt/airflow/dags/5.1-orchestration.py for tasks to queue
[2024-06-05 17:06:52,780] {logging_mixin.py:115} INFO - [2024-06-05 17:06:52,779] {dagbag.py:508} INFO - Filling up the DagBag from /opt/airflow/dags/5.1-orchestration.py
[2024-06-05 17:06:52,787] {processor.py:651} INFO - DAG(s) dict_keys(['5.1-orchestration']) retrieved from /opt/airflow/dags/5.1-orchestration.py
[2024-06-05 17:06:52,803] {logging_mixin.py:115} INFO - [2024-06-05 17:06:52,803] {dag.py:2420} INFO - Sync 1 DAGs
[2024-06-05 17:06:52,819] {logging_mixin.py:115} INFO - [2024-06-05 17:06:52,819] {dag.py:2972} INFO - Setting next_dagrun for 5.1-orchestration to 2024-05-20T00:00:00+00:00, run_after=2024-05-21T00:00:00+00:00
[2024-06-05 17:06:52,828] {processor.py:161} INFO - Processing /opt/airflow/dags/5.1-orchestration.py took 0.051 seconds
[2024-06-05 17:07:23,267] {processor.py:153} INFO - Started process (PID=461) to work on /opt/airflow/dags/5.1-orchestration.py
[2024-06-05 17:07:23,267] {processor.py:641} INFO - Processing file /opt/airflow/dags/5.1-orchestration.py for tasks to queue
[2024-06-05 17:07:23,268] {logging_mixin.py:115} INFO - [2024-06-05 17:07:23,268] {dagbag.py:508} INFO - Filling up the DagBag from /opt/airflow/dags/5.1-orchestration.py
[2024-06-05 17:07:23,274] {processor.py:651} INFO - DAG(s) dict_keys(['5.1-orchestration']) retrieved from /opt/airflow/dags/5.1-orchestration.py
[2024-06-05 17:07:23,296] {logging_mixin.py:115} INFO - [2024-06-05 17:07:23,296] {dag.py:2420} INFO - Sync 1 DAGs
[2024-06-05 17:07:23,310] {logging_mixin.py:115} INFO - [2024-06-05 17:07:23,310] {dag.py:2972} INFO - Setting next_dagrun for 5.1-orchestration to 2024-05-20T00:00:00+00:00, run_after=2024-05-21T00:00:00+00:00
[2024-06-05 17:07:23,320] {processor.py:161} INFO - Processing /opt/airflow/dags/5.1-orchestration.py took 0.056 seconds
[2024-06-05 17:07:53,691] {processor.py:153} INFO - Started process (PID=496) to work on /opt/airflow/dags/5.1-orchestration.py
[2024-06-05 17:07:53,691] {processor.py:641} INFO - Processing file /opt/airflow/dags/5.1-orchestration.py for tasks to queue
[2024-06-05 17:07:53,692] {logging_mixin.py:115} INFO - [2024-06-05 17:07:53,692] {dagbag.py:508} INFO - Filling up the DagBag from /opt/airflow/dags/5.1-orchestration.py
[2024-06-05 17:07:53,700] {processor.py:651} INFO - DAG(s) dict_keys(['5.1-orchestration']) retrieved from /opt/airflow/dags/5.1-orchestration.py
[2024-06-05 17:07:53,722] {logging_mixin.py:115} INFO - [2024-06-05 17:07:53,722] {dag.py:2420} INFO - Sync 1 DAGs
[2024-06-05 17:07:53,739] {logging_mixin.py:115} INFO - [2024-06-05 17:07:53,739] {dag.py:2972} INFO - Setting next_dagrun for 5.1-orchestration to 2024-05-20T00:00:00+00:00, run_after=2024-05-21T00:00:00+00:00
[2024-06-05 17:07:53,748] {processor.py:161} INFO - Processing /opt/airflow/dags/5.1-orchestration.py took 0.060 seconds
[2024-06-05 17:08:24,138] {processor.py:153} INFO - Started process (PID=531) to work on /opt/airflow/dags/5.1-orchestration.py
[2024-06-05 17:08:24,139] {processor.py:641} INFO - Processing file /opt/airflow/dags/5.1-orchestration.py for tasks to queue
[2024-06-05 17:08:24,140] {logging_mixin.py:115} INFO - [2024-06-05 17:08:24,140] {dagbag.py:508} INFO - Filling up the DagBag from /opt/airflow/dags/5.1-orchestration.py
[2024-06-05 17:08:24,148] {processor.py:651} INFO - DAG(s) dict_keys(['5.1-orchestration']) retrieved from /opt/airflow/dags/5.1-orchestration.py
[2024-06-05 17:08:24,166] {logging_mixin.py:115} INFO - [2024-06-05 17:08:24,166] {dag.py:2420} INFO - Sync 1 DAGs
[2024-06-05 17:08:24,182] {logging_mixin.py:115} INFO - [2024-06-05 17:08:24,182] {dag.py:2972} INFO - Setting next_dagrun for 5.1-orchestration to 2024-05-20T00:00:00+00:00, run_after=2024-05-21T00:00:00+00:00
[2024-06-05 17:08:24,191] {processor.py:161} INFO - Processing /opt/airflow/dags/5.1-orchestration.py took 0.056 seconds
[2024-06-05 17:08:54,586] {processor.py:153} INFO - Started process (PID=566) to work on /opt/airflow/dags/5.1-orchestration.py
[2024-06-05 17:08:54,586] {processor.py:641} INFO - Processing file /opt/airflow/dags/5.1-orchestration.py for tasks to queue
[2024-06-05 17:08:54,586] {logging_mixin.py:115} INFO - [2024-06-05 17:08:54,586] {dagbag.py:508} INFO - Filling up the DagBag from /opt/airflow/dags/5.1-orchestration.py
[2024-06-05 17:08:54,593] {processor.py:651} INFO - DAG(s) dict_keys(['5.1-orchestration']) retrieved from /opt/airflow/dags/5.1-orchestration.py
[2024-06-05 17:08:54,613] {logging_mixin.py:115} INFO - [2024-06-05 17:08:54,613] {dag.py:2420} INFO - Sync 1 DAGs
[2024-06-05 17:08:54,629] {logging_mixin.py:115} INFO - [2024-06-05 17:08:54,629] {dag.py:2972} INFO - Setting next_dagrun for 5.1-orchestration to 2024-05-20T00:00:00+00:00, run_after=2024-05-21T00:00:00+00:00
[2024-06-05 17:08:54,639] {processor.py:161} INFO - Processing /opt/airflow/dags/5.1-orchestration.py took 0.056 seconds
[2024-06-05 17:09:25,022] {processor.py:153} INFO - Started process (PID=598) to work on /opt/airflow/dags/5.1-orchestration.py
[2024-06-05 17:09:25,023] {processor.py:641} INFO - Processing file /opt/airflow/dags/5.1-orchestration.py for tasks to queue
[2024-06-05 17:09:25,024] {logging_mixin.py:115} INFO - [2024-06-05 17:09:25,024] {dagbag.py:508} INFO - Filling up the DagBag from /opt/airflow/dags/5.1-orchestration.py
[2024-06-05 17:09:25,037] {processor.py:651} INFO - DAG(s) dict_keys(['5.1-orchestration']) retrieved from /opt/airflow/dags/5.1-orchestration.py
[2024-06-05 17:09:25,064] {logging_mixin.py:115} INFO - [2024-06-05 17:09:25,064] {dag.py:2420} INFO - Sync 1 DAGs
[2024-06-05 17:09:25,084] {logging_mixin.py:115} INFO - [2024-06-05 17:09:25,084] {dag.py:2972} INFO - Setting next_dagrun for 5.1-orchestration to 2024-05-20T00:00:00+00:00, run_after=2024-05-21T00:00:00+00:00
[2024-06-05 17:09:25,093] {processor.py:161} INFO - Processing /opt/airflow/dags/5.1-orchestration.py took 0.075 seconds
[2024-06-05 17:09:55,486] {processor.py:153} INFO - Started process (PID=627) to work on /opt/airflow/dags/5.1-orchestration.py
[2024-06-05 17:09:55,486] {processor.py:641} INFO - Processing file /opt/airflow/dags/5.1-orchestration.py for tasks to queue
[2024-06-05 17:09:55,487] {logging_mixin.py:115} INFO - [2024-06-05 17:09:55,487] {dagbag.py:508} INFO - Filling up the DagBag from /opt/airflow/dags/5.1-orchestration.py
[2024-06-05 17:09:55,495] {processor.py:651} INFO - DAG(s) dict_keys(['5.1-orchestration']) retrieved from /opt/airflow/dags/5.1-orchestration.py
[2024-06-05 17:09:55,520] {logging_mixin.py:115} INFO - [2024-06-05 17:09:55,520] {dag.py:2420} INFO - Sync 1 DAGs
[2024-06-05 17:09:55,540] {logging_mixin.py:115} INFO - [2024-06-05 17:09:55,540] {dag.py:2972} INFO - Setting next_dagrun for 5.1-orchestration to 2024-05-20T00:00:00+00:00, run_after=2024-05-21T00:00:00+00:00
[2024-06-05 17:09:55,549] {processor.py:161} INFO - Processing /opt/airflow/dags/5.1-orchestration.py took 0.066 seconds
[2024-06-05 17:10:25,993] {processor.py:153} INFO - Started process (PID=661) to work on /opt/airflow/dags/5.1-orchestration.py
[2024-06-05 17:10:25,994] {processor.py:641} INFO - Processing file /opt/airflow/dags/5.1-orchestration.py for tasks to queue
[2024-06-05 17:10:25,995] {logging_mixin.py:115} INFO - [2024-06-05 17:10:25,994] {dagbag.py:508} INFO - Filling up the DagBag from /opt/airflow/dags/5.1-orchestration.py
[2024-06-05 17:10:26,003] {processor.py:651} INFO - DAG(s) dict_keys(['5.1-orchestration']) retrieved from /opt/airflow/dags/5.1-orchestration.py
[2024-06-05 17:10:26,025] {logging_mixin.py:115} INFO - [2024-06-05 17:10:26,025] {dag.py:2420} INFO - Sync 1 DAGs
[2024-06-05 17:10:26,041] {logging_mixin.py:115} INFO - [2024-06-05 17:10:26,041] {dag.py:2972} INFO - Setting next_dagrun for 5.1-orchestration to 2024-05-20T00:00:00+00:00, run_after=2024-05-21T00:00:00+00:00
[2024-06-05 17:10:26,049] {processor.py:161} INFO - Processing /opt/airflow/dags/5.1-orchestration.py took 0.061 seconds
[2024-06-05 17:10:56,483] {processor.py:153} INFO - Started process (PID=696) to work on /opt/airflow/dags/5.1-orchestration.py
[2024-06-05 17:10:56,483] {processor.py:641} INFO - Processing file /opt/airflow/dags/5.1-orchestration.py for tasks to queue
[2024-06-05 17:10:56,484] {logging_mixin.py:115} INFO - [2024-06-05 17:10:56,484] {dagbag.py:508} INFO - Filling up the DagBag from /opt/airflow/dags/5.1-orchestration.py
[2024-06-05 17:10:56,492] {processor.py:651} INFO - DAG(s) dict_keys(['5.1-orchestration']) retrieved from /opt/airflow/dags/5.1-orchestration.py
[2024-06-05 17:10:56,513] {logging_mixin.py:115} INFO - [2024-06-05 17:10:56,513] {dag.py:2420} INFO - Sync 1 DAGs
[2024-06-05 17:10:56,530] {logging_mixin.py:115} INFO - [2024-06-05 17:10:56,530] {dag.py:2972} INFO - Setting next_dagrun for 5.1-orchestration to 2024-05-20T00:00:00+00:00, run_after=2024-05-21T00:00:00+00:00
[2024-06-05 17:10:56,540] {processor.py:161} INFO - Processing /opt/airflow/dags/5.1-orchestration.py took 0.060 seconds
[2024-06-05 17:11:26,951] {processor.py:153} INFO - Started process (PID=730) to work on /opt/airflow/dags/5.1-orchestration.py
[2024-06-05 17:11:26,952] {processor.py:641} INFO - Processing file /opt/airflow/dags/5.1-orchestration.py for tasks to queue
[2024-06-05 17:11:26,952] {logging_mixin.py:115} INFO - [2024-06-05 17:11:26,952] {dagbag.py:508} INFO - Filling up the DagBag from /opt/airflow/dags/5.1-orchestration.py
[2024-06-05 17:11:26,959] {processor.py:651} INFO - DAG(s) dict_keys(['5.1-orchestration']) retrieved from /opt/airflow/dags/5.1-orchestration.py
[2024-06-05 17:11:26,977] {logging_mixin.py:115} INFO - [2024-06-05 17:11:26,977] {dag.py:2420} INFO - Sync 1 DAGs
[2024-06-05 17:11:26,999] {logging_mixin.py:115} INFO - [2024-06-05 17:11:26,999] {dag.py:2972} INFO - Setting next_dagrun for 5.1-orchestration to 2024-05-20T00:00:00+00:00, run_after=2024-05-21T00:00:00+00:00
[2024-06-05 17:11:27,011] {processor.py:161} INFO - Processing /opt/airflow/dags/5.1-orchestration.py took 0.062 seconds
[2024-06-05 17:11:57,318] {processor.py:153} INFO - Started process (PID=755) to work on /opt/airflow/dags/5.1-orchestration.py
[2024-06-05 17:11:57,318] {processor.py:641} INFO - Processing file /opt/airflow/dags/5.1-orchestration.py for tasks to queue
[2024-06-05 17:11:57,319] {logging_mixin.py:115} INFO - [2024-06-05 17:11:57,319] {dagbag.py:508} INFO - Filling up the DagBag from /opt/airflow/dags/5.1-orchestration.py
[2024-06-05 17:11:57,328] {processor.py:651} INFO - DAG(s) dict_keys(['5.1-orchestration']) retrieved from /opt/airflow/dags/5.1-orchestration.py
[2024-06-05 17:11:57,348] {logging_mixin.py:115} INFO - [2024-06-05 17:11:57,348] {dag.py:2420} INFO - Sync 1 DAGs
[2024-06-05 17:11:57,366] {logging_mixin.py:115} INFO - [2024-06-05 17:11:57,366] {dag.py:2972} INFO - Setting next_dagrun for 5.1-orchestration to 2024-05-20T00:00:00+00:00, run_after=2024-05-21T00:00:00+00:00
[2024-06-05 17:11:57,379] {processor.py:161} INFO - Processing /opt/airflow/dags/5.1-orchestration.py took 0.064 seconds
[2024-06-05 17:12:27,779] {processor.py:153} INFO - Started process (PID=790) to work on /opt/airflow/dags/5.1-orchestration.py
[2024-06-05 17:12:27,780] {processor.py:641} INFO - Processing file /opt/airflow/dags/5.1-orchestration.py for tasks to queue
[2024-06-05 17:12:27,780] {logging_mixin.py:115} INFO - [2024-06-05 17:12:27,780] {dagbag.py:508} INFO - Filling up the DagBag from /opt/airflow/dags/5.1-orchestration.py
[2024-06-05 17:12:27,786] {processor.py:651} INFO - DAG(s) dict_keys(['5.1-orchestration']) retrieved from /opt/airflow/dags/5.1-orchestration.py
[2024-06-05 17:12:27,810] {logging_mixin.py:115} INFO - [2024-06-05 17:12:27,810] {dag.py:2420} INFO - Sync 1 DAGs
[2024-06-05 17:12:27,834] {logging_mixin.py:115} INFO - [2024-06-05 17:12:27,834] {dag.py:2972} INFO - Setting next_dagrun for 5.1-orchestration to 2024-05-20T00:00:00+00:00, run_after=2024-05-21T00:00:00+00:00
[2024-06-05 17:12:27,846] {processor.py:161} INFO - Processing /opt/airflow/dags/5.1-orchestration.py took 0.071 seconds
[2024-06-05 17:12:58,240] {processor.py:153} INFO - Started process (PID=825) to work on /opt/airflow/dags/5.1-orchestration.py
[2024-06-05 17:12:58,241] {processor.py:641} INFO - Processing file /opt/airflow/dags/5.1-orchestration.py for tasks to queue
[2024-06-05 17:12:58,241] {logging_mixin.py:115} INFO - [2024-06-05 17:12:58,241] {dagbag.py:508} INFO - Filling up the DagBag from /opt/airflow/dags/5.1-orchestration.py
[2024-06-05 17:12:58,249] {processor.py:651} INFO - DAG(s) dict_keys(['5.1-orchestration']) retrieved from /opt/airflow/dags/5.1-orchestration.py
[2024-06-05 17:12:58,268] {logging_mixin.py:115} INFO - [2024-06-05 17:12:58,268] {dag.py:2420} INFO - Sync 1 DAGs
[2024-06-05 17:12:58,286] {logging_mixin.py:115} INFO - [2024-06-05 17:12:58,286] {dag.py:2972} INFO - Setting next_dagrun for 5.1-orchestration to 2024-05-20T00:00:00+00:00, run_after=2024-05-21T00:00:00+00:00
[2024-06-05 17:12:58,297] {processor.py:161} INFO - Processing /opt/airflow/dags/5.1-orchestration.py took 0.060 seconds
[2024-06-05 17:13:28,713] {processor.py:153} INFO - Started process (PID=859) to work on /opt/airflow/dags/5.1-orchestration.py
[2024-06-05 17:13:28,714] {processor.py:641} INFO - Processing file /opt/airflow/dags/5.1-orchestration.py for tasks to queue
[2024-06-05 17:13:28,715] {logging_mixin.py:115} INFO - [2024-06-05 17:13:28,715] {dagbag.py:508} INFO - Filling up the DagBag from /opt/airflow/dags/5.1-orchestration.py
[2024-06-05 17:13:28,727] {processor.py:651} INFO - DAG(s) dict_keys(['5.1-orchestration']) retrieved from /opt/airflow/dags/5.1-orchestration.py
[2024-06-05 17:13:28,750] {logging_mixin.py:115} INFO - [2024-06-05 17:13:28,750] {dag.py:2420} INFO - Sync 1 DAGs
[2024-06-05 17:13:28,767] {logging_mixin.py:115} INFO - [2024-06-05 17:13:28,767] {dag.py:2972} INFO - Setting next_dagrun for 5.1-orchestration to 2024-05-20T00:00:00+00:00, run_after=2024-05-21T00:00:00+00:00
[2024-06-05 17:13:28,776] {processor.py:161} INFO - Processing /opt/airflow/dags/5.1-orchestration.py took 0.070 seconds
[2024-06-05 17:13:59,175] {processor.py:153} INFO - Started process (PID=885) to work on /opt/airflow/dags/5.1-orchestration.py
[2024-06-05 17:13:59,176] {processor.py:641} INFO - Processing file /opt/airflow/dags/5.1-orchestration.py for tasks to queue
[2024-06-05 17:13:59,176] {logging_mixin.py:115} INFO - [2024-06-05 17:13:59,176] {dagbag.py:508} INFO - Filling up the DagBag from /opt/airflow/dags/5.1-orchestration.py
[2024-06-05 17:13:59,184] {processor.py:651} INFO - DAG(s) dict_keys(['5.1-orchestration']) retrieved from /opt/airflow/dags/5.1-orchestration.py
[2024-06-05 17:13:59,208] {logging_mixin.py:115} INFO - [2024-06-05 17:13:59,208] {dag.py:2420} INFO - Sync 1 DAGs
[2024-06-05 17:13:59,228] {logging_mixin.py:115} INFO - [2024-06-05 17:13:59,228] {dag.py:2972} INFO - Setting next_dagrun for 5.1-orchestration to 2024-05-20T00:00:00+00:00, run_after=2024-05-21T00:00:00+00:00
[2024-06-05 17:13:59,240] {processor.py:161} INFO - Processing /opt/airflow/dags/5.1-orchestration.py took 0.068 seconds
[2024-06-05 17:14:29,680] {processor.py:153} INFO - Started process (PID=920) to work on /opt/airflow/dags/5.1-orchestration.py
[2024-06-05 17:14:29,681] {processor.py:641} INFO - Processing file /opt/airflow/dags/5.1-orchestration.py for tasks to queue
[2024-06-05 17:14:29,681] {logging_mixin.py:115} INFO - [2024-06-05 17:14:29,681] {dagbag.py:508} INFO - Filling up the DagBag from /opt/airflow/dags/5.1-orchestration.py
[2024-06-05 17:14:29,690] {processor.py:651} INFO - DAG(s) dict_keys(['5.1-orchestration']) retrieved from /opt/airflow/dags/5.1-orchestration.py
[2024-06-05 17:14:29,725] {logging_mixin.py:115} INFO - [2024-06-05 17:14:29,724] {dag.py:2420} INFO - Sync 1 DAGs
[2024-06-05 17:14:29,758] {logging_mixin.py:115} INFO - [2024-06-05 17:14:29,758] {dag.py:2972} INFO - Setting next_dagrun for 5.1-orchestration to 2024-05-20T00:00:00+00:00, run_after=2024-05-21T00:00:00+00:00
[2024-06-05 17:14:29,774] {processor.py:161} INFO - Processing /opt/airflow/dags/5.1-orchestration.py took 0.096 seconds
[2024-06-05 17:15:00,184] {processor.py:153} INFO - Started process (PID=955) to work on /opt/airflow/dags/5.1-orchestration.py
[2024-06-05 17:15:00,185] {processor.py:641} INFO - Processing file /opt/airflow/dags/5.1-orchestration.py for tasks to queue
[2024-06-05 17:15:00,186] {logging_mixin.py:115} INFO - [2024-06-05 17:15:00,186] {dagbag.py:508} INFO - Filling up the DagBag from /opt/airflow/dags/5.1-orchestration.py
[2024-06-05 17:15:00,195] {processor.py:651} INFO - DAG(s) dict_keys(['5.1-orchestration']) retrieved from /opt/airflow/dags/5.1-orchestration.py
[2024-06-05 17:15:00,226] {logging_mixin.py:115} INFO - [2024-06-05 17:15:00,226] {dag.py:2420} INFO - Sync 1 DAGs
[2024-06-05 17:15:00,246] {logging_mixin.py:115} INFO - [2024-06-05 17:15:00,246] {dag.py:2972} INFO - Setting next_dagrun for 5.1-orchestration to 2024-05-20T00:00:00+00:00, run_after=2024-05-21T00:00:00+00:00
[2024-06-05 17:15:00,257] {processor.py:161} INFO - Processing /opt/airflow/dags/5.1-orchestration.py took 0.076 seconds
[2024-06-05 17:15:30,662] {processor.py:153} INFO - Started process (PID=990) to work on /opt/airflow/dags/5.1-orchestration.py
[2024-06-05 17:15:30,663] {processor.py:641} INFO - Processing file /opt/airflow/dags/5.1-orchestration.py for tasks to queue
[2024-06-05 17:15:30,666] {logging_mixin.py:115} INFO - [2024-06-05 17:15:30,666] {dagbag.py:508} INFO - Filling up the DagBag from /opt/airflow/dags/5.1-orchestration.py
[2024-06-05 17:15:30,674] {processor.py:651} INFO - DAG(s) dict_keys(['5.1-orchestration']) retrieved from /opt/airflow/dags/5.1-orchestration.py
[2024-06-05 17:15:30,695] {logging_mixin.py:115} INFO - [2024-06-05 17:15:30,695] {dag.py:2420} INFO - Sync 1 DAGs
[2024-06-05 17:15:30,722] {logging_mixin.py:115} INFO - [2024-06-05 17:15:30,722] {dag.py:2972} INFO - Setting next_dagrun for 5.1-orchestration to 2024-05-20T00:00:00+00:00, run_after=2024-05-21T00:00:00+00:00
[2024-06-05 17:15:30,734] {processor.py:161} INFO - Processing /opt/airflow/dags/5.1-orchestration.py took 0.075 seconds
[2024-06-05 17:16:01,116] {processor.py:153} INFO - Started process (PID=1015) to work on /opt/airflow/dags/5.1-orchestration.py
[2024-06-05 17:16:01,117] {processor.py:641} INFO - Processing file /opt/airflow/dags/5.1-orchestration.py for tasks to queue
[2024-06-05 17:16:01,117] {logging_mixin.py:115} INFO - [2024-06-05 17:16:01,117] {dagbag.py:508} INFO - Filling up the DagBag from /opt/airflow/dags/5.1-orchestration.py
[2024-06-05 17:16:01,132] {processor.py:651} INFO - DAG(s) dict_keys(['5.1-orchestration']) retrieved from /opt/airflow/dags/5.1-orchestration.py
[2024-06-05 17:16:01,154] {logging_mixin.py:115} INFO - [2024-06-05 17:16:01,154] {dag.py:2420} INFO - Sync 1 DAGs
[2024-06-05 17:16:01,174] {logging_mixin.py:115} INFO - [2024-06-05 17:16:01,174] {dag.py:2972} INFO - Setting next_dagrun for 5.1-orchestration to 2024-05-20T00:00:00+00:00, run_after=2024-05-21T00:00:00+00:00
[2024-06-05 17:16:01,186] {processor.py:161} INFO - Processing /opt/airflow/dags/5.1-orchestration.py took 0.073 seconds
[2024-06-05 17:16:31,544] {processor.py:153} INFO - Started process (PID=1050) to work on /opt/airflow/dags/5.1-orchestration.py
[2024-06-05 17:16:31,544] {processor.py:641} INFO - Processing file /opt/airflow/dags/5.1-orchestration.py for tasks to queue
[2024-06-05 17:16:31,544] {logging_mixin.py:115} INFO - [2024-06-05 17:16:31,544] {dagbag.py:508} INFO - Filling up the DagBag from /opt/airflow/dags/5.1-orchestration.py
[2024-06-05 17:16:31,553] {processor.py:651} INFO - DAG(s) dict_keys(['5.1-orchestration']) retrieved from /opt/airflow/dags/5.1-orchestration.py
[2024-06-05 17:16:31,580] {logging_mixin.py:115} INFO - [2024-06-05 17:16:31,580] {dag.py:2420} INFO - Sync 1 DAGs
[2024-06-05 17:16:31,598] {logging_mixin.py:115} INFO - [2024-06-05 17:16:31,598] {dag.py:2972} INFO - Setting next_dagrun for 5.1-orchestration to 2024-05-20T00:00:00+00:00, run_after=2024-05-21T00:00:00+00:00
[2024-06-05 17:16:31,608] {processor.py:161} INFO - Processing /opt/airflow/dags/5.1-orchestration.py took 0.067 seconds
[2024-06-05 17:17:02,006] {processor.py:153} INFO - Started process (PID=1085) to work on /opt/airflow/dags/5.1-orchestration.py
[2024-06-05 17:17:02,006] {processor.py:641} INFO - Processing file /opt/airflow/dags/5.1-orchestration.py for tasks to queue
[2024-06-05 17:17:02,007] {logging_mixin.py:115} INFO - [2024-06-05 17:17:02,007] {dagbag.py:508} INFO - Filling up the DagBag from /opt/airflow/dags/5.1-orchestration.py
[2024-06-05 17:17:02,014] {processor.py:651} INFO - DAG(s) dict_keys(['5.1-orchestration']) retrieved from /opt/airflow/dags/5.1-orchestration.py
[2024-06-05 17:17:02,041] {logging_mixin.py:115} INFO - [2024-06-05 17:17:02,041] {dag.py:2420} INFO - Sync 1 DAGs
[2024-06-05 17:17:02,064] {logging_mixin.py:115} INFO - [2024-06-05 17:17:02,064] {dag.py:2972} INFO - Setting next_dagrun for 5.1-orchestration to 2024-05-20T00:00:00+00:00, run_after=2024-05-21T00:00:00+00:00
[2024-06-05 17:17:02,078] {processor.py:161} INFO - Processing /opt/airflow/dags/5.1-orchestration.py took 0.075 seconds
[2024-06-05 17:17:32,476] {processor.py:153} INFO - Started process (PID=1120) to work on /opt/airflow/dags/5.1-orchestration.py
[2024-06-05 17:17:32,477] {processor.py:641} INFO - Processing file /opt/airflow/dags/5.1-orchestration.py for tasks to queue
[2024-06-05 17:17:32,477] {logging_mixin.py:115} INFO - [2024-06-05 17:17:32,477] {dagbag.py:508} INFO - Filling up the DagBag from /opt/airflow/dags/5.1-orchestration.py
[2024-06-05 17:17:32,484] {processor.py:651} INFO - DAG(s) dict_keys(['5.1-orchestration']) retrieved from /opt/airflow/dags/5.1-orchestration.py
[2024-06-05 17:17:32,511] {logging_mixin.py:115} INFO - [2024-06-05 17:17:32,511] {dag.py:2420} INFO - Sync 1 DAGs
[2024-06-05 17:17:32,531] {logging_mixin.py:115} INFO - [2024-06-05 17:17:32,531] {dag.py:2972} INFO - Setting next_dagrun for 5.1-orchestration to 2024-05-20T00:00:00+00:00, run_after=2024-05-21T00:00:00+00:00
[2024-06-05 17:17:32,541] {processor.py:161} INFO - Processing /opt/airflow/dags/5.1-orchestration.py took 0.067 seconds
[2024-06-05 17:18:03,018] {processor.py:153} INFO - Started process (PID=1155) to work on /opt/airflow/dags/5.1-orchestration.py
[2024-06-05 17:18:03,018] {processor.py:641} INFO - Processing file /opt/airflow/dags/5.1-orchestration.py for tasks to queue
[2024-06-05 17:18:03,019] {logging_mixin.py:115} INFO - [2024-06-05 17:18:03,019] {dagbag.py:508} INFO - Filling up the DagBag from /opt/airflow/dags/5.1-orchestration.py
[2024-06-05 17:18:03,028] {processor.py:651} INFO - DAG(s) dict_keys(['5.1-orchestration']) retrieved from /opt/airflow/dags/5.1-orchestration.py
[2024-06-05 17:18:03,058] {logging_mixin.py:115} INFO - [2024-06-05 17:18:03,058] {dag.py:2420} INFO - Sync 1 DAGs
[2024-06-05 17:18:03,089] {logging_mixin.py:115} INFO - [2024-06-05 17:18:03,088] {dag.py:2972} INFO - Setting next_dagrun for 5.1-orchestration to 2024-05-20T00:00:00+00:00, run_after=2024-05-21T00:00:00+00:00
[2024-06-05 17:18:03,104] {processor.py:161} INFO - Processing /opt/airflow/dags/5.1-orchestration.py took 0.090 seconds
[2024-06-05 17:18:33,497] {processor.py:153} INFO - Started process (PID=1180) to work on /opt/airflow/dags/5.1-orchestration.py
[2024-06-05 17:18:33,497] {processor.py:641} INFO - Processing file /opt/airflow/dags/5.1-orchestration.py for tasks to queue
[2024-06-05 17:18:33,498] {logging_mixin.py:115} INFO - [2024-06-05 17:18:33,498] {dagbag.py:508} INFO - Filling up the DagBag from /opt/airflow/dags/5.1-orchestration.py
[2024-06-05 17:18:33,508] {processor.py:651} INFO - DAG(s) dict_keys(['5.1-orchestration']) retrieved from /opt/airflow/dags/5.1-orchestration.py
[2024-06-05 17:18:33,530] {logging_mixin.py:115} INFO - [2024-06-05 17:18:33,530] {dag.py:2420} INFO - Sync 1 DAGs
[2024-06-05 17:18:33,550] {logging_mixin.py:115} INFO - [2024-06-05 17:18:33,550] {dag.py:2972} INFO - Setting next_dagrun for 5.1-orchestration to 2024-05-20T00:00:00+00:00, run_after=2024-05-21T00:00:00+00:00
[2024-06-05 17:18:33,562] {processor.py:161} INFO - Processing /opt/airflow/dags/5.1-orchestration.py took 0.068 seconds
[2024-06-05 17:19:03,936] {processor.py:153} INFO - Started process (PID=1215) to work on /opt/airflow/dags/5.1-orchestration.py
[2024-06-05 17:19:03,939] {processor.py:641} INFO - Processing file /opt/airflow/dags/5.1-orchestration.py for tasks to queue
[2024-06-05 17:19:03,940] {logging_mixin.py:115} INFO - [2024-06-05 17:19:03,940] {dagbag.py:508} INFO - Filling up the DagBag from /opt/airflow/dags/5.1-orchestration.py
[2024-06-05 17:19:03,949] {processor.py:651} INFO - DAG(s) dict_keys(['5.1-orchestration']) retrieved from /opt/airflow/dags/5.1-orchestration.py
[2024-06-05 17:19:03,971] {logging_mixin.py:115} INFO - [2024-06-05 17:19:03,971] {dag.py:2420} INFO - Sync 1 DAGs
[2024-06-05 17:19:03,989] {logging_mixin.py:115} INFO - [2024-06-05 17:19:03,989] {dag.py:2972} INFO - Setting next_dagrun for 5.1-orchestration to 2024-05-20T00:00:00+00:00, run_after=2024-05-21T00:00:00+00:00
[2024-06-05 17:19:03,999] {processor.py:161} INFO - Processing /opt/airflow/dags/5.1-orchestration.py took 0.066 seconds
[2024-06-05 17:19:34,390] {processor.py:153} INFO - Started process (PID=1250) to work on /opt/airflow/dags/5.1-orchestration.py
[2024-06-05 17:19:34,390] {processor.py:641} INFO - Processing file /opt/airflow/dags/5.1-orchestration.py for tasks to queue
[2024-06-05 17:19:34,391] {logging_mixin.py:115} INFO - [2024-06-05 17:19:34,391] {dagbag.py:508} INFO - Filling up the DagBag from /opt/airflow/dags/5.1-orchestration.py
[2024-06-05 17:19:34,398] {processor.py:651} INFO - DAG(s) dict_keys(['5.1-orchestration']) retrieved from /opt/airflow/dags/5.1-orchestration.py
[2024-06-05 17:19:34,418] {logging_mixin.py:115} INFO - [2024-06-05 17:19:34,418] {dag.py:2420} INFO - Sync 1 DAGs
[2024-06-05 17:19:34,437] {logging_mixin.py:115} INFO - [2024-06-05 17:19:34,437] {dag.py:2972} INFO - Setting next_dagrun for 5.1-orchestration to 2024-05-20T00:00:00+00:00, run_after=2024-05-21T00:00:00+00:00
[2024-06-05 17:19:34,447] {processor.py:161} INFO - Processing /opt/airflow/dags/5.1-orchestration.py took 0.060 seconds
[2024-06-05 17:20:04,837] {processor.py:153} INFO - Started process (PID=1285) to work on /opt/airflow/dags/5.1-orchestration.py
[2024-06-05 17:20:04,838] {processor.py:641} INFO - Processing file /opt/airflow/dags/5.1-orchestration.py for tasks to queue
[2024-06-05 17:20:04,838] {logging_mixin.py:115} INFO - [2024-06-05 17:20:04,838] {dagbag.py:508} INFO - Filling up the DagBag from /opt/airflow/dags/5.1-orchestration.py
[2024-06-05 17:20:04,851] {processor.py:651} INFO - DAG(s) dict_keys(['5.1-orchestration']) retrieved from /opt/airflow/dags/5.1-orchestration.py
[2024-06-05 17:20:04,876] {logging_mixin.py:115} INFO - [2024-06-05 17:20:04,876] {dag.py:2420} INFO - Sync 1 DAGs
[2024-06-05 17:20:04,896] {logging_mixin.py:115} INFO - [2024-06-05 17:20:04,896] {dag.py:2972} INFO - Setting next_dagrun for 5.1-orchestration to 2024-05-20T00:00:00+00:00, run_after=2024-05-21T00:00:00+00:00
[2024-06-05 17:20:04,907] {processor.py:161} INFO - Processing /opt/airflow/dags/5.1-orchestration.py took 0.074 seconds
[2024-06-05 17:20:35,318] {processor.py:153} INFO - Started process (PID=1311) to work on /opt/airflow/dags/5.1-orchestration.py
[2024-06-05 17:20:35,318] {processor.py:641} INFO - Processing file /opt/airflow/dags/5.1-orchestration.py for tasks to queue
[2024-06-05 17:20:35,319] {logging_mixin.py:115} INFO - [2024-06-05 17:20:35,319] {dagbag.py:508} INFO - Filling up the DagBag from /opt/airflow/dags/5.1-orchestration.py
[2024-06-05 17:20:35,333] {processor.py:651} INFO - DAG(s) dict_keys(['5.1-orchestration']) retrieved from /opt/airflow/dags/5.1-orchestration.py
[2024-06-05 17:20:35,360] {logging_mixin.py:115} INFO - [2024-06-05 17:20:35,360] {dag.py:2420} INFO - Sync 1 DAGs
[2024-06-05 17:20:35,383] {logging_mixin.py:115} INFO - [2024-06-05 17:20:35,382] {dag.py:2972} INFO - Setting next_dagrun for 5.1-orchestration to 2024-05-20T00:00:00+00:00, run_after=2024-05-21T00:00:00+00:00
[2024-06-05 17:20:35,395] {processor.py:161} INFO - Processing /opt/airflow/dags/5.1-orchestration.py took 0.081 seconds
[2024-06-05 17:21:05,726] {processor.py:153} INFO - Started process (PID=1346) to work on /opt/airflow/dags/5.1-orchestration.py
[2024-06-05 17:21:05,727] {processor.py:641} INFO - Processing file /opt/airflow/dags/5.1-orchestration.py for tasks to queue
[2024-06-05 17:21:05,727] {logging_mixin.py:115} INFO - [2024-06-05 17:21:05,727] {dagbag.py:508} INFO - Filling up the DagBag from /opt/airflow/dags/5.1-orchestration.py
[2024-06-05 17:21:05,735] {processor.py:651} INFO - DAG(s) dict_keys(['5.1-orchestration']) retrieved from /opt/airflow/dags/5.1-orchestration.py
[2024-06-05 17:21:05,757] {logging_mixin.py:115} INFO - [2024-06-05 17:21:05,756] {dag.py:2420} INFO - Sync 1 DAGs
[2024-06-05 17:21:05,776] {logging_mixin.py:115} INFO - [2024-06-05 17:21:05,776] {dag.py:2972} INFO - Setting next_dagrun for 5.1-orchestration to 2024-05-20T00:00:00+00:00, run_after=2024-05-21T00:00:00+00:00
[2024-06-05 17:21:05,786] {processor.py:161} INFO - Processing /opt/airflow/dags/5.1-orchestration.py took 0.063 seconds
[2024-06-05 17:21:36,120] {processor.py:153} INFO - Started process (PID=1381) to work on /opt/airflow/dags/5.1-orchestration.py
[2024-06-05 17:21:36,120] {processor.py:641} INFO - Processing file /opt/airflow/dags/5.1-orchestration.py for tasks to queue
[2024-06-05 17:21:36,121] {logging_mixin.py:115} INFO - [2024-06-05 17:21:36,121] {dagbag.py:508} INFO - Filling up the DagBag from /opt/airflow/dags/5.1-orchestration.py
[2024-06-05 17:21:36,130] {processor.py:651} INFO - DAG(s) dict_keys(['5.1-orchestration']) retrieved from /opt/airflow/dags/5.1-orchestration.py
[2024-06-05 17:21:36,154] {logging_mixin.py:115} INFO - [2024-06-05 17:21:36,154] {dag.py:2420} INFO - Sync 1 DAGs
[2024-06-05 17:21:36,174] {logging_mixin.py:115} INFO - [2024-06-05 17:21:36,174] {dag.py:2972} INFO - Setting next_dagrun for 5.1-orchestration to 2024-05-20T00:00:00+00:00, run_after=2024-05-21T00:00:00+00:00
[2024-06-05 17:21:36,184] {processor.py:161} INFO - Processing /opt/airflow/dags/5.1-orchestration.py took 0.066 seconds
[2024-06-05 17:22:06,586] {processor.py:153} INFO - Started process (PID=1416) to work on /opt/airflow/dags/5.1-orchestration.py
[2024-06-05 17:22:06,587] {processor.py:641} INFO - Processing file /opt/airflow/dags/5.1-orchestration.py for tasks to queue
[2024-06-05 17:22:06,587] {logging_mixin.py:115} INFO - [2024-06-05 17:22:06,587] {dagbag.py:508} INFO - Filling up the DagBag from /opt/airflow/dags/5.1-orchestration.py
[2024-06-05 17:22:06,594] {processor.py:651} INFO - DAG(s) dict_keys(['5.1-orchestration']) retrieved from /opt/airflow/dags/5.1-orchestration.py
[2024-06-05 17:22:06,616] {logging_mixin.py:115} INFO - [2024-06-05 17:22:06,616] {dag.py:2420} INFO - Sync 1 DAGs
[2024-06-05 17:22:06,634] {logging_mixin.py:115} INFO - [2024-06-05 17:22:06,634] {dag.py:2972} INFO - Setting next_dagrun for 5.1-orchestration to 2024-05-20T00:00:00+00:00, run_after=2024-05-21T00:00:00+00:00
[2024-06-05 17:22:06,644] {processor.py:161} INFO - Processing /opt/airflow/dags/5.1-orchestration.py took 0.061 seconds
[2024-06-05 17:22:37,048] {processor.py:153} INFO - Started process (PID=1442) to work on /opt/airflow/dags/5.1-orchestration.py
[2024-06-05 17:22:37,048] {processor.py:641} INFO - Processing file /opt/airflow/dags/5.1-orchestration.py for tasks to queue
[2024-06-05 17:22:37,049] {logging_mixin.py:115} INFO - [2024-06-05 17:22:37,049] {dagbag.py:508} INFO - Filling up the DagBag from /opt/airflow/dags/5.1-orchestration.py
[2024-06-05 17:22:37,059] {processor.py:651} INFO - DAG(s) dict_keys(['5.1-orchestration']) retrieved from /opt/airflow/dags/5.1-orchestration.py
[2024-06-05 17:22:37,079] {logging_mixin.py:115} INFO - [2024-06-05 17:22:37,079] {dag.py:2420} INFO - Sync 1 DAGs
[2024-06-05 17:22:37,097] {logging_mixin.py:115} INFO - [2024-06-05 17:22:37,097] {dag.py:2972} INFO - Setting next_dagrun for 5.1-orchestration to 2024-05-20T00:00:00+00:00, run_after=2024-05-21T00:00:00+00:00
[2024-06-05 17:22:37,107] {processor.py:161} INFO - Processing /opt/airflow/dags/5.1-orchestration.py took 0.061 seconds
[2024-06-05 17:23:07,484] {processor.py:153} INFO - Started process (PID=1477) to work on /opt/airflow/dags/5.1-orchestration.py
[2024-06-05 17:23:07,485] {processor.py:641} INFO - Processing file /opt/airflow/dags/5.1-orchestration.py for tasks to queue
[2024-06-05 17:23:07,485] {logging_mixin.py:115} INFO - [2024-06-05 17:23:07,485] {dagbag.py:508} INFO - Filling up the DagBag from /opt/airflow/dags/5.1-orchestration.py
[2024-06-05 17:23:07,494] {processor.py:651} INFO - DAG(s) dict_keys(['5.1-orchestration']) retrieved from /opt/airflow/dags/5.1-orchestration.py
[2024-06-05 17:23:07,514] {logging_mixin.py:115} INFO - [2024-06-05 17:23:07,514] {dag.py:2420} INFO - Sync 1 DAGs
[2024-06-05 17:23:07,531] {logging_mixin.py:115} INFO - [2024-06-05 17:23:07,531] {dag.py:2972} INFO - Setting next_dagrun for 5.1-orchestration to 2024-05-20T00:00:00+00:00, run_after=2024-05-21T00:00:00+00:00
[2024-06-05 17:23:07,542] {processor.py:161} INFO - Processing /opt/airflow/dags/5.1-orchestration.py took 0.060 seconds
[2024-06-05 17:23:37,917] {processor.py:153} INFO - Started process (PID=1512) to work on /opt/airflow/dags/5.1-orchestration.py
[2024-06-05 17:23:37,917] {processor.py:641} INFO - Processing file /opt/airflow/dags/5.1-orchestration.py for tasks to queue
[2024-06-05 17:23:37,918] {logging_mixin.py:115} INFO - [2024-06-05 17:23:37,918] {dagbag.py:508} INFO - Filling up the DagBag from /opt/airflow/dags/5.1-orchestration.py
[2024-06-05 17:23:37,927] {processor.py:651} INFO - DAG(s) dict_keys(['5.1-orchestration']) retrieved from /opt/airflow/dags/5.1-orchestration.py
[2024-06-05 17:23:37,949] {logging_mixin.py:115} INFO - [2024-06-05 17:23:37,949] {dag.py:2420} INFO - Sync 1 DAGs
[2024-06-05 17:23:37,965] {logging_mixin.py:115} INFO - [2024-06-05 17:23:37,965] {dag.py:2972} INFO - Setting next_dagrun for 5.1-orchestration to 2024-05-20T00:00:00+00:00, run_after=2024-05-21T00:00:00+00:00
[2024-06-05 17:23:37,974] {processor.py:161} INFO - Processing /opt/airflow/dags/5.1-orchestration.py took 0.059 seconds
[2024-06-05 17:24:08,355] {processor.py:153} INFO - Started process (PID=1547) to work on /opt/airflow/dags/5.1-orchestration.py
[2024-06-05 17:24:08,356] {processor.py:641} INFO - Processing file /opt/airflow/dags/5.1-orchestration.py for tasks to queue
[2024-06-05 17:24:08,356] {logging_mixin.py:115} INFO - [2024-06-05 17:24:08,356] {dagbag.py:508} INFO - Filling up the DagBag from /opt/airflow/dags/5.1-orchestration.py
[2024-06-05 17:24:08,366] {processor.py:651} INFO - DAG(s) dict_keys(['5.1-orchestration']) retrieved from /opt/airflow/dags/5.1-orchestration.py
[2024-06-05 17:24:08,392] {logging_mixin.py:115} INFO - [2024-06-05 17:24:08,391] {dag.py:2420} INFO - Sync 1 DAGs
[2024-06-05 17:24:08,414] {logging_mixin.py:115} INFO - [2024-06-05 17:24:08,414] {dag.py:2972} INFO - Setting next_dagrun for 5.1-orchestration to 2024-05-20T00:00:00+00:00, run_after=2024-05-21T00:00:00+00:00
[2024-06-05 17:24:08,428] {processor.py:161} INFO - Processing /opt/airflow/dags/5.1-orchestration.py took 0.076 seconds
[2024-06-05 17:24:38,876] {processor.py:153} INFO - Started process (PID=1582) to work on /opt/airflow/dags/5.1-orchestration.py
[2024-06-05 17:24:38,877] {processor.py:641} INFO - Processing file /opt/airflow/dags/5.1-orchestration.py for tasks to queue
[2024-06-05 17:24:38,878] {logging_mixin.py:115} INFO - [2024-06-05 17:24:38,878] {dagbag.py:508} INFO - Filling up the DagBag from /opt/airflow/dags/5.1-orchestration.py
[2024-06-05 17:24:38,887] {processor.py:651} INFO - DAG(s) dict_keys(['5.1-orchestration']) retrieved from /opt/airflow/dags/5.1-orchestration.py
[2024-06-05 17:24:38,923] {logging_mixin.py:115} INFO - [2024-06-05 17:24:38,923] {dag.py:2420} INFO - Sync 1 DAGs
[2024-06-05 17:24:38,953] {logging_mixin.py:115} INFO - [2024-06-05 17:24:38,953] {dag.py:2972} INFO - Setting next_dagrun for 5.1-orchestration to 2024-05-20T00:00:00+00:00, run_after=2024-05-21T00:00:00+00:00
[2024-06-05 17:24:38,966] {processor.py:161} INFO - Processing /opt/airflow/dags/5.1-orchestration.py took 0.094 seconds
[2024-06-05 17:25:09,410] {processor.py:153} INFO - Started process (PID=1607) to work on /opt/airflow/dags/5.1-orchestration.py
[2024-06-05 17:25:09,411] {processor.py:641} INFO - Processing file /opt/airflow/dags/5.1-orchestration.py for tasks to queue
[2024-06-05 17:25:09,412] {logging_mixin.py:115} INFO - [2024-06-05 17:25:09,412] {dagbag.py:508} INFO - Filling up the DagBag from /opt/airflow/dags/5.1-orchestration.py
[2024-06-05 17:25:09,424] {processor.py:651} INFO - DAG(s) dict_keys(['5.1-orchestration']) retrieved from /opt/airflow/dags/5.1-orchestration.py
[2024-06-05 17:25:09,448] {logging_mixin.py:115} INFO - [2024-06-05 17:25:09,448] {dag.py:2420} INFO - Sync 1 DAGs
[2024-06-05 17:25:09,475] {logging_mixin.py:115} INFO - [2024-06-05 17:25:09,475] {dag.py:2972} INFO - Setting next_dagrun for 5.1-orchestration to 2024-05-20T00:00:00+00:00, run_after=2024-05-21T00:00:00+00:00
[2024-06-05 17:25:09,493] {processor.py:161} INFO - Processing /opt/airflow/dags/5.1-orchestration.py took 0.087 seconds
[2024-06-05 17:25:40,003] {processor.py:153} INFO - Started process (PID=1642) to work on /opt/airflow/dags/5.1-orchestration.py
[2024-06-05 17:25:40,004] {processor.py:641} INFO - Processing file /opt/airflow/dags/5.1-orchestration.py for tasks to queue
[2024-06-05 17:25:40,004] {logging_mixin.py:115} INFO - [2024-06-05 17:25:40,004] {dagbag.py:508} INFO - Filling up the DagBag from /opt/airflow/dags/5.1-orchestration.py
[2024-06-05 17:25:40,013] {processor.py:651} INFO - DAG(s) dict_keys(['5.1-orchestration']) retrieved from /opt/airflow/dags/5.1-orchestration.py
[2024-06-05 17:25:40,033] {logging_mixin.py:115} INFO - [2024-06-05 17:25:40,033] {dag.py:2420} INFO - Sync 1 DAGs
[2024-06-05 17:25:40,051] {logging_mixin.py:115} INFO - [2024-06-05 17:25:40,051] {dag.py:2972} INFO - Setting next_dagrun for 5.1-orchestration to 2024-05-20T00:00:00+00:00, run_after=2024-05-21T00:00:00+00:00
[2024-06-05 17:25:40,066] {processor.py:161} INFO - Processing /opt/airflow/dags/5.1-orchestration.py took 0.067 seconds
[2024-06-05 17:26:10,501] {processor.py:153} INFO - Started process (PID=1677) to work on /opt/airflow/dags/5.1-orchestration.py
[2024-06-05 17:26:10,502] {processor.py:641} INFO - Processing file /opt/airflow/dags/5.1-orchestration.py for tasks to queue
[2024-06-05 17:26:10,502] {logging_mixin.py:115} INFO - [2024-06-05 17:26:10,502] {dagbag.py:508} INFO - Filling up the DagBag from /opt/airflow/dags/5.1-orchestration.py
[2024-06-05 17:26:10,510] {processor.py:651} INFO - DAG(s) dict_keys(['5.1-orchestration']) retrieved from /opt/airflow/dags/5.1-orchestration.py
[2024-06-05 17:26:10,533] {logging_mixin.py:115} INFO - [2024-06-05 17:26:10,533] {dag.py:2420} INFO - Sync 1 DAGs
[2024-06-05 17:26:10,555] {logging_mixin.py:115} INFO - [2024-06-05 17:26:10,555] {dag.py:2972} INFO - Setting next_dagrun for 5.1-orchestration to 2024-05-20T00:00:00+00:00, run_after=2024-05-21T00:00:00+00:00
[2024-06-05 17:26:10,566] {processor.py:161} INFO - Processing /opt/airflow/dags/5.1-orchestration.py took 0.068 seconds
[2024-06-05 17:26:40,973] {processor.py:153} INFO - Started process (PID=1712) to work on /opt/airflow/dags/5.1-orchestration.py
[2024-06-05 17:26:40,974] {processor.py:641} INFO - Processing file /opt/airflow/dags/5.1-orchestration.py for tasks to queue
[2024-06-05 17:26:40,975] {logging_mixin.py:115} INFO - [2024-06-05 17:26:40,975] {dagbag.py:508} INFO - Filling up the DagBag from /opt/airflow/dags/5.1-orchestration.py
[2024-06-05 17:26:40,987] {processor.py:651} INFO - DAG(s) dict_keys(['5.1-orchestration']) retrieved from /opt/airflow/dags/5.1-orchestration.py
[2024-06-05 17:26:41,011] {logging_mixin.py:115} INFO - [2024-06-05 17:26:41,011] {dag.py:2420} INFO - Sync 1 DAGs
[2024-06-05 17:26:41,041] {logging_mixin.py:115} INFO - [2024-06-05 17:26:41,041] {dag.py:2972} INFO - Setting next_dagrun for 5.1-orchestration to 2024-05-20T00:00:00+00:00, run_after=2024-05-21T00:00:00+00:00
[2024-06-05 17:26:41,053] {processor.py:161} INFO - Processing /opt/airflow/dags/5.1-orchestration.py took 0.082 seconds
[2024-06-05 17:27:11,476] {processor.py:153} INFO - Started process (PID=1738) to work on /opt/airflow/dags/5.1-orchestration.py
[2024-06-05 17:27:11,477] {processor.py:641} INFO - Processing file /opt/airflow/dags/5.1-orchestration.py for tasks to queue
[2024-06-05 17:27:11,477] {logging_mixin.py:115} INFO - [2024-06-05 17:27:11,477] {dagbag.py:508} INFO - Filling up the DagBag from /opt/airflow/dags/5.1-orchestration.py
[2024-06-05 17:27:11,486] {processor.py:651} INFO - DAG(s) dict_keys(['5.1-orchestration']) retrieved from /opt/airflow/dags/5.1-orchestration.py
[2024-06-05 17:27:11,512] {logging_mixin.py:115} INFO - [2024-06-05 17:27:11,512] {dag.py:2420} INFO - Sync 1 DAGs
[2024-06-05 17:27:11,532] {logging_mixin.py:115} INFO - [2024-06-05 17:27:11,532] {dag.py:2972} INFO - Setting next_dagrun for 5.1-orchestration to 2024-05-20T00:00:00+00:00, run_after=2024-05-21T00:00:00+00:00
[2024-06-05 17:27:11,544] {processor.py:161} INFO - Processing /opt/airflow/dags/5.1-orchestration.py took 0.071 seconds
[2024-06-05 17:27:41,951] {processor.py:153} INFO - Started process (PID=1773) to work on /opt/airflow/dags/5.1-orchestration.py
[2024-06-05 17:27:41,951] {processor.py:641} INFO - Processing file /opt/airflow/dags/5.1-orchestration.py for tasks to queue
[2024-06-05 17:27:41,952] {logging_mixin.py:115} INFO - [2024-06-05 17:27:41,952] {dagbag.py:508} INFO - Filling up the DagBag from /opt/airflow/dags/5.1-orchestration.py
[2024-06-05 17:27:41,963] {processor.py:651} INFO - DAG(s) dict_keys(['5.1-orchestration']) retrieved from /opt/airflow/dags/5.1-orchestration.py
[2024-06-05 17:27:41,983] {logging_mixin.py:115} INFO - [2024-06-05 17:27:41,983] {dag.py:2420} INFO - Sync 1 DAGs
[2024-06-05 17:27:42,001] {logging_mixin.py:115} INFO - [2024-06-05 17:27:42,001] {dag.py:2972} INFO - Setting next_dagrun for 5.1-orchestration to 2024-05-20T00:00:00+00:00, run_after=2024-05-21T00:00:00+00:00
[2024-06-05 17:27:42,009] {processor.py:161} INFO - Processing /opt/airflow/dags/5.1-orchestration.py took 0.061 seconds
[2024-06-05 17:28:12,386] {processor.py:153} INFO - Started process (PID=1808) to work on /opt/airflow/dags/5.1-orchestration.py
[2024-06-05 17:28:12,386] {processor.py:641} INFO - Processing file /opt/airflow/dags/5.1-orchestration.py for tasks to queue
[2024-06-05 17:28:12,387] {logging_mixin.py:115} INFO - [2024-06-05 17:28:12,387] {dagbag.py:508} INFO - Filling up the DagBag from /opt/airflow/dags/5.1-orchestration.py
[2024-06-05 17:28:12,394] {processor.py:651} INFO - DAG(s) dict_keys(['5.1-orchestration']) retrieved from /opt/airflow/dags/5.1-orchestration.py
[2024-06-05 17:28:12,413] {logging_mixin.py:115} INFO - [2024-06-05 17:28:12,412] {dag.py:2420} INFO - Sync 1 DAGs
[2024-06-05 17:28:12,429] {logging_mixin.py:115} INFO - [2024-06-05 17:28:12,428] {dag.py:2972} INFO - Setting next_dagrun for 5.1-orchestration to 2024-05-20T00:00:00+00:00, run_after=2024-05-21T00:00:00+00:00
[2024-06-05 17:28:12,438] {processor.py:161} INFO - Processing /opt/airflow/dags/5.1-orchestration.py took 0.054 seconds
[2024-06-05 17:28:42,828] {processor.py:153} INFO - Started process (PID=1843) to work on /opt/airflow/dags/5.1-orchestration.py
[2024-06-05 17:28:42,829] {processor.py:641} INFO - Processing file /opt/airflow/dags/5.1-orchestration.py for tasks to queue
[2024-06-05 17:28:42,829] {logging_mixin.py:115} INFO - [2024-06-05 17:28:42,829] {dagbag.py:508} INFO - Filling up the DagBag from /opt/airflow/dags/5.1-orchestration.py
[2024-06-05 17:28:42,842] {processor.py:651} INFO - DAG(s) dict_keys(['5.1-orchestration']) retrieved from /opt/airflow/dags/5.1-orchestration.py
[2024-06-05 17:28:42,867] {logging_mixin.py:115} INFO - [2024-06-05 17:28:42,866] {dag.py:2420} INFO - Sync 1 DAGs
[2024-06-05 17:28:42,887] {logging_mixin.py:115} INFO - [2024-06-05 17:28:42,886] {dag.py:2972} INFO - Setting next_dagrun for 5.1-orchestration to 2024-05-20T00:00:00+00:00, run_after=2024-05-21T00:00:00+00:00
[2024-06-05 17:28:42,899] {processor.py:161} INFO - Processing /opt/airflow/dags/5.1-orchestration.py took 0.074 seconds
[2024-06-05 17:29:13,301] {processor.py:153} INFO - Started process (PID=1869) to work on /opt/airflow/dags/5.1-orchestration.py
[2024-06-05 17:29:13,302] {processor.py:641} INFO - Processing file /opt/airflow/dags/5.1-orchestration.py for tasks to queue
[2024-06-05 17:29:13,303] {logging_mixin.py:115} INFO - [2024-06-05 17:29:13,302] {dagbag.py:508} INFO - Filling up the DagBag from /opt/airflow/dags/5.1-orchestration.py
[2024-06-05 17:29:13,311] {processor.py:651} INFO - DAG(s) dict_keys(['5.1-orchestration']) retrieved from /opt/airflow/dags/5.1-orchestration.py
[2024-06-05 17:29:13,331] {logging_mixin.py:115} INFO - [2024-06-05 17:29:13,331] {dag.py:2420} INFO - Sync 1 DAGs
[2024-06-05 17:29:13,348] {logging_mixin.py:115} INFO - [2024-06-05 17:29:13,348] {dag.py:2972} INFO - Setting next_dagrun for 5.1-orchestration to 2024-05-20T00:00:00+00:00, run_after=2024-05-21T00:00:00+00:00
[2024-06-05 17:29:13,360] {processor.py:161} INFO - Processing /opt/airflow/dags/5.1-orchestration.py took 0.061 seconds
[2024-06-05 17:29:43,829] {processor.py:153} INFO - Started process (PID=1903) to work on /opt/airflow/dags/5.1-orchestration.py
[2024-06-05 17:29:43,829] {processor.py:641} INFO - Processing file /opt/airflow/dags/5.1-orchestration.py for tasks to queue
[2024-06-05 17:29:43,830] {logging_mixin.py:115} INFO - [2024-06-05 17:29:43,830] {dagbag.py:508} INFO - Filling up the DagBag from /opt/airflow/dags/5.1-orchestration.py
[2024-06-05 17:29:43,836] {processor.py:651} INFO - DAG(s) dict_keys(['5.1-orchestration']) retrieved from /opt/airflow/dags/5.1-orchestration.py
[2024-06-05 17:29:43,859] {logging_mixin.py:115} INFO - [2024-06-05 17:29:43,858] {dag.py:2420} INFO - Sync 1 DAGs
[2024-06-05 17:29:43,877] {logging_mixin.py:115} INFO - [2024-06-05 17:29:43,877] {dag.py:2972} INFO - Setting next_dagrun for 5.1-orchestration to 2024-05-20T00:00:00+00:00, run_after=2024-05-21T00:00:00+00:00
[2024-06-05 17:29:43,889] {processor.py:161} INFO - Processing /opt/airflow/dags/5.1-orchestration.py took 0.063 seconds
[2024-06-05 17:30:14,344] {processor.py:153} INFO - Started process (PID=1938) to work on /opt/airflow/dags/5.1-orchestration.py
[2024-06-05 17:30:14,345] {processor.py:641} INFO - Processing file /opt/airflow/dags/5.1-orchestration.py for tasks to queue
[2024-06-05 17:30:14,345] {logging_mixin.py:115} INFO - [2024-06-05 17:30:14,345] {dagbag.py:508} INFO - Filling up the DagBag from /opt/airflow/dags/5.1-orchestration.py
[2024-06-05 17:30:14,356] {processor.py:651} INFO - DAG(s) dict_keys(['5.1-orchestration']) retrieved from /opt/airflow/dags/5.1-orchestration.py
[2024-06-05 17:30:14,379] {logging_mixin.py:115} INFO - [2024-06-05 17:30:14,379] {dag.py:2420} INFO - Sync 1 DAGs
[2024-06-05 17:30:14,400] {logging_mixin.py:115} INFO - [2024-06-05 17:30:14,400] {dag.py:2972} INFO - Setting next_dagrun for 5.1-orchestration to 2024-05-20T00:00:00+00:00, run_after=2024-05-21T00:00:00+00:00
[2024-06-05 17:30:14,413] {processor.py:161} INFO - Processing /opt/airflow/dags/5.1-orchestration.py took 0.071 seconds
[2024-06-05 17:30:44,808] {processor.py:153} INFO - Started process (PID=1973) to work on /opt/airflow/dags/5.1-orchestration.py
[2024-06-05 17:30:44,809] {processor.py:641} INFO - Processing file /opt/airflow/dags/5.1-orchestration.py for tasks to queue
[2024-06-05 17:30:44,810] {logging_mixin.py:115} INFO - [2024-06-05 17:30:44,810] {dagbag.py:508} INFO - Filling up the DagBag from /opt/airflow/dags/5.1-orchestration.py
[2024-06-05 17:30:44,818] {processor.py:651} INFO - DAG(s) dict_keys(['5.1-orchestration']) retrieved from /opt/airflow/dags/5.1-orchestration.py
[2024-06-05 17:30:44,840] {logging_mixin.py:115} INFO - [2024-06-05 17:30:44,840] {dag.py:2420} INFO - Sync 1 DAGs
[2024-06-05 17:30:44,858] {logging_mixin.py:115} INFO - [2024-06-05 17:30:44,858] {dag.py:2972} INFO - Setting next_dagrun for 5.1-orchestration to 2024-05-20T00:00:00+00:00, run_after=2024-05-21T00:00:00+00:00
[2024-06-05 17:30:44,870] {processor.py:161} INFO - Processing /opt/airflow/dags/5.1-orchestration.py took 0.065 seconds
[2024-06-05 17:31:15,260] {processor.py:153} INFO - Started process (PID=1999) to work on /opt/airflow/dags/5.1-orchestration.py
[2024-06-05 17:31:15,261] {processor.py:641} INFO - Processing file /opt/airflow/dags/5.1-orchestration.py for tasks to queue
[2024-06-05 17:31:15,261] {logging_mixin.py:115} INFO - [2024-06-05 17:31:15,261] {dagbag.py:508} INFO - Filling up the DagBag from /opt/airflow/dags/5.1-orchestration.py
[2024-06-05 17:31:15,269] {processor.py:651} INFO - DAG(s) dict_keys(['5.1-orchestration']) retrieved from /opt/airflow/dags/5.1-orchestration.py
[2024-06-05 17:31:15,287] {logging_mixin.py:115} INFO - [2024-06-05 17:31:15,287] {dag.py:2420} INFO - Sync 1 DAGs
[2024-06-05 17:31:15,305] {logging_mixin.py:115} INFO - [2024-06-05 17:31:15,305] {dag.py:2972} INFO - Setting next_dagrun for 5.1-orchestration to 2024-05-20T00:00:00+00:00, run_after=2024-05-21T00:00:00+00:00
[2024-06-05 17:31:15,314] {processor.py:161} INFO - Processing /opt/airflow/dags/5.1-orchestration.py took 0.056 seconds
[2024-06-05 17:31:45,671] {processor.py:153} INFO - Started process (PID=2034) to work on /opt/airflow/dags/5.1-orchestration.py
[2024-06-05 17:31:45,672] {processor.py:641} INFO - Processing file /opt/airflow/dags/5.1-orchestration.py for tasks to queue
[2024-06-05 17:31:45,672] {logging_mixin.py:115} INFO - [2024-06-05 17:31:45,672] {dagbag.py:508} INFO - Filling up the DagBag from /opt/airflow/dags/5.1-orchestration.py
[2024-06-05 17:31:45,678] {processor.py:651} INFO - DAG(s) dict_keys(['5.1-orchestration']) retrieved from /opt/airflow/dags/5.1-orchestration.py
[2024-06-05 17:31:45,698] {logging_mixin.py:115} INFO - [2024-06-05 17:31:45,698] {dag.py:2420} INFO - Sync 1 DAGs
[2024-06-05 17:31:45,715] {logging_mixin.py:115} INFO - [2024-06-05 17:31:45,715] {dag.py:2972} INFO - Setting next_dagrun for 5.1-orchestration to 2024-05-20T00:00:00+00:00, run_after=2024-05-21T00:00:00+00:00
[2024-06-05 17:31:45,725] {processor.py:161} INFO - Processing /opt/airflow/dags/5.1-orchestration.py took 0.056 seconds
[2024-06-05 17:32:16,056] {processor.py:153} INFO - Started process (PID=2069) to work on /opt/airflow/dags/5.1-orchestration.py
[2024-06-05 17:32:16,057] {processor.py:641} INFO - Processing file /opt/airflow/dags/5.1-orchestration.py for tasks to queue
[2024-06-05 17:32:16,057] {logging_mixin.py:115} INFO - [2024-06-05 17:32:16,057] {dagbag.py:508} INFO - Filling up the DagBag from /opt/airflow/dags/5.1-orchestration.py
[2024-06-05 17:32:16,068] {processor.py:651} INFO - DAG(s) dict_keys(['5.1-orchestration']) retrieved from /opt/airflow/dags/5.1-orchestration.py
[2024-06-05 17:32:16,088] {logging_mixin.py:115} INFO - [2024-06-05 17:32:16,088] {dag.py:2420} INFO - Sync 1 DAGs
[2024-06-05 17:32:16,104] {logging_mixin.py:115} INFO - [2024-06-05 17:32:16,104] {dag.py:2972} INFO - Setting next_dagrun for 5.1-orchestration to 2024-05-20T00:00:00+00:00, run_after=2024-05-21T00:00:00+00:00
[2024-06-05 17:32:16,115] {processor.py:161} INFO - Processing /opt/airflow/dags/5.1-orchestration.py took 0.061 seconds
