[2024-06-05 17:00:18,487] {processor.py:153} INFO - Started process (PID=38) to work on /opt/airflow/dags/5.2.orchestration.py
[2024-06-05 17:00:18,488] {processor.py:641} INFO - Processing file /opt/airflow/dags/5.2.orchestration.py for tasks to queue
[2024-06-05 17:00:18,488] {logging_mixin.py:115} INFO - [2024-06-05 17:00:18,488] {dagbag.py:508} INFO - Filling up the DagBag from /opt/airflow/dags/5.2.orchestration.py
[2024-06-05 17:00:18,502] {processor.py:651} INFO - DAG(s) dict_keys(['5.2-orchestration']) retrieved from /opt/airflow/dags/5.2.orchestration.py
[2024-06-05 17:00:18,539] {logging_mixin.py:115} INFO - [2024-06-05 17:00:18,539] {dag.py:2420} INFO - Sync 1 DAGs
[2024-06-05 17:00:18,753] {logging_mixin.py:115} INFO - [2024-06-05 17:00:18,753] {dag.py:2972} INFO - Setting next_dagrun for 5.2-orchestration to None, run_after=None
[2024-06-05 17:00:18,775] {processor.py:161} INFO - Processing /opt/airflow/dags/5.2.orchestration.py took 0.294 seconds
[2024-06-05 17:00:49,682] {processor.py:153} INFO - Started process (PID=73) to work on /opt/airflow/dags/5.2.orchestration.py
[2024-06-05 17:00:49,683] {processor.py:641} INFO - Processing file /opt/airflow/dags/5.2.orchestration.py for tasks to queue
[2024-06-05 17:00:49,683] {logging_mixin.py:115} INFO - [2024-06-05 17:00:49,683] {dagbag.py:508} INFO - Filling up the DagBag from /opt/airflow/dags/5.2.orchestration.py
[2024-06-05 17:00:49,689] {processor.py:651} INFO - DAG(s) dict_keys(['5.2-orchestration']) retrieved from /opt/airflow/dags/5.2.orchestration.py
[2024-06-05 17:00:49,712] {logging_mixin.py:115} INFO - [2024-06-05 17:00:49,712] {dag.py:2420} INFO - Sync 1 DAGs
[2024-06-05 17:00:49,839] {logging_mixin.py:115} INFO - [2024-06-05 17:00:49,839] {dag.py:2972} INFO - Setting next_dagrun for 5.2-orchestration to None, run_after=None
[2024-06-05 17:00:49,852] {processor.py:161} INFO - Processing /opt/airflow/dags/5.2.orchestration.py took 0.172 seconds
[2024-06-05 17:01:16,051] {processor.py:153} INFO - Started process (PID=38) to work on /opt/airflow/dags/5.2.orchestration.py
[2024-06-05 17:01:16,052] {processor.py:641} INFO - Processing file /opt/airflow/dags/5.2.orchestration.py for tasks to queue
[2024-06-05 17:01:16,052] {logging_mixin.py:115} INFO - [2024-06-05 17:01:16,052] {dagbag.py:508} INFO - Filling up the DagBag from /opt/airflow/dags/5.2.orchestration.py
[2024-06-05 17:01:16,059] {processor.py:651} INFO - DAG(s) dict_keys(['5.2-orchestration']) retrieved from /opt/airflow/dags/5.2.orchestration.py
[2024-06-05 17:01:16,081] {logging_mixin.py:115} INFO - [2024-06-05 17:01:16,081] {dag.py:2420} INFO - Sync 1 DAGs
[2024-06-05 17:01:16,231] {logging_mixin.py:115} INFO - [2024-06-05 17:01:16,230] {dag.py:2972} INFO - Setting next_dagrun for 5.2-orchestration to None, run_after=None
[2024-06-05 17:01:16,243] {processor.py:161} INFO - Processing /opt/airflow/dags/5.2.orchestration.py took 0.196 seconds
[2024-06-05 17:01:47,084] {processor.py:153} INFO - Started process (PID=102) to work on /opt/airflow/dags/5.2.orchestration.py
[2024-06-05 17:01:47,086] {processor.py:641} INFO - Processing file /opt/airflow/dags/5.2.orchestration.py for tasks to queue
[2024-06-05 17:01:47,087] {logging_mixin.py:115} INFO - [2024-06-05 17:01:47,087] {dagbag.py:508} INFO - Filling up the DagBag from /opt/airflow/dags/5.2.orchestration.py
[2024-06-05 17:01:47,096] {processor.py:651} INFO - DAG(s) dict_keys(['5.2-orchestration']) retrieved from /opt/airflow/dags/5.2.orchestration.py
[2024-06-05 17:01:47,123] {logging_mixin.py:115} INFO - [2024-06-05 17:01:47,123] {dag.py:2420} INFO - Sync 1 DAGs
[2024-06-05 17:01:47,256] {logging_mixin.py:115} INFO - [2024-06-05 17:01:47,256] {dag.py:2972} INFO - Setting next_dagrun for 5.2-orchestration to None, run_after=None
[2024-06-05 17:01:47,265] {processor.py:161} INFO - Processing /opt/airflow/dags/5.2.orchestration.py took 0.184 seconds
[2024-06-05 17:02:17,976] {processor.py:153} INFO - Started process (PID=137) to work on /opt/airflow/dags/5.2.orchestration.py
[2024-06-05 17:02:17,976] {processor.py:641} INFO - Processing file /opt/airflow/dags/5.2.orchestration.py for tasks to queue
[2024-06-05 17:02:17,977] {logging_mixin.py:115} INFO - [2024-06-05 17:02:17,977] {dagbag.py:508} INFO - Filling up the DagBag from /opt/airflow/dags/5.2.orchestration.py
[2024-06-05 17:02:17,984] {processor.py:651} INFO - DAG(s) dict_keys(['5.2-orchestration']) retrieved from /opt/airflow/dags/5.2.orchestration.py
[2024-06-05 17:02:18,107] {logging_mixin.py:115} INFO - [2024-06-05 17:02:18,107] {dag.py:2420} INFO - Sync 1 DAGs
[2024-06-05 17:02:18,126] {logging_mixin.py:115} INFO - [2024-06-05 17:02:18,126] {dag.py:2972} INFO - Setting next_dagrun for 5.2-orchestration to None, run_after=None
[2024-06-05 17:02:18,138] {processor.py:161} INFO - Processing /opt/airflow/dags/5.2.orchestration.py took 0.165 seconds
[2024-06-05 17:02:48,920] {processor.py:153} INFO - Started process (PID=163) to work on /opt/airflow/dags/5.2.orchestration.py
[2024-06-05 17:02:48,920] {processor.py:641} INFO - Processing file /opt/airflow/dags/5.2.orchestration.py for tasks to queue
[2024-06-05 17:02:48,921] {logging_mixin.py:115} INFO - [2024-06-05 17:02:48,921] {dagbag.py:508} INFO - Filling up the DagBag from /opt/airflow/dags/5.2.orchestration.py
[2024-06-05 17:02:48,926] {processor.py:651} INFO - DAG(s) dict_keys(['5.2-orchestration']) retrieved from /opt/airflow/dags/5.2.orchestration.py
[2024-06-05 17:02:48,946] {logging_mixin.py:115} INFO - [2024-06-05 17:02:48,945] {dag.py:2420} INFO - Sync 1 DAGs
[2024-06-05 17:02:48,962] {logging_mixin.py:115} INFO - [2024-06-05 17:02:48,962] {dag.py:2972} INFO - Setting next_dagrun for 5.2-orchestration to None, run_after=None
[2024-06-05 17:02:48,972] {processor.py:161} INFO - Processing /opt/airflow/dags/5.2.orchestration.py took 0.056 seconds
[2024-06-05 17:03:19,366] {processor.py:153} INFO - Started process (PID=198) to work on /opt/airflow/dags/5.2.orchestration.py
[2024-06-05 17:03:19,367] {processor.py:641} INFO - Processing file /opt/airflow/dags/5.2.orchestration.py for tasks to queue
[2024-06-05 17:03:19,367] {logging_mixin.py:115} INFO - [2024-06-05 17:03:19,367] {dagbag.py:508} INFO - Filling up the DagBag from /opt/airflow/dags/5.2.orchestration.py
[2024-06-05 17:03:19,372] {processor.py:651} INFO - DAG(s) dict_keys(['5.2-orchestration']) retrieved from /opt/airflow/dags/5.2.orchestration.py
[2024-06-05 17:03:19,396] {logging_mixin.py:115} INFO - [2024-06-05 17:03:19,396] {dag.py:2420} INFO - Sync 1 DAGs
[2024-06-05 17:03:19,416] {logging_mixin.py:115} INFO - [2024-06-05 17:03:19,416] {dag.py:2972} INFO - Setting next_dagrun for 5.2-orchestration to None, run_after=None
[2024-06-05 17:03:19,427] {processor.py:161} INFO - Processing /opt/airflow/dags/5.2.orchestration.py took 0.063 seconds
[2024-06-05 17:03:49,796] {processor.py:153} INFO - Started process (PID=233) to work on /opt/airflow/dags/5.2.orchestration.py
[2024-06-05 17:03:49,797] {processor.py:641} INFO - Processing file /opt/airflow/dags/5.2.orchestration.py for tasks to queue
[2024-06-05 17:03:49,797] {logging_mixin.py:115} INFO - [2024-06-05 17:03:49,797] {dagbag.py:508} INFO - Filling up the DagBag from /opt/airflow/dags/5.2.orchestration.py
[2024-06-05 17:03:49,803] {processor.py:651} INFO - DAG(s) dict_keys(['5.2-orchestration']) retrieved from /opt/airflow/dags/5.2.orchestration.py
[2024-06-05 17:03:49,821] {logging_mixin.py:115} INFO - [2024-06-05 17:03:49,821] {dag.py:2420} INFO - Sync 1 DAGs
[2024-06-05 17:03:49,840] {logging_mixin.py:115} INFO - [2024-06-05 17:03:49,840] {dag.py:2972} INFO - Setting next_dagrun for 5.2-orchestration to None, run_after=None
[2024-06-05 17:03:49,850] {processor.py:161} INFO - Processing /opt/airflow/dags/5.2.orchestration.py took 0.057 seconds
[2024-06-05 17:04:20,240] {processor.py:153} INFO - Started process (PID=268) to work on /opt/airflow/dags/5.2.orchestration.py
[2024-06-05 17:04:20,241] {processor.py:641} INFO - Processing file /opt/airflow/dags/5.2.orchestration.py for tasks to queue
[2024-06-05 17:04:20,241] {logging_mixin.py:115} INFO - [2024-06-05 17:04:20,241] {dagbag.py:508} INFO - Filling up the DagBag from /opt/airflow/dags/5.2.orchestration.py
[2024-06-05 17:04:20,246] {processor.py:651} INFO - DAG(s) dict_keys(['5.2-orchestration']) retrieved from /opt/airflow/dags/5.2.orchestration.py
[2024-06-05 17:04:20,264] {logging_mixin.py:115} INFO - [2024-06-05 17:04:20,264] {dag.py:2420} INFO - Sync 1 DAGs
[2024-06-05 17:04:20,282] {logging_mixin.py:115} INFO - [2024-06-05 17:04:20,282] {dag.py:2972} INFO - Setting next_dagrun for 5.2-orchestration to None, run_after=None
[2024-06-05 17:04:20,292] {processor.py:161} INFO - Processing /opt/airflow/dags/5.2.orchestration.py took 0.055 seconds
[2024-06-05 17:04:50,755] {processor.py:153} INFO - Started process (PID=303) to work on /opt/airflow/dags/5.2.orchestration.py
[2024-06-05 17:04:50,756] {processor.py:641} INFO - Processing file /opt/airflow/dags/5.2.orchestration.py for tasks to queue
[2024-06-05 17:04:50,756] {logging_mixin.py:115} INFO - [2024-06-05 17:04:50,756] {dagbag.py:508} INFO - Filling up the DagBag from /opt/airflow/dags/5.2.orchestration.py
[2024-06-05 17:04:50,761] {processor.py:651} INFO - DAG(s) dict_keys(['5.2-orchestration']) retrieved from /opt/airflow/dags/5.2.orchestration.py
[2024-06-05 17:04:50,785] {logging_mixin.py:115} INFO - [2024-06-05 17:04:50,785] {dag.py:2420} INFO - Sync 1 DAGs
[2024-06-05 17:04:50,809] {logging_mixin.py:115} INFO - [2024-06-05 17:04:50,809] {dag.py:2972} INFO - Setting next_dagrun for 5.2-orchestration to None, run_after=None
[2024-06-05 17:04:50,821] {processor.py:161} INFO - Processing /opt/airflow/dags/5.2.orchestration.py took 0.069 seconds
[2024-06-05 17:05:21,236] {processor.py:153} INFO - Started process (PID=329) to work on /opt/airflow/dags/5.2.orchestration.py
[2024-06-05 17:05:21,236] {processor.py:641} INFO - Processing file /opt/airflow/dags/5.2.orchestration.py for tasks to queue
[2024-06-05 17:05:21,237] {logging_mixin.py:115} INFO - [2024-06-05 17:05:21,237] {dagbag.py:508} INFO - Filling up the DagBag from /opt/airflow/dags/5.2.orchestration.py
[2024-06-05 17:05:21,241] {processor.py:651} INFO - DAG(s) dict_keys(['5.2-orchestration']) retrieved from /opt/airflow/dags/5.2.orchestration.py
[2024-06-05 17:05:21,269] {logging_mixin.py:115} INFO - [2024-06-05 17:05:21,268] {dag.py:2420} INFO - Sync 1 DAGs
[2024-06-05 17:05:21,286] {logging_mixin.py:115} INFO - [2024-06-05 17:05:21,286] {dag.py:2972} INFO - Setting next_dagrun for 5.2-orchestration to None, run_after=None
[2024-06-05 17:05:21,309] {processor.py:161} INFO - Processing /opt/airflow/dags/5.2.orchestration.py took 0.076 seconds
[2024-06-05 17:05:51,779] {processor.py:153} INFO - Started process (PID=364) to work on /opt/airflow/dags/5.2.orchestration.py
[2024-06-05 17:05:51,779] {processor.py:641} INFO - Processing file /opt/airflow/dags/5.2.orchestration.py for tasks to queue
[2024-06-05 17:05:51,780] {logging_mixin.py:115} INFO - [2024-06-05 17:05:51,780] {dagbag.py:508} INFO - Filling up the DagBag from /opt/airflow/dags/5.2.orchestration.py
[2024-06-05 17:05:51,785] {processor.py:651} INFO - DAG(s) dict_keys(['5.2-orchestration']) retrieved from /opt/airflow/dags/5.2.orchestration.py
[2024-06-05 17:05:51,804] {logging_mixin.py:115} INFO - [2024-06-05 17:05:51,804] {dag.py:2420} INFO - Sync 1 DAGs
[2024-06-05 17:05:51,829] {logging_mixin.py:115} INFO - [2024-06-05 17:05:51,829] {dag.py:2972} INFO - Setting next_dagrun for 5.2-orchestration to None, run_after=None
[2024-06-05 17:05:51,842] {processor.py:161} INFO - Processing /opt/airflow/dags/5.2.orchestration.py took 0.066 seconds
[2024-06-05 17:06:22,230] {processor.py:153} INFO - Started process (PID=399) to work on /opt/airflow/dags/5.2.orchestration.py
[2024-06-05 17:06:22,233] {processor.py:641} INFO - Processing file /opt/airflow/dags/5.2.orchestration.py for tasks to queue
[2024-06-05 17:06:22,234] {logging_mixin.py:115} INFO - [2024-06-05 17:06:22,233] {dagbag.py:508} INFO - Filling up the DagBag from /opt/airflow/dags/5.2.orchestration.py
[2024-06-05 17:06:22,241] {processor.py:651} INFO - DAG(s) dict_keys(['5.2-orchestration']) retrieved from /opt/airflow/dags/5.2.orchestration.py
[2024-06-05 17:06:22,263] {logging_mixin.py:115} INFO - [2024-06-05 17:06:22,263] {dag.py:2420} INFO - Sync 1 DAGs
[2024-06-05 17:06:22,284] {logging_mixin.py:115} INFO - [2024-06-05 17:06:22,283] {dag.py:2972} INFO - Setting next_dagrun for 5.2-orchestration to None, run_after=None
[2024-06-05 17:06:22,295] {processor.py:161} INFO - Processing /opt/airflow/dags/5.2.orchestration.py took 0.069 seconds
[2024-06-05 17:06:52,708] {processor.py:153} INFO - Started process (PID=434) to work on /opt/airflow/dags/5.2.orchestration.py
[2024-06-05 17:06:52,708] {processor.py:641} INFO - Processing file /opt/airflow/dags/5.2.orchestration.py for tasks to queue
[2024-06-05 17:06:52,708] {logging_mixin.py:115} INFO - [2024-06-05 17:06:52,708] {dagbag.py:508} INFO - Filling up the DagBag from /opt/airflow/dags/5.2.orchestration.py
[2024-06-05 17:06:52,714] {processor.py:651} INFO - DAG(s) dict_keys(['5.2-orchestration']) retrieved from /opt/airflow/dags/5.2.orchestration.py
[2024-06-05 17:06:52,740] {logging_mixin.py:115} INFO - [2024-06-05 17:06:52,740] {dag.py:2420} INFO - Sync 1 DAGs
[2024-06-05 17:06:52,756] {logging_mixin.py:115} INFO - [2024-06-05 17:06:52,756] {dag.py:2972} INFO - Setting next_dagrun for 5.2-orchestration to None, run_after=None
[2024-06-05 17:06:52,766] {processor.py:161} INFO - Processing /opt/airflow/dags/5.2.orchestration.py took 0.062 seconds
[2024-06-05 17:07:23,203] {processor.py:153} INFO - Started process (PID=460) to work on /opt/airflow/dags/5.2.orchestration.py
[2024-06-05 17:07:23,203] {processor.py:641} INFO - Processing file /opt/airflow/dags/5.2.orchestration.py for tasks to queue
[2024-06-05 17:07:23,204] {logging_mixin.py:115} INFO - [2024-06-05 17:07:23,204] {dagbag.py:508} INFO - Filling up the DagBag from /opt/airflow/dags/5.2.orchestration.py
[2024-06-05 17:07:23,209] {processor.py:651} INFO - DAG(s) dict_keys(['5.2-orchestration']) retrieved from /opt/airflow/dags/5.2.orchestration.py
[2024-06-05 17:07:23,227] {logging_mixin.py:115} INFO - [2024-06-05 17:07:23,227] {dag.py:2420} INFO - Sync 1 DAGs
[2024-06-05 17:07:23,242] {logging_mixin.py:115} INFO - [2024-06-05 17:07:23,242] {dag.py:2972} INFO - Setting next_dagrun for 5.2-orchestration to None, run_after=None
[2024-06-05 17:07:23,253] {processor.py:161} INFO - Processing /opt/airflow/dags/5.2.orchestration.py took 0.052 seconds
[2024-06-05 17:07:53,610] {processor.py:153} INFO - Started process (PID=495) to work on /opt/airflow/dags/5.2.orchestration.py
[2024-06-05 17:07:53,611] {processor.py:641} INFO - Processing file /opt/airflow/dags/5.2.orchestration.py for tasks to queue
[2024-06-05 17:07:53,612] {logging_mixin.py:115} INFO - [2024-06-05 17:07:53,611] {dagbag.py:508} INFO - Filling up the DagBag from /opt/airflow/dags/5.2.orchestration.py
[2024-06-05 17:07:53,619] {processor.py:651} INFO - DAG(s) dict_keys(['5.2-orchestration']) retrieved from /opt/airflow/dags/5.2.orchestration.py
[2024-06-05 17:07:53,648] {logging_mixin.py:115} INFO - [2024-06-05 17:07:53,648] {dag.py:2420} INFO - Sync 1 DAGs
[2024-06-05 17:07:53,666] {logging_mixin.py:115} INFO - [2024-06-05 17:07:53,666] {dag.py:2972} INFO - Setting next_dagrun for 5.2-orchestration to None, run_after=None
[2024-06-05 17:07:53,677] {processor.py:161} INFO - Processing /opt/airflow/dags/5.2.orchestration.py took 0.069 seconds
[2024-06-05 17:08:24,056] {processor.py:153} INFO - Started process (PID=530) to work on /opt/airflow/dags/5.2.orchestration.py
[2024-06-05 17:08:24,056] {processor.py:641} INFO - Processing file /opt/airflow/dags/5.2.orchestration.py for tasks to queue
[2024-06-05 17:08:24,057] {logging_mixin.py:115} INFO - [2024-06-05 17:08:24,057] {dagbag.py:508} INFO - Filling up the DagBag from /opt/airflow/dags/5.2.orchestration.py
[2024-06-05 17:08:24,066] {processor.py:651} INFO - DAG(s) dict_keys(['5.2-orchestration']) retrieved from /opt/airflow/dags/5.2.orchestration.py
[2024-06-05 17:08:24,087] {logging_mixin.py:115} INFO - [2024-06-05 17:08:24,087] {dag.py:2420} INFO - Sync 1 DAGs
[2024-06-05 17:08:24,106] {logging_mixin.py:115} INFO - [2024-06-05 17:08:24,106] {dag.py:2972} INFO - Setting next_dagrun for 5.2-orchestration to None, run_after=None
[2024-06-05 17:08:24,120] {processor.py:161} INFO - Processing /opt/airflow/dags/5.2.orchestration.py took 0.068 seconds
[2024-06-05 17:08:54,512] {processor.py:153} INFO - Started process (PID=565) to work on /opt/airflow/dags/5.2.orchestration.py
[2024-06-05 17:08:54,513] {processor.py:641} INFO - Processing file /opt/airflow/dags/5.2.orchestration.py for tasks to queue
[2024-06-05 17:08:54,513] {logging_mixin.py:115} INFO - [2024-06-05 17:08:54,513] {dagbag.py:508} INFO - Filling up the DagBag from /opt/airflow/dags/5.2.orchestration.py
[2024-06-05 17:08:54,519] {processor.py:651} INFO - DAG(s) dict_keys(['5.2-orchestration']) retrieved from /opt/airflow/dags/5.2.orchestration.py
[2024-06-05 17:08:54,541] {logging_mixin.py:115} INFO - [2024-06-05 17:08:54,541] {dag.py:2420} INFO - Sync 1 DAGs
[2024-06-05 17:08:54,562] {logging_mixin.py:115} INFO - [2024-06-05 17:08:54,562] {dag.py:2972} INFO - Setting next_dagrun for 5.2-orchestration to None, run_after=None
[2024-06-05 17:08:54,573] {processor.py:161} INFO - Processing /opt/airflow/dags/5.2.orchestration.py took 0.063 seconds
[2024-06-05 17:09:24,943] {processor.py:153} INFO - Started process (PID=591) to work on /opt/airflow/dags/5.2.orchestration.py
[2024-06-05 17:09:24,944] {processor.py:641} INFO - Processing file /opt/airflow/dags/5.2.orchestration.py for tasks to queue
[2024-06-05 17:09:24,944] {logging_mixin.py:115} INFO - [2024-06-05 17:09:24,944] {dagbag.py:508} INFO - Filling up the DagBag from /opt/airflow/dags/5.2.orchestration.py
[2024-06-05 17:09:24,949] {processor.py:651} INFO - DAG(s) dict_keys(['5.2-orchestration']) retrieved from /opt/airflow/dags/5.2.orchestration.py
[2024-06-05 17:09:24,972] {logging_mixin.py:115} INFO - [2024-06-05 17:09:24,972] {dag.py:2420} INFO - Sync 1 DAGs
[2024-06-05 17:09:24,990] {logging_mixin.py:115} INFO - [2024-06-05 17:09:24,990] {dag.py:2972} INFO - Setting next_dagrun for 5.2-orchestration to None, run_after=None
[2024-06-05 17:09:25,006] {processor.py:161} INFO - Processing /opt/airflow/dags/5.2.orchestration.py took 0.066 seconds
[2024-06-05 17:09:55,418] {processor.py:153} INFO - Started process (PID=626) to work on /opt/airflow/dags/5.2.orchestration.py
[2024-06-05 17:09:55,419] {processor.py:641} INFO - Processing file /opt/airflow/dags/5.2.orchestration.py for tasks to queue
[2024-06-05 17:09:55,419] {logging_mixin.py:115} INFO - [2024-06-05 17:09:55,419] {dagbag.py:508} INFO - Filling up the DagBag from /opt/airflow/dags/5.2.orchestration.py
[2024-06-05 17:09:55,425] {processor.py:651} INFO - DAG(s) dict_keys(['5.2-orchestration']) retrieved from /opt/airflow/dags/5.2.orchestration.py
[2024-06-05 17:09:55,447] {logging_mixin.py:115} INFO - [2024-06-05 17:09:55,447] {dag.py:2420} INFO - Sync 1 DAGs
[2024-06-05 17:09:55,464] {logging_mixin.py:115} INFO - [2024-06-05 17:09:55,464] {dag.py:2972} INFO - Setting next_dagrun for 5.2-orchestration to None, run_after=None
[2024-06-05 17:09:55,475] {processor.py:161} INFO - Processing /opt/airflow/dags/5.2.orchestration.py took 0.059 seconds
[2024-06-05 17:10:25,922] {processor.py:153} INFO - Started process (PID=660) to work on /opt/airflow/dags/5.2.orchestration.py
[2024-06-05 17:10:25,922] {processor.py:641} INFO - Processing file /opt/airflow/dags/5.2.orchestration.py for tasks to queue
[2024-06-05 17:10:25,922] {logging_mixin.py:115} INFO - [2024-06-05 17:10:25,922] {dagbag.py:508} INFO - Filling up the DagBag from /opt/airflow/dags/5.2.orchestration.py
[2024-06-05 17:10:25,926] {processor.py:651} INFO - DAG(s) dict_keys(['5.2-orchestration']) retrieved from /opt/airflow/dags/5.2.orchestration.py
[2024-06-05 17:10:25,946] {logging_mixin.py:115} INFO - [2024-06-05 17:10:25,945] {dag.py:2420} INFO - Sync 1 DAGs
[2024-06-05 17:10:25,963] {logging_mixin.py:115} INFO - [2024-06-05 17:10:25,963] {dag.py:2972} INFO - Setting next_dagrun for 5.2-orchestration to None, run_after=None
[2024-06-05 17:10:25,975] {processor.py:161} INFO - Processing /opt/airflow/dags/5.2.orchestration.py took 0.056 seconds
[2024-06-05 17:10:56,408] {processor.py:153} INFO - Started process (PID=695) to work on /opt/airflow/dags/5.2.orchestration.py
[2024-06-05 17:10:56,410] {processor.py:641} INFO - Processing file /opt/airflow/dags/5.2.orchestration.py for tasks to queue
[2024-06-05 17:10:56,411] {logging_mixin.py:115} INFO - [2024-06-05 17:10:56,411] {dagbag.py:508} INFO - Filling up the DagBag from /opt/airflow/dags/5.2.orchestration.py
[2024-06-05 17:10:56,418] {processor.py:651} INFO - DAG(s) dict_keys(['5.2-orchestration']) retrieved from /opt/airflow/dags/5.2.orchestration.py
[2024-06-05 17:10:56,439] {logging_mixin.py:115} INFO - [2024-06-05 17:10:56,439] {dag.py:2420} INFO - Sync 1 DAGs
[2024-06-05 17:10:56,464] {logging_mixin.py:115} INFO - [2024-06-05 17:10:56,464] {dag.py:2972} INFO - Setting next_dagrun for 5.2-orchestration to None, run_after=None
[2024-06-05 17:10:56,479] {processor.py:161} INFO - Processing /opt/airflow/dags/5.2.orchestration.py took 0.073 seconds
[2024-06-05 17:11:26,861] {processor.py:153} INFO - Started process (PID=729) to work on /opt/airflow/dags/5.2.orchestration.py
[2024-06-05 17:11:26,861] {processor.py:641} INFO - Processing file /opt/airflow/dags/5.2.orchestration.py for tasks to queue
[2024-06-05 17:11:26,862] {logging_mixin.py:115} INFO - [2024-06-05 17:11:26,862] {dagbag.py:508} INFO - Filling up the DagBag from /opt/airflow/dags/5.2.orchestration.py
[2024-06-05 17:11:26,870] {processor.py:651} INFO - DAG(s) dict_keys(['5.2-orchestration']) retrieved from /opt/airflow/dags/5.2.orchestration.py
[2024-06-05 17:11:26,895] {logging_mixin.py:115} INFO - [2024-06-05 17:11:26,895] {dag.py:2420} INFO - Sync 1 DAGs
[2024-06-05 17:11:26,921] {logging_mixin.py:115} INFO - [2024-06-05 17:11:26,921] {dag.py:2972} INFO - Setting next_dagrun for 5.2-orchestration to None, run_after=None
[2024-06-05 17:11:26,938] {processor.py:161} INFO - Processing /opt/airflow/dags/5.2.orchestration.py took 0.080 seconds
[2024-06-05 17:11:57,251] {processor.py:153} INFO - Started process (PID=754) to work on /opt/airflow/dags/5.2.orchestration.py
[2024-06-05 17:11:57,252] {processor.py:641} INFO - Processing file /opt/airflow/dags/5.2.orchestration.py for tasks to queue
[2024-06-05 17:11:57,252] {logging_mixin.py:115} INFO - [2024-06-05 17:11:57,252] {dagbag.py:508} INFO - Filling up the DagBag from /opt/airflow/dags/5.2.orchestration.py
[2024-06-05 17:11:57,258] {processor.py:651} INFO - DAG(s) dict_keys(['5.2-orchestration']) retrieved from /opt/airflow/dags/5.2.orchestration.py
[2024-06-05 17:11:57,281] {logging_mixin.py:115} INFO - [2024-06-05 17:11:57,281] {dag.py:2420} INFO - Sync 1 DAGs
[2024-06-05 17:11:57,300] {logging_mixin.py:115} INFO - [2024-06-05 17:11:57,300] {dag.py:2972} INFO - Setting next_dagrun for 5.2-orchestration to None, run_after=None
[2024-06-05 17:11:57,310] {processor.py:161} INFO - Processing /opt/airflow/dags/5.2.orchestration.py took 0.063 seconds
[2024-06-05 17:12:27,705] {processor.py:153} INFO - Started process (PID=789) to work on /opt/airflow/dags/5.2.orchestration.py
[2024-06-05 17:12:27,706] {processor.py:641} INFO - Processing file /opt/airflow/dags/5.2.orchestration.py for tasks to queue
[2024-06-05 17:12:27,706] {logging_mixin.py:115} INFO - [2024-06-05 17:12:27,706] {dagbag.py:508} INFO - Filling up the DagBag from /opt/airflow/dags/5.2.orchestration.py
[2024-06-05 17:12:27,712] {processor.py:651} INFO - DAG(s) dict_keys(['5.2-orchestration']) retrieved from /opt/airflow/dags/5.2.orchestration.py
[2024-06-05 17:12:27,734] {logging_mixin.py:115} INFO - [2024-06-05 17:12:27,734] {dag.py:2420} INFO - Sync 1 DAGs
[2024-06-05 17:12:27,753] {logging_mixin.py:115} INFO - [2024-06-05 17:12:27,753] {dag.py:2972} INFO - Setting next_dagrun for 5.2-orchestration to None, run_after=None
[2024-06-05 17:12:27,765] {processor.py:161} INFO - Processing /opt/airflow/dags/5.2.orchestration.py took 0.063 seconds
[2024-06-05 17:12:58,175] {processor.py:153} INFO - Started process (PID=824) to work on /opt/airflow/dags/5.2.orchestration.py
[2024-06-05 17:12:58,175] {processor.py:641} INFO - Processing file /opt/airflow/dags/5.2.orchestration.py for tasks to queue
[2024-06-05 17:12:58,176] {logging_mixin.py:115} INFO - [2024-06-05 17:12:58,176] {dagbag.py:508} INFO - Filling up the DagBag from /opt/airflow/dags/5.2.orchestration.py
[2024-06-05 17:12:58,180] {processor.py:651} INFO - DAG(s) dict_keys(['5.2-orchestration']) retrieved from /opt/airflow/dags/5.2.orchestration.py
[2024-06-05 17:12:58,200] {logging_mixin.py:115} INFO - [2024-06-05 17:12:58,200] {dag.py:2420} INFO - Sync 1 DAGs
[2024-06-05 17:12:58,218] {logging_mixin.py:115} INFO - [2024-06-05 17:12:58,217] {dag.py:2972} INFO - Setting next_dagrun for 5.2-orchestration to None, run_after=None
[2024-06-05 17:12:58,228] {processor.py:161} INFO - Processing /opt/airflow/dags/5.2.orchestration.py took 0.056 seconds
[2024-06-05 17:13:28,631] {processor.py:153} INFO - Started process (PID=858) to work on /opt/airflow/dags/5.2.orchestration.py
[2024-06-05 17:13:28,631] {processor.py:641} INFO - Processing file /opt/airflow/dags/5.2.orchestration.py for tasks to queue
[2024-06-05 17:13:28,632] {logging_mixin.py:115} INFO - [2024-06-05 17:13:28,631] {dagbag.py:508} INFO - Filling up the DagBag from /opt/airflow/dags/5.2.orchestration.py
[2024-06-05 17:13:28,638] {processor.py:651} INFO - DAG(s) dict_keys(['5.2-orchestration']) retrieved from /opt/airflow/dags/5.2.orchestration.py
[2024-06-05 17:13:28,656] {logging_mixin.py:115} INFO - [2024-06-05 17:13:28,656] {dag.py:2420} INFO - Sync 1 DAGs
[2024-06-05 17:13:28,680] {logging_mixin.py:115} INFO - [2024-06-05 17:13:28,680] {dag.py:2972} INFO - Setting next_dagrun for 5.2-orchestration to None, run_after=None
[2024-06-05 17:13:28,691] {processor.py:161} INFO - Processing /opt/airflow/dags/5.2.orchestration.py took 0.063 seconds
[2024-06-05 17:13:59,100] {processor.py:153} INFO - Started process (PID=884) to work on /opt/airflow/dags/5.2.orchestration.py
[2024-06-05 17:13:59,100] {processor.py:641} INFO - Processing file /opt/airflow/dags/5.2.orchestration.py for tasks to queue
[2024-06-05 17:13:59,101] {logging_mixin.py:115} INFO - [2024-06-05 17:13:59,101] {dagbag.py:508} INFO - Filling up the DagBag from /opt/airflow/dags/5.2.orchestration.py
[2024-06-05 17:13:59,109] {processor.py:651} INFO - DAG(s) dict_keys(['5.2-orchestration']) retrieved from /opt/airflow/dags/5.2.orchestration.py
[2024-06-05 17:13:59,128] {logging_mixin.py:115} INFO - [2024-06-05 17:13:59,128] {dag.py:2420} INFO - Sync 1 DAGs
[2024-06-05 17:13:59,147] {logging_mixin.py:115} INFO - [2024-06-05 17:13:59,147] {dag.py:2972} INFO - Setting next_dagrun for 5.2-orchestration to None, run_after=None
[2024-06-05 17:13:59,159] {processor.py:161} INFO - Processing /opt/airflow/dags/5.2.orchestration.py took 0.063 seconds
[2024-06-05 17:14:29,591] {processor.py:153} INFO - Started process (PID=919) to work on /opt/airflow/dags/5.2.orchestration.py
[2024-06-05 17:14:29,593] {processor.py:641} INFO - Processing file /opt/airflow/dags/5.2.orchestration.py for tasks to queue
[2024-06-05 17:14:29,594] {logging_mixin.py:115} INFO - [2024-06-05 17:14:29,594] {dagbag.py:508} INFO - Filling up the DagBag from /opt/airflow/dags/5.2.orchestration.py
[2024-06-05 17:14:29,602] {processor.py:651} INFO - DAG(s) dict_keys(['5.2-orchestration']) retrieved from /opt/airflow/dags/5.2.orchestration.py
[2024-06-05 17:14:29,629] {logging_mixin.py:115} INFO - [2024-06-05 17:14:29,628] {dag.py:2420} INFO - Sync 1 DAGs
[2024-06-05 17:14:29,653] {logging_mixin.py:115} INFO - [2024-06-05 17:14:29,653] {dag.py:2972} INFO - Setting next_dagrun for 5.2-orchestration to None, run_after=None
[2024-06-05 17:14:29,667] {processor.py:161} INFO - Processing /opt/airflow/dags/5.2.orchestration.py took 0.080 seconds
[2024-06-05 17:15:00,115] {processor.py:153} INFO - Started process (PID=954) to work on /opt/airflow/dags/5.2.orchestration.py
[2024-06-05 17:15:00,117] {processor.py:641} INFO - Processing file /opt/airflow/dags/5.2.orchestration.py for tasks to queue
[2024-06-05 17:15:00,118] {logging_mixin.py:115} INFO - [2024-06-05 17:15:00,118] {dagbag.py:508} INFO - Filling up the DagBag from /opt/airflow/dags/5.2.orchestration.py
[2024-06-05 17:15:00,122] {processor.py:651} INFO - DAG(s) dict_keys(['5.2-orchestration']) retrieved from /opt/airflow/dags/5.2.orchestration.py
[2024-06-05 17:15:00,144] {logging_mixin.py:115} INFO - [2024-06-05 17:15:00,144] {dag.py:2420} INFO - Sync 1 DAGs
[2024-06-05 17:15:00,159] {logging_mixin.py:115} INFO - [2024-06-05 17:15:00,159] {dag.py:2972} INFO - Setting next_dagrun for 5.2-orchestration to None, run_after=None
[2024-06-05 17:15:00,171] {processor.py:161} INFO - Processing /opt/airflow/dags/5.2.orchestration.py took 0.059 seconds
[2024-06-05 17:15:30,572] {processor.py:153} INFO - Started process (PID=989) to work on /opt/airflow/dags/5.2.orchestration.py
[2024-06-05 17:15:30,573] {processor.py:641} INFO - Processing file /opt/airflow/dags/5.2.orchestration.py for tasks to queue
[2024-06-05 17:15:30,574] {logging_mixin.py:115} INFO - [2024-06-05 17:15:30,574] {dagbag.py:508} INFO - Filling up the DagBag from /opt/airflow/dags/5.2.orchestration.py
[2024-06-05 17:15:30,579] {processor.py:651} INFO - DAG(s) dict_keys(['5.2-orchestration']) retrieved from /opt/airflow/dags/5.2.orchestration.py
[2024-06-05 17:15:30,601] {logging_mixin.py:115} INFO - [2024-06-05 17:15:30,601] {dag.py:2420} INFO - Sync 1 DAGs
[2024-06-05 17:15:30,619] {logging_mixin.py:115} INFO - [2024-06-05 17:15:30,619] {dag.py:2972} INFO - Setting next_dagrun for 5.2-orchestration to None, run_after=None
[2024-06-05 17:15:30,634] {processor.py:161} INFO - Processing /opt/airflow/dags/5.2.orchestration.py took 0.064 seconds
[2024-06-05 17:16:01,045] {processor.py:153} INFO - Started process (PID=1014) to work on /opt/airflow/dags/5.2.orchestration.py
[2024-06-05 17:16:01,046] {processor.py:641} INFO - Processing file /opt/airflow/dags/5.2.orchestration.py for tasks to queue
[2024-06-05 17:16:01,046] {logging_mixin.py:115} INFO - [2024-06-05 17:16:01,046] {dagbag.py:508} INFO - Filling up the DagBag from /opt/airflow/dags/5.2.orchestration.py
[2024-06-05 17:16:01,052] {processor.py:651} INFO - DAG(s) dict_keys(['5.2-orchestration']) retrieved from /opt/airflow/dags/5.2.orchestration.py
[2024-06-05 17:16:01,072] {logging_mixin.py:115} INFO - [2024-06-05 17:16:01,072] {dag.py:2420} INFO - Sync 1 DAGs
[2024-06-05 17:16:01,089] {logging_mixin.py:115} INFO - [2024-06-05 17:16:01,088] {dag.py:2972} INFO - Setting next_dagrun for 5.2-orchestration to None, run_after=None
[2024-06-05 17:16:01,101] {processor.py:161} INFO - Processing /opt/airflow/dags/5.2.orchestration.py took 0.058 seconds
[2024-06-05 17:16:31,476] {processor.py:153} INFO - Started process (PID=1049) to work on /opt/airflow/dags/5.2.orchestration.py
[2024-06-05 17:16:31,476] {processor.py:641} INFO - Processing file /opt/airflow/dags/5.2.orchestration.py for tasks to queue
[2024-06-05 17:16:31,477] {logging_mixin.py:115} INFO - [2024-06-05 17:16:31,477] {dagbag.py:508} INFO - Filling up the DagBag from /opt/airflow/dags/5.2.orchestration.py
[2024-06-05 17:16:31,484] {processor.py:651} INFO - DAG(s) dict_keys(['5.2-orchestration']) retrieved from /opt/airflow/dags/5.2.orchestration.py
[2024-06-05 17:16:31,504] {logging_mixin.py:115} INFO - [2024-06-05 17:16:31,504] {dag.py:2420} INFO - Sync 1 DAGs
[2024-06-05 17:16:31,522] {logging_mixin.py:115} INFO - [2024-06-05 17:16:31,522] {dag.py:2972} INFO - Setting next_dagrun for 5.2-orchestration to None, run_after=None
[2024-06-05 17:16:31,531] {processor.py:161} INFO - Processing /opt/airflow/dags/5.2.orchestration.py took 0.058 seconds
[2024-06-05 17:17:01,937] {processor.py:153} INFO - Started process (PID=1084) to work on /opt/airflow/dags/5.2.orchestration.py
[2024-06-05 17:17:01,938] {processor.py:641} INFO - Processing file /opt/airflow/dags/5.2.orchestration.py for tasks to queue
[2024-06-05 17:17:01,938] {logging_mixin.py:115} INFO - [2024-06-05 17:17:01,938] {dagbag.py:508} INFO - Filling up the DagBag from /opt/airflow/dags/5.2.orchestration.py
[2024-06-05 17:17:01,944] {processor.py:651} INFO - DAG(s) dict_keys(['5.2-orchestration']) retrieved from /opt/airflow/dags/5.2.orchestration.py
[2024-06-05 17:17:01,965] {logging_mixin.py:115} INFO - [2024-06-05 17:17:01,965] {dag.py:2420} INFO - Sync 1 DAGs
[2024-06-05 17:17:01,982] {logging_mixin.py:115} INFO - [2024-06-05 17:17:01,982] {dag.py:2972} INFO - Setting next_dagrun for 5.2-orchestration to None, run_after=None
[2024-06-05 17:17:01,995] {processor.py:161} INFO - Processing /opt/airflow/dags/5.2.orchestration.py took 0.060 seconds
[2024-06-05 17:17:32,405] {processor.py:153} INFO - Started process (PID=1119) to work on /opt/airflow/dags/5.2.orchestration.py
[2024-06-05 17:17:32,405] {processor.py:641} INFO - Processing file /opt/airflow/dags/5.2.orchestration.py for tasks to queue
[2024-06-05 17:17:32,406] {logging_mixin.py:115} INFO - [2024-06-05 17:17:32,406] {dagbag.py:508} INFO - Filling up the DagBag from /opt/airflow/dags/5.2.orchestration.py
[2024-06-05 17:17:32,410] {processor.py:651} INFO - DAG(s) dict_keys(['5.2-orchestration']) retrieved from /opt/airflow/dags/5.2.orchestration.py
[2024-06-05 17:17:32,432] {logging_mixin.py:115} INFO - [2024-06-05 17:17:32,432] {dag.py:2420} INFO - Sync 1 DAGs
[2024-06-05 17:17:32,450] {logging_mixin.py:115} INFO - [2024-06-05 17:17:32,450] {dag.py:2972} INFO - Setting next_dagrun for 5.2-orchestration to None, run_after=None
[2024-06-05 17:17:32,462] {processor.py:161} INFO - Processing /opt/airflow/dags/5.2.orchestration.py took 0.060 seconds
[2024-06-05 17:18:02,939] {processor.py:153} INFO - Started process (PID=1154) to work on /opt/airflow/dags/5.2.orchestration.py
[2024-06-05 17:18:02,940] {processor.py:641} INFO - Processing file /opt/airflow/dags/5.2.orchestration.py for tasks to queue
[2024-06-05 17:18:02,940] {logging_mixin.py:115} INFO - [2024-06-05 17:18:02,940] {dagbag.py:508} INFO - Filling up the DagBag from /opt/airflow/dags/5.2.orchestration.py
[2024-06-05 17:18:02,946] {processor.py:651} INFO - DAG(s) dict_keys(['5.2-orchestration']) retrieved from /opt/airflow/dags/5.2.orchestration.py
[2024-06-05 17:18:02,973] {logging_mixin.py:115} INFO - [2024-06-05 17:18:02,972] {dag.py:2420} INFO - Sync 1 DAGs
[2024-06-05 17:18:02,992] {logging_mixin.py:115} INFO - [2024-06-05 17:18:02,991] {dag.py:2972} INFO - Setting next_dagrun for 5.2-orchestration to None, run_after=None
[2024-06-05 17:18:03,002] {processor.py:161} INFO - Processing /opt/airflow/dags/5.2.orchestration.py took 0.067 seconds
[2024-06-05 17:18:33,426] {processor.py:153} INFO - Started process (PID=1179) to work on /opt/airflow/dags/5.2.orchestration.py
[2024-06-05 17:18:33,426] {processor.py:641} INFO - Processing file /opt/airflow/dags/5.2.orchestration.py for tasks to queue
[2024-06-05 17:18:33,426] {logging_mixin.py:115} INFO - [2024-06-05 17:18:33,426] {dagbag.py:508} INFO - Filling up the DagBag from /opt/airflow/dags/5.2.orchestration.py
[2024-06-05 17:18:33,433] {processor.py:651} INFO - DAG(s) dict_keys(['5.2-orchestration']) retrieved from /opt/airflow/dags/5.2.orchestration.py
[2024-06-05 17:18:33,455] {logging_mixin.py:115} INFO - [2024-06-05 17:18:33,455] {dag.py:2420} INFO - Sync 1 DAGs
[2024-06-05 17:18:33,473] {logging_mixin.py:115} INFO - [2024-06-05 17:18:33,473] {dag.py:2972} INFO - Setting next_dagrun for 5.2-orchestration to None, run_after=None
[2024-06-05 17:18:33,484] {processor.py:161} INFO - Processing /opt/airflow/dags/5.2.orchestration.py took 0.060 seconds
[2024-06-05 17:19:03,863] {processor.py:153} INFO - Started process (PID=1214) to work on /opt/airflow/dags/5.2.orchestration.py
[2024-06-05 17:19:03,863] {processor.py:641} INFO - Processing file /opt/airflow/dags/5.2.orchestration.py for tasks to queue
[2024-06-05 17:19:03,864] {logging_mixin.py:115} INFO - [2024-06-05 17:19:03,864] {dagbag.py:508} INFO - Filling up the DagBag from /opt/airflow/dags/5.2.orchestration.py
[2024-06-05 17:19:03,869] {processor.py:651} INFO - DAG(s) dict_keys(['5.2-orchestration']) retrieved from /opt/airflow/dags/5.2.orchestration.py
[2024-06-05 17:19:03,890] {logging_mixin.py:115} INFO - [2024-06-05 17:19:03,890] {dag.py:2420} INFO - Sync 1 DAGs
[2024-06-05 17:19:03,911] {logging_mixin.py:115} INFO - [2024-06-05 17:19:03,910] {dag.py:2972} INFO - Setting next_dagrun for 5.2-orchestration to None, run_after=None
[2024-06-05 17:19:03,926] {processor.py:161} INFO - Processing /opt/airflow/dags/5.2.orchestration.py took 0.068 seconds
[2024-06-05 17:19:34,314] {processor.py:153} INFO - Started process (PID=1249) to work on /opt/airflow/dags/5.2.orchestration.py
[2024-06-05 17:19:34,316] {processor.py:641} INFO - Processing file /opt/airflow/dags/5.2.orchestration.py for tasks to queue
[2024-06-05 17:19:34,316] {logging_mixin.py:115} INFO - [2024-06-05 17:19:34,316] {dagbag.py:508} INFO - Filling up the DagBag from /opt/airflow/dags/5.2.orchestration.py
[2024-06-05 17:19:34,322] {processor.py:651} INFO - DAG(s) dict_keys(['5.2-orchestration']) retrieved from /opt/airflow/dags/5.2.orchestration.py
[2024-06-05 17:19:34,349] {logging_mixin.py:115} INFO - [2024-06-05 17:19:34,349] {dag.py:2420} INFO - Sync 1 DAGs
[2024-06-05 17:19:34,371] {logging_mixin.py:115} INFO - [2024-06-05 17:19:34,371] {dag.py:2972} INFO - Setting next_dagrun for 5.2-orchestration to None, run_after=None
[2024-06-05 17:19:34,383] {processor.py:161} INFO - Processing /opt/airflow/dags/5.2.orchestration.py took 0.072 seconds
[2024-06-05 17:20:04,754] {processor.py:153} INFO - Started process (PID=1284) to work on /opt/airflow/dags/5.2.orchestration.py
[2024-06-05 17:20:04,754] {processor.py:641} INFO - Processing file /opt/airflow/dags/5.2.orchestration.py for tasks to queue
[2024-06-05 17:20:04,755] {logging_mixin.py:115} INFO - [2024-06-05 17:20:04,755] {dagbag.py:508} INFO - Filling up the DagBag from /opt/airflow/dags/5.2.orchestration.py
[2024-06-05 17:20:04,760] {processor.py:651} INFO - DAG(s) dict_keys(['5.2-orchestration']) retrieved from /opt/airflow/dags/5.2.orchestration.py
[2024-06-05 17:20:04,781] {logging_mixin.py:115} INFO - [2024-06-05 17:20:04,780] {dag.py:2420} INFO - Sync 1 DAGs
[2024-06-05 17:20:04,803] {logging_mixin.py:115} INFO - [2024-06-05 17:20:04,803] {dag.py:2972} INFO - Setting next_dagrun for 5.2-orchestration to None, run_after=None
[2024-06-05 17:20:04,819] {processor.py:161} INFO - Processing /opt/airflow/dags/5.2.orchestration.py took 0.067 seconds
[2024-06-05 17:20:35,240] {processor.py:153} INFO - Started process (PID=1310) to work on /opt/airflow/dags/5.2.orchestration.py
[2024-06-05 17:20:35,242] {processor.py:641} INFO - Processing file /opt/airflow/dags/5.2.orchestration.py for tasks to queue
[2024-06-05 17:20:35,243] {logging_mixin.py:115} INFO - [2024-06-05 17:20:35,243] {dagbag.py:508} INFO - Filling up the DagBag from /opt/airflow/dags/5.2.orchestration.py
[2024-06-05 17:20:35,247] {processor.py:651} INFO - DAG(s) dict_keys(['5.2-orchestration']) retrieved from /opt/airflow/dags/5.2.orchestration.py
[2024-06-05 17:20:35,270] {logging_mixin.py:115} INFO - [2024-06-05 17:20:35,270] {dag.py:2420} INFO - Sync 1 DAGs
[2024-06-05 17:20:35,289] {logging_mixin.py:115} INFO - [2024-06-05 17:20:35,289] {dag.py:2972} INFO - Setting next_dagrun for 5.2-orchestration to None, run_after=None
[2024-06-05 17:20:35,303] {processor.py:161} INFO - Processing /opt/airflow/dags/5.2.orchestration.py took 0.065 seconds
[2024-06-05 17:21:05,648] {processor.py:153} INFO - Started process (PID=1345) to work on /opt/airflow/dags/5.2.orchestration.py
[2024-06-05 17:21:05,649] {processor.py:641} INFO - Processing file /opt/airflow/dags/5.2.orchestration.py for tasks to queue
[2024-06-05 17:21:05,649] {logging_mixin.py:115} INFO - [2024-06-05 17:21:05,649] {dagbag.py:508} INFO - Filling up the DagBag from /opt/airflow/dags/5.2.orchestration.py
[2024-06-05 17:21:05,655] {processor.py:651} INFO - DAG(s) dict_keys(['5.2-orchestration']) retrieved from /opt/airflow/dags/5.2.orchestration.py
[2024-06-05 17:21:05,677] {logging_mixin.py:115} INFO - [2024-06-05 17:21:05,676] {dag.py:2420} INFO - Sync 1 DAGs
[2024-06-05 17:21:05,696] {logging_mixin.py:115} INFO - [2024-06-05 17:21:05,696] {dag.py:2972} INFO - Setting next_dagrun for 5.2-orchestration to None, run_after=None
[2024-06-05 17:21:05,711] {processor.py:161} INFO - Processing /opt/airflow/dags/5.2.orchestration.py took 0.065 seconds
[2024-06-05 17:21:36,048] {processor.py:153} INFO - Started process (PID=1380) to work on /opt/airflow/dags/5.2.orchestration.py
[2024-06-05 17:21:36,049] {processor.py:641} INFO - Processing file /opt/airflow/dags/5.2.orchestration.py for tasks to queue
[2024-06-05 17:21:36,049] {logging_mixin.py:115} INFO - [2024-06-05 17:21:36,049] {dagbag.py:508} INFO - Filling up the DagBag from /opt/airflow/dags/5.2.orchestration.py
[2024-06-05 17:21:36,056] {processor.py:651} INFO - DAG(s) dict_keys(['5.2-orchestration']) retrieved from /opt/airflow/dags/5.2.orchestration.py
[2024-06-05 17:21:36,078] {logging_mixin.py:115} INFO - [2024-06-05 17:21:36,078] {dag.py:2420} INFO - Sync 1 DAGs
[2024-06-05 17:21:36,095] {logging_mixin.py:115} INFO - [2024-06-05 17:21:36,095] {dag.py:2972} INFO - Setting next_dagrun for 5.2-orchestration to None, run_after=None
[2024-06-05 17:21:36,107] {processor.py:161} INFO - Processing /opt/airflow/dags/5.2.orchestration.py took 0.061 seconds
[2024-06-05 17:22:06,509] {processor.py:153} INFO - Started process (PID=1415) to work on /opt/airflow/dags/5.2.orchestration.py
[2024-06-05 17:22:06,510] {processor.py:641} INFO - Processing file /opt/airflow/dags/5.2.orchestration.py for tasks to queue
[2024-06-05 17:22:06,510] {logging_mixin.py:115} INFO - [2024-06-05 17:22:06,510] {dagbag.py:508} INFO - Filling up the DagBag from /opt/airflow/dags/5.2.orchestration.py
[2024-06-05 17:22:06,515] {processor.py:651} INFO - DAG(s) dict_keys(['5.2-orchestration']) retrieved from /opt/airflow/dags/5.2.orchestration.py
[2024-06-05 17:22:06,538] {logging_mixin.py:115} INFO - [2024-06-05 17:22:06,538] {dag.py:2420} INFO - Sync 1 DAGs
[2024-06-05 17:22:06,560] {logging_mixin.py:115} INFO - [2024-06-05 17:22:06,560] {dag.py:2972} INFO - Setting next_dagrun for 5.2-orchestration to None, run_after=None
[2024-06-05 17:22:06,573] {processor.py:161} INFO - Processing /opt/airflow/dags/5.2.orchestration.py took 0.067 seconds
[2024-06-05 17:22:36,981] {processor.py:153} INFO - Started process (PID=1441) to work on /opt/airflow/dags/5.2.orchestration.py
[2024-06-05 17:22:36,982] {processor.py:641} INFO - Processing file /opt/airflow/dags/5.2.orchestration.py for tasks to queue
[2024-06-05 17:22:36,982] {logging_mixin.py:115} INFO - [2024-06-05 17:22:36,982] {dagbag.py:508} INFO - Filling up the DagBag from /opt/airflow/dags/5.2.orchestration.py
[2024-06-05 17:22:36,987] {processor.py:651} INFO - DAG(s) dict_keys(['5.2-orchestration']) retrieved from /opt/airflow/dags/5.2.orchestration.py
[2024-06-05 17:22:37,006] {logging_mixin.py:115} INFO - [2024-06-05 17:22:37,006] {dag.py:2420} INFO - Sync 1 DAGs
[2024-06-05 17:22:37,023] {logging_mixin.py:115} INFO - [2024-06-05 17:22:37,023] {dag.py:2972} INFO - Setting next_dagrun for 5.2-orchestration to None, run_after=None
[2024-06-05 17:22:37,035] {processor.py:161} INFO - Processing /opt/airflow/dags/5.2.orchestration.py took 0.058 seconds
[2024-06-05 17:23:07,414] {processor.py:153} INFO - Started process (PID=1476) to work on /opt/airflow/dags/5.2.orchestration.py
[2024-06-05 17:23:07,415] {processor.py:641} INFO - Processing file /opt/airflow/dags/5.2.orchestration.py for tasks to queue
[2024-06-05 17:23:07,415] {logging_mixin.py:115} INFO - [2024-06-05 17:23:07,415] {dagbag.py:508} INFO - Filling up the DagBag from /opt/airflow/dags/5.2.orchestration.py
[2024-06-05 17:23:07,420] {processor.py:651} INFO - DAG(s) dict_keys(['5.2-orchestration']) retrieved from /opt/airflow/dags/5.2.orchestration.py
[2024-06-05 17:23:07,443] {logging_mixin.py:115} INFO - [2024-06-05 17:23:07,443] {dag.py:2420} INFO - Sync 1 DAGs
[2024-06-05 17:23:07,461] {logging_mixin.py:115} INFO - [2024-06-05 17:23:07,461] {dag.py:2972} INFO - Setting next_dagrun for 5.2-orchestration to None, run_after=None
[2024-06-05 17:23:07,471] {processor.py:161} INFO - Processing /opt/airflow/dags/5.2.orchestration.py took 0.059 seconds
[2024-06-05 17:23:37,844] {processor.py:153} INFO - Started process (PID=1511) to work on /opt/airflow/dags/5.2.orchestration.py
[2024-06-05 17:23:37,845] {processor.py:641} INFO - Processing file /opt/airflow/dags/5.2.orchestration.py for tasks to queue
[2024-06-05 17:23:37,845] {logging_mixin.py:115} INFO - [2024-06-05 17:23:37,845] {dagbag.py:508} INFO - Filling up the DagBag from /opt/airflow/dags/5.2.orchestration.py
[2024-06-05 17:23:37,850] {processor.py:651} INFO - DAG(s) dict_keys(['5.2-orchestration']) retrieved from /opt/airflow/dags/5.2.orchestration.py
[2024-06-05 17:23:37,875] {logging_mixin.py:115} INFO - [2024-06-05 17:23:37,875] {dag.py:2420} INFO - Sync 1 DAGs
[2024-06-05 17:23:37,895] {logging_mixin.py:115} INFO - [2024-06-05 17:23:37,895] {dag.py:2972} INFO - Setting next_dagrun for 5.2-orchestration to None, run_after=None
[2024-06-05 17:23:37,905] {processor.py:161} INFO - Processing /opt/airflow/dags/5.2.orchestration.py took 0.063 seconds
[2024-06-05 17:24:08,285] {processor.py:153} INFO - Started process (PID=1546) to work on /opt/airflow/dags/5.2.orchestration.py
[2024-06-05 17:24:08,285] {processor.py:641} INFO - Processing file /opt/airflow/dags/5.2.orchestration.py for tasks to queue
[2024-06-05 17:24:08,286] {logging_mixin.py:115} INFO - [2024-06-05 17:24:08,286] {dagbag.py:508} INFO - Filling up the DagBag from /opt/airflow/dags/5.2.orchestration.py
[2024-06-05 17:24:08,291] {processor.py:651} INFO - DAG(s) dict_keys(['5.2-orchestration']) retrieved from /opt/airflow/dags/5.2.orchestration.py
[2024-06-05 17:24:08,313] {logging_mixin.py:115} INFO - [2024-06-05 17:24:08,313] {dag.py:2420} INFO - Sync 1 DAGs
[2024-06-05 17:24:08,331] {logging_mixin.py:115} INFO - [2024-06-05 17:24:08,331] {dag.py:2972} INFO - Setting next_dagrun for 5.2-orchestration to None, run_after=None
[2024-06-05 17:24:08,341] {processor.py:161} INFO - Processing /opt/airflow/dags/5.2.orchestration.py took 0.058 seconds
[2024-06-05 17:24:38,789] {processor.py:153} INFO - Started process (PID=1581) to work on /opt/airflow/dags/5.2.orchestration.py
[2024-06-05 17:24:38,790] {processor.py:641} INFO - Processing file /opt/airflow/dags/5.2.orchestration.py for tasks to queue
[2024-06-05 17:24:38,791] {logging_mixin.py:115} INFO - [2024-06-05 17:24:38,791] {dagbag.py:508} INFO - Filling up the DagBag from /opt/airflow/dags/5.2.orchestration.py
[2024-06-05 17:24:38,796] {processor.py:651} INFO - DAG(s) dict_keys(['5.2-orchestration']) retrieved from /opt/airflow/dags/5.2.orchestration.py
[2024-06-05 17:24:38,822] {logging_mixin.py:115} INFO - [2024-06-05 17:24:38,822] {dag.py:2420} INFO - Sync 1 DAGs
[2024-06-05 17:24:38,845] {logging_mixin.py:115} INFO - [2024-06-05 17:24:38,845] {dag.py:2972} INFO - Setting next_dagrun for 5.2-orchestration to None, run_after=None
[2024-06-05 17:24:38,858] {processor.py:161} INFO - Processing /opt/airflow/dags/5.2.orchestration.py took 0.071 seconds
[2024-06-05 17:25:09,313] {processor.py:153} INFO - Started process (PID=1606) to work on /opt/airflow/dags/5.2.orchestration.py
[2024-06-05 17:25:09,313] {processor.py:641} INFO - Processing file /opt/airflow/dags/5.2.orchestration.py for tasks to queue
[2024-06-05 17:25:09,314] {logging_mixin.py:115} INFO - [2024-06-05 17:25:09,314] {dagbag.py:508} INFO - Filling up the DagBag from /opt/airflow/dags/5.2.orchestration.py
[2024-06-05 17:25:09,322] {processor.py:651} INFO - DAG(s) dict_keys(['5.2-orchestration']) retrieved from /opt/airflow/dags/5.2.orchestration.py
[2024-06-05 17:25:09,347] {logging_mixin.py:115} INFO - [2024-06-05 17:25:09,346] {dag.py:2420} INFO - Sync 1 DAGs
[2024-06-05 17:25:09,376] {logging_mixin.py:115} INFO - [2024-06-05 17:25:09,376] {dag.py:2972} INFO - Setting next_dagrun for 5.2-orchestration to None, run_after=None
[2024-06-05 17:25:09,392] {processor.py:161} INFO - Processing /opt/airflow/dags/5.2.orchestration.py took 0.083 seconds
[2024-06-05 17:25:39,910] {processor.py:153} INFO - Started process (PID=1641) to work on /opt/airflow/dags/5.2.orchestration.py
[2024-06-05 17:25:39,910] {processor.py:641} INFO - Processing file /opt/airflow/dags/5.2.orchestration.py for tasks to queue
[2024-06-05 17:25:39,911] {logging_mixin.py:115} INFO - [2024-06-05 17:25:39,911] {dagbag.py:508} INFO - Filling up the DagBag from /opt/airflow/dags/5.2.orchestration.py
[2024-06-05 17:25:39,918] {processor.py:651} INFO - DAG(s) dict_keys(['5.2-orchestration']) retrieved from /opt/airflow/dags/5.2.orchestration.py
[2024-06-05 17:25:39,942] {logging_mixin.py:115} INFO - [2024-06-05 17:25:39,942] {dag.py:2420} INFO - Sync 1 DAGs
[2024-06-05 17:25:39,960] {logging_mixin.py:115} INFO - [2024-06-05 17:25:39,959] {dag.py:2972} INFO - Setting next_dagrun for 5.2-orchestration to None, run_after=None
[2024-06-05 17:25:39,987] {processor.py:161} INFO - Processing /opt/airflow/dags/5.2.orchestration.py took 0.080 seconds
[2024-06-05 17:26:10,421] {processor.py:153} INFO - Started process (PID=1676) to work on /opt/airflow/dags/5.2.orchestration.py
[2024-06-05 17:26:10,422] {processor.py:641} INFO - Processing file /opt/airflow/dags/5.2.orchestration.py for tasks to queue
[2024-06-05 17:26:10,423] {logging_mixin.py:115} INFO - [2024-06-05 17:26:10,423] {dagbag.py:508} INFO - Filling up the DagBag from /opt/airflow/dags/5.2.orchestration.py
[2024-06-05 17:26:10,429] {processor.py:651} INFO - DAG(s) dict_keys(['5.2-orchestration']) retrieved from /opt/airflow/dags/5.2.orchestration.py
[2024-06-05 17:26:10,452] {logging_mixin.py:115} INFO - [2024-06-05 17:26:10,452] {dag.py:2420} INFO - Sync 1 DAGs
[2024-06-05 17:26:10,476] {logging_mixin.py:115} INFO - [2024-06-05 17:26:10,476] {dag.py:2972} INFO - Setting next_dagrun for 5.2-orchestration to None, run_after=None
[2024-06-05 17:26:10,486] {processor.py:161} INFO - Processing /opt/airflow/dags/5.2.orchestration.py took 0.069 seconds
[2024-06-05 17:26:40,893] {processor.py:153} INFO - Started process (PID=1711) to work on /opt/airflow/dags/5.2.orchestration.py
[2024-06-05 17:26:40,894] {processor.py:641} INFO - Processing file /opt/airflow/dags/5.2.orchestration.py for tasks to queue
[2024-06-05 17:26:40,895] {logging_mixin.py:115} INFO - [2024-06-05 17:26:40,895] {dagbag.py:508} INFO - Filling up the DagBag from /opt/airflow/dags/5.2.orchestration.py
[2024-06-05 17:26:40,901] {processor.py:651} INFO - DAG(s) dict_keys(['5.2-orchestration']) retrieved from /opt/airflow/dags/5.2.orchestration.py
[2024-06-05 17:26:40,925] {logging_mixin.py:115} INFO - [2024-06-05 17:26:40,925] {dag.py:2420} INFO - Sync 1 DAGs
[2024-06-05 17:26:40,945] {logging_mixin.py:115} INFO - [2024-06-05 17:26:40,945] {dag.py:2972} INFO - Setting next_dagrun for 5.2-orchestration to None, run_after=None
[2024-06-05 17:26:40,959] {processor.py:161} INFO - Processing /opt/airflow/dags/5.2.orchestration.py took 0.069 seconds
[2024-06-05 17:27:11,402] {processor.py:153} INFO - Started process (PID=1737) to work on /opt/airflow/dags/5.2.orchestration.py
[2024-06-05 17:27:11,403] {processor.py:641} INFO - Processing file /opt/airflow/dags/5.2.orchestration.py for tasks to queue
[2024-06-05 17:27:11,404] {logging_mixin.py:115} INFO - [2024-06-05 17:27:11,404] {dagbag.py:508} INFO - Filling up the DagBag from /opt/airflow/dags/5.2.orchestration.py
[2024-06-05 17:27:11,409] {processor.py:651} INFO - DAG(s) dict_keys(['5.2-orchestration']) retrieved from /opt/airflow/dags/5.2.orchestration.py
[2024-06-05 17:27:11,428] {logging_mixin.py:115} INFO - [2024-06-05 17:27:11,428] {dag.py:2420} INFO - Sync 1 DAGs
[2024-06-05 17:27:11,448] {logging_mixin.py:115} INFO - [2024-06-05 17:27:11,448] {dag.py:2972} INFO - Setting next_dagrun for 5.2-orchestration to None, run_after=None
[2024-06-05 17:27:11,461] {processor.py:161} INFO - Processing /opt/airflow/dags/5.2.orchestration.py took 0.063 seconds
[2024-06-05 17:27:41,875] {processor.py:153} INFO - Started process (PID=1772) to work on /opt/airflow/dags/5.2.orchestration.py
[2024-06-05 17:27:41,876] {processor.py:641} INFO - Processing file /opt/airflow/dags/5.2.orchestration.py for tasks to queue
[2024-06-05 17:27:41,876] {logging_mixin.py:115} INFO - [2024-06-05 17:27:41,876] {dagbag.py:508} INFO - Filling up the DagBag from /opt/airflow/dags/5.2.orchestration.py
[2024-06-05 17:27:41,882] {processor.py:651} INFO - DAG(s) dict_keys(['5.2-orchestration']) retrieved from /opt/airflow/dags/5.2.orchestration.py
[2024-06-05 17:27:41,908] {logging_mixin.py:115} INFO - [2024-06-05 17:27:41,908] {dag.py:2420} INFO - Sync 1 DAGs
[2024-06-05 17:27:41,928] {logging_mixin.py:115} INFO - [2024-06-05 17:27:41,928] {dag.py:2972} INFO - Setting next_dagrun for 5.2-orchestration to None, run_after=None
[2024-06-05 17:27:41,942] {processor.py:161} INFO - Processing /opt/airflow/dags/5.2.orchestration.py took 0.071 seconds
[2024-06-05 17:28:12,315] {processor.py:153} INFO - Started process (PID=1807) to work on /opt/airflow/dags/5.2.orchestration.py
[2024-06-05 17:28:12,316] {processor.py:641} INFO - Processing file /opt/airflow/dags/5.2.orchestration.py for tasks to queue
[2024-06-05 17:28:12,316] {logging_mixin.py:115} INFO - [2024-06-05 17:28:12,316] {dagbag.py:508} INFO - Filling up the DagBag from /opt/airflow/dags/5.2.orchestration.py
[2024-06-05 17:28:12,323] {processor.py:651} INFO - DAG(s) dict_keys(['5.2-orchestration']) retrieved from /opt/airflow/dags/5.2.orchestration.py
[2024-06-05 17:28:12,346] {logging_mixin.py:115} INFO - [2024-06-05 17:28:12,346] {dag.py:2420} INFO - Sync 1 DAGs
[2024-06-05 17:28:12,364] {logging_mixin.py:115} INFO - [2024-06-05 17:28:12,364] {dag.py:2972} INFO - Setting next_dagrun for 5.2-orchestration to None, run_after=None
[2024-06-05 17:28:12,376] {processor.py:161} INFO - Processing /opt/airflow/dags/5.2.orchestration.py took 0.064 seconds
[2024-06-05 17:28:42,747] {processor.py:153} INFO - Started process (PID=1842) to work on /opt/airflow/dags/5.2.orchestration.py
[2024-06-05 17:28:42,749] {processor.py:641} INFO - Processing file /opt/airflow/dags/5.2.orchestration.py for tasks to queue
[2024-06-05 17:28:42,750] {logging_mixin.py:115} INFO - [2024-06-05 17:28:42,750] {dagbag.py:508} INFO - Filling up the DagBag from /opt/airflow/dags/5.2.orchestration.py
[2024-06-05 17:28:42,758] {processor.py:651} INFO - DAG(s) dict_keys(['5.2-orchestration']) retrieved from /opt/airflow/dags/5.2.orchestration.py
[2024-06-05 17:28:42,779] {logging_mixin.py:115} INFO - [2024-06-05 17:28:42,779] {dag.py:2420} INFO - Sync 1 DAGs
[2024-06-05 17:28:42,799] {logging_mixin.py:115} INFO - [2024-06-05 17:28:42,799] {dag.py:2972} INFO - Setting next_dagrun for 5.2-orchestration to None, run_after=None
[2024-06-05 17:28:42,812] {processor.py:161} INFO - Processing /opt/airflow/dags/5.2.orchestration.py took 0.068 seconds
[2024-06-05 17:29:13,230] {processor.py:153} INFO - Started process (PID=1868) to work on /opt/airflow/dags/5.2.orchestration.py
[2024-06-05 17:29:13,230] {processor.py:641} INFO - Processing file /opt/airflow/dags/5.2.orchestration.py for tasks to queue
[2024-06-05 17:29:13,231] {logging_mixin.py:115} INFO - [2024-06-05 17:29:13,230] {dagbag.py:508} INFO - Filling up the DagBag from /opt/airflow/dags/5.2.orchestration.py
[2024-06-05 17:29:13,238] {processor.py:651} INFO - DAG(s) dict_keys(['5.2-orchestration']) retrieved from /opt/airflow/dags/5.2.orchestration.py
[2024-06-05 17:29:13,258] {logging_mixin.py:115} INFO - [2024-06-05 17:29:13,258] {dag.py:2420} INFO - Sync 1 DAGs
[2024-06-05 17:29:13,278] {logging_mixin.py:115} INFO - [2024-06-05 17:29:13,278] {dag.py:2972} INFO - Setting next_dagrun for 5.2-orchestration to None, run_after=None
[2024-06-05 17:29:13,289] {processor.py:161} INFO - Processing /opt/airflow/dags/5.2.orchestration.py took 0.062 seconds
[2024-06-05 17:29:43,752] {processor.py:153} INFO - Started process (PID=1902) to work on /opt/airflow/dags/5.2.orchestration.py
[2024-06-05 17:29:43,752] {processor.py:641} INFO - Processing file /opt/airflow/dags/5.2.orchestration.py for tasks to queue
[2024-06-05 17:29:43,756] {logging_mixin.py:115} INFO - [2024-06-05 17:29:43,756] {dagbag.py:508} INFO - Filling up the DagBag from /opt/airflow/dags/5.2.orchestration.py
[2024-06-05 17:29:43,763] {processor.py:651} INFO - DAG(s) dict_keys(['5.2-orchestration']) retrieved from /opt/airflow/dags/5.2.orchestration.py
[2024-06-05 17:29:43,785] {logging_mixin.py:115} INFO - [2024-06-05 17:29:43,785] {dag.py:2420} INFO - Sync 1 DAGs
[2024-06-05 17:29:43,804] {logging_mixin.py:115} INFO - [2024-06-05 17:29:43,804] {dag.py:2972} INFO - Setting next_dagrun for 5.2-orchestration to None, run_after=None
[2024-06-05 17:29:43,816] {processor.py:161} INFO - Processing /opt/airflow/dags/5.2.orchestration.py took 0.067 seconds
[2024-06-05 17:30:14,275] {processor.py:153} INFO - Started process (PID=1937) to work on /opt/airflow/dags/5.2.orchestration.py
[2024-06-05 17:30:14,275] {processor.py:641} INFO - Processing file /opt/airflow/dags/5.2.orchestration.py for tasks to queue
[2024-06-05 17:30:14,276] {logging_mixin.py:115} INFO - [2024-06-05 17:30:14,276] {dagbag.py:508} INFO - Filling up the DagBag from /opt/airflow/dags/5.2.orchestration.py
[2024-06-05 17:30:14,281] {processor.py:651} INFO - DAG(s) dict_keys(['5.2-orchestration']) retrieved from /opt/airflow/dags/5.2.orchestration.py
[2024-06-05 17:30:14,302] {logging_mixin.py:115} INFO - [2024-06-05 17:30:14,302] {dag.py:2420} INFO - Sync 1 DAGs
[2024-06-05 17:30:14,320] {logging_mixin.py:115} INFO - [2024-06-05 17:30:14,320] {dag.py:2972} INFO - Setting next_dagrun for 5.2-orchestration to None, run_after=None
[2024-06-05 17:30:14,331] {processor.py:161} INFO - Processing /opt/airflow/dags/5.2.orchestration.py took 0.059 seconds
[2024-06-05 17:30:44,736] {processor.py:153} INFO - Started process (PID=1972) to work on /opt/airflow/dags/5.2.orchestration.py
[2024-06-05 17:30:44,737] {processor.py:641} INFO - Processing file /opt/airflow/dags/5.2.orchestration.py for tasks to queue
[2024-06-05 17:30:44,738] {logging_mixin.py:115} INFO - [2024-06-05 17:30:44,738] {dagbag.py:508} INFO - Filling up the DagBag from /opt/airflow/dags/5.2.orchestration.py
[2024-06-05 17:30:44,743] {processor.py:651} INFO - DAG(s) dict_keys(['5.2-orchestration']) retrieved from /opt/airflow/dags/5.2.orchestration.py
[2024-06-05 17:30:44,764] {logging_mixin.py:115} INFO - [2024-06-05 17:30:44,764] {dag.py:2420} INFO - Sync 1 DAGs
[2024-06-05 17:30:44,782] {logging_mixin.py:115} INFO - [2024-06-05 17:30:44,782] {dag.py:2972} INFO - Setting next_dagrun for 5.2-orchestration to None, run_after=None
[2024-06-05 17:30:44,794] {processor.py:161} INFO - Processing /opt/airflow/dags/5.2.orchestration.py took 0.061 seconds
[2024-06-05 17:31:15,197] {processor.py:153} INFO - Started process (PID=1998) to work on /opt/airflow/dags/5.2.orchestration.py
[2024-06-05 17:31:15,198] {processor.py:641} INFO - Processing file /opt/airflow/dags/5.2.orchestration.py for tasks to queue
[2024-06-05 17:31:15,198] {logging_mixin.py:115} INFO - [2024-06-05 17:31:15,198] {dagbag.py:508} INFO - Filling up the DagBag from /opt/airflow/dags/5.2.orchestration.py
[2024-06-05 17:31:15,203] {processor.py:651} INFO - DAG(s) dict_keys(['5.2-orchestration']) retrieved from /opt/airflow/dags/5.2.orchestration.py
[2024-06-05 17:31:15,225] {logging_mixin.py:115} INFO - [2024-06-05 17:31:15,224] {dag.py:2420} INFO - Sync 1 DAGs
[2024-06-05 17:31:15,241] {logging_mixin.py:115} INFO - [2024-06-05 17:31:15,241] {dag.py:2972} INFO - Setting next_dagrun for 5.2-orchestration to None, run_after=None
[2024-06-05 17:31:15,252] {processor.py:161} INFO - Processing /opt/airflow/dags/5.2.orchestration.py took 0.058 seconds
[2024-06-05 17:31:45,611] {processor.py:153} INFO - Started process (PID=2033) to work on /opt/airflow/dags/5.2.orchestration.py
[2024-06-05 17:31:45,612] {processor.py:641} INFO - Processing file /opt/airflow/dags/5.2.orchestration.py for tasks to queue
[2024-06-05 17:31:45,612] {logging_mixin.py:115} INFO - [2024-06-05 17:31:45,612] {dagbag.py:508} INFO - Filling up the DagBag from /opt/airflow/dags/5.2.orchestration.py
[2024-06-05 17:31:45,618] {processor.py:651} INFO - DAG(s) dict_keys(['5.2-orchestration']) retrieved from /opt/airflow/dags/5.2.orchestration.py
[2024-06-05 17:31:45,639] {logging_mixin.py:115} INFO - [2024-06-05 17:31:45,638] {dag.py:2420} INFO - Sync 1 DAGs
[2024-06-05 17:31:45,654] {logging_mixin.py:115} INFO - [2024-06-05 17:31:45,654] {dag.py:2972} INFO - Setting next_dagrun for 5.2-orchestration to None, run_after=None
[2024-06-05 17:31:45,663] {processor.py:161} INFO - Processing /opt/airflow/dags/5.2.orchestration.py took 0.054 seconds
[2024-06-05 17:32:15,993] {processor.py:153} INFO - Started process (PID=2068) to work on /opt/airflow/dags/5.2.orchestration.py
[2024-06-05 17:32:15,994] {processor.py:641} INFO - Processing file /opt/airflow/dags/5.2.orchestration.py for tasks to queue
[2024-06-05 17:32:15,994] {logging_mixin.py:115} INFO - [2024-06-05 17:32:15,994] {dagbag.py:508} INFO - Filling up the DagBag from /opt/airflow/dags/5.2.orchestration.py
[2024-06-05 17:32:15,999] {processor.py:651} INFO - DAG(s) dict_keys(['5.2-orchestration']) retrieved from /opt/airflow/dags/5.2.orchestration.py
[2024-06-05 17:32:16,018] {logging_mixin.py:115} INFO - [2024-06-05 17:32:16,018] {dag.py:2420} INFO - Sync 1 DAGs
[2024-06-05 17:32:16,033] {logging_mixin.py:115} INFO - [2024-06-05 17:32:16,033] {dag.py:2972} INFO - Setting next_dagrun for 5.2-orchestration to None, run_after=None
[2024-06-05 17:32:16,042] {processor.py:161} INFO - Processing /opt/airflow/dags/5.2.orchestration.py took 0.051 seconds
