[2024-06-05 17:00:18,480] {processor.py:153} INFO - Started process (PID=37) to work on /opt/airflow/dags/6.1-monitoring.py
[2024-06-05 17:00:18,482] {processor.py:641} INFO - Processing file /opt/airflow/dags/6.1-monitoring.py for tasks to queue
[2024-06-05 17:00:18,483] {logging_mixin.py:115} INFO - [2024-06-05 17:00:18,483] {dagbag.py:508} INFO - Filling up the DagBag from /opt/airflow/dags/6.1-monitoring.py
[2024-06-05 17:00:18,508] {processor.py:651} INFO - DAG(s) dict_keys(['6.1-monitoring']) retrieved from /opt/airflow/dags/6.1-monitoring.py
[2024-06-05 17:00:18,534] {logging_mixin.py:115} INFO - [2024-06-05 17:00:18,534] {dag.py:2420} INFO - Sync 1 DAGs
[2024-06-05 17:00:18,921] {logging_mixin.py:115} INFO - [2024-06-05 17:00:18,921] {dag.py:2972} INFO - Setting next_dagrun for 6.1-monitoring to 2024-05-29T00:00:00+00:00, run_after=2024-05-30T00:00:00+00:00
[2024-06-05 17:00:18,939] {processor.py:161} INFO - Processing /opt/airflow/dags/6.1-monitoring.py took 0.464 seconds
[2024-06-05 17:00:49,678] {processor.py:153} INFO - Started process (PID=72) to work on /opt/airflow/dags/6.1-monitoring.py
[2024-06-05 17:00:49,679] {processor.py:641} INFO - Processing file /opt/airflow/dags/6.1-monitoring.py for tasks to queue
[2024-06-05 17:00:49,679] {logging_mixin.py:115} INFO - [2024-06-05 17:00:49,679] {dagbag.py:508} INFO - Filling up the DagBag from /opt/airflow/dags/6.1-monitoring.py
[2024-06-05 17:00:49,690] {processor.py:651} INFO - DAG(s) dict_keys(['6.1-monitoring']) retrieved from /opt/airflow/dags/6.1-monitoring.py
[2024-06-05 17:00:49,817] {logging_mixin.py:115} INFO - [2024-06-05 17:00:49,817] {dag.py:2420} INFO - Sync 1 DAGs
[2024-06-05 17:00:49,832] {logging_mixin.py:115} INFO - [2024-06-05 17:00:49,832] {dag.py:2972} INFO - Setting next_dagrun for 6.1-monitoring to 2024-06-05T00:00:00+00:00, run_after=2024-06-06T00:00:00+00:00
[2024-06-05 17:00:49,845] {processor.py:161} INFO - Processing /opt/airflow/dags/6.1-monitoring.py took 0.169 seconds
[2024-06-05 17:01:16,045] {processor.py:153} INFO - Started process (PID=37) to work on /opt/airflow/dags/6.1-monitoring.py
[2024-06-05 17:01:16,049] {processor.py:641} INFO - Processing file /opt/airflow/dags/6.1-monitoring.py for tasks to queue
[2024-06-05 17:01:16,050] {logging_mixin.py:115} INFO - [2024-06-05 17:01:16,049] {dagbag.py:508} INFO - Filling up the DagBag from /opt/airflow/dags/6.1-monitoring.py
[2024-06-05 17:01:16,058] {processor.py:651} INFO - DAG(s) dict_keys(['6.1-monitoring']) retrieved from /opt/airflow/dags/6.1-monitoring.py
[2024-06-05 17:01:16,081] {logging_mixin.py:115} INFO - [2024-06-05 17:01:16,081] {dag.py:2420} INFO - Sync 1 DAGs
[2024-06-05 17:01:16,235] {logging_mixin.py:115} INFO - [2024-06-05 17:01:16,235] {dag.py:2972} INFO - Setting next_dagrun for 6.1-monitoring to 2024-06-05T00:00:00+00:00, run_after=2024-06-06T00:00:00+00:00
[2024-06-05 17:01:16,247] {processor.py:161} INFO - Processing /opt/airflow/dags/6.1-monitoring.py took 0.206 seconds
[2024-06-05 17:01:47,079] {processor.py:153} INFO - Started process (PID=101) to work on /opt/airflow/dags/6.1-monitoring.py
[2024-06-05 17:01:47,080] {processor.py:641} INFO - Processing file /opt/airflow/dags/6.1-monitoring.py for tasks to queue
[2024-06-05 17:01:47,081] {logging_mixin.py:115} INFO - [2024-06-05 17:01:47,080] {dagbag.py:508} INFO - Filling up the DagBag from /opt/airflow/dags/6.1-monitoring.py
[2024-06-05 17:01:47,091] {processor.py:651} INFO - DAG(s) dict_keys(['6.1-monitoring']) retrieved from /opt/airflow/dags/6.1-monitoring.py
[2024-06-05 17:01:47,227] {logging_mixin.py:115} INFO - [2024-06-05 17:01:47,227] {dag.py:2420} INFO - Sync 1 DAGs
[2024-06-05 17:01:47,246] {logging_mixin.py:115} INFO - [2024-06-05 17:01:47,246] {dag.py:2972} INFO - Setting next_dagrun for 6.1-monitoring to 2024-06-05T00:00:00+00:00, run_after=2024-06-06T00:00:00+00:00
[2024-06-05 17:01:47,255] {processor.py:161} INFO - Processing /opt/airflow/dags/6.1-monitoring.py took 0.179 seconds
[2024-06-05 17:02:17,971] {processor.py:153} INFO - Started process (PID=136) to work on /opt/airflow/dags/6.1-monitoring.py
[2024-06-05 17:02:17,972] {processor.py:641} INFO - Processing file /opt/airflow/dags/6.1-monitoring.py for tasks to queue
[2024-06-05 17:02:17,973] {logging_mixin.py:115} INFO - [2024-06-05 17:02:17,973] {dagbag.py:508} INFO - Filling up the DagBag from /opt/airflow/dags/6.1-monitoring.py
[2024-06-05 17:02:17,984] {processor.py:651} INFO - DAG(s) dict_keys(['6.1-monitoring']) retrieved from /opt/airflow/dags/6.1-monitoring.py
[2024-06-05 17:02:18,107] {logging_mixin.py:115} INFO - [2024-06-05 17:02:18,107] {dag.py:2420} INFO - Sync 1 DAGs
[2024-06-05 17:02:18,123] {logging_mixin.py:115} INFO - [2024-06-05 17:02:18,123] {dag.py:2972} INFO - Setting next_dagrun for 6.1-monitoring to 2024-06-05T00:00:00+00:00, run_after=2024-06-06T00:00:00+00:00
[2024-06-05 17:02:18,133] {processor.py:161} INFO - Processing /opt/airflow/dags/6.1-monitoring.py took 0.165 seconds
[2024-06-05 17:02:48,915] {processor.py:153} INFO - Started process (PID=162) to work on /opt/airflow/dags/6.1-monitoring.py
[2024-06-05 17:02:48,916] {processor.py:641} INFO - Processing file /opt/airflow/dags/6.1-monitoring.py for tasks to queue
[2024-06-05 17:02:48,916] {logging_mixin.py:115} INFO - [2024-06-05 17:02:48,916] {dagbag.py:508} INFO - Filling up the DagBag from /opt/airflow/dags/6.1-monitoring.py
[2024-06-05 17:02:48,925] {processor.py:651} INFO - DAG(s) dict_keys(['6.1-monitoring']) retrieved from /opt/airflow/dags/6.1-monitoring.py
[2024-06-05 17:02:48,945] {logging_mixin.py:115} INFO - [2024-06-05 17:02:48,945] {dag.py:2420} INFO - Sync 1 DAGs
[2024-06-05 17:02:48,962] {logging_mixin.py:115} INFO - [2024-06-05 17:02:48,962] {dag.py:2972} INFO - Setting next_dagrun for 6.1-monitoring to 2024-06-05T00:00:00+00:00, run_after=2024-06-06T00:00:00+00:00
[2024-06-05 17:02:48,972] {processor.py:161} INFO - Processing /opt/airflow/dags/6.1-monitoring.py took 0.060 seconds
[2024-06-05 17:03:19,365] {processor.py:153} INFO - Started process (PID=197) to work on /opt/airflow/dags/6.1-monitoring.py
[2024-06-05 17:03:19,365] {processor.py:641} INFO - Processing file /opt/airflow/dags/6.1-monitoring.py for tasks to queue
[2024-06-05 17:03:19,366] {logging_mixin.py:115} INFO - [2024-06-05 17:03:19,365] {dagbag.py:508} INFO - Filling up the DagBag from /opt/airflow/dags/6.1-monitoring.py
[2024-06-05 17:03:19,374] {processor.py:651} INFO - DAG(s) dict_keys(['6.1-monitoring']) retrieved from /opt/airflow/dags/6.1-monitoring.py
[2024-06-05 17:03:19,394] {logging_mixin.py:115} INFO - [2024-06-05 17:03:19,393] {dag.py:2420} INFO - Sync 1 DAGs
[2024-06-05 17:03:19,415] {logging_mixin.py:115} INFO - [2024-06-05 17:03:19,415] {dag.py:2972} INFO - Setting next_dagrun for 6.1-monitoring to 2024-06-05T00:00:00+00:00, run_after=2024-06-06T00:00:00+00:00
[2024-06-05 17:03:19,426] {processor.py:161} INFO - Processing /opt/airflow/dags/6.1-monitoring.py took 0.063 seconds
[2024-06-05 17:03:49,793] {processor.py:153} INFO - Started process (PID=232) to work on /opt/airflow/dags/6.1-monitoring.py
[2024-06-05 17:03:49,793] {processor.py:641} INFO - Processing file /opt/airflow/dags/6.1-monitoring.py for tasks to queue
[2024-06-05 17:03:49,794] {logging_mixin.py:115} INFO - [2024-06-05 17:03:49,794] {dagbag.py:508} INFO - Filling up the DagBag from /opt/airflow/dags/6.1-monitoring.py
[2024-06-05 17:03:49,803] {processor.py:651} INFO - DAG(s) dict_keys(['6.1-monitoring']) retrieved from /opt/airflow/dags/6.1-monitoring.py
[2024-06-05 17:03:49,821] {logging_mixin.py:115} INFO - [2024-06-05 17:03:49,821] {dag.py:2420} INFO - Sync 1 DAGs
[2024-06-05 17:03:49,838] {logging_mixin.py:115} INFO - [2024-06-05 17:03:49,838] {dag.py:2972} INFO - Setting next_dagrun for 6.1-monitoring to 2024-06-05T00:00:00+00:00, run_after=2024-06-06T00:00:00+00:00
[2024-06-05 17:03:49,847] {processor.py:161} INFO - Processing /opt/airflow/dags/6.1-monitoring.py took 0.056 seconds
[2024-06-05 17:04:20,237] {processor.py:153} INFO - Started process (PID=267) to work on /opt/airflow/dags/6.1-monitoring.py
[2024-06-05 17:04:20,237] {processor.py:641} INFO - Processing file /opt/airflow/dags/6.1-monitoring.py for tasks to queue
[2024-06-05 17:04:20,238] {logging_mixin.py:115} INFO - [2024-06-05 17:04:20,237] {dagbag.py:508} INFO - Filling up the DagBag from /opt/airflow/dags/6.1-monitoring.py
[2024-06-05 17:04:20,247] {processor.py:651} INFO - DAG(s) dict_keys(['6.1-monitoring']) retrieved from /opt/airflow/dags/6.1-monitoring.py
[2024-06-05 17:04:20,265] {logging_mixin.py:115} INFO - [2024-06-05 17:04:20,265] {dag.py:2420} INFO - Sync 1 DAGs
[2024-06-05 17:04:20,284] {logging_mixin.py:115} INFO - [2024-06-05 17:04:20,284] {dag.py:2972} INFO - Setting next_dagrun for 6.1-monitoring to 2024-06-05T00:00:00+00:00, run_after=2024-06-06T00:00:00+00:00
[2024-06-05 17:04:20,294] {processor.py:161} INFO - Processing /opt/airflow/dags/6.1-monitoring.py took 0.059 seconds
[2024-06-05 17:04:50,752] {processor.py:153} INFO - Started process (PID=302) to work on /opt/airflow/dags/6.1-monitoring.py
[2024-06-05 17:04:50,753] {processor.py:641} INFO - Processing file /opt/airflow/dags/6.1-monitoring.py for tasks to queue
[2024-06-05 17:04:50,753] {logging_mixin.py:115} INFO - [2024-06-05 17:04:50,753] {dagbag.py:508} INFO - Filling up the DagBag from /opt/airflow/dags/6.1-monitoring.py
[2024-06-05 17:04:50,764] {processor.py:651} INFO - DAG(s) dict_keys(['6.1-monitoring']) retrieved from /opt/airflow/dags/6.1-monitoring.py
[2024-06-05 17:04:50,783] {logging_mixin.py:115} INFO - [2024-06-05 17:04:50,783] {dag.py:2420} INFO - Sync 1 DAGs
[2024-06-05 17:04:50,805] {logging_mixin.py:115} INFO - [2024-06-05 17:04:50,805] {dag.py:2972} INFO - Setting next_dagrun for 6.1-monitoring to 2024-06-05T00:00:00+00:00, run_after=2024-06-06T00:00:00+00:00
[2024-06-05 17:04:50,820] {processor.py:161} INFO - Processing /opt/airflow/dags/6.1-monitoring.py took 0.069 seconds
[2024-06-05 17:05:21,233] {processor.py:153} INFO - Started process (PID=328) to work on /opt/airflow/dags/6.1-monitoring.py
[2024-06-05 17:05:21,234] {processor.py:641} INFO - Processing file /opt/airflow/dags/6.1-monitoring.py for tasks to queue
[2024-06-05 17:05:21,234] {logging_mixin.py:115} INFO - [2024-06-05 17:05:21,234] {dagbag.py:508} INFO - Filling up the DagBag from /opt/airflow/dags/6.1-monitoring.py
[2024-06-05 17:05:21,243] {processor.py:651} INFO - DAG(s) dict_keys(['6.1-monitoring']) retrieved from /opt/airflow/dags/6.1-monitoring.py
[2024-06-05 17:05:21,262] {logging_mixin.py:115} INFO - [2024-06-05 17:05:21,262] {dag.py:2420} INFO - Sync 1 DAGs
[2024-06-05 17:05:21,281] {logging_mixin.py:115} INFO - [2024-06-05 17:05:21,281] {dag.py:2972} INFO - Setting next_dagrun for 6.1-monitoring to 2024-06-05T00:00:00+00:00, run_after=2024-06-06T00:00:00+00:00
[2024-06-05 17:05:21,308] {processor.py:161} INFO - Processing /opt/airflow/dags/6.1-monitoring.py took 0.077 seconds
[2024-06-05 17:05:51,776] {processor.py:153} INFO - Started process (PID=363) to work on /opt/airflow/dags/6.1-monitoring.py
[2024-06-05 17:05:51,776] {processor.py:641} INFO - Processing file /opt/airflow/dags/6.1-monitoring.py for tasks to queue
[2024-06-05 17:05:51,777] {logging_mixin.py:115} INFO - [2024-06-05 17:05:51,777] {dagbag.py:508} INFO - Filling up the DagBag from /opt/airflow/dags/6.1-monitoring.py
[2024-06-05 17:05:51,786] {processor.py:651} INFO - DAG(s) dict_keys(['6.1-monitoring']) retrieved from /opt/airflow/dags/6.1-monitoring.py
[2024-06-05 17:05:51,804] {logging_mixin.py:115} INFO - [2024-06-05 17:05:51,804] {dag.py:2420} INFO - Sync 1 DAGs
[2024-06-05 17:05:51,827] {logging_mixin.py:115} INFO - [2024-06-05 17:05:51,827] {dag.py:2972} INFO - Setting next_dagrun for 6.1-monitoring to 2024-06-05T00:00:00+00:00, run_after=2024-06-06T00:00:00+00:00
[2024-06-05 17:05:51,842] {processor.py:161} INFO - Processing /opt/airflow/dags/6.1-monitoring.py took 0.068 seconds
[2024-06-05 17:06:22,227] {processor.py:153} INFO - Started process (PID=398) to work on /opt/airflow/dags/6.1-monitoring.py
[2024-06-05 17:06:22,228] {processor.py:641} INFO - Processing file /opt/airflow/dags/6.1-monitoring.py for tasks to queue
[2024-06-05 17:06:22,228] {logging_mixin.py:115} INFO - [2024-06-05 17:06:22,228] {dagbag.py:508} INFO - Filling up the DagBag from /opt/airflow/dags/6.1-monitoring.py
[2024-06-05 17:06:22,237] {processor.py:651} INFO - DAG(s) dict_keys(['6.1-monitoring']) retrieved from /opt/airflow/dags/6.1-monitoring.py
[2024-06-05 17:06:22,261] {logging_mixin.py:115} INFO - [2024-06-05 17:06:22,261] {dag.py:2420} INFO - Sync 1 DAGs
[2024-06-05 17:06:22,283] {logging_mixin.py:115} INFO - [2024-06-05 17:06:22,282] {dag.py:2972} INFO - Setting next_dagrun for 6.1-monitoring to 2024-06-05T00:00:00+00:00, run_after=2024-06-06T00:00:00+00:00
[2024-06-05 17:06:22,293] {processor.py:161} INFO - Processing /opt/airflow/dags/6.1-monitoring.py took 0.071 seconds
[2024-06-05 17:06:52,703] {processor.py:153} INFO - Started process (PID=433) to work on /opt/airflow/dags/6.1-monitoring.py
[2024-06-05 17:06:52,704] {processor.py:641} INFO - Processing file /opt/airflow/dags/6.1-monitoring.py for tasks to queue
[2024-06-05 17:06:52,705] {logging_mixin.py:115} INFO - [2024-06-05 17:06:52,705] {dagbag.py:508} INFO - Filling up the DagBag from /opt/airflow/dags/6.1-monitoring.py
[2024-06-05 17:06:52,719] {processor.py:651} INFO - DAG(s) dict_keys(['6.1-monitoring']) retrieved from /opt/airflow/dags/6.1-monitoring.py
[2024-06-05 17:06:52,739] {logging_mixin.py:115} INFO - [2024-06-05 17:06:52,739] {dag.py:2420} INFO - Sync 1 DAGs
[2024-06-05 17:06:52,756] {logging_mixin.py:115} INFO - [2024-06-05 17:06:52,756] {dag.py:2972} INFO - Setting next_dagrun for 6.1-monitoring to 2024-06-05T00:00:00+00:00, run_after=2024-06-06T00:00:00+00:00
[2024-06-05 17:06:52,768] {processor.py:161} INFO - Processing /opt/airflow/dags/6.1-monitoring.py took 0.068 seconds
[2024-06-05 17:07:23,201] {processor.py:153} INFO - Started process (PID=459) to work on /opt/airflow/dags/6.1-monitoring.py
[2024-06-05 17:07:23,202] {processor.py:641} INFO - Processing file /opt/airflow/dags/6.1-monitoring.py for tasks to queue
[2024-06-05 17:07:23,202] {logging_mixin.py:115} INFO - [2024-06-05 17:07:23,202] {dagbag.py:508} INFO - Filling up the DagBag from /opt/airflow/dags/6.1-monitoring.py
[2024-06-05 17:07:23,213] {processor.py:651} INFO - DAG(s) dict_keys(['6.1-monitoring']) retrieved from /opt/airflow/dags/6.1-monitoring.py
[2024-06-05 17:07:23,229] {logging_mixin.py:115} INFO - [2024-06-05 17:07:23,229] {dag.py:2420} INFO - Sync 1 DAGs
[2024-06-05 17:07:23,243] {logging_mixin.py:115} INFO - [2024-06-05 17:07:23,243] {dag.py:2972} INFO - Setting next_dagrun for 6.1-monitoring to 2024-06-05T00:00:00+00:00, run_after=2024-06-06T00:00:00+00:00
[2024-06-05 17:07:23,254] {processor.py:161} INFO - Processing /opt/airflow/dags/6.1-monitoring.py took 0.055 seconds
[2024-06-05 17:07:53,610] {processor.py:153} INFO - Started process (PID=494) to work on /opt/airflow/dags/6.1-monitoring.py
[2024-06-05 17:07:53,611] {processor.py:641} INFO - Processing file /opt/airflow/dags/6.1-monitoring.py for tasks to queue
[2024-06-05 17:07:53,612] {logging_mixin.py:115} INFO - [2024-06-05 17:07:53,611] {dagbag.py:508} INFO - Filling up the DagBag from /opt/airflow/dags/6.1-monitoring.py
[2024-06-05 17:07:53,627] {processor.py:651} INFO - DAG(s) dict_keys(['6.1-monitoring']) retrieved from /opt/airflow/dags/6.1-monitoring.py
[2024-06-05 17:07:53,654] {logging_mixin.py:115} INFO - [2024-06-05 17:07:53,654] {dag.py:2420} INFO - Sync 1 DAGs
[2024-06-05 17:07:53,672] {logging_mixin.py:115} INFO - [2024-06-05 17:07:53,672] {dag.py:2972} INFO - Setting next_dagrun for 6.1-monitoring to 2024-06-05T00:00:00+00:00, run_after=2024-06-06T00:00:00+00:00
[2024-06-05 17:07:53,683] {processor.py:161} INFO - Processing /opt/airflow/dags/6.1-monitoring.py took 0.077 seconds
[2024-06-05 17:08:24,052] {processor.py:153} INFO - Started process (PID=529) to work on /opt/airflow/dags/6.1-monitoring.py
[2024-06-05 17:08:24,053] {processor.py:641} INFO - Processing file /opt/airflow/dags/6.1-monitoring.py for tasks to queue
[2024-06-05 17:08:24,054] {logging_mixin.py:115} INFO - [2024-06-05 17:08:24,053] {dagbag.py:508} INFO - Filling up the DagBag from /opt/airflow/dags/6.1-monitoring.py
[2024-06-05 17:08:24,064] {processor.py:651} INFO - DAG(s) dict_keys(['6.1-monitoring']) retrieved from /opt/airflow/dags/6.1-monitoring.py
[2024-06-05 17:08:24,088] {logging_mixin.py:115} INFO - [2024-06-05 17:08:24,087] {dag.py:2420} INFO - Sync 1 DAGs
[2024-06-05 17:08:24,109] {logging_mixin.py:115} INFO - [2024-06-05 17:08:24,109] {dag.py:2972} INFO - Setting next_dagrun for 6.1-monitoring to 2024-06-05T00:00:00+00:00, run_after=2024-06-06T00:00:00+00:00
[2024-06-05 17:08:24,128] {processor.py:161} INFO - Processing /opt/airflow/dags/6.1-monitoring.py took 0.079 seconds
[2024-06-05 17:08:54,512] {processor.py:153} INFO - Started process (PID=564) to work on /opt/airflow/dags/6.1-monitoring.py
[2024-06-05 17:08:54,513] {processor.py:641} INFO - Processing file /opt/airflow/dags/6.1-monitoring.py for tasks to queue
[2024-06-05 17:08:54,513] {logging_mixin.py:115} INFO - [2024-06-05 17:08:54,513] {dagbag.py:508} INFO - Filling up the DagBag from /opt/airflow/dags/6.1-monitoring.py
[2024-06-05 17:08:54,524] {processor.py:651} INFO - DAG(s) dict_keys(['6.1-monitoring']) retrieved from /opt/airflow/dags/6.1-monitoring.py
[2024-06-05 17:08:54,543] {logging_mixin.py:115} INFO - [2024-06-05 17:08:54,543] {dag.py:2420} INFO - Sync 1 DAGs
[2024-06-05 17:08:54,566] {logging_mixin.py:115} INFO - [2024-06-05 17:08:54,566] {dag.py:2972} INFO - Setting next_dagrun for 6.1-monitoring to 2024-06-05T00:00:00+00:00, run_after=2024-06-06T00:00:00+00:00
[2024-06-05 17:08:54,577] {processor.py:161} INFO - Processing /opt/airflow/dags/6.1-monitoring.py took 0.067 seconds
[2024-06-05 17:09:24,941] {processor.py:153} INFO - Started process (PID=590) to work on /opt/airflow/dags/6.1-monitoring.py
[2024-06-05 17:09:24,942] {processor.py:641} INFO - Processing file /opt/airflow/dags/6.1-monitoring.py for tasks to queue
[2024-06-05 17:09:24,942] {logging_mixin.py:115} INFO - [2024-06-05 17:09:24,942] {dagbag.py:508} INFO - Filling up the DagBag from /opt/airflow/dags/6.1-monitoring.py
[2024-06-05 17:09:24,954] {processor.py:651} INFO - DAG(s) dict_keys(['6.1-monitoring']) retrieved from /opt/airflow/dags/6.1-monitoring.py
[2024-06-05 17:09:24,973] {logging_mixin.py:115} INFO - [2024-06-05 17:09:24,972] {dag.py:2420} INFO - Sync 1 DAGs
[2024-06-05 17:09:24,990] {logging_mixin.py:115} INFO - [2024-06-05 17:09:24,990] {dag.py:2972} INFO - Setting next_dagrun for 6.1-monitoring to 2024-06-05T00:00:00+00:00, run_after=2024-06-06T00:00:00+00:00
[2024-06-05 17:09:25,004] {processor.py:161} INFO - Processing /opt/airflow/dags/6.1-monitoring.py took 0.066 seconds
[2024-06-05 17:09:55,416] {processor.py:153} INFO - Started process (PID=625) to work on /opt/airflow/dags/6.1-monitoring.py
[2024-06-05 17:09:55,417] {processor.py:641} INFO - Processing file /opt/airflow/dags/6.1-monitoring.py for tasks to queue
[2024-06-05 17:09:55,417] {logging_mixin.py:115} INFO - [2024-06-05 17:09:55,417] {dagbag.py:508} INFO - Filling up the DagBag from /opt/airflow/dags/6.1-monitoring.py
[2024-06-05 17:09:55,428] {processor.py:651} INFO - DAG(s) dict_keys(['6.1-monitoring']) retrieved from /opt/airflow/dags/6.1-monitoring.py
[2024-06-05 17:09:55,448] {logging_mixin.py:115} INFO - [2024-06-05 17:09:55,448] {dag.py:2420} INFO - Sync 1 DAGs
[2024-06-05 17:09:55,464] {logging_mixin.py:115} INFO - [2024-06-05 17:09:55,464] {dag.py:2972} INFO - Setting next_dagrun for 6.1-monitoring to 2024-06-05T00:00:00+00:00, run_after=2024-06-06T00:00:00+00:00
[2024-06-05 17:09:55,476] {processor.py:161} INFO - Processing /opt/airflow/dags/6.1-monitoring.py took 0.063 seconds
[2024-06-05 17:10:25,918] {processor.py:153} INFO - Started process (PID=659) to work on /opt/airflow/dags/6.1-monitoring.py
[2024-06-05 17:10:25,919] {processor.py:641} INFO - Processing file /opt/airflow/dags/6.1-monitoring.py for tasks to queue
[2024-06-05 17:10:25,919] {logging_mixin.py:115} INFO - [2024-06-05 17:10:25,919] {dagbag.py:508} INFO - Filling up the DagBag from /opt/airflow/dags/6.1-monitoring.py
[2024-06-05 17:10:25,928] {processor.py:651} INFO - DAG(s) dict_keys(['6.1-monitoring']) retrieved from /opt/airflow/dags/6.1-monitoring.py
[2024-06-05 17:10:25,945] {logging_mixin.py:115} INFO - [2024-06-05 17:10:25,945] {dag.py:2420} INFO - Sync 1 DAGs
[2024-06-05 17:10:25,963] {logging_mixin.py:115} INFO - [2024-06-05 17:10:25,963] {dag.py:2972} INFO - Setting next_dagrun for 6.1-monitoring to 2024-06-05T00:00:00+00:00, run_after=2024-06-06T00:00:00+00:00
[2024-06-05 17:10:25,974] {processor.py:161} INFO - Processing /opt/airflow/dags/6.1-monitoring.py took 0.058 seconds
[2024-06-05 17:10:56,405] {processor.py:153} INFO - Started process (PID=694) to work on /opt/airflow/dags/6.1-monitoring.py
[2024-06-05 17:10:56,405] {processor.py:641} INFO - Processing file /opt/airflow/dags/6.1-monitoring.py for tasks to queue
[2024-06-05 17:10:56,406] {logging_mixin.py:115} INFO - [2024-06-05 17:10:56,406] {dagbag.py:508} INFO - Filling up the DagBag from /opt/airflow/dags/6.1-monitoring.py
[2024-06-05 17:10:56,414] {processor.py:651} INFO - DAG(s) dict_keys(['6.1-monitoring']) retrieved from /opt/airflow/dags/6.1-monitoring.py
[2024-06-05 17:10:56,434] {logging_mixin.py:115} INFO - [2024-06-05 17:10:56,434] {dag.py:2420} INFO - Sync 1 DAGs
[2024-06-05 17:10:56,454] {logging_mixin.py:115} INFO - [2024-06-05 17:10:56,454] {dag.py:2972} INFO - Setting next_dagrun for 6.1-monitoring to 2024-06-05T00:00:00+00:00, run_after=2024-06-06T00:00:00+00:00
[2024-06-05 17:10:56,467] {processor.py:161} INFO - Processing /opt/airflow/dags/6.1-monitoring.py took 0.065 seconds
[2024-06-05 17:11:26,861] {processor.py:153} INFO - Started process (PID=728) to work on /opt/airflow/dags/6.1-monitoring.py
[2024-06-05 17:11:26,861] {processor.py:641} INFO - Processing file /opt/airflow/dags/6.1-monitoring.py for tasks to queue
[2024-06-05 17:11:26,862] {logging_mixin.py:115} INFO - [2024-06-05 17:11:26,862] {dagbag.py:508} INFO - Filling up the DagBag from /opt/airflow/dags/6.1-monitoring.py
[2024-06-05 17:11:26,876] {processor.py:651} INFO - DAG(s) dict_keys(['6.1-monitoring']) retrieved from /opt/airflow/dags/6.1-monitoring.py
[2024-06-05 17:11:26,896] {logging_mixin.py:115} INFO - [2024-06-05 17:11:26,896] {dag.py:2420} INFO - Sync 1 DAGs
[2024-06-05 17:11:26,916] {logging_mixin.py:115} INFO - [2024-06-05 17:11:26,915] {dag.py:2972} INFO - Setting next_dagrun for 6.1-monitoring to 2024-06-05T00:00:00+00:00, run_after=2024-06-06T00:00:00+00:00
[2024-06-05 17:11:26,933] {processor.py:161} INFO - Processing /opt/airflow/dags/6.1-monitoring.py took 0.075 seconds
[2024-06-05 17:11:57,246] {processor.py:153} INFO - Started process (PID=753) to work on /opt/airflow/dags/6.1-monitoring.py
[2024-06-05 17:11:57,246] {processor.py:641} INFO - Processing file /opt/airflow/dags/6.1-monitoring.py for tasks to queue
[2024-06-05 17:11:57,247] {logging_mixin.py:115} INFO - [2024-06-05 17:11:57,247] {dagbag.py:508} INFO - Filling up the DagBag from /opt/airflow/dags/6.1-monitoring.py
[2024-06-05 17:11:57,256] {processor.py:651} INFO - DAG(s) dict_keys(['6.1-monitoring']) retrieved from /opt/airflow/dags/6.1-monitoring.py
[2024-06-05 17:11:57,277] {logging_mixin.py:115} INFO - [2024-06-05 17:11:57,277] {dag.py:2420} INFO - Sync 1 DAGs
[2024-06-05 17:11:57,295] {logging_mixin.py:115} INFO - [2024-06-05 17:11:57,295] {dag.py:2972} INFO - Setting next_dagrun for 6.1-monitoring to 2024-06-05T00:00:00+00:00, run_after=2024-06-06T00:00:00+00:00
[2024-06-05 17:11:57,305] {processor.py:161} INFO - Processing /opt/airflow/dags/6.1-monitoring.py took 0.061 seconds
[2024-06-05 17:12:27,705] {processor.py:153} INFO - Started process (PID=788) to work on /opt/airflow/dags/6.1-monitoring.py
[2024-06-05 17:12:27,706] {processor.py:641} INFO - Processing file /opt/airflow/dags/6.1-monitoring.py for tasks to queue
[2024-06-05 17:12:27,707] {logging_mixin.py:115} INFO - [2024-06-05 17:12:27,707] {dagbag.py:508} INFO - Filling up the DagBag from /opt/airflow/dags/6.1-monitoring.py
[2024-06-05 17:12:27,725] {processor.py:651} INFO - DAG(s) dict_keys(['6.1-monitoring']) retrieved from /opt/airflow/dags/6.1-monitoring.py
[2024-06-05 17:12:27,743] {logging_mixin.py:115} INFO - [2024-06-05 17:12:27,743] {dag.py:2420} INFO - Sync 1 DAGs
[2024-06-05 17:12:27,763] {logging_mixin.py:115} INFO - [2024-06-05 17:12:27,763] {dag.py:2972} INFO - Setting next_dagrun for 6.1-monitoring to 2024-06-05T00:00:00+00:00, run_after=2024-06-06T00:00:00+00:00
[2024-06-05 17:12:27,774] {processor.py:161} INFO - Processing /opt/airflow/dags/6.1-monitoring.py took 0.072 seconds
[2024-06-05 17:12:58,173] {processor.py:153} INFO - Started process (PID=823) to work on /opt/airflow/dags/6.1-monitoring.py
[2024-06-05 17:12:58,173] {processor.py:641} INFO - Processing file /opt/airflow/dags/6.1-monitoring.py for tasks to queue
[2024-06-05 17:12:58,174] {logging_mixin.py:115} INFO - [2024-06-05 17:12:58,174] {dagbag.py:508} INFO - Filling up the DagBag from /opt/airflow/dags/6.1-monitoring.py
[2024-06-05 17:12:58,183] {processor.py:651} INFO - DAG(s) dict_keys(['6.1-monitoring']) retrieved from /opt/airflow/dags/6.1-monitoring.py
[2024-06-05 17:12:58,203] {logging_mixin.py:115} INFO - [2024-06-05 17:12:58,203] {dag.py:2420} INFO - Sync 1 DAGs
[2024-06-05 17:12:58,220] {logging_mixin.py:115} INFO - [2024-06-05 17:12:58,220] {dag.py:2972} INFO - Setting next_dagrun for 6.1-monitoring to 2024-06-05T00:00:00+00:00, run_after=2024-06-06T00:00:00+00:00
[2024-06-05 17:12:58,230] {processor.py:161} INFO - Processing /opt/airflow/dags/6.1-monitoring.py took 0.060 seconds
[2024-06-05 17:13:28,628] {processor.py:153} INFO - Started process (PID=857) to work on /opt/airflow/dags/6.1-monitoring.py
[2024-06-05 17:13:28,628] {processor.py:641} INFO - Processing file /opt/airflow/dags/6.1-monitoring.py for tasks to queue
[2024-06-05 17:13:28,629] {logging_mixin.py:115} INFO - [2024-06-05 17:13:28,629] {dagbag.py:508} INFO - Filling up the DagBag from /opt/airflow/dags/6.1-monitoring.py
[2024-06-05 17:13:28,641] {processor.py:651} INFO - DAG(s) dict_keys(['6.1-monitoring']) retrieved from /opt/airflow/dags/6.1-monitoring.py
[2024-06-05 17:13:28,663] {logging_mixin.py:115} INFO - [2024-06-05 17:13:28,663] {dag.py:2420} INFO - Sync 1 DAGs
[2024-06-05 17:13:28,681] {logging_mixin.py:115} INFO - [2024-06-05 17:13:28,680] {dag.py:2972} INFO - Setting next_dagrun for 6.1-monitoring to 2024-06-05T00:00:00+00:00, run_after=2024-06-06T00:00:00+00:00
[2024-06-05 17:13:28,694] {processor.py:161} INFO - Processing /opt/airflow/dags/6.1-monitoring.py took 0.069 seconds
[2024-06-05 17:13:59,094] {processor.py:153} INFO - Started process (PID=883) to work on /opt/airflow/dags/6.1-monitoring.py
[2024-06-05 17:13:59,095] {processor.py:641} INFO - Processing file /opt/airflow/dags/6.1-monitoring.py for tasks to queue
[2024-06-05 17:13:59,096] {logging_mixin.py:115} INFO - [2024-06-05 17:13:59,096] {dagbag.py:508} INFO - Filling up the DagBag from /opt/airflow/dags/6.1-monitoring.py
[2024-06-05 17:13:59,108] {processor.py:651} INFO - DAG(s) dict_keys(['6.1-monitoring']) retrieved from /opt/airflow/dags/6.1-monitoring.py
[2024-06-05 17:13:59,128] {logging_mixin.py:115} INFO - [2024-06-05 17:13:59,128] {dag.py:2420} INFO - Sync 1 DAGs
[2024-06-05 17:13:59,147] {logging_mixin.py:115} INFO - [2024-06-05 17:13:59,147] {dag.py:2972} INFO - Setting next_dagrun for 6.1-monitoring to 2024-06-05T00:00:00+00:00, run_after=2024-06-06T00:00:00+00:00
[2024-06-05 17:13:59,159] {processor.py:161} INFO - Processing /opt/airflow/dags/6.1-monitoring.py took 0.068 seconds
[2024-06-05 17:14:29,586] {processor.py:153} INFO - Started process (PID=918) to work on /opt/airflow/dags/6.1-monitoring.py
[2024-06-05 17:14:29,586] {processor.py:641} INFO - Processing file /opt/airflow/dags/6.1-monitoring.py for tasks to queue
[2024-06-05 17:14:29,587] {logging_mixin.py:115} INFO - [2024-06-05 17:14:29,587] {dagbag.py:508} INFO - Filling up the DagBag from /opt/airflow/dags/6.1-monitoring.py
[2024-06-05 17:14:29,602] {processor.py:651} INFO - DAG(s) dict_keys(['6.1-monitoring']) retrieved from /opt/airflow/dags/6.1-monitoring.py
[2024-06-05 17:14:29,627] {logging_mixin.py:115} INFO - [2024-06-05 17:14:29,627] {dag.py:2420} INFO - Sync 1 DAGs
[2024-06-05 17:14:29,660] {logging_mixin.py:115} INFO - [2024-06-05 17:14:29,660] {dag.py:2972} INFO - Setting next_dagrun for 6.1-monitoring to 2024-06-05T00:00:00+00:00, run_after=2024-06-06T00:00:00+00:00
[2024-06-05 17:14:29,672] {processor.py:161} INFO - Processing /opt/airflow/dags/6.1-monitoring.py took 0.091 seconds
[2024-06-05 17:15:00,112] {processor.py:153} INFO - Started process (PID=953) to work on /opt/airflow/dags/6.1-monitoring.py
[2024-06-05 17:15:00,112] {processor.py:641} INFO - Processing file /opt/airflow/dags/6.1-monitoring.py for tasks to queue
[2024-06-05 17:15:00,113] {logging_mixin.py:115} INFO - [2024-06-05 17:15:00,113] {dagbag.py:508} INFO - Filling up the DagBag from /opt/airflow/dags/6.1-monitoring.py
[2024-06-05 17:15:00,121] {processor.py:651} INFO - DAG(s) dict_keys(['6.1-monitoring']) retrieved from /opt/airflow/dags/6.1-monitoring.py
[2024-06-05 17:15:00,144] {logging_mixin.py:115} INFO - [2024-06-05 17:15:00,144] {dag.py:2420} INFO - Sync 1 DAGs
[2024-06-05 17:15:00,160] {logging_mixin.py:115} INFO - [2024-06-05 17:15:00,160] {dag.py:2972} INFO - Setting next_dagrun for 6.1-monitoring to 2024-06-05T00:00:00+00:00, run_after=2024-06-06T00:00:00+00:00
[2024-06-05 17:15:00,171] {processor.py:161} INFO - Processing /opt/airflow/dags/6.1-monitoring.py took 0.062 seconds
[2024-06-05 17:15:30,572] {processor.py:153} INFO - Started process (PID=988) to work on /opt/airflow/dags/6.1-monitoring.py
[2024-06-05 17:15:30,573] {processor.py:641} INFO - Processing file /opt/airflow/dags/6.1-monitoring.py for tasks to queue
[2024-06-05 17:15:30,573] {logging_mixin.py:115} INFO - [2024-06-05 17:15:30,573] {dagbag.py:508} INFO - Filling up the DagBag from /opt/airflow/dags/6.1-monitoring.py
[2024-06-05 17:15:30,583] {processor.py:651} INFO - DAG(s) dict_keys(['6.1-monitoring']) retrieved from /opt/airflow/dags/6.1-monitoring.py
[2024-06-05 17:15:30,608] {logging_mixin.py:115} INFO - [2024-06-05 17:15:30,607] {dag.py:2420} INFO - Sync 1 DAGs
[2024-06-05 17:15:30,628] {logging_mixin.py:115} INFO - [2024-06-05 17:15:30,628] {dag.py:2972} INFO - Setting next_dagrun for 6.1-monitoring to 2024-06-05T00:00:00+00:00, run_after=2024-06-06T00:00:00+00:00
[2024-06-05 17:15:30,638] {processor.py:161} INFO - Processing /opt/airflow/dags/6.1-monitoring.py took 0.068 seconds
[2024-06-05 17:16:01,045] {processor.py:153} INFO - Started process (PID=1013) to work on /opt/airflow/dags/6.1-monitoring.py
[2024-06-05 17:16:01,045] {processor.py:641} INFO - Processing file /opt/airflow/dags/6.1-monitoring.py for tasks to queue
[2024-06-05 17:16:01,046] {logging_mixin.py:115} INFO - [2024-06-05 17:16:01,046] {dagbag.py:508} INFO - Filling up the DagBag from /opt/airflow/dags/6.1-monitoring.py
[2024-06-05 17:16:01,055] {processor.py:651} INFO - DAG(s) dict_keys(['6.1-monitoring']) retrieved from /opt/airflow/dags/6.1-monitoring.py
[2024-06-05 17:16:01,078] {logging_mixin.py:115} INFO - [2024-06-05 17:16:01,078] {dag.py:2420} INFO - Sync 1 DAGs
[2024-06-05 17:16:01,094] {logging_mixin.py:115} INFO - [2024-06-05 17:16:01,094] {dag.py:2972} INFO - Setting next_dagrun for 6.1-monitoring to 2024-06-05T00:00:00+00:00, run_after=2024-06-06T00:00:00+00:00
[2024-06-05 17:16:01,108] {processor.py:161} INFO - Processing /opt/airflow/dags/6.1-monitoring.py took 0.067 seconds
[2024-06-05 17:16:31,474] {processor.py:153} INFO - Started process (PID=1048) to work on /opt/airflow/dags/6.1-monitoring.py
[2024-06-05 17:16:31,474] {processor.py:641} INFO - Processing file /opt/airflow/dags/6.1-monitoring.py for tasks to queue
[2024-06-05 17:16:31,475] {logging_mixin.py:115} INFO - [2024-06-05 17:16:31,475] {dagbag.py:508} INFO - Filling up the DagBag from /opt/airflow/dags/6.1-monitoring.py
[2024-06-05 17:16:31,485] {processor.py:651} INFO - DAG(s) dict_keys(['6.1-monitoring']) retrieved from /opt/airflow/dags/6.1-monitoring.py
[2024-06-05 17:16:31,504] {logging_mixin.py:115} INFO - [2024-06-05 17:16:31,504] {dag.py:2420} INFO - Sync 1 DAGs
[2024-06-05 17:16:31,522] {logging_mixin.py:115} INFO - [2024-06-05 17:16:31,522] {dag.py:2972} INFO - Setting next_dagrun for 6.1-monitoring to 2024-06-05T00:00:00+00:00, run_after=2024-06-06T00:00:00+00:00
[2024-06-05 17:16:31,532] {processor.py:161} INFO - Processing /opt/airflow/dags/6.1-monitoring.py took 0.061 seconds
[2024-06-05 17:17:01,934] {processor.py:153} INFO - Started process (PID=1083) to work on /opt/airflow/dags/6.1-monitoring.py
[2024-06-05 17:17:01,935] {processor.py:641} INFO - Processing file /opt/airflow/dags/6.1-monitoring.py for tasks to queue
[2024-06-05 17:17:01,935] {logging_mixin.py:115} INFO - [2024-06-05 17:17:01,935] {dagbag.py:508} INFO - Filling up the DagBag from /opt/airflow/dags/6.1-monitoring.py
[2024-06-05 17:17:01,947] {processor.py:651} INFO - DAG(s) dict_keys(['6.1-monitoring']) retrieved from /opt/airflow/dags/6.1-monitoring.py
[2024-06-05 17:17:01,965] {logging_mixin.py:115} INFO - [2024-06-05 17:17:01,965] {dag.py:2420} INFO - Sync 1 DAGs
[2024-06-05 17:17:01,982] {logging_mixin.py:115} INFO - [2024-06-05 17:17:01,982] {dag.py:2972} INFO - Setting next_dagrun for 6.1-monitoring to 2024-06-05T00:00:00+00:00, run_after=2024-06-06T00:00:00+00:00
[2024-06-05 17:17:01,992] {processor.py:161} INFO - Processing /opt/airflow/dags/6.1-monitoring.py took 0.060 seconds
[2024-06-05 17:17:32,400] {processor.py:153} INFO - Started process (PID=1118) to work on /opt/airflow/dags/6.1-monitoring.py
[2024-06-05 17:17:32,401] {processor.py:641} INFO - Processing file /opt/airflow/dags/6.1-monitoring.py for tasks to queue
[2024-06-05 17:17:32,402] {logging_mixin.py:115} INFO - [2024-06-05 17:17:32,402] {dagbag.py:508} INFO - Filling up the DagBag from /opt/airflow/dags/6.1-monitoring.py
[2024-06-05 17:17:32,412] {processor.py:651} INFO - DAG(s) dict_keys(['6.1-monitoring']) retrieved from /opt/airflow/dags/6.1-monitoring.py
[2024-06-05 17:17:32,432] {logging_mixin.py:115} INFO - [2024-06-05 17:17:32,432] {dag.py:2420} INFO - Sync 1 DAGs
[2024-06-05 17:17:32,450] {logging_mixin.py:115} INFO - [2024-06-05 17:17:32,450] {dag.py:2972} INFO - Setting next_dagrun for 6.1-monitoring to 2024-06-05T00:00:00+00:00, run_after=2024-06-06T00:00:00+00:00
[2024-06-05 17:17:32,462] {processor.py:161} INFO - Processing /opt/airflow/dags/6.1-monitoring.py took 0.064 seconds
[2024-06-05 17:18:02,936] {processor.py:153} INFO - Started process (PID=1153) to work on /opt/airflow/dags/6.1-monitoring.py
[2024-06-05 17:18:02,936] {processor.py:641} INFO - Processing file /opt/airflow/dags/6.1-monitoring.py for tasks to queue
[2024-06-05 17:18:02,937] {logging_mixin.py:115} INFO - [2024-06-05 17:18:02,937] {dagbag.py:508} INFO - Filling up the DagBag from /opt/airflow/dags/6.1-monitoring.py
[2024-06-05 17:18:02,951] {processor.py:651} INFO - DAG(s) dict_keys(['6.1-monitoring']) retrieved from /opt/airflow/dags/6.1-monitoring.py
[2024-06-05 17:18:02,973] {logging_mixin.py:115} INFO - [2024-06-05 17:18:02,973] {dag.py:2420} INFO - Sync 1 DAGs
[2024-06-05 17:18:02,993] {logging_mixin.py:115} INFO - [2024-06-05 17:18:02,993] {dag.py:2972} INFO - Setting next_dagrun for 6.1-monitoring to 2024-06-05T00:00:00+00:00, run_after=2024-06-06T00:00:00+00:00
[2024-06-05 17:18:03,006] {processor.py:161} INFO - Processing /opt/airflow/dags/6.1-monitoring.py took 0.074 seconds
[2024-06-05 17:18:33,423] {processor.py:153} INFO - Started process (PID=1178) to work on /opt/airflow/dags/6.1-monitoring.py
[2024-06-05 17:18:33,424] {processor.py:641} INFO - Processing file /opt/airflow/dags/6.1-monitoring.py for tasks to queue
[2024-06-05 17:18:33,424] {logging_mixin.py:115} INFO - [2024-06-05 17:18:33,424] {dagbag.py:508} INFO - Filling up the DagBag from /opt/airflow/dags/6.1-monitoring.py
[2024-06-05 17:18:33,439] {processor.py:651} INFO - DAG(s) dict_keys(['6.1-monitoring']) retrieved from /opt/airflow/dags/6.1-monitoring.py
[2024-06-05 17:18:33,461] {logging_mixin.py:115} INFO - [2024-06-05 17:18:33,461] {dag.py:2420} INFO - Sync 1 DAGs
[2024-06-05 17:18:33,481] {logging_mixin.py:115} INFO - [2024-06-05 17:18:33,481] {dag.py:2972} INFO - Setting next_dagrun for 6.1-monitoring to 2024-06-05T00:00:00+00:00, run_after=2024-06-06T00:00:00+00:00
[2024-06-05 17:18:33,493] {processor.py:161} INFO - Processing /opt/airflow/dags/6.1-monitoring.py took 0.072 seconds
[2024-06-05 17:19:03,857] {processor.py:153} INFO - Started process (PID=1213) to work on /opt/airflow/dags/6.1-monitoring.py
[2024-06-05 17:19:03,857] {processor.py:641} INFO - Processing file /opt/airflow/dags/6.1-monitoring.py for tasks to queue
[2024-06-05 17:19:03,858] {logging_mixin.py:115} INFO - [2024-06-05 17:19:03,858] {dagbag.py:508} INFO - Filling up the DagBag from /opt/airflow/dags/6.1-monitoring.py
[2024-06-05 17:19:03,868] {processor.py:651} INFO - DAG(s) dict_keys(['6.1-monitoring']) retrieved from /opt/airflow/dags/6.1-monitoring.py
[2024-06-05 17:19:03,890] {logging_mixin.py:115} INFO - [2024-06-05 17:19:03,890] {dag.py:2420} INFO - Sync 1 DAGs
[2024-06-05 17:19:03,908] {logging_mixin.py:115} INFO - [2024-06-05 17:19:03,908] {dag.py:2972} INFO - Setting next_dagrun for 6.1-monitoring to 2024-06-05T00:00:00+00:00, run_after=2024-06-06T00:00:00+00:00
[2024-06-05 17:19:03,921] {processor.py:161} INFO - Processing /opt/airflow/dags/6.1-monitoring.py took 0.066 seconds
[2024-06-05 17:19:34,310] {processor.py:153} INFO - Started process (PID=1248) to work on /opt/airflow/dags/6.1-monitoring.py
[2024-06-05 17:19:34,311] {processor.py:641} INFO - Processing file /opt/airflow/dags/6.1-monitoring.py for tasks to queue
[2024-06-05 17:19:34,311] {logging_mixin.py:115} INFO - [2024-06-05 17:19:34,311] {dagbag.py:508} INFO - Filling up the DagBag from /opt/airflow/dags/6.1-monitoring.py
[2024-06-05 17:19:34,321] {processor.py:651} INFO - DAG(s) dict_keys(['6.1-monitoring']) retrieved from /opt/airflow/dags/6.1-monitoring.py
[2024-06-05 17:19:34,342] {logging_mixin.py:115} INFO - [2024-06-05 17:19:34,342] {dag.py:2420} INFO - Sync 1 DAGs
[2024-06-05 17:19:34,363] {logging_mixin.py:115} INFO - [2024-06-05 17:19:34,363] {dag.py:2972} INFO - Setting next_dagrun for 6.1-monitoring to 2024-06-05T00:00:00+00:00, run_after=2024-06-06T00:00:00+00:00
[2024-06-05 17:19:34,374] {processor.py:161} INFO - Processing /opt/airflow/dags/6.1-monitoring.py took 0.067 seconds
[2024-06-05 17:20:04,754] {processor.py:153} INFO - Started process (PID=1283) to work on /opt/airflow/dags/6.1-monitoring.py
[2024-06-05 17:20:04,754] {processor.py:641} INFO - Processing file /opt/airflow/dags/6.1-monitoring.py for tasks to queue
[2024-06-05 17:20:04,755] {logging_mixin.py:115} INFO - [2024-06-05 17:20:04,755] {dagbag.py:508} INFO - Filling up the DagBag from /opt/airflow/dags/6.1-monitoring.py
[2024-06-05 17:20:04,774] {processor.py:651} INFO - DAG(s) dict_keys(['6.1-monitoring']) retrieved from /opt/airflow/dags/6.1-monitoring.py
[2024-06-05 17:20:04,803] {logging_mixin.py:115} INFO - [2024-06-05 17:20:04,802] {dag.py:2420} INFO - Sync 1 DAGs
[2024-06-05 17:20:04,836] {logging_mixin.py:115} INFO - [2024-06-05 17:20:04,835] {dag.py:2972} INFO - Setting next_dagrun for 6.1-monitoring to 2024-06-05T00:00:00+00:00, run_after=2024-06-06T00:00:00+00:00
[2024-06-05 17:20:04,853] {processor.py:161} INFO - Processing /opt/airflow/dags/6.1-monitoring.py took 0.102 seconds
[2024-06-05 17:20:35,236] {processor.py:153} INFO - Started process (PID=1309) to work on /opt/airflow/dags/6.1-monitoring.py
[2024-06-05 17:20:35,237] {processor.py:641} INFO - Processing file /opt/airflow/dags/6.1-monitoring.py for tasks to queue
[2024-06-05 17:20:35,237] {logging_mixin.py:115} INFO - [2024-06-05 17:20:35,237] {dagbag.py:508} INFO - Filling up the DagBag from /opt/airflow/dags/6.1-monitoring.py
[2024-06-05 17:20:35,250] {processor.py:651} INFO - DAG(s) dict_keys(['6.1-monitoring']) retrieved from /opt/airflow/dags/6.1-monitoring.py
[2024-06-05 17:20:35,278] {logging_mixin.py:115} INFO - [2024-06-05 17:20:35,278] {dag.py:2420} INFO - Sync 1 DAGs
[2024-06-05 17:20:35,298] {logging_mixin.py:115} INFO - [2024-06-05 17:20:35,298] {dag.py:2972} INFO - Setting next_dagrun for 6.1-monitoring to 2024-06-05T00:00:00+00:00, run_after=2024-06-06T00:00:00+00:00
[2024-06-05 17:20:35,308] {processor.py:161} INFO - Processing /opt/airflow/dags/6.1-monitoring.py took 0.074 seconds
[2024-06-05 17:21:05,651] {processor.py:153} INFO - Started process (PID=1344) to work on /opt/airflow/dags/6.1-monitoring.py
[2024-06-05 17:21:05,654] {processor.py:641} INFO - Processing file /opt/airflow/dags/6.1-monitoring.py for tasks to queue
[2024-06-05 17:21:05,655] {logging_mixin.py:115} INFO - [2024-06-05 17:21:05,654] {dagbag.py:508} INFO - Filling up the DagBag from /opt/airflow/dags/6.1-monitoring.py
[2024-06-05 17:21:05,666] {processor.py:651} INFO - DAG(s) dict_keys(['6.1-monitoring']) retrieved from /opt/airflow/dags/6.1-monitoring.py
[2024-06-05 17:21:05,688] {logging_mixin.py:115} INFO - [2024-06-05 17:21:05,688] {dag.py:2420} INFO - Sync 1 DAGs
[2024-06-05 17:21:05,707] {logging_mixin.py:115} INFO - [2024-06-05 17:21:05,707] {dag.py:2972} INFO - Setting next_dagrun for 6.1-monitoring to 2024-06-05T00:00:00+00:00, run_after=2024-06-06T00:00:00+00:00
[2024-06-05 17:21:05,719] {processor.py:161} INFO - Processing /opt/airflow/dags/6.1-monitoring.py took 0.071 seconds
[2024-06-05 17:21:36,044] {processor.py:153} INFO - Started process (PID=1379) to work on /opt/airflow/dags/6.1-monitoring.py
[2024-06-05 17:21:36,045] {processor.py:641} INFO - Processing file /opt/airflow/dags/6.1-monitoring.py for tasks to queue
[2024-06-05 17:21:36,045] {logging_mixin.py:115} INFO - [2024-06-05 17:21:36,045] {dagbag.py:508} INFO - Filling up the DagBag from /opt/airflow/dags/6.1-monitoring.py
[2024-06-05 17:21:36,054] {processor.py:651} INFO - DAG(s) dict_keys(['6.1-monitoring']) retrieved from /opt/airflow/dags/6.1-monitoring.py
[2024-06-05 17:21:36,075] {logging_mixin.py:115} INFO - [2024-06-05 17:21:36,075] {dag.py:2420} INFO - Sync 1 DAGs
[2024-06-05 17:21:36,095] {logging_mixin.py:115} INFO - [2024-06-05 17:21:36,094] {dag.py:2972} INFO - Setting next_dagrun for 6.1-monitoring to 2024-06-05T00:00:00+00:00, run_after=2024-06-06T00:00:00+00:00
[2024-06-05 17:21:36,109] {processor.py:161} INFO - Processing /opt/airflow/dags/6.1-monitoring.py took 0.067 seconds
[2024-06-05 17:22:06,507] {processor.py:153} INFO - Started process (PID=1414) to work on /opt/airflow/dags/6.1-monitoring.py
[2024-06-05 17:22:06,507] {processor.py:641} INFO - Processing file /opt/airflow/dags/6.1-monitoring.py for tasks to queue
[2024-06-05 17:22:06,508] {logging_mixin.py:115} INFO - [2024-06-05 17:22:06,508] {dagbag.py:508} INFO - Filling up the DagBag from /opt/airflow/dags/6.1-monitoring.py
[2024-06-05 17:22:06,518] {processor.py:651} INFO - DAG(s) dict_keys(['6.1-monitoring']) retrieved from /opt/airflow/dags/6.1-monitoring.py
[2024-06-05 17:22:06,541] {logging_mixin.py:115} INFO - [2024-06-05 17:22:06,541] {dag.py:2420} INFO - Sync 1 DAGs
[2024-06-05 17:22:06,561] {logging_mixin.py:115} INFO - [2024-06-05 17:22:06,560] {dag.py:2972} INFO - Setting next_dagrun for 6.1-monitoring to 2024-06-05T00:00:00+00:00, run_after=2024-06-06T00:00:00+00:00
[2024-06-05 17:22:06,571] {processor.py:161} INFO - Processing /opt/airflow/dags/6.1-monitoring.py took 0.067 seconds
[2024-06-05 17:22:36,978] {processor.py:153} INFO - Started process (PID=1440) to work on /opt/airflow/dags/6.1-monitoring.py
[2024-06-05 17:22:36,979] {processor.py:641} INFO - Processing file /opt/airflow/dags/6.1-monitoring.py for tasks to queue
[2024-06-05 17:22:36,979] {logging_mixin.py:115} INFO - [2024-06-05 17:22:36,979] {dagbag.py:508} INFO - Filling up the DagBag from /opt/airflow/dags/6.1-monitoring.py
[2024-06-05 17:22:36,989] {processor.py:651} INFO - DAG(s) dict_keys(['6.1-monitoring']) retrieved from /opt/airflow/dags/6.1-monitoring.py
[2024-06-05 17:22:37,006] {logging_mixin.py:115} INFO - [2024-06-05 17:22:37,006] {dag.py:2420} INFO - Sync 1 DAGs
[2024-06-05 17:22:37,024] {logging_mixin.py:115} INFO - [2024-06-05 17:22:37,024] {dag.py:2972} INFO - Setting next_dagrun for 6.1-monitoring to 2024-06-05T00:00:00+00:00, run_after=2024-06-06T00:00:00+00:00
[2024-06-05 17:22:37,034] {processor.py:161} INFO - Processing /opt/airflow/dags/6.1-monitoring.py took 0.058 seconds
[2024-06-05 17:23:07,412] {processor.py:153} INFO - Started process (PID=1475) to work on /opt/airflow/dags/6.1-monitoring.py
[2024-06-05 17:23:07,412] {processor.py:641} INFO - Processing file /opt/airflow/dags/6.1-monitoring.py for tasks to queue
[2024-06-05 17:23:07,413] {logging_mixin.py:115} INFO - [2024-06-05 17:23:07,413] {dagbag.py:508} INFO - Filling up the DagBag from /opt/airflow/dags/6.1-monitoring.py
[2024-06-05 17:23:07,422] {processor.py:651} INFO - DAG(s) dict_keys(['6.1-monitoring']) retrieved from /opt/airflow/dags/6.1-monitoring.py
[2024-06-05 17:23:07,443] {logging_mixin.py:115} INFO - [2024-06-05 17:23:07,443] {dag.py:2420} INFO - Sync 1 DAGs
[2024-06-05 17:23:07,461] {logging_mixin.py:115} INFO - [2024-06-05 17:23:07,461] {dag.py:2972} INFO - Setting next_dagrun for 6.1-monitoring to 2024-06-05T00:00:00+00:00, run_after=2024-06-06T00:00:00+00:00
[2024-06-05 17:23:07,472] {processor.py:161} INFO - Processing /opt/airflow/dags/6.1-monitoring.py took 0.063 seconds
[2024-06-05 17:23:37,844] {processor.py:153} INFO - Started process (PID=1510) to work on /opt/airflow/dags/6.1-monitoring.py
[2024-06-05 17:23:37,845] {processor.py:641} INFO - Processing file /opt/airflow/dags/6.1-monitoring.py for tasks to queue
[2024-06-05 17:23:37,845] {logging_mixin.py:115} INFO - [2024-06-05 17:23:37,845] {dagbag.py:508} INFO - Filling up the DagBag from /opt/airflow/dags/6.1-monitoring.py
[2024-06-05 17:23:37,856] {processor.py:651} INFO - DAG(s) dict_keys(['6.1-monitoring']) retrieved from /opt/airflow/dags/6.1-monitoring.py
[2024-06-05 17:23:37,877] {logging_mixin.py:115} INFO - [2024-06-05 17:23:37,877] {dag.py:2420} INFO - Sync 1 DAGs
[2024-06-05 17:23:37,895] {logging_mixin.py:115} INFO - [2024-06-05 17:23:37,895] {dag.py:2972} INFO - Setting next_dagrun for 6.1-monitoring to 2024-06-05T00:00:00+00:00, run_after=2024-06-06T00:00:00+00:00
[2024-06-05 17:23:37,909] {processor.py:161} INFO - Processing /opt/airflow/dags/6.1-monitoring.py took 0.067 seconds
[2024-06-05 17:24:08,288] {processor.py:153} INFO - Started process (PID=1545) to work on /opt/airflow/dags/6.1-monitoring.py
[2024-06-05 17:24:08,291] {processor.py:641} INFO - Processing file /opt/airflow/dags/6.1-monitoring.py for tasks to queue
[2024-06-05 17:24:08,295] {logging_mixin.py:115} INFO - [2024-06-05 17:24:08,295] {dagbag.py:508} INFO - Filling up the DagBag from /opt/airflow/dags/6.1-monitoring.py
[2024-06-05 17:24:08,305] {processor.py:651} INFO - DAG(s) dict_keys(['6.1-monitoring']) retrieved from /opt/airflow/dags/6.1-monitoring.py
[2024-06-05 17:24:08,324] {logging_mixin.py:115} INFO - [2024-06-05 17:24:08,324] {dag.py:2420} INFO - Sync 1 DAGs
[2024-06-05 17:24:08,341] {logging_mixin.py:115} INFO - [2024-06-05 17:24:08,341] {dag.py:2972} INFO - Setting next_dagrun for 6.1-monitoring to 2024-06-05T00:00:00+00:00, run_after=2024-06-06T00:00:00+00:00
[2024-06-05 17:24:08,353] {processor.py:161} INFO - Processing /opt/airflow/dags/6.1-monitoring.py took 0.067 seconds
[2024-06-05 17:24:38,794] {processor.py:153} INFO - Started process (PID=1580) to work on /opt/airflow/dags/6.1-monitoring.py
[2024-06-05 17:24:38,796] {processor.py:641} INFO - Processing file /opt/airflow/dags/6.1-monitoring.py for tasks to queue
[2024-06-05 17:24:38,799] {logging_mixin.py:115} INFO - [2024-06-05 17:24:38,799] {dagbag.py:508} INFO - Filling up the DagBag from /opt/airflow/dags/6.1-monitoring.py
[2024-06-05 17:24:38,812] {processor.py:651} INFO - DAG(s) dict_keys(['6.1-monitoring']) retrieved from /opt/airflow/dags/6.1-monitoring.py
[2024-06-05 17:24:38,838] {logging_mixin.py:115} INFO - [2024-06-05 17:24:38,838] {dag.py:2420} INFO - Sync 1 DAGs
[2024-06-05 17:24:38,866] {logging_mixin.py:115} INFO - [2024-06-05 17:24:38,865] {dag.py:2972} INFO - Setting next_dagrun for 6.1-monitoring to 2024-06-05T00:00:00+00:00, run_after=2024-06-06T00:00:00+00:00
[2024-06-05 17:24:38,884] {processor.py:161} INFO - Processing /opt/airflow/dags/6.1-monitoring.py took 0.093 seconds
[2024-06-05 17:25:09,309] {processor.py:153} INFO - Started process (PID=1605) to work on /opt/airflow/dags/6.1-monitoring.py
[2024-06-05 17:25:09,309] {processor.py:641} INFO - Processing file /opt/airflow/dags/6.1-monitoring.py for tasks to queue
[2024-06-05 17:25:09,310] {logging_mixin.py:115} INFO - [2024-06-05 17:25:09,310] {dagbag.py:508} INFO - Filling up the DagBag from /opt/airflow/dags/6.1-monitoring.py
[2024-06-05 17:25:09,328] {processor.py:651} INFO - DAG(s) dict_keys(['6.1-monitoring']) retrieved from /opt/airflow/dags/6.1-monitoring.py
[2024-06-05 17:25:09,355] {logging_mixin.py:115} INFO - [2024-06-05 17:25:09,355] {dag.py:2420} INFO - Sync 1 DAGs
[2024-06-05 17:25:09,376] {logging_mixin.py:115} INFO - [2024-06-05 17:25:09,376] {dag.py:2972} INFO - Setting next_dagrun for 6.1-monitoring to 2024-06-05T00:00:00+00:00, run_after=2024-06-06T00:00:00+00:00
[2024-06-05 17:25:09,392] {processor.py:161} INFO - Processing /opt/airflow/dags/6.1-monitoring.py took 0.086 seconds
[2024-06-05 17:25:39,909] {processor.py:153} INFO - Started process (PID=1640) to work on /opt/airflow/dags/6.1-monitoring.py
[2024-06-05 17:25:39,910] {processor.py:641} INFO - Processing file /opt/airflow/dags/6.1-monitoring.py for tasks to queue
[2024-06-05 17:25:39,910] {logging_mixin.py:115} INFO - [2024-06-05 17:25:39,910] {dagbag.py:508} INFO - Filling up the DagBag from /opt/airflow/dags/6.1-monitoring.py
[2024-06-05 17:25:39,921] {processor.py:651} INFO - DAG(s) dict_keys(['6.1-monitoring']) retrieved from /opt/airflow/dags/6.1-monitoring.py
[2024-06-05 17:25:39,940] {logging_mixin.py:115} INFO - [2024-06-05 17:25:39,940] {dag.py:2420} INFO - Sync 1 DAGs
[2024-06-05 17:25:39,957] {logging_mixin.py:115} INFO - [2024-06-05 17:25:39,957] {dag.py:2972} INFO - Setting next_dagrun for 6.1-monitoring to 2024-06-05T00:00:00+00:00, run_after=2024-06-06T00:00:00+00:00
[2024-06-05 17:25:39,986] {processor.py:161} INFO - Processing /opt/airflow/dags/6.1-monitoring.py took 0.080 seconds
[2024-06-05 17:26:10,426] {processor.py:153} INFO - Started process (PID=1675) to work on /opt/airflow/dags/6.1-monitoring.py
[2024-06-05 17:26:10,428] {processor.py:641} INFO - Processing file /opt/airflow/dags/6.1-monitoring.py for tasks to queue
[2024-06-05 17:26:10,428] {logging_mixin.py:115} INFO - [2024-06-05 17:26:10,428] {dagbag.py:508} INFO - Filling up the DagBag from /opt/airflow/dags/6.1-monitoring.py
[2024-06-05 17:26:10,441] {processor.py:651} INFO - DAG(s) dict_keys(['6.1-monitoring']) retrieved from /opt/airflow/dags/6.1-monitoring.py
[2024-06-05 17:26:10,468] {logging_mixin.py:115} INFO - [2024-06-05 17:26:10,468] {dag.py:2420} INFO - Sync 1 DAGs
[2024-06-05 17:26:10,489] {logging_mixin.py:115} INFO - [2024-06-05 17:26:10,489] {dag.py:2972} INFO - Setting next_dagrun for 6.1-monitoring to 2024-06-05T00:00:00+00:00, run_after=2024-06-06T00:00:00+00:00
[2024-06-05 17:26:10,502] {processor.py:161} INFO - Processing /opt/airflow/dags/6.1-monitoring.py took 0.081 seconds
[2024-06-05 17:26:40,892] {processor.py:153} INFO - Started process (PID=1710) to work on /opt/airflow/dags/6.1-monitoring.py
[2024-06-05 17:26:40,893] {processor.py:641} INFO - Processing file /opt/airflow/dags/6.1-monitoring.py for tasks to queue
[2024-06-05 17:26:40,894] {logging_mixin.py:115} INFO - [2024-06-05 17:26:40,894] {dagbag.py:508} INFO - Filling up the DagBag from /opt/airflow/dags/6.1-monitoring.py
[2024-06-05 17:26:40,904] {processor.py:651} INFO - DAG(s) dict_keys(['6.1-monitoring']) retrieved from /opt/airflow/dags/6.1-monitoring.py
[2024-06-05 17:26:40,925] {logging_mixin.py:115} INFO - [2024-06-05 17:26:40,925] {dag.py:2420} INFO - Sync 1 DAGs
[2024-06-05 17:26:40,945] {logging_mixin.py:115} INFO - [2024-06-05 17:26:40,945] {dag.py:2972} INFO - Setting next_dagrun for 6.1-monitoring to 2024-06-05T00:00:00+00:00, run_after=2024-06-06T00:00:00+00:00
[2024-06-05 17:26:40,959] {processor.py:161} INFO - Processing /opt/airflow/dags/6.1-monitoring.py took 0.070 seconds
[2024-06-05 17:27:11,397] {processor.py:153} INFO - Started process (PID=1736) to work on /opt/airflow/dags/6.1-monitoring.py
[2024-06-05 17:27:11,398] {processor.py:641} INFO - Processing file /opt/airflow/dags/6.1-monitoring.py for tasks to queue
[2024-06-05 17:27:11,399] {logging_mixin.py:115} INFO - [2024-06-05 17:27:11,399] {dagbag.py:508} INFO - Filling up the DagBag from /opt/airflow/dags/6.1-monitoring.py
[2024-06-05 17:27:11,410] {processor.py:651} INFO - DAG(s) dict_keys(['6.1-monitoring']) retrieved from /opt/airflow/dags/6.1-monitoring.py
[2024-06-05 17:27:11,432] {logging_mixin.py:115} INFO - [2024-06-05 17:27:11,432] {dag.py:2420} INFO - Sync 1 DAGs
[2024-06-05 17:27:11,456] {logging_mixin.py:115} INFO - [2024-06-05 17:27:11,456] {dag.py:2972} INFO - Setting next_dagrun for 6.1-monitoring to 2024-06-05T00:00:00+00:00, run_after=2024-06-06T00:00:00+00:00
[2024-06-05 17:27:11,468] {processor.py:161} INFO - Processing /opt/airflow/dags/6.1-monitoring.py took 0.074 seconds
[2024-06-05 17:27:41,870] {processor.py:153} INFO - Started process (PID=1771) to work on /opt/airflow/dags/6.1-monitoring.py
[2024-06-05 17:27:41,870] {processor.py:641} INFO - Processing file /opt/airflow/dags/6.1-monitoring.py for tasks to queue
[2024-06-05 17:27:41,871] {logging_mixin.py:115} INFO - [2024-06-05 17:27:41,871] {dagbag.py:508} INFO - Filling up the DagBag from /opt/airflow/dags/6.1-monitoring.py
[2024-06-05 17:27:41,881] {processor.py:651} INFO - DAG(s) dict_keys(['6.1-monitoring']) retrieved from /opt/airflow/dags/6.1-monitoring.py
[2024-06-05 17:27:41,904] {logging_mixin.py:115} INFO - [2024-06-05 17:27:41,904] {dag.py:2420} INFO - Sync 1 DAGs
[2024-06-05 17:27:41,923] {logging_mixin.py:115} INFO - [2024-06-05 17:27:41,923] {dag.py:2972} INFO - Setting next_dagrun for 6.1-monitoring to 2024-06-05T00:00:00+00:00, run_after=2024-06-06T00:00:00+00:00
[2024-06-05 17:27:41,932] {processor.py:161} INFO - Processing /opt/airflow/dags/6.1-monitoring.py took 0.065 seconds
[2024-06-05 17:28:12,312] {processor.py:153} INFO - Started process (PID=1806) to work on /opt/airflow/dags/6.1-monitoring.py
[2024-06-05 17:28:12,313] {processor.py:641} INFO - Processing file /opt/airflow/dags/6.1-monitoring.py for tasks to queue
[2024-06-05 17:28:12,314] {logging_mixin.py:115} INFO - [2024-06-05 17:28:12,314] {dagbag.py:508} INFO - Filling up the DagBag from /opt/airflow/dags/6.1-monitoring.py
[2024-06-05 17:28:12,325] {processor.py:651} INFO - DAG(s) dict_keys(['6.1-monitoring']) retrieved from /opt/airflow/dags/6.1-monitoring.py
[2024-06-05 17:28:12,349] {logging_mixin.py:115} INFO - [2024-06-05 17:28:12,349] {dag.py:2420} INFO - Sync 1 DAGs
[2024-06-05 17:28:12,367] {logging_mixin.py:115} INFO - [2024-06-05 17:28:12,366] {dag.py:2972} INFO - Setting next_dagrun for 6.1-monitoring to 2024-06-05T00:00:00+00:00, run_after=2024-06-06T00:00:00+00:00
[2024-06-05 17:28:12,376] {processor.py:161} INFO - Processing /opt/airflow/dags/6.1-monitoring.py took 0.066 seconds
[2024-06-05 17:28:42,742] {processor.py:153} INFO - Started process (PID=1841) to work on /opt/airflow/dags/6.1-monitoring.py
[2024-06-05 17:28:42,743] {processor.py:641} INFO - Processing file /opt/airflow/dags/6.1-monitoring.py for tasks to queue
[2024-06-05 17:28:42,744] {logging_mixin.py:115} INFO - [2024-06-05 17:28:42,743] {dagbag.py:508} INFO - Filling up the DagBag from /opt/airflow/dags/6.1-monitoring.py
[2024-06-05 17:28:42,755] {processor.py:651} INFO - DAG(s) dict_keys(['6.1-monitoring']) retrieved from /opt/airflow/dags/6.1-monitoring.py
[2024-06-05 17:28:42,779] {logging_mixin.py:115} INFO - [2024-06-05 17:28:42,778] {dag.py:2420} INFO - Sync 1 DAGs
[2024-06-05 17:28:42,804] {logging_mixin.py:115} INFO - [2024-06-05 17:28:42,804] {dag.py:2972} INFO - Setting next_dagrun for 6.1-monitoring to 2024-06-05T00:00:00+00:00, run_after=2024-06-06T00:00:00+00:00
[2024-06-05 17:28:42,816] {processor.py:161} INFO - Processing /opt/airflow/dags/6.1-monitoring.py took 0.076 seconds
[2024-06-05 17:29:13,227] {processor.py:153} INFO - Started process (PID=1867) to work on /opt/airflow/dags/6.1-monitoring.py
[2024-06-05 17:29:13,228] {processor.py:641} INFO - Processing file /opt/airflow/dags/6.1-monitoring.py for tasks to queue
[2024-06-05 17:29:13,229] {logging_mixin.py:115} INFO - [2024-06-05 17:29:13,229] {dagbag.py:508} INFO - Filling up the DagBag from /opt/airflow/dags/6.1-monitoring.py
[2024-06-05 17:29:13,241] {processor.py:651} INFO - DAG(s) dict_keys(['6.1-monitoring']) retrieved from /opt/airflow/dags/6.1-monitoring.py
[2024-06-05 17:29:13,261] {logging_mixin.py:115} INFO - [2024-06-05 17:29:13,260] {dag.py:2420} INFO - Sync 1 DAGs
[2024-06-05 17:29:13,280] {logging_mixin.py:115} INFO - [2024-06-05 17:29:13,280] {dag.py:2972} INFO - Setting next_dagrun for 6.1-monitoring to 2024-06-05T00:00:00+00:00, run_after=2024-06-06T00:00:00+00:00
[2024-06-05 17:29:13,291] {processor.py:161} INFO - Processing /opt/airflow/dags/6.1-monitoring.py took 0.066 seconds
[2024-06-05 17:29:43,749] {processor.py:153} INFO - Started process (PID=1901) to work on /opt/airflow/dags/6.1-monitoring.py
[2024-06-05 17:29:43,750] {processor.py:641} INFO - Processing file /opt/airflow/dags/6.1-monitoring.py for tasks to queue
[2024-06-05 17:29:43,750] {logging_mixin.py:115} INFO - [2024-06-05 17:29:43,750] {dagbag.py:508} INFO - Filling up the DagBag from /opt/airflow/dags/6.1-monitoring.py
[2024-06-05 17:29:43,764] {processor.py:651} INFO - DAG(s) dict_keys(['6.1-monitoring']) retrieved from /opt/airflow/dags/6.1-monitoring.py
[2024-06-05 17:29:43,787] {logging_mixin.py:115} INFO - [2024-06-05 17:29:43,786] {dag.py:2420} INFO - Sync 1 DAGs
[2024-06-05 17:29:43,804] {logging_mixin.py:115} INFO - [2024-06-05 17:29:43,804] {dag.py:2972} INFO - Setting next_dagrun for 6.1-monitoring to 2024-06-05T00:00:00+00:00, run_after=2024-06-06T00:00:00+00:00
[2024-06-05 17:29:43,815] {processor.py:161} INFO - Processing /opt/airflow/dags/6.1-monitoring.py took 0.070 seconds
[2024-06-05 17:30:14,272] {processor.py:153} INFO - Started process (PID=1936) to work on /opt/airflow/dags/6.1-monitoring.py
[2024-06-05 17:30:14,272] {processor.py:641} INFO - Processing file /opt/airflow/dags/6.1-monitoring.py for tasks to queue
[2024-06-05 17:30:14,273] {logging_mixin.py:115} INFO - [2024-06-05 17:30:14,273] {dagbag.py:508} INFO - Filling up the DagBag from /opt/airflow/dags/6.1-monitoring.py
[2024-06-05 17:30:14,284] {processor.py:651} INFO - DAG(s) dict_keys(['6.1-monitoring']) retrieved from /opt/airflow/dags/6.1-monitoring.py
[2024-06-05 17:30:14,304] {logging_mixin.py:115} INFO - [2024-06-05 17:30:14,304] {dag.py:2420} INFO - Sync 1 DAGs
[2024-06-05 17:30:14,324] {logging_mixin.py:115} INFO - [2024-06-05 17:30:14,324] {dag.py:2972} INFO - Setting next_dagrun for 6.1-monitoring to 2024-06-05T00:00:00+00:00, run_after=2024-06-06T00:00:00+00:00
[2024-06-05 17:30:14,337] {processor.py:161} INFO - Processing /opt/airflow/dags/6.1-monitoring.py took 0.068 seconds
[2024-06-05 17:30:44,732] {processor.py:153} INFO - Started process (PID=1971) to work on /opt/airflow/dags/6.1-monitoring.py
[2024-06-05 17:30:44,733] {processor.py:641} INFO - Processing file /opt/airflow/dags/6.1-monitoring.py for tasks to queue
[2024-06-05 17:30:44,733] {logging_mixin.py:115} INFO - [2024-06-05 17:30:44,733] {dagbag.py:508} INFO - Filling up the DagBag from /opt/airflow/dags/6.1-monitoring.py
[2024-06-05 17:30:44,743] {processor.py:651} INFO - DAG(s) dict_keys(['6.1-monitoring']) retrieved from /opt/airflow/dags/6.1-monitoring.py
[2024-06-05 17:30:44,764] {logging_mixin.py:115} INFO - [2024-06-05 17:30:44,764] {dag.py:2420} INFO - Sync 1 DAGs
[2024-06-05 17:30:44,782] {logging_mixin.py:115} INFO - [2024-06-05 17:30:44,782] {dag.py:2972} INFO - Setting next_dagrun for 6.1-monitoring to 2024-06-05T00:00:00+00:00, run_after=2024-06-06T00:00:00+00:00
[2024-06-05 17:30:44,795] {processor.py:161} INFO - Processing /opt/airflow/dags/6.1-monitoring.py took 0.065 seconds
[2024-06-05 17:31:15,194] {processor.py:153} INFO - Started process (PID=1997) to work on /opt/airflow/dags/6.1-monitoring.py
[2024-06-05 17:31:15,195] {processor.py:641} INFO - Processing file /opt/airflow/dags/6.1-monitoring.py for tasks to queue
[2024-06-05 17:31:15,196] {logging_mixin.py:115} INFO - [2024-06-05 17:31:15,196] {dagbag.py:508} INFO - Filling up the DagBag from /opt/airflow/dags/6.1-monitoring.py
[2024-06-05 17:31:15,205] {processor.py:651} INFO - DAG(s) dict_keys(['6.1-monitoring']) retrieved from /opt/airflow/dags/6.1-monitoring.py
[2024-06-05 17:31:15,225] {logging_mixin.py:115} INFO - [2024-06-05 17:31:15,225] {dag.py:2420} INFO - Sync 1 DAGs
[2024-06-05 17:31:15,240] {logging_mixin.py:115} INFO - [2024-06-05 17:31:15,240] {dag.py:2972} INFO - Setting next_dagrun for 6.1-monitoring to 2024-06-05T00:00:00+00:00, run_after=2024-06-06T00:00:00+00:00
[2024-06-05 17:31:15,249] {processor.py:161} INFO - Processing /opt/airflow/dags/6.1-monitoring.py took 0.057 seconds
[2024-06-05 17:31:45,601] {processor.py:153} INFO - Started process (PID=2032) to work on /opt/airflow/dags/6.1-monitoring.py
[2024-06-05 17:31:45,602] {processor.py:641} INFO - Processing file /opt/airflow/dags/6.1-monitoring.py for tasks to queue
[2024-06-05 17:31:45,603] {logging_mixin.py:115} INFO - [2024-06-05 17:31:45,603] {dagbag.py:508} INFO - Filling up the DagBag from /opt/airflow/dags/6.1-monitoring.py
[2024-06-05 17:31:45,615] {processor.py:651} INFO - DAG(s) dict_keys(['6.1-monitoring']) retrieved from /opt/airflow/dags/6.1-monitoring.py
[2024-06-05 17:31:45,633] {logging_mixin.py:115} INFO - [2024-06-05 17:31:45,633] {dag.py:2420} INFO - Sync 1 DAGs
[2024-06-05 17:31:45,650] {logging_mixin.py:115} INFO - [2024-06-05 17:31:45,650] {dag.py:2972} INFO - Setting next_dagrun for 6.1-monitoring to 2024-06-05T00:00:00+00:00, run_after=2024-06-06T00:00:00+00:00
[2024-06-05 17:31:45,660] {processor.py:161} INFO - Processing /opt/airflow/dags/6.1-monitoring.py took 0.060 seconds
[2024-06-05 17:32:15,993] {processor.py:153} INFO - Started process (PID=2067) to work on /opt/airflow/dags/6.1-monitoring.py
[2024-06-05 17:32:15,993] {processor.py:641} INFO - Processing file /opt/airflow/dags/6.1-monitoring.py for tasks to queue
[2024-06-05 17:32:15,994] {logging_mixin.py:115} INFO - [2024-06-05 17:32:15,994] {dagbag.py:508} INFO - Filling up the DagBag from /opt/airflow/dags/6.1-monitoring.py
[2024-06-05 17:32:16,003] {processor.py:651} INFO - DAG(s) dict_keys(['6.1-monitoring']) retrieved from /opt/airflow/dags/6.1-monitoring.py
[2024-06-05 17:32:16,018] {logging_mixin.py:115} INFO - [2024-06-05 17:32:16,018] {dag.py:2420} INFO - Sync 1 DAGs
[2024-06-05 17:32:16,034] {logging_mixin.py:115} INFO - [2024-06-05 17:32:16,034] {dag.py:2972} INFO - Setting next_dagrun for 6.1-monitoring to 2024-06-05T00:00:00+00:00, run_after=2024-06-06T00:00:00+00:00
[2024-06-05 17:32:16,043] {processor.py:161} INFO - Processing /opt/airflow/dags/6.1-monitoring.py took 0.053 seconds
