[2024-08-23 11:38:04,675] {taskinstance.py:1179} INFO - Dependencies all met for <TaskInstance: 7.3-Filesensor.waiting_for_file scheduled__2024-08-14T00:00:00+00:00 [queued]>
[2024-08-23 11:38:04,683] {taskinstance.py:1179} INFO - Dependencies all met for <TaskInstance: 7.3-Filesensor.waiting_for_file scheduled__2024-08-14T00:00:00+00:00 [queued]>
[2024-08-23 11:38:04,683] {taskinstance.py:1376} INFO - 
--------------------------------------------------------------------------------
[2024-08-23 11:38:04,683] {taskinstance.py:1377} INFO - Starting attempt 1 of 1
[2024-08-23 11:38:04,683] {taskinstance.py:1378} INFO - 
--------------------------------------------------------------------------------
[2024-08-23 11:38:04,694] {taskinstance.py:1397} INFO - Executing <Task(FileSensor): waiting_for_file> on 2024-08-14 00:00:00+00:00
[2024-08-23 11:38:04,697] {standard_task_runner.py:52} INFO - Started process 73 to run task
[2024-08-23 11:38:04,699] {standard_task_runner.py:79} INFO - Running: ['***', 'tasks', 'run', '7.3-Filesensor', 'waiting_for_file', 'scheduled__2024-08-14T00:00:00+00:00', '--job-id', '454', '--raw', '--subdir', 'DAGS_FOLDER/7.3-Filesensor.py', '--cfg-path', '/tmp/tmpkh4wq7nx', '--error-file', '/tmp/tmpu7_892rk']
[2024-08-23 11:38:04,699] {standard_task_runner.py:80} INFO - Job 454: Subtask waiting_for_file
[2024-08-23 11:38:04,752] {task_command.py:371} INFO - Running <TaskInstance: 7.3-Filesensor.waiting_for_file scheduled__2024-08-14T00:00:00+00:00 [running]> on host edb2a5494af7
[2024-08-23 11:38:04,800] {taskinstance.py:1591} INFO - Exporting the following env vars:
AIRFLOW_CTX_DAG_OWNER=***
AIRFLOW_CTX_DAG_ID=7.3-Filesensor
AIRFLOW_CTX_TASK_ID=waiting_for_file
AIRFLOW_CTX_EXECUTION_DATE=2024-08-14T00:00:00+00:00
AIRFLOW_CTX_TRY_NUMBER=1
AIRFLOW_CTX_DAG_RUN_ID=scheduled__2024-08-14T00:00:00+00:00
[2024-08-23 11:38:04,808] {base.py:68} INFO - Using connection ID 'fs_default' for task execution.
[2024-08-23 11:38:04,809] {filesystem.py:58} INFO - Poking for file /tmp/file.txt
[2024-08-23 11:38:04,809] {filesystem.py:63} INFO - Found File /tmp/file.txt last modified: 20240823113804
[2024-08-23 11:38:04,810] {base.py:301} INFO - Success criteria met. Exiting.
[2024-08-23 11:38:04,818] {taskinstance.py:1420} INFO - Marking task as SUCCESS. dag_id=7.3-Filesensor, task_id=waiting_for_file, execution_date=20240814T000000, start_date=20240823T113804, end_date=20240823T113804
[2024-08-23 11:38:04,838] {local_task_job.py:156} INFO - Task exited with return code 0
[2024-08-23 11:38:04,872] {local_task_job.py:273} INFO - 1 downstream tasks scheduled from follow-on schedule check
