[2024-08-12 14:54:06,622] {taskinstance.py:1173} INFO - Dependencies not met for <TaskInstance: 7.3-Filesensor.end_task scheduled__2024-08-11T00:00:00+00:00 [queued]>, dependency 'Trigger Rule' FAILED: Task's trigger rule 'all_success' requires all upstream tasks to have succeeded, but found 1 non-success(es). upstream_tasks_state={'total': 1, 'successes': 0, 'skipped': 0, 'failed': 0, 'upstream_failed': 0, 'done': 0}, upstream_task_ids={'waiting_for_file'}
[2024-08-12 14:54:06,624] {local_task_job.py:101} INFO - Task is not able to be run
[2024-08-12 14:56:07,948] {taskinstance.py:1179} INFO - Dependencies all met for <TaskInstance: 7.3-Filesensor.end_task scheduled__2024-08-11T00:00:00+00:00 [queued]>
[2024-08-12 14:56:07,957] {taskinstance.py:1179} INFO - Dependencies all met for <TaskInstance: 7.3-Filesensor.end_task scheduled__2024-08-11T00:00:00+00:00 [queued]>
[2024-08-12 14:56:07,957] {taskinstance.py:1376} INFO - 
--------------------------------------------------------------------------------
[2024-08-12 14:56:07,957] {taskinstance.py:1377} INFO - Starting attempt 1 of 1
[2024-08-12 14:56:07,957] {taskinstance.py:1378} INFO - 
--------------------------------------------------------------------------------
[2024-08-12 14:56:07,967] {taskinstance.py:1397} INFO - Executing <Task(BashOperator): end_task> on 2024-08-11 00:00:00+00:00
[2024-08-12 14:56:07,969] {standard_task_runner.py:52} INFO - Started process 1947 to run task
[2024-08-12 14:56:07,971] {standard_task_runner.py:79} INFO - Running: ['***', 'tasks', 'run', '7.3-Filesensor', 'end_task', 'scheduled__2024-08-11T00:00:00+00:00', '--job-id', '441', '--raw', '--subdir', 'DAGS_FOLDER/7.3-Filesensor.py', '--cfg-path', '/tmp/tmpwlrfln55', '--error-file', '/tmp/tmpq__l50z1']
[2024-08-12 14:56:07,972] {standard_task_runner.py:80} INFO - Job 441: Subtask end_task
[2024-08-12 14:56:08,013] {task_command.py:371} INFO - Running <TaskInstance: 7.3-Filesensor.end_task scheduled__2024-08-11T00:00:00+00:00 [running]> on host edb2a5494af7
[2024-08-12 14:56:08,065] {taskinstance.py:1591} INFO - Exporting the following env vars:
AIRFLOW_CTX_DAG_OWNER=***
AIRFLOW_CTX_DAG_ID=7.3-Filesensor
AIRFLOW_CTX_TASK_ID=end_task
AIRFLOW_CTX_EXECUTION_DATE=2024-08-11T00:00:00+00:00
AIRFLOW_CTX_TRY_NUMBER=1
AIRFLOW_CTX_DAG_RUN_ID=scheduled__2024-08-11T00:00:00+00:00
[2024-08-12 14:56:08,066] {subprocess.py:62} INFO - Tmp dir root location: 
 /tmp
[2024-08-12 14:56:08,067] {subprocess.py:74} INFO - Running command: ['bash', '-c', "echo 'File was created!'"]
[2024-08-12 14:56:08,073] {subprocess.py:85} INFO - Output:
[2024-08-12 14:56:08,074] {subprocess.py:92} INFO - File was created!
[2024-08-12 14:56:08,074] {subprocess.py:96} INFO - Command exited with return code 0
[2024-08-12 14:56:08,094] {taskinstance.py:1420} INFO - Marking task as SUCCESS. dag_id=7.3-Filesensor, task_id=end_task, execution_date=20240811T000000, start_date=20240812T145607, end_date=20240812T145608
[2024-08-12 14:56:08,108] {local_task_job.py:156} INFO - Task exited with return code 0
[2024-08-12 14:56:08,132] {local_task_job.py:273} INFO - 0 downstream tasks scheduled from follow-on schedule check
